Connected to MongoDB at mongodb://localhost:27017/github-mining
Created index id_1 on users collection
Created index id_1 on repos collection
Producer gitcrawl.kafka#producer-1 ready.
Consumer rdkafka#consumer-2 ready.
{"ok":1,"writeErrors":[],"writeConcernErrors":[],"insertedIds":[],"nInserted":0,"nUpserted":100,"nMatched":0,"nModified":0,"nRemoved":0,"upserted":[{"index":0,"_id":"58e02364a94bf87a0920c907"},{"index":1,"_id":"58e02364a94bf87a0920c908"},{"index":2,"_id":"58e02364a94bf87a0920c909"},{"index":3,"_id":"58e02364a94bf87a0920c90a"},{"index":4,"_id":"58e02364a94bf87a0920c90b"},{"index":5,"_id":"58e02364a94bf87a0920c90c"},{"index":6,"_id":"58e02364a94bf87a0920c90d"},{"index":7,"_id":"58e02364a94bf87a0920c90e"},{"index":8,"_id":"58e02364a94bf87a0920c90f"},{"index":9,"_id":"58e02364a94bf87a0920c910"},{"index":10,"_id":"58e02364a94bf87a0920c911"},{"index":11,"_id":"58e02364a94bf87a0920c912"},{"index":12,"_id":"58e02364a94bf87a0920c913"},{"index":13,"_id":"58e02364a94bf87a0920c914"},{"index":14,"_id":"58e02364a94bf87a0920c915"},{"index":15,"_id":"58e02364a94bf87a0920c916"},{"index":16,"_id":"58e02364a94bf87a0920c917"},{"index":17,"_id":"58e02364a94bf87a0920c918"},{"index":18,"_id":"58e02364a94bf87a0920c919"},{"index":19,"_id":"58e02364a94bf87a0920c91a"},{"index":20,"_id":"58e02364a94bf87a0920c91b"},{"index":21,"_id":"58e02364a94bf87a0920c91c"},{"index":22,"_id":"58e02364a94bf87a0920c91d"},{"index":23,"_id":"58e02364a94bf87a0920c91e"},{"index":24,"_id":"58e02364a94bf87a0920c91f"},{"index":25,"_id":"58e02364a94bf87a0920c920"},{"index":26,"_id":"58e02364a94bf87a0920c921"},{"index":27,"_id":"58e02364a94bf87a0920c922"},{"index":28,"_id":"58e02364a94bf87a0920c923"},{"index":29,"_id":"58e02364a94bf87a0920c924"},{"index":30,"_id":"58e02364a94bf87a0920c925"},{"index":31,"_id":"58e02364a94bf87a0920c926"},{"index":32,"_id":"58e02364a94bf87a0920c927"},{"index":33,"_id":"58e02364a94bf87a0920c928"},{"index":34,"_id":"58e02364a94bf87a0920c929"},{"index":35,"_id":"58e02364a94bf87a0920c92a"},{"index":36,"_id":"58e02364a94bf87a0920c92b"},{"index":37,"_id":"58e02364a94bf87a0920c92c"},{"index":38,"_id":"58e02364a94bf87a0920c92d"},{"index":39,"_id":"58e02364a94bf87a0920c92e"},{"index":40,"_id":"58e02364a94bf87a0920c92f"},{"index":41,"_id":"58e02364a94bf87a0920c930"},{"index":42,"_id":"58e02364a94bf87a0920c931"},{"index":43,"_id":"58e02364a94bf87a0920c932"},{"index":44,"_id":"58e02364a94bf87a0920c933"},{"index":45,"_id":"58e02364a94bf87a0920c934"},{"index":46,"_id":"58e02364a94bf87a0920c935"},{"index":47,"_id":"58e02364a94bf87a0920c936"},{"index":48,"_id":"58e02364a94bf87a0920c937"},{"index":49,"_id":"58e02364a94bf87a0920c938"},{"index":50,"_id":"58e02364a94bf87a0920c939"},{"index":51,"_id":"58e02364a94bf87a0920c93a"},{"index":52,"_id":"58e02364a94bf87a0920c93b"},{"index":53,"_id":"58e02364a94bf87a0920c93c"},{"index":54,"_id":"58e02364a94bf87a0920c93d"},{"index":55,"_id":"58e02364a94bf87a0920c93e"},{"index":56,"_id":"58e02364a94bf87a0920c93f"},{"index":57,"_id":"58e02364a94bf87a0920c940"},{"index":58,"_id":"58e02364a94bf87a0920c941"},{"index":59,"_id":"58e02364a94bf87a0920c942"},{"index":60,"_id":"58e02364a94bf87a0920c943"},{"index":61,"_id":"58e02364a94bf87a0920c944"},{"index":62,"_id":"58e02364a94bf87a0920c945"},{"index":63,"_id":"58e02364a94bf87a0920c946"},{"index":64,"_id":"58e02364a94bf87a0920c947"},{"index":65,"_id":"58e02364a94bf87a0920c948"},{"index":66,"_id":"58e02364a94bf87a0920c949"},{"index":67,"_id":"58e02364a94bf87a0920c94a"},{"index":68,"_id":"58e02364a94bf87a0920c94b"},{"index":69,"_id":"58e02364a94bf87a0920c94c"},{"index":70,"_id":"58e02364a94bf87a0920c94d"},{"index":71,"_id":"58e02364a94bf87a0920c94e"},{"index":72,"_id":"58e02364a94bf87a0920c94f"},{"index":73,"_id":"58e02364a94bf87a0920c950"},{"index":74,"_id":"58e02364a94bf87a0920c951"},{"index":75,"_id":"58e02364a94bf87a0920c952"},{"index":76,"_id":"58e02364a94bf87a0920c953"},{"index":77,"_id":"58e02364a94bf87a0920c954"},{"index":78,"_id":"58e02364a94bf87a0920c955"},{"index":79,"_id":"58e02364a94bf87a0920c956"},{"index":80,"_id":"58e02364a94bf87a0920c957"},{"index":81,"_id":"58e02364a94bf87a0920c958"},{"index":82,"_id":"58e02364a94bf87a0920c959"},{"index":83,"_id":"58e02364a94bf87a0920c95a"},{"index":84,"_id":"58e02364a94bf87a0920c95b"},{"index":85,"_id":"58e02364a94bf87a0920c95c"},{"index":86,"_id":"58e02364a94bf87a0920c95d"},{"index":87,"_id":"58e02364a94bf87a0920c95e"},{"index":88,"_id":"58e02364a94bf87a0920c95f"},{"index":89,"_id":"58e02364a94bf87a0920c960"},{"index":90,"_id":"58e02364a94bf87a0920c961"},{"index":91,"_id":"58e02364a94bf87a0920c962"},{"index":92,"_id":"58e02364a94bf87a0920c963"},{"index":93,"_id":"58e02364a94bf87a0920c964"},{"index":94,"_id":"58e02364a94bf87a0920c965"},{"index":95,"_id":"58e02364a94bf87a0920c966"},{"index":96,"_id":"58e02364a94bf87a0920c967"},{"index":97,"_id":"58e02364a94bf87a0920c968"},{"index":98,"_id":"58e02364a94bf87a0920c969"},{"index":99,"_id":"58e02364a94bf87a0920c96a"}]}
{"ok":1,"writeErrors":[],"writeConcernErrors":[],"insertedIds":[],"nInserted":0,"nUpserted":100,"nMatched":0,"nModified":0,"nRemoved":0,"upserted":[{"index":0,"_id":"58e02392a94bf87a0920c975"},{"index":1,"_id":"58e02392a94bf87a0920c976"},{"index":2,"_id":"58e02392a94bf87a0920c977"},{"index":3,"_id":"58e02392a94bf87a0920c978"},{"index":4,"_id":"58e02392a94bf87a0920c979"},{"index":5,"_id":"58e02392a94bf87a0920c97a"},{"index":6,"_id":"58e02392a94bf87a0920c97b"},{"index":7,"_id":"58e02392a94bf87a0920c97c"},{"index":8,"_id":"58e02392a94bf87a0920c97d"},{"index":9,"_id":"58e02392a94bf87a0920c97e"},{"index":10,"_id":"58e02392a94bf87a0920c97f"},{"index":11,"_id":"58e02392a94bf87a0920c980"},{"index":12,"_id":"58e02392a94bf87a0920c981"},{"index":13,"_id":"58e02392a94bf87a0920c982"},{"index":14,"_id":"58e02392a94bf87a0920c983"},{"index":15,"_id":"58e02392a94bf87a0920c984"},{"index":16,"_id":"58e02392a94bf87a0920c985"},{"index":17,"_id":"58e02392a94bf87a0920c986"},{"index":18,"_id":"58e02392a94bf87a0920c987"},{"index":19,"_id":"58e02392a94bf87a0920c988"},{"index":20,"_id":"58e02392a94bf87a0920c989"},{"index":21,"_id":"58e02392a94bf87a0920c98a"},{"index":22,"_id":"58e02392a94bf87a0920c98b"},{"index":23,"_id":"58e02392a94bf87a0920c98c"},{"index":24,"_id":"58e02392a94bf87a0920c98d"},{"index":25,"_id":"58e02392a94bf87a0920c98e"},{"index":26,"_id":"58e02392a94bf87a0920c98f"},{"index":27,"_id":"58e02392a94bf87a0920c990"},{"index":28,"_id":"58e02392a94bf87a0920c991"},{"index":29,"_id":"58e02392a94bf87a0920c992"},{"index":30,"_id":"58e02392a94bf87a0920c993"},{"index":31,"_id":"58e02392a94bf87a0920c994"},{"index":32,"_id":"58e02392a94bf87a0920c995"},{"index":33,"_id":"58e02392a94bf87a0920c996"},{"index":34,"_id":"58e02392a94bf87a0920c997"},{"index":35,"_id":"58e02392a94bf87a0920c998"},{"index":36,"_id":"58e02392a94bf87a0920c999"},{"index":37,"_id":"58e02392a94bf87a0920c99a"},{"index":38,"_id":"58e02392a94bf87a0920c99b"},{"index":39,"_id":"58e02392a94bf87a0920c99c"},{"index":40,"_id":"58e02392a94bf87a0920c99d"},{"index":41,"_id":"58e02392a94bf87a0920c99e"},{"index":42,"_id":"58e02392a94bf87a0920c99f"},{"index":43,"_id":"58e02392a94bf87a0920c9a0"},{"index":44,"_id":"58e02392a94bf87a0920c9a1"},{"index":45,"_id":"58e02392a94bf87a0920c9a2"},{"index":46,"_id":"58e02392a94bf87a0920c9a3"},{"index":47,"_id":"58e02392a94bf87a0920c9a4"},{"index":48,"_id":"58e02392a94bf87a0920c9a5"},{"index":49,"_id":"58e02392a94bf87a0920c9a6"},{"index":50,"_id":"58e02392a94bf87a0920c9a7"},{"index":51,"_id":"58e02392a94bf87a0920c9a8"},{"index":52,"_id":"58e02392a94bf87a0920c9a9"},{"index":53,"_id":"58e02392a94bf87a0920c9aa"},{"index":54,"_id":"58e02392a94bf87a0920c9ab"},{"index":55,"_id":"58e02392a94bf87a0920c9ac"},{"index":56,"_id":"58e02392a94bf87a0920c9ad"},{"index":57,"_id":"58e02392a94bf87a0920c9ae"},{"index":58,"_id":"58e02392a94bf87a0920c9af"},{"index":59,"_id":"58e02392a94bf87a0920c9b0"},{"index":60,"_id":"58e02392a94bf87a0920c9b1"},{"index":61,"_id":"58e02392a94bf87a0920c9b2"},{"index":62,"_id":"58e02392a94bf87a0920c9b3"},{"index":63,"_id":"58e02392a94bf87a0920c9b4"},{"index":64,"_id":"58e02392a94bf87a0920c9b5"},{"index":65,"_id":"58e02392a94bf87a0920c9b6"},{"index":66,"_id":"58e02392a94bf87a0920c9b7"},{"index":67,"_id":"58e02392a94bf87a0920c9b8"},{"index":68,"_id":"58e02392a94bf87a0920c9b9"},{"index":69,"_id":"58e02392a94bf87a0920c9ba"},{"index":70,"_id":"58e02392a94bf87a0920c9bb"},{"index":71,"_id":"58e02392a94bf87a0920c9bc"},{"index":72,"_id":"58e02392a94bf87a0920c9bd"},{"index":73,"_id":"58e02392a94bf87a0920c9be"},{"index":74,"_id":"58e02392a94bf87a0920c9bf"},{"index":75,"_id":"58e02392a94bf87a0920c9c0"},{"index":76,"_id":"58e02392a94bf87a0920c9c1"},{"index":77,"_id":"58e02392a94bf87a0920c9c2"},{"index":78,"_id":"58e02392a94bf87a0920c9c3"},{"index":79,"_id":"58e02392a94bf87a0920c9c4"},{"index":80,"_id":"58e02392a94bf87a0920c9c5"},{"index":81,"_id":"58e02392a94bf87a0920c9c6"},{"index":82,"_id":"58e02392a94bf87a0920c9c7"},{"index":83,"_id":"58e02392a94bf87a0920c9c8"},{"index":84,"_id":"58e02392a94bf87a0920c9c9"},{"index":85,"_id":"58e02392a94bf87a0920c9ca"},{"index":86,"_id":"58e02392a94bf87a0920c9cb"},{"index":87,"_id":"58e02392a94bf87a0920c9cc"},{"index":88,"_id":"58e02392a94bf87a0920c9cd"},{"index":89,"_id":"58e02392a94bf87a0920c9ce"},{"index":90,"_id":"58e02392a94bf87a0920c9cf"},{"index":91,"_id":"58e02392a94bf87a0920c9d0"},{"index":92,"_id":"58e02392a94bf87a0920c9d1"},{"index":93,"_id":"58e02392a94bf87a0920c9d2"},{"index":94,"_id":"58e02392a94bf87a0920c9d3"},{"index":95,"_id":"58e02392a94bf87a0920c9d4"},{"index":96,"_id":"58e02392a94bf87a0920c9d5"},{"index":97,"_id":"58e02392a94bf87a0920c9d6"},{"index":98,"_id":"58e02392a94bf87a0920c9d7"},{"index":99,"_id":"58e02392a94bf87a0920c9d8"}]}
{"ok":1,"writeErrors":[],"writeConcernErrors":[],"insertedIds":[],"nInserted":0,"nUpserted":100,"nMatched":0,"nModified":0,"nRemoved":0,"upserted":[{"index":0,"_id":"58e023cfa94bf87a0920c9e6"},{"index":1,"_id":"58e023cfa94bf87a0920c9e7"},{"index":2,"_id":"58e023cfa94bf87a0920c9e8"},{"index":3,"_id":"58e023cfa94bf87a0920c9e9"},{"index":4,"_id":"58e023cfa94bf87a0920c9ea"},{"index":5,"_id":"58e023cfa94bf87a0920c9eb"},{"index":6,"_id":"58e023cfa94bf87a0920c9ec"},{"index":7,"_id":"58e023cfa94bf87a0920c9ed"},{"index":8,"_id":"58e023cfa94bf87a0920c9ee"},{"index":9,"_id":"58e023cfa94bf87a0920c9ef"},{"index":10,"_id":"58e023cfa94bf87a0920c9f0"},{"index":11,"_id":"58e023cfa94bf87a0920c9f1"},{"index":12,"_id":"58e023cfa94bf87a0920c9f2"},{"index":13,"_id":"58e023cfa94bf87a0920c9f3"},{"index":14,"_id":"58e023cfa94bf87a0920c9f4"},{"index":15,"_id":"58e023cfa94bf87a0920c9f5"},{"index":16,"_id":"58e023cfa94bf87a0920c9f6"},{"index":17,"_id":"58e023cfa94bf87a0920c9f7"},{"index":18,"_id":"58e023cfa94bf87a0920c9f8"},{"index":19,"_id":"58e023cfa94bf87a0920c9f9"},{"index":20,"_id":"58e023cfa94bf87a0920c9fa"},{"index":21,"_id":"58e023cfa94bf87a0920c9fb"},{"index":22,"_id":"58e023d0a94bf87a0920c9fc"},{"index":23,"_id":"58e023d0a94bf87a0920c9fd"},{"index":24,"_id":"58e023d0a94bf87a0920c9fe"},{"index":25,"_id":"58e023d0a94bf87a0920c9ff"},{"index":26,"_id":"58e023d0a94bf87a0920ca00"},{"index":27,"_id":"58e023d0a94bf87a0920ca01"},{"index":28,"_id":"58e023d0a94bf87a0920ca02"},{"index":29,"_id":"58e023d0a94bf87a0920ca03"},{"index":30,"_id":"58e023d0a94bf87a0920ca04"},{"index":31,"_id":"58e023d0a94bf87a0920ca05"},{"index":32,"_id":"58e023d0a94bf87a0920ca06"},{"index":33,"_id":"58e023d0a94bf87a0920ca07"},{"index":34,"_id":"58e023d0a94bf87a0920ca08"},{"index":35,"_id":"58e023d0a94bf87a0920ca09"},{"index":36,"_id":"58e023d0a94bf87a0920ca0a"},{"index":37,"_id":"58e023d0a94bf87a0920ca0b"},{"index":38,"_id":"58e023d0a94bf87a0920ca0c"},{"index":39,"_id":"58e023d0a94bf87a0920ca0d"},{"index":40,"_id":"58e023d0a94bf87a0920ca0e"},{"index":41,"_id":"58e023d0a94bf87a0920ca0f"},{"index":42,"_id":"58e023d0a94bf87a0920ca10"},{"index":43,"_id":"58e023d0a94bf87a0920ca11"},{"index":44,"_id":"58e023d0a94bf87a0920ca12"},{"index":45,"_id":"58e023d0a94bf87a0920ca13"},{"index":46,"_id":"58e023d0a94bf87a0920ca14"},{"index":47,"_id":"58e023d0a94bf87a0920ca15"},{"index":48,"_id":"58e023d0a94bf87a0920ca16"},{"index":49,"_id":"58e023d0a94bf87a0920ca17"},{"index":50,"_id":"58e023d0a94bf87a0920ca18"},{"index":51,"_id":"58e023d0a94bf87a0920ca19"},{"index":52,"_id":"58e023d0a94bf87a0920ca1a"},{"index":53,"_id":"58e023d0a94bf87a0920ca1b"},{"index":54,"_id":"58e023d0a94bf87a0920ca1c"},{"index":55,"_id":"58e023d0a94bf87a0920ca1d"},{"index":56,"_id":"58e023d0a94bf87a0920ca1e"},{"index":57,"_id":"58e023d0a94bf87a0920ca1f"},{"index":58,"_id":"58e023d0a94bf87a0920ca20"},{"index":59,"_id":"58e023d0a94bf87a0920ca21"},{"index":60,"_id":"58e023d0a94bf87a0920ca22"},{"index":61,"_id":"58e023d0a94bf87a0920ca23"},{"index":62,"_id":"58e023d0a94bf87a0920ca24"},{"index":63,"_id":"58e023d0a94bf87a0920ca25"},{"index":64,"_id":"58e023d0a94bf87a0920ca26"},{"index":65,"_id":"58e023d0a94bf87a0920ca27"},{"index":66,"_id":"58e023d0a94bf87a0920ca28"},{"index":67,"_id":"58e023d0a94bf87a0920ca29"},{"index":68,"_id":"58e023d0a94bf87a0920ca2a"},{"index":69,"_id":"58e023d0a94bf87a0920ca2b"},{"index":70,"_id":"58e023d0a94bf87a0920ca2c"},{"index":71,"_id":"58e023d0a94bf87a0920ca2d"},{"index":72,"_id":"58e023d0a94bf87a0920ca2e"},{"index":73,"_id":"58e023d0a94bf87a0920ca2f"},{"index":74,"_id":"58e023d0a94bf87a0920ca30"},{"index":75,"_id":"58e023d0a94bf87a0920ca31"},{"index":76,"_id":"58e023d0a94bf87a0920ca32"},{"index":77,"_id":"58e023d0a94bf87a0920ca33"},{"index":78,"_id":"58e023d0a94bf87a0920ca34"},{"index":79,"_id":"58e023d0a94bf87a0920ca35"},{"index":80,"_id":"58e023d0a94bf87a0920ca36"},{"index":81,"_id":"58e023d0a94bf87a0920ca37"},{"index":82,"_id":"58e023d0a94bf87a0920ca38"},{"index":83,"_id":"58e023d0a94bf87a0920ca39"},{"index":84,"_id":"58e023d0a94bf87a0920ca3a"},{"index":85,"_id":"58e023d0a94bf87a0920ca3b"},{"index":86,"_id":"58e023d0a94bf87a0920ca3c"},{"index":87,"_id":"58e023d0a94bf87a0920ca3d"},{"index":88,"_id":"58e023d0a94bf87a0920ca3e"},{"index":89,"_id":"58e023d0a94bf87a0920ca3f"},{"index":90,"_id":"58e023d0a94bf87a0920ca40"},{"index":91,"_id":"58e023d0a94bf87a0920ca41"},{"index":92,"_id":"58e023d0a94bf87a0920ca42"},{"index":93,"_id":"58e023d0a94bf87a0920ca43"},{"index":94,"_id":"58e023d0a94bf87a0920ca44"},{"index":95,"_id":"58e023d0a94bf87a0920ca45"},{"index":96,"_id":"58e023d0a94bf87a0920ca46"},{"index":97,"_id":"58e023d0a94bf87a0920ca47"},{"index":98,"_id":"58e023d0a94bf87a0920ca48"},{"index":99,"_id":"58e023d0a94bf87a0920ca49"}]}
{"ok":1,"writeErrors":[],"writeConcernErrors":[],"insertedIds":[],"nInserted":0,"nUpserted":100,"nMatched":0,"nModified":0,"nRemoved":0,"upserted":[{"index":0,"_id":"58e0240da94bf87a0920ca57"},{"index":1,"_id":"58e0240da94bf87a0920ca58"},{"index":2,"_id":"58e0240da94bf87a0920ca59"},{"index":3,"_id":"58e0240da94bf87a0920ca5a"},{"index":4,"_id":"58e0240da94bf87a0920ca5b"},{"index":5,"_id":"58e0240da94bf87a0920ca5c"},{"index":6,"_id":"58e0240da94bf87a0920ca5d"},{"index":7,"_id":"58e0240da94bf87a0920ca5e"},{"index":8,"_id":"58e0240da94bf87a0920ca5f"},{"index":9,"_id":"58e0240da94bf87a0920ca60"},{"index":10,"_id":"58e0240da94bf87a0920ca61"},{"index":11,"_id":"58e0240da94bf87a0920ca62"},{"index":12,"_id":"58e0240da94bf87a0920ca63"},{"index":13,"_id":"58e0240da94bf87a0920ca64"},{"index":14,"_id":"58e0240da94bf87a0920ca65"},{"index":15,"_id":"58e0240da94bf87a0920ca66"},{"index":16,"_id":"58e0240da94bf87a0920ca67"},{"index":17,"_id":"58e0240da94bf87a0920ca68"},{"index":18,"_id":"58e0240da94bf87a0920ca69"},{"index":19,"_id":"58e0240da94bf87a0920ca6a"},{"index":20,"_id":"58e0240da94bf87a0920ca6b"},{"index":21,"_id":"58e0240da94bf87a0920ca6c"},{"index":22,"_id":"58e0240da94bf87a0920ca6d"},{"index":23,"_id":"58e0240da94bf87a0920ca6e"},{"index":24,"_id":"58e0240da94bf87a0920ca6f"},{"index":25,"_id":"58e0240da94bf87a0920ca70"},{"index":26,"_id":"58e0240da94bf87a0920ca71"},{"index":27,"_id":"58e0240da94bf87a0920ca72"},{"index":28,"_id":"58e0240da94bf87a0920ca73"},{"index":29,"_id":"58e0240da94bf87a0920ca74"},{"index":30,"_id":"58e0240da94bf87a0920ca75"},{"index":31,"_id":"58e0240da94bf87a0920ca76"},{"index":32,"_id":"58e0240da94bf87a0920ca77"},{"index":33,"_id":"58e0240da94bf87a0920ca78"},{"index":34,"_id":"58e0240da94bf87a0920ca79"},{"index":35,"_id":"58e0240da94bf87a0920ca7a"},{"index":36,"_id":"58e0240da94bf87a0920ca7b"},{"index":37,"_id":"58e0240da94bf87a0920ca7c"},{"index":38,"_id":"58e0240da94bf87a0920ca7d"},{"index":39,"_id":"58e0240da94bf87a0920ca7e"},{"index":40,"_id":"58e0240da94bf87a0920ca7f"},{"index":41,"_id":"58e0240da94bf87a0920ca80"},{"index":42,"_id":"58e0240da94bf87a0920ca81"},{"index":43,"_id":"58e0240da94bf87a0920ca82"},{"index":44,"_id":"58e0240da94bf87a0920ca83"},{"index":45,"_id":"58e0240da94bf87a0920ca84"},{"index":46,"_id":"58e0240da94bf87a0920ca85"},{"index":47,"_id":"58e0240da94bf87a0920ca86"},{"index":48,"_id":"58e0240da94bf87a0920ca87"},{"index":49,"_id":"58e0240da94bf87a0920ca88"},{"index":50,"_id":"58e0240da94bf87a0920ca89"},{"index":51,"_id":"58e0240da94bf87a0920ca8a"},{"index":52,"_id":"58e0240da94bf87a0920ca8b"},{"index":53,"_id":"58e0240da94bf87a0920ca8c"},{"index":54,"_id":"58e0240da94bf87a0920ca8d"},{"index":55,"_id":"58e0240da94bf87a0920ca8e"},{"index":56,"_id":"58e0240da94bf87a0920ca8f"},{"index":57,"_id":"58e0240da94bf87a0920ca90"},{"index":58,"_id":"58e0240da94bf87a0920ca91"},{"index":59,"_id":"58e0240da94bf87a0920ca92"},{"index":60,"_id":"58e0240da94bf87a0920ca93"},{"index":61,"_id":"58e0240da94bf87a0920ca94"},{"index":62,"_id":"58e0240da94bf87a0920ca95"},{"index":63,"_id":"58e0240da94bf87a0920ca96"},{"index":64,"_id":"58e0240da94bf87a0920ca97"},{"index":65,"_id":"58e0240da94bf87a0920ca98"},{"index":66,"_id":"58e0240da94bf87a0920ca99"},{"index":67,"_id":"58e0240da94bf87a0920ca9a"},{"index":68,"_id":"58e0240da94bf87a0920ca9b"},{"index":69,"_id":"58e0240da94bf87a0920ca9c"},{"index":70,"_id":"58e0240da94bf87a0920ca9d"},{"index":71,"_id":"58e0240da94bf87a0920ca9e"},{"index":72,"_id":"58e0240da94bf87a0920ca9f"},{"index":73,"_id":"58e0240da94bf87a0920caa0"},{"index":74,"_id":"58e0240da94bf87a0920caa1"},{"index":75,"_id":"58e0240da94bf87a0920caa2"},{"index":76,"_id":"58e0240da94bf87a0920caa3"},{"index":77,"_id":"58e0240da94bf87a0920caa4"},{"index":78,"_id":"58e0240da94bf87a0920caa5"},{"index":79,"_id":"58e0240da94bf87a0920caa6"},{"index":80,"_id":"58e0240da94bf87a0920caa7"},{"index":81,"_id":"58e0240da94bf87a0920caa8"},{"index":82,"_id":"58e0240da94bf87a0920caa9"},{"index":83,"_id":"58e0240da94bf87a0920caaa"},{"index":84,"_id":"58e0240da94bf87a0920caab"},{"index":85,"_id":"58e0240da94bf87a0920caac"},{"index":86,"_id":"58e0240da94bf87a0920caad"},{"index":87,"_id":"58e0240da94bf87a0920caae"},{"index":88,"_id":"58e0240da94bf87a0920caaf"},{"index":89,"_id":"58e0240da94bf87a0920cab0"},{"index":90,"_id":"58e0240da94bf87a0920cab1"},{"index":91,"_id":"58e0240da94bf87a0920cab2"},{"index":92,"_id":"58e0240da94bf87a0920cab3"},{"index":93,"_id":"58e0240da94bf87a0920cab4"},{"index":94,"_id":"58e0240da94bf87a0920cab5"},{"index":95,"_id":"58e0240da94bf87a0920cab6"},{"index":96,"_id":"58e0240da94bf87a0920cab7"},{"index":97,"_id":"58e0240da94bf87a0920cab8"},{"index":98,"_id":"58e0240da94bf87a0920cab9"},{"index":99,"_id":"58e0240da94bf87a0920caba"}]}
{"ok":1,"writeErrors":[],"writeConcernErrors":[],"insertedIds":[],"nInserted":0,"nUpserted":100,"nMatched":0,"nModified":0,"nRemoved":0,"upserted":[{"index":0,"_id":"58e02449a94bf87a0920cac8"},{"index":1,"_id":"58e02449a94bf87a0920cac9"},{"index":2,"_id":"58e02449a94bf87a0920caca"},{"index":3,"_id":"58e02449a94bf87a0920cacb"},{"index":4,"_id":"58e02449a94bf87a0920cacc"},{"index":5,"_id":"58e02449a94bf87a0920cacd"},{"index":6,"_id":"58e02449a94bf87a0920cace"},{"index":7,"_id":"58e02449a94bf87a0920cacf"},{"index":8,"_id":"58e02449a94bf87a0920cad0"},{"index":9,"_id":"58e02449a94bf87a0920cad1"},{"index":10,"_id":"58e02449a94bf87a0920cad2"},{"index":11,"_id":"58e02449a94bf87a0920cad3"},{"index":12,"_id":"58e02449a94bf87a0920cad4"},{"index":13,"_id":"58e02449a94bf87a0920cad5"},{"index":14,"_id":"58e02449a94bf87a0920cad6"},{"index":15,"_id":"58e02449a94bf87a0920cad7"},{"index":16,"_id":"58e02449a94bf87a0920cad8"},{"index":17,"_id":"58e02449a94bf87a0920cad9"},{"index":18,"_id":"58e02449a94bf87a0920cada"},{"index":19,"_id":"58e02449a94bf87a0920cadb"},{"index":20,"_id":"58e02449a94bf87a0920cadc"},{"index":21,"_id":"58e02449a94bf87a0920cadd"},{"index":22,"_id":"58e02449a94bf87a0920cade"},{"index":23,"_id":"58e02449a94bf87a0920cadf"},{"index":24,"_id":"58e02449a94bf87a0920cae0"},{"index":25,"_id":"58e02449a94bf87a0920cae1"},{"index":26,"_id":"58e02449a94bf87a0920cae2"},{"index":27,"_id":"58e02449a94bf87a0920cae3"},{"index":28,"_id":"58e02449a94bf87a0920cae4"},{"index":29,"_id":"58e02449a94bf87a0920cae5"},{"index":30,"_id":"58e02449a94bf87a0920cae6"},{"index":31,"_id":"58e02449a94bf87a0920cae7"},{"index":32,"_id":"58e02449a94bf87a0920cae8"},{"index":33,"_id":"58e02449a94bf87a0920cae9"},{"index":34,"_id":"58e02449a94bf87a0920caea"},{"index":35,"_id":"58e02449a94bf87a0920caeb"},{"index":36,"_id":"58e02449a94bf87a0920caec"},{"index":37,"_id":"58e02449a94bf87a0920caed"},{"index":38,"_id":"58e02449a94bf87a0920caee"},{"index":39,"_id":"58e02449a94bf87a0920caef"},{"index":40,"_id":"58e02449a94bf87a0920caf0"},{"index":41,"_id":"58e02449a94bf87a0920caf1"},{"index":42,"_id":"58e02449a94bf87a0920caf2"},{"index":43,"_id":"58e02449a94bf87a0920caf3"},{"index":44,"_id":"58e02449a94bf87a0920caf4"},{"index":45,"_id":"58e02449a94bf87a0920caf5"},{"index":46,"_id":"58e02449a94bf87a0920caf6"},{"index":47,"_id":"58e02449a94bf87a0920caf7"},{"index":48,"_id":"58e02449a94bf87a0920caf8"},{"index":49,"_id":"58e02449a94bf87a0920caf9"},{"index":50,"_id":"58e02449a94bf87a0920cafa"},{"index":51,"_id":"58e02449a94bf87a0920cafb"},{"index":52,"_id":"58e02449a94bf87a0920cafc"},{"index":53,"_id":"58e02449a94bf87a0920cafd"},{"index":54,"_id":"58e02449a94bf87a0920cafe"},{"index":55,"_id":"58e02449a94bf87a0920caff"},{"index":56,"_id":"58e02449a94bf87a0920cb00"},{"index":57,"_id":"58e02449a94bf87a0920cb01"},{"index":58,"_id":"58e02449a94bf87a0920cb02"},{"index":59,"_id":"58e02449a94bf87a0920cb03"},{"index":60,"_id":"58e02449a94bf87a0920cb04"},{"index":61,"_id":"58e02449a94bf87a0920cb05"},{"index":62,"_id":"58e02449a94bf87a0920cb06"},{"index":63,"_id":"58e02449a94bf87a0920cb07"},{"index":64,"_id":"58e02449a94bf87a0920cb08"},{"index":65,"_id":"58e02449a94bf87a0920cb09"},{"index":66,"_id":"58e02449a94bf87a0920cb0a"},{"index":67,"_id":"58e02449a94bf87a0920cb0b"},{"index":68,"_id":"58e02449a94bf87a0920cb0c"},{"index":69,"_id":"58e02449a94bf87a0920cb0d"},{"index":70,"_id":"58e02449a94bf87a0920cb0e"},{"index":71,"_id":"58e02449a94bf87a0920cb0f"},{"index":72,"_id":"58e02449a94bf87a0920cb10"},{"index":73,"_id":"58e02449a94bf87a0920cb11"},{"index":74,"_id":"58e02449a94bf87a0920cb12"},{"index":75,"_id":"58e02449a94bf87a0920cb13"},{"index":76,"_id":"58e02449a94bf87a0920cb14"},{"index":77,"_id":"58e02449a94bf87a0920cb15"},{"index":78,"_id":"58e02449a94bf87a0920cb16"},{"index":79,"_id":"58e02449a94bf87a0920cb17"},{"index":80,"_id":"58e02449a94bf87a0920cb18"},{"index":81,"_id":"58e02449a94bf87a0920cb19"},{"index":82,"_id":"58e02449a94bf87a0920cb1a"},{"index":83,"_id":"58e02449a94bf87a0920cb1b"},{"index":84,"_id":"58e02449a94bf87a0920cb1c"},{"index":85,"_id":"58e02449a94bf87a0920cb1d"},{"index":86,"_id":"58e02449a94bf87a0920cb1e"},{"index":87,"_id":"58e02449a94bf87a0920cb1f"},{"index":88,"_id":"58e02449a94bf87a0920cb20"},{"index":89,"_id":"58e02449a94bf87a0920cb21"},{"index":90,"_id":"58e02449a94bf87a0920cb22"},{"index":91,"_id":"58e02449a94bf87a0920cb23"},{"index":92,"_id":"58e02449a94bf87a0920cb24"},{"index":93,"_id":"58e02449a94bf87a0920cb25"},{"index":94,"_id":"58e02449a94bf87a0920cb26"},{"index":95,"_id":"58e02449a94bf87a0920cb27"},{"index":96,"_id":"58e02449a94bf87a0920cb28"},{"index":97,"_id":"58e02449a94bf87a0920cb29"},{"index":98,"_id":"58e02449a94bf87a0920cb2a"},{"index":99,"_id":"58e02449a94bf87a0920cb2b"}]}
{"ok":1,"writeErrors":[],"writeConcernErrors":[],"insertedIds":[],"nInserted":0,"nUpserted":100,"nMatched":0,"nModified":0,"nRemoved":0,"upserted":[{"index":0,"_id":"58e02486a94bf87a0920cb3a"},{"index":1,"_id":"58e02486a94bf87a0920cb3b"},{"index":2,"_id":"58e02486a94bf87a0920cb3c"},{"index":3,"_id":"58e02486a94bf87a0920cb3d"},{"index":4,"_id":"58e02486a94bf87a0920cb3e"},{"index":5,"_id":"58e02486a94bf87a0920cb3f"},{"index":6,"_id":"58e02486a94bf87a0920cb40"},{"index":7,"_id":"58e02486a94bf87a0920cb41"},{"index":8,"_id":"58e02486a94bf87a0920cb42"},{"index":9,"_id":"58e02486a94bf87a0920cb43"},{"index":10,"_id":"58e02486a94bf87a0920cb44"},{"index":11,"_id":"58e02486a94bf87a0920cb45"},{"index":12,"_id":"58e02486a94bf87a0920cb46"},{"index":13,"_id":"58e02486a94bf87a0920cb47"},{"index":14,"_id":"58e02486a94bf87a0920cb48"},{"index":15,"_id":"58e02486a94bf87a0920cb49"},{"index":16,"_id":"58e02486a94bf87a0920cb4a"},{"index":17,"_id":"58e02486a94bf87a0920cb4b"},{"index":18,"_id":"58e02486a94bf87a0920cb4c"},{"index":19,"_id":"58e02486a94bf87a0920cb4d"},{"index":20,"_id":"58e02486a94bf87a0920cb4e"},{"index":21,"_id":"58e02486a94bf87a0920cb4f"},{"index":22,"_id":"58e02486a94bf87a0920cb50"},{"index":23,"_id":"58e02486a94bf87a0920cb51"},{"index":24,"_id":"58e02486a94bf87a0920cb52"},{"index":25,"_id":"58e02486a94bf87a0920cb53"},{"index":26,"_id":"58e02486a94bf87a0920cb54"},{"index":27,"_id":"58e02486a94bf87a0920cb55"},{"index":28,"_id":"58e02486a94bf87a0920cb56"},{"index":29,"_id":"58e02486a94bf87a0920cb57"},{"index":30,"_id":"58e02486a94bf87a0920cb58"},{"index":31,"_id":"58e02486a94bf87a0920cb59"},{"index":32,"_id":"58e02486a94bf87a0920cb5a"},{"index":33,"_id":"58e02486a94bf87a0920cb5b"},{"index":34,"_id":"58e02486a94bf87a0920cb5c"},{"index":35,"_id":"58e02486a94bf87a0920cb5d"},{"index":36,"_id":"58e02486a94bf87a0920cb5e"},{"index":37,"_id":"58e02486a94bf87a0920cb5f"},{"index":38,"_id":"58e02486a94bf87a0920cb60"},{"index":39,"_id":"58e02486a94bf87a0920cb61"},{"index":40,"_id":"58e02486a94bf87a0920cb62"},{"index":41,"_id":"58e02486a94bf87a0920cb63"},{"index":42,"_id":"58e02486a94bf87a0920cb64"},{"index":43,"_id":"58e02486a94bf87a0920cb65"},{"index":44,"_id":"58e02486a94bf87a0920cb66"},{"index":45,"_id":"58e02486a94bf87a0920cb67"},{"index":46,"_id":"58e02486a94bf87a0920cb68"},{"index":47,"_id":"58e02486a94bf87a0920cb69"},{"index":48,"_id":"58e02486a94bf87a0920cb6a"},{"index":49,"_id":"58e02486a94bf87a0920cb6b"},{"index":50,"_id":"58e02486a94bf87a0920cb6c"},{"index":51,"_id":"58e02486a94bf87a0920cb6d"},{"index":52,"_id":"58e02486a94bf87a0920cb6e"},{"index":53,"_id":"58e02486a94bf87a0920cb6f"},{"index":54,"_id":"58e02486a94bf87a0920cb70"},{"index":55,"_id":"58e02486a94bf87a0920cb71"},{"index":56,"_id":"58e02486a94bf87a0920cb72"},{"index":57,"_id":"58e02486a94bf87a0920cb73"},{"index":58,"_id":"58e02486a94bf87a0920cb74"},{"index":59,"_id":"58e02486a94bf87a0920cb75"},{"index":60,"_id":"58e02486a94bf87a0920cb76"},{"index":61,"_id":"58e02486a94bf87a0920cb77"},{"index":62,"_id":"58e02486a94bf87a0920cb78"},{"index":63,"_id":"58e02486a94bf87a0920cb79"},{"index":64,"_id":"58e02486a94bf87a0920cb7a"},{"index":65,"_id":"58e02486a94bf87a0920cb7b"},{"index":66,"_id":"58e02486a94bf87a0920cb7c"},{"index":67,"_id":"58e02486a94bf87a0920cb7d"},{"index":68,"_id":"58e02486a94bf87a0920cb7e"},{"index":69,"_id":"58e02486a94bf87a0920cb7f"},{"index":70,"_id":"58e02486a94bf87a0920cb80"},{"index":71,"_id":"58e02486a94bf87a0920cb81"},{"index":72,"_id":"58e02486a94bf87a0920cb82"},{"index":73,"_id":"58e02486a94bf87a0920cb83"},{"index":74,"_id":"58e02486a94bf87a0920cb84"},{"index":75,"_id":"58e02486a94bf87a0920cb85"},{"index":76,"_id":"58e02486a94bf87a0920cb86"},{"index":77,"_id":"58e02486a94bf87a0920cb87"},{"index":78,"_id":"58e02486a94bf87a0920cb88"},{"index":79,"_id":"58e02486a94bf87a0920cb89"},{"index":80,"_id":"58e02486a94bf87a0920cb8a"},{"index":81,"_id":"58e02486a94bf87a0920cb8b"},{"index":82,"_id":"58e02486a94bf87a0920cb8c"},{"index":83,"_id":"58e02486a94bf87a0920cb8d"},{"index":84,"_id":"58e02486a94bf87a0920cb8e"},{"index":85,"_id":"58e02486a94bf87a0920cb8f"},{"index":86,"_id":"58e02486a94bf87a0920cb90"},{"index":87,"_id":"58e02486a94bf87a0920cb91"},{"index":88,"_id":"58e02486a94bf87a0920cb92"},{"index":89,"_id":"58e02486a94bf87a0920cb93"},{"index":90,"_id":"58e02486a94bf87a0920cb94"},{"index":91,"_id":"58e02486a94bf87a0920cb95"},{"index":92,"_id":"58e02486a94bf87a0920cb96"},{"index":93,"_id":"58e02486a94bf87a0920cb97"},{"index":94,"_id":"58e02486a94bf87a0920cb98"},{"index":95,"_id":"58e02486a94bf87a0920cb99"},{"index":96,"_id":"58e02486a94bf87a0920cb9a"},{"index":97,"_id":"58e02486a94bf87a0920cb9b"},{"index":98,"_id":"58e02486a94bf87a0920cb9c"},{"index":99,"_id":"58e02486a94bf87a0920cb9d"}]}
{"ok":1,"writeErrors":[],"writeConcernErrors":[],"insertedIds":[],"nInserted":0,"nUpserted":100,"nMatched":0,"nModified":0,"nRemoved":0,"upserted":[{"index":0,"_id":"58e024c3a94bf87a0920cbab"},{"index":1,"_id":"58e024c3a94bf87a0920cbac"},{"index":2,"_id":"58e024c3a94bf87a0920cbad"},{"index":3,"_id":"58e024c3a94bf87a0920cbae"},{"index":4,"_id":"58e024c3a94bf87a0920cbaf"},{"index":5,"_id":"58e024c3a94bf87a0920cbb0"},{"index":6,"_id":"58e024c3a94bf87a0920cbb1"},{"index":7,"_id":"58e024c3a94bf87a0920cbb2"},{"index":8,"_id":"58e024c3a94bf87a0920cbb3"},{"index":9,"_id":"58e024c3a94bf87a0920cbb4"},{"index":10,"_id":"58e024c3a94bf87a0920cbb5"},{"index":11,"_id":"58e024c3a94bf87a0920cbb6"},{"index":12,"_id":"58e024c3a94bf87a0920cbb7"},{"index":13,"_id":"58e024c3a94bf87a0920cbb8"},{"index":14,"_id":"58e024c3a94bf87a0920cbb9"},{"index":15,"_id":"58e024c3a94bf87a0920cbba"},{"index":16,"_id":"58e024c3a94bf87a0920cbbb"},{"index":17,"_id":"58e024c3a94bf87a0920cbbc"},{"index":18,"_id":"58e024c3a94bf87a0920cbbd"},{"index":19,"_id":"58e024c3a94bf87a0920cbbe"},{"index":20,"_id":"58e024c3a94bf87a0920cbbf"},{"index":21,"_id":"58e024c3a94bf87a0920cbc0"},{"index":22,"_id":"58e024c3a94bf87a0920cbc1"},{"index":23,"_id":"58e024c3a94bf87a0920cbc2"},{"index":24,"_id":"58e024c3a94bf87a0920cbc3"},{"index":25,"_id":"58e024c3a94bf87a0920cbc4"},{"index":26,"_id":"58e024c3a94bf87a0920cbc5"},{"index":27,"_id":"58e024c3a94bf87a0920cbc6"},{"index":28,"_id":"58e024c3a94bf87a0920cbc7"},{"index":29,"_id":"58e024c3a94bf87a0920cbc8"},{"index":30,"_id":"58e024c3a94bf87a0920cbc9"},{"index":31,"_id":"58e024c3a94bf87a0920cbca"},{"index":32,"_id":"58e024c3a94bf87a0920cbcb"},{"index":33,"_id":"58e024c3a94bf87a0920cbcc"},{"index":34,"_id":"58e024c3a94bf87a0920cbcd"},{"index":35,"_id":"58e024c3a94bf87a0920cbce"},{"index":36,"_id":"58e024c3a94bf87a0920cbcf"},{"index":37,"_id":"58e024c3a94bf87a0920cbd0"},{"index":38,"_id":"58e024c3a94bf87a0920cbd1"},{"index":39,"_id":"58e024c3a94bf87a0920cbd2"},{"index":40,"_id":"58e024c3a94bf87a0920cbd3"},{"index":41,"_id":"58e024c3a94bf87a0920cbd4"},{"index":42,"_id":"58e024c3a94bf87a0920cbd5"},{"index":43,"_id":"58e024c3a94bf87a0920cbd6"},{"index":44,"_id":"58e024c3a94bf87a0920cbd7"},{"index":45,"_id":"58e024c3a94bf87a0920cbd8"},{"index":46,"_id":"58e024c3a94bf87a0920cbd9"},{"index":47,"_id":"58e024c3a94bf87a0920cbda"},{"index":48,"_id":"58e024c3a94bf87a0920cbdb"},{"index":49,"_id":"58e024c3a94bf87a0920cbdc"},{"index":50,"_id":"58e024c3a94bf87a0920cbdd"},{"index":51,"_id":"58e024c3a94bf87a0920cbde"},{"index":52,"_id":"58e024c3a94bf87a0920cbdf"},{"index":53,"_id":"58e024c3a94bf87a0920cbe0"},{"index":54,"_id":"58e024c3a94bf87a0920cbe1"},{"index":55,"_id":"58e024c3a94bf87a0920cbe2"},{"index":56,"_id":"58e024c3a94bf87a0920cbe3"},{"index":57,"_id":"58e024c3a94bf87a0920cbe4"},{"index":58,"_id":"58e024c3a94bf87a0920cbe5"},{"index":59,"_id":"58e024c3a94bf87a0920cbe6"},{"index":60,"_id":"58e024c3a94bf87a0920cbe7"},{"index":61,"_id":"58e024c3a94bf87a0920cbe8"},{"index":62,"_id":"58e024c3a94bf87a0920cbe9"},{"index":63,"_id":"58e024c3a94bf87a0920cbea"},{"index":64,"_id":"58e024c3a94bf87a0920cbeb"},{"index":65,"_id":"58e024c3a94bf87a0920cbec"},{"index":66,"_id":"58e024c3a94bf87a0920cbed"},{"index":67,"_id":"58e024c3a94bf87a0920cbee"},{"index":68,"_id":"58e024c3a94bf87a0920cbef"},{"index":69,"_id":"58e024c3a94bf87a0920cbf0"},{"index":70,"_id":"58e024c3a94bf87a0920cbf1"},{"index":71,"_id":"58e024c3a94bf87a0920cbf2"},{"index":72,"_id":"58e024c3a94bf87a0920cbf3"},{"index":73,"_id":"58e024c3a94bf87a0920cbf4"},{"index":74,"_id":"58e024c3a94bf87a0920cbf5"},{"index":75,"_id":"58e024c3a94bf87a0920cbf6"},{"index":76,"_id":"58e024c3a94bf87a0920cbf7"},{"index":77,"_id":"58e024c3a94bf87a0920cbf8"},{"index":78,"_id":"58e024c3a94bf87a0920cbf9"},{"index":79,"_id":"58e024c3a94bf87a0920cbfa"},{"index":80,"_id":"58e024c3a94bf87a0920cbfb"},{"index":81,"_id":"58e024c3a94bf87a0920cbfc"},{"index":82,"_id":"58e024c3a94bf87a0920cbfd"},{"index":83,"_id":"58e024c3a94bf87a0920cbfe"},{"index":84,"_id":"58e024c3a94bf87a0920cbff"},{"index":85,"_id":"58e024c3a94bf87a0920cc00"},{"index":86,"_id":"58e024c3a94bf87a0920cc01"},{"index":87,"_id":"58e024c3a94bf87a0920cc02"},{"index":88,"_id":"58e024c3a94bf87a0920cc03"},{"index":89,"_id":"58e024c3a94bf87a0920cc04"},{"index":90,"_id":"58e024c3a94bf87a0920cc05"},{"index":91,"_id":"58e024c3a94bf87a0920cc06"},{"index":92,"_id":"58e024c3a94bf87a0920cc07"},{"index":93,"_id":"58e024c3a94bf87a0920cc08"},{"index":94,"_id":"58e024c3a94bf87a0920cc09"},{"index":95,"_id":"58e024c3a94bf87a0920cc0a"},{"index":96,"_id":"58e024c3a94bf87a0920cc0b"},{"index":97,"_id":"58e024c3a94bf87a0920cc0c"},{"index":98,"_id":"58e024c3a94bf87a0920cc0d"},{"index":99,"_id":"58e024c3a94bf87a0920cc0e"}]}
{"ok":1,"writeErrors":[],"writeConcernErrors":[],"insertedIds":[],"nInserted":0,"nUpserted":100,"nMatched":0,"nModified":0,"nRemoved":0,"upserted":[{"index":0,"_id":"58e02501a94bf87a0920cc1c"},{"index":1,"_id":"58e02501a94bf87a0920cc1d"},{"index":2,"_id":"58e02501a94bf87a0920cc1e"},{"index":3,"_id":"58e02501a94bf87a0920cc1f"},{"index":4,"_id":"58e02501a94bf87a0920cc20"},{"index":5,"_id":"58e02501a94bf87a0920cc21"},{"index":6,"_id":"58e02501a94bf87a0920cc22"},{"index":7,"_id":"58e02501a94bf87a0920cc23"},{"index":8,"_id":"58e02501a94bf87a0920cc24"},{"index":9,"_id":"58e02501a94bf87a0920cc25"},{"index":10,"_id":"58e02501a94bf87a0920cc26"},{"index":11,"_id":"58e02501a94bf87a0920cc27"},{"index":12,"_id":"58e02501a94bf87a0920cc28"},{"index":13,"_id":"58e02501a94bf87a0920cc29"},{"index":14,"_id":"58e02501a94bf87a0920cc2a"},{"index":15,"_id":"58e02501a94bf87a0920cc2b"},{"index":16,"_id":"58e02501a94bf87a0920cc2c"},{"index":17,"_id":"58e02501a94bf87a0920cc2d"},{"index":18,"_id":"58e02501a94bf87a0920cc2e"},{"index":19,"_id":"58e02501a94bf87a0920cc2f"},{"index":20,"_id":"58e02501a94bf87a0920cc30"},{"index":21,"_id":"58e02501a94bf87a0920cc31"},{"index":22,"_id":"58e02501a94bf87a0920cc32"},{"index":23,"_id":"58e02501a94bf87a0920cc33"},{"index":24,"_id":"58e02501a94bf87a0920cc34"},{"index":25,"_id":"58e02501a94bf87a0920cc35"},{"index":26,"_id":"58e02501a94bf87a0920cc36"},{"index":27,"_id":"58e02501a94bf87a0920cc37"},{"index":28,"_id":"58e02501a94bf87a0920cc38"},{"index":29,"_id":"58e02501a94bf87a0920cc39"},{"index":30,"_id":"58e02501a94bf87a0920cc3a"},{"index":31,"_id":"58e02501a94bf87a0920cc3b"},{"index":32,"_id":"58e02501a94bf87a0920cc3c"},{"index":33,"_id":"58e02501a94bf87a0920cc3d"},{"index":34,"_id":"58e02501a94bf87a0920cc3e"},{"index":35,"_id":"58e02501a94bf87a0920cc3f"},{"index":36,"_id":"58e02501a94bf87a0920cc40"},{"index":37,"_id":"58e02501a94bf87a0920cc41"},{"index":38,"_id":"58e02501a94bf87a0920cc42"},{"index":39,"_id":"58e02501a94bf87a0920cc43"},{"index":40,"_id":"58e02501a94bf87a0920cc44"},{"index":41,"_id":"58e02501a94bf87a0920cc45"},{"index":42,"_id":"58e02501a94bf87a0920cc46"},{"index":43,"_id":"58e02501a94bf87a0920cc47"},{"index":44,"_id":"58e02501a94bf87a0920cc48"},{"index":45,"_id":"58e02501a94bf87a0920cc49"},{"index":46,"_id":"58e02501a94bf87a0920cc4a"},{"index":47,"_id":"58e02501a94bf87a0920cc4b"},{"index":48,"_id":"58e02501a94bf87a0920cc4c"},{"index":49,"_id":"58e02501a94bf87a0920cc4d"},{"index":50,"_id":"58e02501a94bf87a0920cc4e"},{"index":51,"_id":"58e02501a94bf87a0920cc4f"},{"index":52,"_id":"58e02501a94bf87a0920cc50"},{"index":53,"_id":"58e02501a94bf87a0920cc51"},{"index":54,"_id":"58e02501a94bf87a0920cc52"},{"index":55,"_id":"58e02501a94bf87a0920cc53"},{"index":56,"_id":"58e02501a94bf87a0920cc54"},{"index":57,"_id":"58e02501a94bf87a0920cc55"},{"index":58,"_id":"58e02501a94bf87a0920cc56"},{"index":59,"_id":"58e02501a94bf87a0920cc57"},{"index":60,"_id":"58e02501a94bf87a0920cc58"},{"index":61,"_id":"58e02501a94bf87a0920cc59"},{"index":62,"_id":"58e02501a94bf87a0920cc5a"},{"index":63,"_id":"58e02501a94bf87a0920cc5b"},{"index":64,"_id":"58e02501a94bf87a0920cc5c"},{"index":65,"_id":"58e02501a94bf87a0920cc5d"},{"index":66,"_id":"58e02501a94bf87a0920cc5e"},{"index":67,"_id":"58e02501a94bf87a0920cc5f"},{"index":68,"_id":"58e02501a94bf87a0920cc60"},{"index":69,"_id":"58e02501a94bf87a0920cc61"},{"index":70,"_id":"58e02501a94bf87a0920cc62"},{"index":71,"_id":"58e02501a94bf87a0920cc63"},{"index":72,"_id":"58e02501a94bf87a0920cc64"},{"index":73,"_id":"58e02501a94bf87a0920cc65"},{"index":74,"_id":"58e02501a94bf87a0920cc66"},{"index":75,"_id":"58e02501a94bf87a0920cc67"},{"index":76,"_id":"58e02501a94bf87a0920cc68"},{"index":77,"_id":"58e02501a94bf87a0920cc69"},{"index":78,"_id":"58e02501a94bf87a0920cc6a"},{"index":79,"_id":"58e02501a94bf87a0920cc6b"},{"index":80,"_id":"58e02501a94bf87a0920cc6c"},{"index":81,"_id":"58e02501a94bf87a0920cc6d"},{"index":82,"_id":"58e02501a94bf87a0920cc6e"},{"index":83,"_id":"58e02501a94bf87a0920cc6f"},{"index":84,"_id":"58e02501a94bf87a0920cc70"},{"index":85,"_id":"58e02501a94bf87a0920cc71"},{"index":86,"_id":"58e02501a94bf87a0920cc72"},{"index":87,"_id":"58e02501a94bf87a0920cc73"},{"index":88,"_id":"58e02501a94bf87a0920cc74"},{"index":89,"_id":"58e02501a94bf87a0920cc75"},{"index":90,"_id":"58e02501a94bf87a0920cc76"},{"index":91,"_id":"58e02501a94bf87a0920cc77"},{"index":92,"_id":"58e02501a94bf87a0920cc78"},{"index":93,"_id":"58e02501a94bf87a0920cc79"},{"index":94,"_id":"58e02501a94bf87a0920cc7a"},{"index":95,"_id":"58e02501a94bf87a0920cc7b"},{"index":96,"_id":"58e02501a94bf87a0920cc7c"},{"index":97,"_id":"58e02501a94bf87a0920cc7d"},{"index":98,"_id":"58e02501a94bf87a0920cc7e"},{"index":99,"_id":"58e02501a94bf87a0920cc7f"}]}
{"ok":1,"writeErrors":[],"writeConcernErrors":[],"insertedIds":[],"nInserted":0,"nUpserted":100,"nMatched":0,"nModified":0,"nRemoved":0,"upserted":[{"index":0,"_id":"58e0253da94bf87a0920cc8d"},{"index":1,"_id":"58e0253da94bf87a0920cc8e"},{"index":2,"_id":"58e0253da94bf87a0920cc8f"},{"index":3,"_id":"58e0253da94bf87a0920cc90"},{"index":4,"_id":"58e0253da94bf87a0920cc91"},{"index":5,"_id":"58e0253da94bf87a0920cc92"},{"index":6,"_id":"58e0253da94bf87a0920cc93"},{"index":7,"_id":"58e0253da94bf87a0920cc94"},{"index":8,"_id":"58e0253da94bf87a0920cc95"},{"index":9,"_id":"58e0253da94bf87a0920cc96"},{"index":10,"_id":"58e0253da94bf87a0920cc97"},{"index":11,"_id":"58e0253da94bf87a0920cc98"},{"index":12,"_id":"58e0253da94bf87a0920cc99"},{"index":13,"_id":"58e0253da94bf87a0920cc9a"},{"index":14,"_id":"58e0253da94bf87a0920cc9b"},{"index":15,"_id":"58e0253da94bf87a0920cc9c"},{"index":16,"_id":"58e0253da94bf87a0920cc9d"},{"index":17,"_id":"58e0253da94bf87a0920cc9e"},{"index":18,"_id":"58e0253da94bf87a0920cc9f"},{"index":19,"_id":"58e0253da94bf87a0920cca0"},{"index":20,"_id":"58e0253da94bf87a0920cca1"},{"index":21,"_id":"58e0253da94bf87a0920cca2"},{"index":22,"_id":"58e0253da94bf87a0920cca3"},{"index":23,"_id":"58e0253da94bf87a0920cca4"},{"index":24,"_id":"58e0253da94bf87a0920cca5"},{"index":25,"_id":"58e0253da94bf87a0920cca6"},{"index":26,"_id":"58e0253da94bf87a0920cca7"},{"index":27,"_id":"58e0253da94bf87a0920cca8"},{"index":28,"_id":"58e0253da94bf87a0920cca9"},{"index":29,"_id":"58e0253da94bf87a0920ccaa"},{"index":30,"_id":"58e0253da94bf87a0920ccab"},{"index":31,"_id":"58e0253da94bf87a0920ccac"},{"index":32,"_id":"58e0253da94bf87a0920ccad"},{"index":33,"_id":"58e0253da94bf87a0920ccae"},{"index":34,"_id":"58e0253da94bf87a0920ccaf"},{"index":35,"_id":"58e0253da94bf87a0920ccb0"},{"index":36,"_id":"58e0253da94bf87a0920ccb1"},{"index":37,"_id":"58e0253da94bf87a0920ccb2"},{"index":38,"_id":"58e0253da94bf87a0920ccb3"},{"index":39,"_id":"58e0253da94bf87a0920ccb4"},{"index":40,"_id":"58e0253da94bf87a0920ccb5"},{"index":41,"_id":"58e0253da94bf87a0920ccb6"},{"index":42,"_id":"58e0253da94bf87a0920ccb7"},{"index":43,"_id":"58e0253da94bf87a0920ccb8"},{"index":44,"_id":"58e0253da94bf87a0920ccb9"},{"index":45,"_id":"58e0253da94bf87a0920ccba"},{"index":46,"_id":"58e0253da94bf87a0920ccbb"},{"index":47,"_id":"58e0253da94bf87a0920ccbc"},{"index":48,"_id":"58e0253da94bf87a0920ccbd"},{"index":49,"_id":"58e0253da94bf87a0920ccbe"},{"index":50,"_id":"58e0253da94bf87a0920ccbf"},{"index":51,"_id":"58e0253da94bf87a0920ccc0"},{"index":52,"_id":"58e0253da94bf87a0920ccc1"},{"index":53,"_id":"58e0253da94bf87a0920ccc2"},{"index":54,"_id":"58e0253da94bf87a0920ccc3"},{"index":55,"_id":"58e0253da94bf87a0920ccc4"},{"index":56,"_id":"58e0253da94bf87a0920ccc5"},{"index":57,"_id":"58e0253da94bf87a0920ccc6"},{"index":58,"_id":"58e0253da94bf87a0920ccc7"},{"index":59,"_id":"58e0253da94bf87a0920ccc8"},{"index":60,"_id":"58e0253da94bf87a0920ccc9"},{"index":61,"_id":"58e0253da94bf87a0920ccca"},{"index":62,"_id":"58e0253da94bf87a0920cccb"},{"index":63,"_id":"58e0253da94bf87a0920cccc"},{"index":64,"_id":"58e0253da94bf87a0920cccd"},{"index":65,"_id":"58e0253da94bf87a0920ccce"},{"index":66,"_id":"58e0253da94bf87a0920cccf"},{"index":67,"_id":"58e0253da94bf87a0920ccd0"},{"index":68,"_id":"58e0253da94bf87a0920ccd1"},{"index":69,"_id":"58e0253da94bf87a0920ccd2"},{"index":70,"_id":"58e0253da94bf87a0920ccd3"},{"index":71,"_id":"58e0253da94bf87a0920ccd4"},{"index":72,"_id":"58e0253da94bf87a0920ccd5"},{"index":73,"_id":"58e0253da94bf87a0920ccd6"},{"index":74,"_id":"58e0253da94bf87a0920ccd7"},{"index":75,"_id":"58e0253da94bf87a0920ccd8"},{"index":76,"_id":"58e0253da94bf87a0920ccd9"},{"index":77,"_id":"58e0253da94bf87a0920ccda"},{"index":78,"_id":"58e0253da94bf87a0920ccdb"},{"index":79,"_id":"58e0253da94bf87a0920ccdc"},{"index":80,"_id":"58e0253da94bf87a0920ccdd"},{"index":81,"_id":"58e0253da94bf87a0920ccde"},{"index":82,"_id":"58e0253da94bf87a0920ccdf"},{"index":83,"_id":"58e0253da94bf87a0920cce0"},{"index":84,"_id":"58e0253da94bf87a0920cce1"},{"index":85,"_id":"58e0253da94bf87a0920cce2"},{"index":86,"_id":"58e0253da94bf87a0920cce3"},{"index":87,"_id":"58e0253da94bf87a0920cce4"},{"index":88,"_id":"58e0253da94bf87a0920cce5"},{"index":89,"_id":"58e0253da94bf87a0920cce6"},{"index":90,"_id":"58e0253da94bf87a0920cce7"},{"index":91,"_id":"58e0253da94bf87a0920cce8"},{"index":92,"_id":"58e0253da94bf87a0920cce9"},{"index":93,"_id":"58e0253da94bf87a0920ccea"},{"index":94,"_id":"58e0253da94bf87a0920cceb"},{"index":95,"_id":"58e0253da94bf87a0920ccec"},{"index":96,"_id":"58e0253da94bf87a0920cced"},{"index":97,"_id":"58e0253da94bf87a0920ccee"},{"index":98,"_id":"58e0253da94bf87a0920ccef"},{"index":99,"_id":"58e0253da94bf87a0920ccf0"}]}
{"ok":1,"writeErrors":[],"writeConcernErrors":[],"insertedIds":[],"nInserted":0,"nUpserted":100,"nMatched":0,"nModified":0,"nRemoved":0,"upserted":[{"index":0,"_id":"58e0257aa94bf87a0920ccfe"},{"index":1,"_id":"58e0257aa94bf87a0920ccff"},{"index":2,"_id":"58e0257aa94bf87a0920cd00"},{"index":3,"_id":"58e0257aa94bf87a0920cd01"},{"index":4,"_id":"58e0257aa94bf87a0920cd02"},{"index":5,"_id":"58e0257aa94bf87a0920cd03"},{"index":6,"_id":"58e0257aa94bf87a0920cd04"},{"index":7,"_id":"58e0257aa94bf87a0920cd05"},{"index":8,"_id":"58e0257aa94bf87a0920cd06"},{"index":9,"_id":"58e0257aa94bf87a0920cd07"},{"index":10,"_id":"58e0257aa94bf87a0920cd08"},{"index":11,"_id":"58e0257aa94bf87a0920cd09"},{"index":12,"_id":"58e0257aa94bf87a0920cd0a"},{"index":13,"_id":"58e0257aa94bf87a0920cd0b"},{"index":14,"_id":"58e0257aa94bf87a0920cd0c"},{"index":15,"_id":"58e0257aa94bf87a0920cd0d"},{"index":16,"_id":"58e0257aa94bf87a0920cd0e"},{"index":17,"_id":"58e0257aa94bf87a0920cd0f"},{"index":18,"_id":"58e0257aa94bf87a0920cd10"},{"index":19,"_id":"58e0257aa94bf87a0920cd11"},{"index":20,"_id":"58e0257aa94bf87a0920cd12"},{"index":21,"_id":"58e0257aa94bf87a0920cd13"},{"index":22,"_id":"58e0257aa94bf87a0920cd14"},{"index":23,"_id":"58e0257aa94bf87a0920cd15"},{"index":24,"_id":"58e0257aa94bf87a0920cd16"},{"index":25,"_id":"58e0257aa94bf87a0920cd17"},{"index":26,"_id":"58e0257aa94bf87a0920cd18"},{"index":27,"_id":"58e0257aa94bf87a0920cd19"},{"index":28,"_id":"58e0257aa94bf87a0920cd1a"},{"index":29,"_id":"58e0257aa94bf87a0920cd1b"},{"index":30,"_id":"58e0257aa94bf87a0920cd1c"},{"index":31,"_id":"58e0257aa94bf87a0920cd1d"},{"index":32,"_id":"58e0257aa94bf87a0920cd1e"},{"index":33,"_id":"58e0257aa94bf87a0920cd1f"},{"index":34,"_id":"58e0257aa94bf87a0920cd20"},{"index":35,"_id":"58e0257aa94bf87a0920cd21"},{"index":36,"_id":"58e0257aa94bf87a0920cd22"},{"index":37,"_id":"58e0257aa94bf87a0920cd23"},{"index":38,"_id":"58e0257aa94bf87a0920cd24"},{"index":39,"_id":"58e0257aa94bf87a0920cd25"},{"index":40,"_id":"58e0257aa94bf87a0920cd26"},{"index":41,"_id":"58e0257aa94bf87a0920cd27"},{"index":42,"_id":"58e0257aa94bf87a0920cd28"},{"index":43,"_id":"58e0257aa94bf87a0920cd29"},{"index":44,"_id":"58e0257aa94bf87a0920cd2a"},{"index":45,"_id":"58e0257aa94bf87a0920cd2b"},{"index":46,"_id":"58e0257aa94bf87a0920cd2c"},{"index":47,"_id":"58e0257aa94bf87a0920cd2d"},{"index":48,"_id":"58e0257aa94bf87a0920cd2e"},{"index":49,"_id":"58e0257aa94bf87a0920cd2f"},{"index":50,"_id":"58e0257aa94bf87a0920cd30"},{"index":51,"_id":"58e0257aa94bf87a0920cd31"},{"index":52,"_id":"58e0257aa94bf87a0920cd32"},{"index":53,"_id":"58e0257aa94bf87a0920cd33"},{"index":54,"_id":"58e0257aa94bf87a0920cd34"},{"index":55,"_id":"58e0257aa94bf87a0920cd35"},{"index":56,"_id":"58e0257aa94bf87a0920cd36"},{"index":57,"_id":"58e0257aa94bf87a0920cd37"},{"index":58,"_id":"58e0257aa94bf87a0920cd38"},{"index":59,"_id":"58e0257aa94bf87a0920cd39"},{"index":60,"_id":"58e0257aa94bf87a0920cd3a"},{"index":61,"_id":"58e0257aa94bf87a0920cd3b"},{"index":62,"_id":"58e0257aa94bf87a0920cd3c"},{"index":63,"_id":"58e0257aa94bf87a0920cd3d"},{"index":64,"_id":"58e0257aa94bf87a0920cd3e"},{"index":65,"_id":"58e0257aa94bf87a0920cd3f"},{"index":66,"_id":"58e0257aa94bf87a0920cd40"},{"index":67,"_id":"58e0257aa94bf87a0920cd41"},{"index":68,"_id":"58e0257aa94bf87a0920cd42"},{"index":69,"_id":"58e0257aa94bf87a0920cd43"},{"index":70,"_id":"58e0257aa94bf87a0920cd44"},{"index":71,"_id":"58e0257aa94bf87a0920cd45"},{"index":72,"_id":"58e0257aa94bf87a0920cd46"},{"index":73,"_id":"58e0257aa94bf87a0920cd47"},{"index":74,"_id":"58e0257aa94bf87a0920cd48"},{"index":75,"_id":"58e0257aa94bf87a0920cd49"},{"index":76,"_id":"58e0257aa94bf87a0920cd4a"},{"index":77,"_id":"58e0257aa94bf87a0920cd4b"},{"index":78,"_id":"58e0257aa94bf87a0920cd4c"},{"index":79,"_id":"58e0257aa94bf87a0920cd4d"},{"index":80,"_id":"58e0257aa94bf87a0920cd4e"},{"index":81,"_id":"58e0257aa94bf87a0920cd4f"},{"index":82,"_id":"58e0257aa94bf87a0920cd50"},{"index":83,"_id":"58e0257aa94bf87a0920cd51"},{"index":84,"_id":"58e0257aa94bf87a0920cd52"},{"index":85,"_id":"58e0257aa94bf87a0920cd53"},{"index":86,"_id":"58e0257aa94bf87a0920cd54"},{"index":87,"_id":"58e0257aa94bf87a0920cd55"},{"index":88,"_id":"58e0257aa94bf87a0920cd56"},{"index":89,"_id":"58e0257aa94bf87a0920cd57"},{"index":90,"_id":"58e0257aa94bf87a0920cd58"},{"index":91,"_id":"58e0257aa94bf87a0920cd59"},{"index":92,"_id":"58e0257aa94bf87a0920cd5a"},{"index":93,"_id":"58e0257aa94bf87a0920cd5b"},{"index":94,"_id":"58e0257aa94bf87a0920cd5c"},{"index":95,"_id":"58e0257aa94bf87a0920cd5d"},{"index":96,"_id":"58e0257aa94bf87a0920cd5e"},{"index":97,"_id":"58e0257aa94bf87a0920cd5f"},{"index":98,"_id":"58e0257aa94bf87a0920cd60"},{"index":99,"_id":"58e0257aa94bf87a0920cd61"}]}
{"ok":1,"writeErrors":[],"writeConcernErrors":[],"insertedIds":[],"nInserted":0,"nUpserted":100,"nMatched":0,"nModified":0,"nRemoved":0,"upserted":[{"index":0,"_id":"58e025b7a94bf87a0920cd70"},{"index":1,"_id":"58e025b7a94bf87a0920cd71"},{"index":2,"_id":"58e025b7a94bf87a0920cd72"},{"index":3,"_id":"58e025b7a94bf87a0920cd73"},{"index":4,"_id":"58e025b7a94bf87a0920cd74"},{"index":5,"_id":"58e025b7a94bf87a0920cd75"},{"index":6,"_id":"58e025b7a94bf87a0920cd76"},{"index":7,"_id":"58e025b7a94bf87a0920cd77"},{"index":8,"_id":"58e025b7a94bf87a0920cd78"},{"index":9,"_id":"58e025b7a94bf87a0920cd79"},{"index":10,"_id":"58e025b7a94bf87a0920cd7a"},{"index":11,"_id":"58e025b7a94bf87a0920cd7b"},{"index":12,"_id":"58e025b7a94bf87a0920cd7c"},{"index":13,"_id":"58e025b7a94bf87a0920cd7d"},{"index":14,"_id":"58e025b7a94bf87a0920cd7e"},{"index":15,"_id":"58e025b7a94bf87a0920cd7f"},{"index":16,"_id":"58e025b7a94bf87a0920cd80"},{"index":17,"_id":"58e025b7a94bf87a0920cd81"},{"index":18,"_id":"58e025b7a94bf87a0920cd82"},{"index":19,"_id":"58e025b7a94bf87a0920cd83"},{"index":20,"_id":"58e025b7a94bf87a0920cd84"},{"index":21,"_id":"58e025b7a94bf87a0920cd85"},{"index":22,"_id":"58e025b7a94bf87a0920cd86"},{"index":23,"_id":"58e025b7a94bf87a0920cd87"},{"index":24,"_id":"58e025b7a94bf87a0920cd88"},{"index":25,"_id":"58e025b7a94bf87a0920cd89"},{"index":26,"_id":"58e025b7a94bf87a0920cd8a"},{"index":27,"_id":"58e025b7a94bf87a0920cd8b"},{"index":28,"_id":"58e025b7a94bf87a0920cd8c"},{"index":29,"_id":"58e025b7a94bf87a0920cd8d"},{"index":30,"_id":"58e025b7a94bf87a0920cd8e"},{"index":31,"_id":"58e025b7a94bf87a0920cd8f"},{"index":32,"_id":"58e025b7a94bf87a0920cd90"},{"index":33,"_id":"58e025b7a94bf87a0920cd91"},{"index":34,"_id":"58e025b7a94bf87a0920cd92"},{"index":35,"_id":"58e025b7a94bf87a0920cd93"},{"index":36,"_id":"58e025b7a94bf87a0920cd94"},{"index":37,"_id":"58e025b7a94bf87a0920cd95"},{"index":38,"_id":"58e025b7a94bf87a0920cd96"},{"index":39,"_id":"58e025b7a94bf87a0920cd97"},{"index":40,"_id":"58e025b7a94bf87a0920cd98"},{"index":41,"_id":"58e025b7a94bf87a0920cd99"},{"index":42,"_id":"58e025b7a94bf87a0920cd9a"},{"index":43,"_id":"58e025b7a94bf87a0920cd9b"},{"index":44,"_id":"58e025b7a94bf87a0920cd9c"},{"index":45,"_id":"58e025b7a94bf87a0920cd9d"},{"index":46,"_id":"58e025b7a94bf87a0920cd9e"},{"index":47,"_id":"58e025b7a94bf87a0920cd9f"},{"index":48,"_id":"58e025b7a94bf87a0920cda0"},{"index":49,"_id":"58e025b7a94bf87a0920cda1"},{"index":50,"_id":"58e025b7a94bf87a0920cda2"},{"index":51,"_id":"58e025b7a94bf87a0920cda3"},{"index":52,"_id":"58e025b7a94bf87a0920cda4"},{"index":53,"_id":"58e025b7a94bf87a0920cda5"},{"index":54,"_id":"58e025b7a94bf87a0920cda6"},{"index":55,"_id":"58e025b7a94bf87a0920cda7"},{"index":56,"_id":"58e025b7a94bf87a0920cda8"},{"index":57,"_id":"58e025b7a94bf87a0920cda9"},{"index":58,"_id":"58e025b7a94bf87a0920cdaa"},{"index":59,"_id":"58e025b7a94bf87a0920cdab"},{"index":60,"_id":"58e025b7a94bf87a0920cdac"},{"index":61,"_id":"58e025b7a94bf87a0920cdad"},{"index":62,"_id":"58e025b7a94bf87a0920cdae"},{"index":63,"_id":"58e025b7a94bf87a0920cdaf"},{"index":64,"_id":"58e025b7a94bf87a0920cdb0"},{"index":65,"_id":"58e025b7a94bf87a0920cdb1"},{"index":66,"_id":"58e025b7a94bf87a0920cdb2"},{"index":67,"_id":"58e025b7a94bf87a0920cdb3"},{"index":68,"_id":"58e025b7a94bf87a0920cdb4"},{"index":69,"_id":"58e025b7a94bf87a0920cdb5"},{"index":70,"_id":"58e025b7a94bf87a0920cdb6"},{"index":71,"_id":"58e025b7a94bf87a0920cdb7"},{"index":72,"_id":"58e025b7a94bf87a0920cdb8"},{"index":73,"_id":"58e025b7a94bf87a0920cdb9"},{"index":74,"_id":"58e025b7a94bf87a0920cdba"},{"index":75,"_id":"58e025b7a94bf87a0920cdbb"},{"index":76,"_id":"58e025b7a94bf87a0920cdbc"},{"index":77,"_id":"58e025b7a94bf87a0920cdbd"},{"index":78,"_id":"58e025b7a94bf87a0920cdbe"},{"index":79,"_id":"58e025b7a94bf87a0920cdbf"},{"index":80,"_id":"58e025b7a94bf87a0920cdc0"},{"index":81,"_id":"58e025b7a94bf87a0920cdc1"},{"index":82,"_id":"58e025b7a94bf87a0920cdc2"},{"index":83,"_id":"58e025b7a94bf87a0920cdc3"},{"index":84,"_id":"58e025b7a94bf87a0920cdc4"},{"index":85,"_id":"58e025b7a94bf87a0920cdc5"},{"index":86,"_id":"58e025b7a94bf87a0920cdc6"},{"index":87,"_id":"58e025b7a94bf87a0920cdc7"},{"index":88,"_id":"58e025b7a94bf87a0920cdc8"},{"index":89,"_id":"58e025b7a94bf87a0920cdc9"},{"index":90,"_id":"58e025b7a94bf87a0920cdca"},{"index":91,"_id":"58e025b7a94bf87a0920cdcb"},{"index":92,"_id":"58e025b7a94bf87a0920cdcc"},{"index":93,"_id":"58e025b7a94bf87a0920cdcd"},{"index":94,"_id":"58e025b7a94bf87a0920cdce"},{"index":95,"_id":"58e025b7a94bf87a0920cdcf"},{"index":96,"_id":"58e025b7a94bf87a0920cdd0"},{"index":97,"_id":"58e025b7a94bf87a0920cdd1"},{"index":98,"_id":"58e025b7a94bf87a0920cdd2"},{"index":99,"_id":"58e025b7a94bf87a0920cdd3"}]}
{"ok":1,"writeErrors":[],"writeConcernErrors":[],"insertedIds":[],"nInserted":0,"nUpserted":100,"nMatched":0,"nModified":0,"nRemoved":0,"upserted":[{"index":0,"_id":"58e025f4a94bf87a0920cde1"},{"index":1,"_id":"58e025f4a94bf87a0920cde2"},{"index":2,"_id":"58e025f4a94bf87a0920cde3"},{"index":3,"_id":"58e025f4a94bf87a0920cde4"},{"index":4,"_id":"58e025f4a94bf87a0920cde5"},{"index":5,"_id":"58e025f4a94bf87a0920cde6"},{"index":6,"_id":"58e025f4a94bf87a0920cde7"},{"index":7,"_id":"58e025f4a94bf87a0920cde8"},{"index":8,"_id":"58e025f4a94bf87a0920cde9"},{"index":9,"_id":"58e025f4a94bf87a0920cdea"},{"index":10,"_id":"58e025f4a94bf87a0920cdeb"},{"index":11,"_id":"58e025f4a94bf87a0920cdec"},{"index":12,"_id":"58e025f4a94bf87a0920cded"},{"index":13,"_id":"58e025f4a94bf87a0920cdee"},{"index":14,"_id":"58e025f4a94bf87a0920cdef"},{"index":15,"_id":"58e025f4a94bf87a0920cdf0"},{"index":16,"_id":"58e025f4a94bf87a0920cdf1"},{"index":17,"_id":"58e025f4a94bf87a0920cdf2"},{"index":18,"_id":"58e025f4a94bf87a0920cdf3"},{"index":19,"_id":"58e025f4a94bf87a0920cdf4"},{"index":20,"_id":"58e025f4a94bf87a0920cdf5"},{"index":21,"_id":"58e025f4a94bf87a0920cdf6"},{"index":22,"_id":"58e025f4a94bf87a0920cdf7"},{"index":23,"_id":"58e025f4a94bf87a0920cdf8"},{"index":24,"_id":"58e025f4a94bf87a0920cdf9"},{"index":25,"_id":"58e025f4a94bf87a0920cdfa"},{"index":26,"_id":"58e025f4a94bf87a0920cdfb"},{"index":27,"_id":"58e025f4a94bf87a0920cdfc"},{"index":28,"_id":"58e025f4a94bf87a0920cdfd"},{"index":29,"_id":"58e025f4a94bf87a0920cdfe"},{"index":30,"_id":"58e025f4a94bf87a0920cdff"},{"index":31,"_id":"58e025f4a94bf87a0920ce00"},{"index":32,"_id":"58e025f4a94bf87a0920ce01"},{"index":33,"_id":"58e025f4a94bf87a0920ce02"},{"index":34,"_id":"58e025f4a94bf87a0920ce03"},{"index":35,"_id":"58e025f4a94bf87a0920ce04"},{"index":36,"_id":"58e025f4a94bf87a0920ce05"},{"index":37,"_id":"58e025f4a94bf87a0920ce06"},{"index":38,"_id":"58e025f4a94bf87a0920ce07"},{"index":39,"_id":"58e025f4a94bf87a0920ce08"},{"index":40,"_id":"58e025f4a94bf87a0920ce09"},{"index":41,"_id":"58e025f4a94bf87a0920ce0a"},{"index":42,"_id":"58e025f4a94bf87a0920ce0b"},{"index":43,"_id":"58e025f4a94bf87a0920ce0c"},{"index":44,"_id":"58e025f4a94bf87a0920ce0d"},{"index":45,"_id":"58e025f4a94bf87a0920ce0e"},{"index":46,"_id":"58e025f4a94bf87a0920ce0f"},{"index":47,"_id":"58e025f4a94bf87a0920ce10"},{"index":48,"_id":"58e025f4a94bf87a0920ce11"},{"index":49,"_id":"58e025f4a94bf87a0920ce12"},{"index":50,"_id":"58e025f4a94bf87a0920ce13"},{"index":51,"_id":"58e025f4a94bf87a0920ce14"},{"index":52,"_id":"58e025f4a94bf87a0920ce15"},{"index":53,"_id":"58e025f4a94bf87a0920ce16"},{"index":54,"_id":"58e025f4a94bf87a0920ce17"},{"index":55,"_id":"58e025f4a94bf87a0920ce18"},{"index":56,"_id":"58e025f4a94bf87a0920ce19"},{"index":57,"_id":"58e025f4a94bf87a0920ce1a"},{"index":58,"_id":"58e025f4a94bf87a0920ce1b"},{"index":59,"_id":"58e025f4a94bf87a0920ce1c"},{"index":60,"_id":"58e025f4a94bf87a0920ce1d"},{"index":61,"_id":"58e025f4a94bf87a0920ce1e"},{"index":62,"_id":"58e025f4a94bf87a0920ce1f"},{"index":63,"_id":"58e025f4a94bf87a0920ce20"},{"index":64,"_id":"58e025f4a94bf87a0920ce21"},{"index":65,"_id":"58e025f4a94bf87a0920ce22"},{"index":66,"_id":"58e025f4a94bf87a0920ce23"},{"index":67,"_id":"58e025f4a94bf87a0920ce24"},{"index":68,"_id":"58e025f4a94bf87a0920ce25"},{"index":69,"_id":"58e025f4a94bf87a0920ce26"},{"index":70,"_id":"58e025f4a94bf87a0920ce27"},{"index":71,"_id":"58e025f4a94bf87a0920ce28"},{"index":72,"_id":"58e025f4a94bf87a0920ce29"},{"index":73,"_id":"58e025f4a94bf87a0920ce2a"},{"index":74,"_id":"58e025f4a94bf87a0920ce2b"},{"index":75,"_id":"58e025f4a94bf87a0920ce2c"},{"index":76,"_id":"58e025f4a94bf87a0920ce2d"},{"index":77,"_id":"58e025f4a94bf87a0920ce2e"},{"index":78,"_id":"58e025f4a94bf87a0920ce2f"},{"index":79,"_id":"58e025f4a94bf87a0920ce30"},{"index":80,"_id":"58e025f4a94bf87a0920ce31"},{"index":81,"_id":"58e025f4a94bf87a0920ce32"},{"index":82,"_id":"58e025f4a94bf87a0920ce33"},{"index":83,"_id":"58e025f4a94bf87a0920ce34"},{"index":84,"_id":"58e025f4a94bf87a0920ce35"},{"index":85,"_id":"58e025f4a94bf87a0920ce36"},{"index":86,"_id":"58e025f4a94bf87a0920ce37"},{"index":87,"_id":"58e025f4a94bf87a0920ce38"},{"index":88,"_id":"58e025f4a94bf87a0920ce39"},{"index":89,"_id":"58e025f4a94bf87a0920ce3a"},{"index":90,"_id":"58e025f4a94bf87a0920ce3b"},{"index":91,"_id":"58e025f4a94bf87a0920ce3c"},{"index":92,"_id":"58e025f4a94bf87a0920ce3d"},{"index":93,"_id":"58e025f4a94bf87a0920ce3e"},{"index":94,"_id":"58e025f4a94bf87a0920ce3f"},{"index":95,"_id":"58e025f4a94bf87a0920ce40"},{"index":96,"_id":"58e025f4a94bf87a0920ce41"},{"index":97,"_id":"58e025f4a94bf87a0920ce42"},{"index":98,"_id":"58e025f4a94bf87a0920ce43"},{"index":99,"_id":"58e025f4a94bf87a0920ce44"}]}
{"ok":1,"writeErrors":[],"writeConcernErrors":[],"insertedIds":[],"nInserted":0,"nUpserted":100,"nMatched":0,"nModified":0,"nRemoved":0,"upserted":[{"index":0,"_id":"58e02630a94bf87a0920ce52"},{"index":1,"_id":"58e02630a94bf87a0920ce53"},{"index":2,"_id":"58e02630a94bf87a0920ce54"},{"index":3,"_id":"58e02630a94bf87a0920ce55"},{"index":4,"_id":"58e02630a94bf87a0920ce56"},{"index":5,"_id":"58e02630a94bf87a0920ce57"},{"index":6,"_id":"58e02630a94bf87a0920ce58"},{"index":7,"_id":"58e02630a94bf87a0920ce59"},{"index":8,"_id":"58e02630a94bf87a0920ce5a"},{"index":9,"_id":"58e02630a94bf87a0920ce5b"},{"index":10,"_id":"58e02630a94bf87a0920ce5c"},{"index":11,"_id":"58e02633a94bf87a0920ce5d"},{"index":12,"_id":"58e02633a94bf87a0920ce5e"},{"index":13,"_id":"58e02633a94bf87a0920ce5f"},{"index":14,"_id":"58e02633a94bf87a0920ce60"},{"index":15,"_id":"58e02633a94bf87a0920ce61"},{"index":16,"_id":"58e02633a94bf87a0920ce62"},{"index":17,"_id":"58e02633a94bf87a0920ce63"},{"index":18,"_id":"58e02633a94bf87a0920ce64"},{"index":19,"_id":"58e02633a94bf87a0920ce65"},{"index":20,"_id":"58e02633a94bf87a0920ce66"},{"index":21,"_id":"58e02633a94bf87a0920ce67"},{"index":22,"_id":"58e02633a94bf87a0920ce68"},{"index":23,"_id":"58e02633a94bf87a0920ce69"},{"index":24,"_id":"58e02633a94bf87a0920ce6a"},{"index":25,"_id":"58e02633a94bf87a0920ce6b"},{"index":26,"_id":"58e02633a94bf87a0920ce6c"},{"index":27,"_id":"58e02633a94bf87a0920ce6d"},{"index":28,"_id":"58e02633a94bf87a0920ce6e"},{"index":29,"_id":"58e02633a94bf87a0920ce6f"},{"index":30,"_id":"58e02633a94bf87a0920ce70"},{"index":31,"_id":"58e02633a94bf87a0920ce71"},{"index":32,"_id":"58e02633a94bf87a0920ce72"},{"index":33,"_id":"58e02633a94bf87a0920ce73"},{"index":34,"_id":"58e02633a94bf87a0920ce74"},{"index":35,"_id":"58e02633a94bf87a0920ce75"},{"index":36,"_id":"58e02633a94bf87a0920ce76"},{"index":37,"_id":"58e02633a94bf87a0920ce77"},{"index":38,"_id":"58e02633a94bf87a0920ce78"},{"index":39,"_id":"58e02633a94bf87a0920ce79"},{"index":40,"_id":"58e02633a94bf87a0920ce7a"},{"index":41,"_id":"58e02633a94bf87a0920ce7b"},{"index":42,"_id":"58e02633a94bf87a0920ce7c"},{"index":43,"_id":"58e02633a94bf87a0920ce7d"},{"index":44,"_id":"58e02633a94bf87a0920ce7e"},{"index":45,"_id":"58e02633a94bf87a0920ce7f"},{"index":46,"_id":"58e02633a94bf87a0920ce80"},{"index":47,"_id":"58e02633a94bf87a0920ce81"},{"index":48,"_id":"58e02633a94bf87a0920ce82"},{"index":49,"_id":"58e02633a94bf87a0920ce83"},{"index":50,"_id":"58e02633a94bf87a0920ce84"},{"index":51,"_id":"58e02633a94bf87a0920ce85"},{"index":52,"_id":"58e02633a94bf87a0920ce86"},{"index":53,"_id":"58e02633a94bf87a0920ce87"},{"index":54,"_id":"58e02633a94bf87a0920ce88"},{"index":55,"_id":"58e02633a94bf87a0920ce89"},{"index":56,"_id":"58e02633a94bf87a0920ce8a"},{"index":57,"_id":"58e02633a94bf87a0920ce8b"},{"index":58,"_id":"58e02633a94bf87a0920ce8c"},{"index":59,"_id":"58e02633a94bf87a0920ce8d"},{"index":60,"_id":"58e02633a94bf87a0920ce8e"},{"index":61,"_id":"58e02633a94bf87a0920ce8f"},{"index":62,"_id":"58e02633a94bf87a0920ce90"},{"index":63,"_id":"58e02633a94bf87a0920ce91"},{"index":64,"_id":"58e02633a94bf87a0920ce92"},{"index":65,"_id":"58e02633a94bf87a0920ce93"},{"index":66,"_id":"58e02633a94bf87a0920ce94"},{"index":67,"_id":"58e02633a94bf87a0920ce95"},{"index":68,"_id":"58e02633a94bf87a0920ce96"},{"index":69,"_id":"58e02633a94bf87a0920ce97"},{"index":70,"_id":"58e02633a94bf87a0920ce98"},{"index":71,"_id":"58e02633a94bf87a0920ce99"},{"index":72,"_id":"58e02633a94bf87a0920ce9a"},{"index":73,"_id":"58e02633a94bf87a0920ce9b"},{"index":74,"_id":"58e02633a94bf87a0920ce9c"},{"index":75,"_id":"58e02633a94bf87a0920ce9d"},{"index":76,"_id":"58e02633a94bf87a0920ce9e"},{"index":77,"_id":"58e02633a94bf87a0920ce9f"},{"index":78,"_id":"58e02633a94bf87a0920cea0"},{"index":79,"_id":"58e02633a94bf87a0920cea1"},{"index":80,"_id":"58e02633a94bf87a0920cea2"},{"index":81,"_id":"58e02633a94bf87a0920cea3"},{"index":82,"_id":"58e02633a94bf87a0920cea4"},{"index":83,"_id":"58e02633a94bf87a0920cea5"},{"index":84,"_id":"58e02633a94bf87a0920cea6"},{"index":85,"_id":"58e02633a94bf87a0920cea7"},{"index":86,"_id":"58e02633a94bf87a0920cea8"},{"index":87,"_id":"58e02633a94bf87a0920cea9"},{"index":88,"_id":"58e02633a94bf87a0920ceaa"},{"index":89,"_id":"58e02633a94bf87a0920ceab"},{"index":90,"_id":"58e02633a94bf87a0920ceac"},{"index":91,"_id":"58e02633a94bf87a0920cead"},{"index":92,"_id":"58e02633a94bf87a0920ceae"},{"index":93,"_id":"58e02633a94bf87a0920ceaf"},{"index":94,"_id":"58e02633a94bf87a0920ceb0"},{"index":95,"_id":"58e02633a94bf87a0920ceb1"},{"index":96,"_id":"58e02633a94bf87a0920ceb2"},{"index":97,"_id":"58e02633a94bf87a0920ceb3"},{"index":98,"_id":"58e02633a94bf87a0920ceb4"},{"index":99,"_id":"58e02633a94bf87a0920ceb5"}]}
{"ok":1,"writeErrors":[],"writeConcernErrors":[],"insertedIds":[],"nInserted":0,"nUpserted":100,"nMatched":0,"nModified":0,"nRemoved":0,"upserted":[{"index":0,"_id":"58e0266da94bf87a0920cec3"},{"index":1,"_id":"58e0266da94bf87a0920cec4"},{"index":2,"_id":"58e0266da94bf87a0920cec5"},{"index":3,"_id":"58e0266da94bf87a0920cec6"},{"index":4,"_id":"58e0266da94bf87a0920cec7"},{"index":5,"_id":"58e0266da94bf87a0920cec8"},{"index":6,"_id":"58e0266da94bf87a0920cec9"},{"index":7,"_id":"58e0266da94bf87a0920ceca"},{"index":8,"_id":"58e0266da94bf87a0920cecb"},{"index":9,"_id":"58e0266da94bf87a0920cecc"},{"index":10,"_id":"58e0266da94bf87a0920cecd"},{"index":11,"_id":"58e0266da94bf87a0920cece"},{"index":12,"_id":"58e0266da94bf87a0920cecf"},{"index":13,"_id":"58e0266da94bf87a0920ced0"},{"index":14,"_id":"58e0266da94bf87a0920ced1"},{"index":15,"_id":"58e0266da94bf87a0920ced2"},{"index":16,"_id":"58e0266da94bf87a0920ced3"},{"index":17,"_id":"58e0266da94bf87a0920ced4"},{"index":18,"_id":"58e0266da94bf87a0920ced5"},{"index":19,"_id":"58e0266da94bf87a0920ced6"},{"index":20,"_id":"58e0266da94bf87a0920ced7"},{"index":21,"_id":"58e0266da94bf87a0920ced8"},{"index":22,"_id":"58e0266da94bf87a0920ced9"},{"index":23,"_id":"58e0266da94bf87a0920ceda"},{"index":24,"_id":"58e0266da94bf87a0920cedb"},{"index":25,"_id":"58e0266da94bf87a0920cedc"},{"index":26,"_id":"58e0266da94bf87a0920cedd"},{"index":27,"_id":"58e0266da94bf87a0920cede"},{"index":28,"_id":"58e0266da94bf87a0920cedf"},{"index":29,"_id":"58e0266da94bf87a0920cee0"},{"index":30,"_id":"58e0266da94bf87a0920cee1"},{"index":31,"_id":"58e0266da94bf87a0920cee2"},{"index":32,"_id":"58e0266da94bf87a0920cee3"},{"index":33,"_id":"58e0266da94bf87a0920cee4"},{"index":34,"_id":"58e0266da94bf87a0920cee5"},{"index":35,"_id":"58e0266da94bf87a0920cee6"},{"index":36,"_id":"58e0266da94bf87a0920cee7"},{"index":37,"_id":"58e0266da94bf87a0920cee8"},{"index":38,"_id":"58e0266da94bf87a0920cee9"},{"index":39,"_id":"58e0266da94bf87a0920ceea"},{"index":40,"_id":"58e0266da94bf87a0920ceeb"},{"index":41,"_id":"58e0266da94bf87a0920ceec"},{"index":42,"_id":"58e0266da94bf87a0920ceed"},{"index":43,"_id":"58e0266da94bf87a0920ceee"},{"index":44,"_id":"58e0266da94bf87a0920ceef"},{"index":45,"_id":"58e0266da94bf87a0920cef0"},{"index":46,"_id":"58e0266da94bf87a0920cef1"},{"index":47,"_id":"58e0266da94bf87a0920cef2"},{"index":48,"_id":"58e0266da94bf87a0920cef3"},{"index":49,"_id":"58e0266da94bf87a0920cef4"},{"index":50,"_id":"58e0266da94bf87a0920cef5"},{"index":51,"_id":"58e0266da94bf87a0920cef6"},{"index":52,"_id":"58e0266da94bf87a0920cef7"},{"index":53,"_id":"58e0266da94bf87a0920cef8"},{"index":54,"_id":"58e0266da94bf87a0920cef9"},{"index":55,"_id":"58e0266da94bf87a0920cefa"},{"index":56,"_id":"58e0266da94bf87a0920cefb"},{"index":57,"_id":"58e0266da94bf87a0920cefc"},{"index":58,"_id":"58e0266da94bf87a0920cefd"},{"index":59,"_id":"58e0266da94bf87a0920cefe"},{"index":60,"_id":"58e0266da94bf87a0920ceff"},{"index":61,"_id":"58e0266da94bf87a0920cf00"},{"index":62,"_id":"58e0266da94bf87a0920cf01"},{"index":63,"_id":"58e0266da94bf87a0920cf02"},{"index":64,"_id":"58e0266da94bf87a0920cf03"},{"index":65,"_id":"58e0266da94bf87a0920cf04"},{"index":66,"_id":"58e0266da94bf87a0920cf05"},{"index":67,"_id":"58e0266da94bf87a0920cf06"},{"index":68,"_id":"58e0266da94bf87a0920cf07"},{"index":69,"_id":"58e0266da94bf87a0920cf08"},{"index":70,"_id":"58e0266da94bf87a0920cf09"},{"index":71,"_id":"58e0266da94bf87a0920cf0a"},{"index":72,"_id":"58e0266da94bf87a0920cf0b"},{"index":73,"_id":"58e0266da94bf87a0920cf0c"},{"index":74,"_id":"58e0266da94bf87a0920cf0d"},{"index":75,"_id":"58e0266da94bf87a0920cf0e"},{"index":76,"_id":"58e0266da94bf87a0920cf0f"},{"index":77,"_id":"58e0266da94bf87a0920cf10"},{"index":78,"_id":"58e0266da94bf87a0920cf11"},{"index":79,"_id":"58e0266da94bf87a0920cf12"},{"index":80,"_id":"58e0266da94bf87a0920cf13"},{"index":81,"_id":"58e0266da94bf87a0920cf14"},{"index":82,"_id":"58e0266da94bf87a0920cf15"},{"index":83,"_id":"58e0266da94bf87a0920cf16"},{"index":84,"_id":"58e0266da94bf87a0920cf17"},{"index":85,"_id":"58e0266da94bf87a0920cf18"},{"index":86,"_id":"58e0266da94bf87a0920cf19"},{"index":87,"_id":"58e0266da94bf87a0920cf1a"},{"index":88,"_id":"58e0266da94bf87a0920cf1b"},{"index":89,"_id":"58e0266da94bf87a0920cf1c"},{"index":90,"_id":"58e0266da94bf87a0920cf1d"},{"index":91,"_id":"58e0266da94bf87a0920cf1e"},{"index":92,"_id":"58e0266da94bf87a0920cf1f"},{"index":93,"_id":"58e0266da94bf87a0920cf20"},{"index":94,"_id":"58e0266da94bf87a0920cf21"},{"index":95,"_id":"58e0266da94bf87a0920cf22"},{"index":96,"_id":"58e0266da94bf87a0920cf23"},{"index":97,"_id":"58e0266da94bf87a0920cf24"},{"index":98,"_id":"58e0266da94bf87a0920cf25"},{"index":99,"_id":"58e0266da94bf87a0920cf26"}]}
{"ok":1,"writeErrors":[],"writeConcernErrors":[],"insertedIds":[],"nInserted":0,"nUpserted":100,"nMatched":0,"nModified":0,"nRemoved":0,"upserted":[{"index":0,"_id":"58e026aca94bf87a0920cf34"},{"index":1,"_id":"58e026aca94bf87a0920cf35"},{"index":2,"_id":"58e026aca94bf87a0920cf36"},{"index":3,"_id":"58e026aca94bf87a0920cf37"},{"index":4,"_id":"58e026aca94bf87a0920cf38"},{"index":5,"_id":"58e026aca94bf87a0920cf39"},{"index":6,"_id":"58e026aca94bf87a0920cf3a"},{"index":7,"_id":"58e026aca94bf87a0920cf3b"},{"index":8,"_id":"58e026aca94bf87a0920cf3c"},{"index":9,"_id":"58e026aca94bf87a0920cf3d"},{"index":10,"_id":"58e026aca94bf87a0920cf3e"},{"index":11,"_id":"58e026aca94bf87a0920cf3f"},{"index":12,"_id":"58e026aca94bf87a0920cf40"},{"index":13,"_id":"58e026aca94bf87a0920cf41"},{"index":14,"_id":"58e026aca94bf87a0920cf42"},{"index":15,"_id":"58e026aca94bf87a0920cf43"},{"index":16,"_id":"58e026aca94bf87a0920cf44"},{"index":17,"_id":"58e026aca94bf87a0920cf45"},{"index":18,"_id":"58e026aca94bf87a0920cf46"},{"index":19,"_id":"58e026aca94bf87a0920cf47"},{"index":20,"_id":"58e026aca94bf87a0920cf48"},{"index":21,"_id":"58e026aca94bf87a0920cf49"},{"index":22,"_id":"58e026aca94bf87a0920cf4a"},{"index":23,"_id":"58e026aca94bf87a0920cf4b"},{"index":24,"_id":"58e026aca94bf87a0920cf4c"},{"index":25,"_id":"58e026aca94bf87a0920cf4d"},{"index":26,"_id":"58e026aca94bf87a0920cf4e"},{"index":27,"_id":"58e026aca94bf87a0920cf4f"},{"index":28,"_id":"58e026aca94bf87a0920cf50"},{"index":29,"_id":"58e026aca94bf87a0920cf51"},{"index":30,"_id":"58e026aca94bf87a0920cf52"},{"index":31,"_id":"58e026aca94bf87a0920cf53"},{"index":32,"_id":"58e026aca94bf87a0920cf54"},{"index":33,"_id":"58e026aca94bf87a0920cf55"},{"index":34,"_id":"58e026aca94bf87a0920cf56"},{"index":35,"_id":"58e026aca94bf87a0920cf57"},{"index":36,"_id":"58e026aca94bf87a0920cf58"},{"index":37,"_id":"58e026aca94bf87a0920cf59"},{"index":38,"_id":"58e026aca94bf87a0920cf5a"},{"index":39,"_id":"58e026aca94bf87a0920cf5b"},{"index":40,"_id":"58e026aca94bf87a0920cf5c"},{"index":41,"_id":"58e026aca94bf87a0920cf5d"},{"index":42,"_id":"58e026aca94bf87a0920cf5e"},{"index":43,"_id":"58e026aca94bf87a0920cf5f"},{"index":44,"_id":"58e026aca94bf87a0920cf60"},{"index":45,"_id":"58e026aca94bf87a0920cf61"},{"index":46,"_id":"58e026aca94bf87a0920cf62"},{"index":47,"_id":"58e026aca94bf87a0920cf63"},{"index":48,"_id":"58e026aca94bf87a0920cf64"},{"index":49,"_id":"58e026aca94bf87a0920cf65"},{"index":50,"_id":"58e026aca94bf87a0920cf66"},{"index":51,"_id":"58e026aca94bf87a0920cf67"},{"index":52,"_id":"58e026aca94bf87a0920cf68"},{"index":53,"_id":"58e026aca94bf87a0920cf69"},{"index":54,"_id":"58e026aca94bf87a0920cf6a"},{"index":55,"_id":"58e026aca94bf87a0920cf6b"},{"index":56,"_id":"58e026aca94bf87a0920cf6c"},{"index":57,"_id":"58e026aca94bf87a0920cf6d"},{"index":58,"_id":"58e026aca94bf87a0920cf6e"},{"index":59,"_id":"58e026aca94bf87a0920cf6f"},{"index":60,"_id":"58e026aca94bf87a0920cf70"},{"index":61,"_id":"58e026aca94bf87a0920cf71"},{"index":62,"_id":"58e026aca94bf87a0920cf72"},{"index":63,"_id":"58e026aca94bf87a0920cf73"},{"index":64,"_id":"58e026aca94bf87a0920cf74"},{"index":65,"_id":"58e026aca94bf87a0920cf75"},{"index":66,"_id":"58e026aca94bf87a0920cf76"},{"index":67,"_id":"58e026aca94bf87a0920cf77"},{"index":68,"_id":"58e026aca94bf87a0920cf78"},{"index":69,"_id":"58e026aca94bf87a0920cf79"},{"index":70,"_id":"58e026aca94bf87a0920cf7a"},{"index":71,"_id":"58e026aca94bf87a0920cf7b"},{"index":72,"_id":"58e026aca94bf87a0920cf7c"},{"index":73,"_id":"58e026aca94bf87a0920cf7d"},{"index":74,"_id":"58e026aca94bf87a0920cf7e"},{"index":75,"_id":"58e026aca94bf87a0920cf7f"},{"index":76,"_id":"58e026aca94bf87a0920cf80"},{"index":77,"_id":"58e026aca94bf87a0920cf81"},{"index":78,"_id":"58e026aca94bf87a0920cf82"},{"index":79,"_id":"58e026aca94bf87a0920cf83"},{"index":80,"_id":"58e026aca94bf87a0920cf84"},{"index":81,"_id":"58e026aca94bf87a0920cf85"},{"index":82,"_id":"58e026aca94bf87a0920cf86"},{"index":83,"_id":"58e026aca94bf87a0920cf87"},{"index":84,"_id":"58e026aca94bf87a0920cf88"},{"index":85,"_id":"58e026aca94bf87a0920cf89"},{"index":86,"_id":"58e026aca94bf87a0920cf8a"},{"index":87,"_id":"58e026aca94bf87a0920cf8b"},{"index":88,"_id":"58e026aca94bf87a0920cf8c"},{"index":89,"_id":"58e026aca94bf87a0920cf8d"},{"index":90,"_id":"58e026aca94bf87a0920cf8e"},{"index":91,"_id":"58e026aca94bf87a0920cf8f"},{"index":92,"_id":"58e026aca94bf87a0920cf90"},{"index":93,"_id":"58e026aca94bf87a0920cf91"},{"index":94,"_id":"58e026aca94bf87a0920cf92"},{"index":95,"_id":"58e026aca94bf87a0920cf93"},{"index":96,"_id":"58e026aca94bf87a0920cf94"},{"index":97,"_id":"58e026aca94bf87a0920cf95"},{"index":98,"_id":"58e026aca94bf87a0920cf96"},{"index":99,"_id":"58e026aca94bf87a0920cf97"}]}
{"ok":1,"writeErrors":[],"writeConcernErrors":[],"insertedIds":[],"nInserted":0,"nUpserted":100,"nMatched":0,"nModified":0,"nRemoved":0,"upserted":[{"index":0,"_id":"58e026e7a94bf87a0920cfa5"},{"index":1,"_id":"58e026e7a94bf87a0920cfa6"},{"index":2,"_id":"58e026e7a94bf87a0920cfa7"},{"index":3,"_id":"58e026e7a94bf87a0920cfa8"},{"index":4,"_id":"58e026e7a94bf87a0920cfa9"},{"index":5,"_id":"58e026e7a94bf87a0920cfaa"},{"index":6,"_id":"58e026e7a94bf87a0920cfab"},{"index":7,"_id":"58e026e7a94bf87a0920cfac"},{"index":8,"_id":"58e026e7a94bf87a0920cfad"},{"index":9,"_id":"58e026e7a94bf87a0920cfae"},{"index":10,"_id":"58e026e7a94bf87a0920cfaf"},{"index":11,"_id":"58e026e7a94bf87a0920cfb0"},{"index":12,"_id":"58e026e7a94bf87a0920cfb1"},{"index":13,"_id":"58e026e7a94bf87a0920cfb2"},{"index":14,"_id":"58e026e7a94bf87a0920cfb3"},{"index":15,"_id":"58e026e7a94bf87a0920cfb4"},{"index":16,"_id":"58e026e7a94bf87a0920cfb5"},{"index":17,"_id":"58e026e7a94bf87a0920cfb6"},{"index":18,"_id":"58e026e7a94bf87a0920cfb7"},{"index":19,"_id":"58e026e7a94bf87a0920cfb8"},{"index":20,"_id":"58e026e7a94bf87a0920cfb9"},{"index":21,"_id":"58e026e7a94bf87a0920cfba"},{"index":22,"_id":"58e026e7a94bf87a0920cfbb"},{"index":23,"_id":"58e026e7a94bf87a0920cfbc"},{"index":24,"_id":"58e026e7a94bf87a0920cfbd"},{"index":25,"_id":"58e026e7a94bf87a0920cfbe"},{"index":26,"_id":"58e026e7a94bf87a0920cfbf"},{"index":27,"_id":"58e026e7a94bf87a0920cfc0"},{"index":28,"_id":"58e026e7a94bf87a0920cfc1"},{"index":29,"_id":"58e026e7a94bf87a0920cfc2"},{"index":30,"_id":"58e026e7a94bf87a0920cfc3"},{"index":31,"_id":"58e026e7a94bf87a0920cfc4"},{"index":32,"_id":"58e026e7a94bf87a0920cfc5"},{"index":33,"_id":"58e026e7a94bf87a0920cfc6"},{"index":34,"_id":"58e026e7a94bf87a0920cfc7"},{"index":35,"_id":"58e026e7a94bf87a0920cfc8"},{"index":36,"_id":"58e026e7a94bf87a0920cfc9"},{"index":37,"_id":"58e026e7a94bf87a0920cfca"},{"index":38,"_id":"58e026e7a94bf87a0920cfcb"},{"index":39,"_id":"58e026e7a94bf87a0920cfcc"},{"index":40,"_id":"58e026e7a94bf87a0920cfcd"},{"index":41,"_id":"58e026e7a94bf87a0920cfce"},{"index":42,"_id":"58e026e7a94bf87a0920cfcf"},{"index":43,"_id":"58e026e7a94bf87a0920cfd0"},{"index":44,"_id":"58e026e7a94bf87a0920cfd1"},{"index":45,"_id":"58e026e7a94bf87a0920cfd2"},{"index":46,"_id":"58e026e7a94bf87a0920cfd3"},{"index":47,"_id":"58e026e7a94bf87a0920cfd4"},{"index":48,"_id":"58e026e7a94bf87a0920cfd5"},{"index":49,"_id":"58e026e7a94bf87a0920cfd6"},{"index":50,"_id":"58e026e7a94bf87a0920cfd7"},{"index":51,"_id":"58e026e7a94bf87a0920cfd8"},{"index":52,"_id":"58e026e7a94bf87a0920cfd9"},{"index":53,"_id":"58e026e7a94bf87a0920cfda"},{"index":54,"_id":"58e026e7a94bf87a0920cfdb"},{"index":55,"_id":"58e026e7a94bf87a0920cfdc"},{"index":56,"_id":"58e026e7a94bf87a0920cfdd"},{"index":57,"_id":"58e026e7a94bf87a0920cfde"},{"index":58,"_id":"58e026e7a94bf87a0920cfdf"},{"index":59,"_id":"58e026e7a94bf87a0920cfe0"},{"index":60,"_id":"58e026e7a94bf87a0920cfe1"},{"index":61,"_id":"58e026e7a94bf87a0920cfe2"},{"index":62,"_id":"58e026e7a94bf87a0920cfe3"},{"index":63,"_id":"58e026e7a94bf87a0920cfe4"},{"index":64,"_id":"58e026e7a94bf87a0920cfe5"},{"index":65,"_id":"58e026e7a94bf87a0920cfe6"},{"index":66,"_id":"58e026e7a94bf87a0920cfe7"},{"index":67,"_id":"58e026e7a94bf87a0920cfe8"},{"index":68,"_id":"58e026e7a94bf87a0920cfe9"},{"index":69,"_id":"58e026e7a94bf87a0920cfea"},{"index":70,"_id":"58e026e7a94bf87a0920cfeb"},{"index":71,"_id":"58e026e7a94bf87a0920cfec"},{"index":72,"_id":"58e026e7a94bf87a0920cfed"},{"index":73,"_id":"58e026e7a94bf87a0920cfee"},{"index":74,"_id":"58e026e7a94bf87a0920cfef"},{"index":75,"_id":"58e026e7a94bf87a0920cff0"},{"index":76,"_id":"58e026e7a94bf87a0920cff1"},{"index":77,"_id":"58e026e7a94bf87a0920cff2"},{"index":78,"_id":"58e026e7a94bf87a0920cff3"},{"index":79,"_id":"58e026e7a94bf87a0920cff4"},{"index":80,"_id":"58e026e7a94bf87a0920cff5"},{"index":81,"_id":"58e026e7a94bf87a0920cff6"},{"index":82,"_id":"58e026e7a94bf87a0920cff7"},{"index":83,"_id":"58e026e7a94bf87a0920cff8"},{"index":84,"_id":"58e026e7a94bf87a0920cff9"},{"index":85,"_id":"58e026e7a94bf87a0920cffa"},{"index":86,"_id":"58e026e7a94bf87a0920cffb"},{"index":87,"_id":"58e026e7a94bf87a0920cffc"},{"index":88,"_id":"58e026e7a94bf87a0920cffd"},{"index":89,"_id":"58e026e7a94bf87a0920cffe"},{"index":90,"_id":"58e026e7a94bf87a0920cfff"},{"index":91,"_id":"58e026e7a94bf87a0920d000"},{"index":92,"_id":"58e026e7a94bf87a0920d001"},{"index":93,"_id":"58e026e7a94bf87a0920d002"},{"index":94,"_id":"58e026e7a94bf87a0920d003"},{"index":95,"_id":"58e026e7a94bf87a0920d004"},{"index":96,"_id":"58e026e7a94bf87a0920d005"},{"index":97,"_id":"58e026e7a94bf87a0920d006"},{"index":98,"_id":"58e026e7a94bf87a0920d007"},{"index":99,"_id":"58e026e7a94bf87a0920d008"}]}
{"ok":1,"writeErrors":[],"writeConcernErrors":[],"insertedIds":[],"nInserted":0,"nUpserted":100,"nMatched":0,"nModified":0,"nRemoved":0,"upserted":[{"index":0,"_id":"58e02724a94bf87a0920d016"},{"index":1,"_id":"58e02724a94bf87a0920d017"},{"index":2,"_id":"58e02724a94bf87a0920d018"},{"index":3,"_id":"58e02724a94bf87a0920d019"},{"index":4,"_id":"58e02724a94bf87a0920d01a"},{"index":5,"_id":"58e02724a94bf87a0920d01b"},{"index":6,"_id":"58e02724a94bf87a0920d01c"},{"index":7,"_id":"58e02724a94bf87a0920d01d"},{"index":8,"_id":"58e02724a94bf87a0920d01e"},{"index":9,"_id":"58e02724a94bf87a0920d01f"},{"index":10,"_id":"58e02724a94bf87a0920d020"},{"index":11,"_id":"58e02724a94bf87a0920d021"},{"index":12,"_id":"58e02724a94bf87a0920d022"},{"index":13,"_id":"58e02724a94bf87a0920d023"},{"index":14,"_id":"58e02724a94bf87a0920d024"},{"index":15,"_id":"58e02724a94bf87a0920d025"},{"index":16,"_id":"58e02724a94bf87a0920d026"},{"index":17,"_id":"58e02724a94bf87a0920d027"},{"index":18,"_id":"58e02724a94bf87a0920d028"},{"index":19,"_id":"58e02724a94bf87a0920d029"},{"index":20,"_id":"58e02724a94bf87a0920d02a"},{"index":21,"_id":"58e02724a94bf87a0920d02b"},{"index":22,"_id":"58e02724a94bf87a0920d02c"},{"index":23,"_id":"58e02724a94bf87a0920d02d"},{"index":24,"_id":"58e02724a94bf87a0920d02e"},{"index":25,"_id":"58e02724a94bf87a0920d02f"},{"index":26,"_id":"58e02724a94bf87a0920d030"},{"index":27,"_id":"58e02724a94bf87a0920d031"},{"index":28,"_id":"58e02724a94bf87a0920d032"},{"index":29,"_id":"58e02724a94bf87a0920d033"},{"index":30,"_id":"58e02724a94bf87a0920d034"},{"index":31,"_id":"58e02724a94bf87a0920d035"},{"index":32,"_id":"58e02724a94bf87a0920d036"},{"index":33,"_id":"58e02724a94bf87a0920d037"},{"index":34,"_id":"58e02724a94bf87a0920d038"},{"index":35,"_id":"58e02724a94bf87a0920d039"},{"index":36,"_id":"58e02724a94bf87a0920d03a"},{"index":37,"_id":"58e02724a94bf87a0920d03b"},{"index":38,"_id":"58e02724a94bf87a0920d03c"},{"index":39,"_id":"58e02724a94bf87a0920d03d"},{"index":40,"_id":"58e02724a94bf87a0920d03e"},{"index":41,"_id":"58e02724a94bf87a0920d03f"},{"index":42,"_id":"58e02724a94bf87a0920d040"},{"index":43,"_id":"58e02724a94bf87a0920d041"},{"index":44,"_id":"58e02724a94bf87a0920d042"},{"index":45,"_id":"58e02724a94bf87a0920d043"},{"index":46,"_id":"58e02724a94bf87a0920d044"},{"index":47,"_id":"58e02724a94bf87a0920d045"},{"index":48,"_id":"58e02724a94bf87a0920d046"},{"index":49,"_id":"58e02724a94bf87a0920d047"},{"index":50,"_id":"58e02724a94bf87a0920d048"},{"index":51,"_id":"58e02724a94bf87a0920d049"},{"index":52,"_id":"58e02724a94bf87a0920d04a"},{"index":53,"_id":"58e02724a94bf87a0920d04b"},{"index":54,"_id":"58e02724a94bf87a0920d04c"},{"index":55,"_id":"58e02724a94bf87a0920d04d"},{"index":56,"_id":"58e02724a94bf87a0920d04e"},{"index":57,"_id":"58e02724a94bf87a0920d04f"},{"index":58,"_id":"58e02724a94bf87a0920d050"},{"index":59,"_id":"58e02724a94bf87a0920d051"},{"index":60,"_id":"58e02724a94bf87a0920d052"},{"index":61,"_id":"58e02724a94bf87a0920d053"},{"index":62,"_id":"58e02724a94bf87a0920d054"},{"index":63,"_id":"58e02724a94bf87a0920d055"},{"index":64,"_id":"58e02724a94bf87a0920d056"},{"index":65,"_id":"58e02724a94bf87a0920d057"},{"index":66,"_id":"58e02724a94bf87a0920d058"},{"index":67,"_id":"58e02724a94bf87a0920d059"},{"index":68,"_id":"58e02724a94bf87a0920d05a"},{"index":69,"_id":"58e02724a94bf87a0920d05b"},{"index":70,"_id":"58e02724a94bf87a0920d05c"},{"index":71,"_id":"58e02724a94bf87a0920d05d"},{"index":72,"_id":"58e02724a94bf87a0920d05e"},{"index":73,"_id":"58e02724a94bf87a0920d05f"},{"index":74,"_id":"58e02724a94bf87a0920d060"},{"index":75,"_id":"58e02724a94bf87a0920d061"},{"index":76,"_id":"58e02724a94bf87a0920d062"},{"index":77,"_id":"58e02724a94bf87a0920d063"},{"index":78,"_id":"58e02724a94bf87a0920d064"},{"index":79,"_id":"58e02724a94bf87a0920d065"},{"index":80,"_id":"58e02724a94bf87a0920d066"},{"index":81,"_id":"58e02724a94bf87a0920d067"},{"index":82,"_id":"58e02724a94bf87a0920d068"},{"index":83,"_id":"58e02724a94bf87a0920d069"},{"index":84,"_id":"58e02724a94bf87a0920d06a"},{"index":85,"_id":"58e02724a94bf87a0920d06b"},{"index":86,"_id":"58e02724a94bf87a0920d06c"},{"index":87,"_id":"58e02724a94bf87a0920d06d"},{"index":88,"_id":"58e02724a94bf87a0920d06e"},{"index":89,"_id":"58e02724a94bf87a0920d06f"},{"index":90,"_id":"58e02724a94bf87a0920d070"},{"index":91,"_id":"58e02724a94bf87a0920d071"},{"index":92,"_id":"58e02724a94bf87a0920d072"},{"index":93,"_id":"58e02724a94bf87a0920d073"},{"index":94,"_id":"58e02724a94bf87a0920d074"},{"index":95,"_id":"58e02724a94bf87a0920d075"},{"index":96,"_id":"58e02724a94bf87a0920d076"},{"index":97,"_id":"58e02724a94bf87a0920d077"},{"index":98,"_id":"58e02724a94bf87a0920d078"},{"index":99,"_id":"58e02724a94bf87a0920d079"}]}
{"ok":1,"writeErrors":[],"writeConcernErrors":[],"insertedIds":[],"nInserted":0,"nUpserted":100,"nMatched":0,"nModified":0,"nRemoved":0,"upserted":[{"index":0,"_id":"58e02761a94bf87a0920d088"},{"index":1,"_id":"58e02761a94bf87a0920d089"},{"index":2,"_id":"58e02761a94bf87a0920d08a"},{"index":3,"_id":"58e02761a94bf87a0920d08b"},{"index":4,"_id":"58e02761a94bf87a0920d08c"},{"index":5,"_id":"58e02761a94bf87a0920d08d"},{"index":6,"_id":"58e02761a94bf87a0920d08e"},{"index":7,"_id":"58e02761a94bf87a0920d08f"},{"index":8,"_id":"58e02761a94bf87a0920d090"},{"index":9,"_id":"58e02761a94bf87a0920d091"},{"index":10,"_id":"58e02761a94bf87a0920d092"},{"index":11,"_id":"58e02761a94bf87a0920d093"},{"index":12,"_id":"58e02761a94bf87a0920d094"},{"index":13,"_id":"58e02761a94bf87a0920d095"},{"index":14,"_id":"58e02761a94bf87a0920d096"},{"index":15,"_id":"58e02761a94bf87a0920d097"},{"index":16,"_id":"58e02761a94bf87a0920d098"},{"index":17,"_id":"58e02761a94bf87a0920d099"},{"index":18,"_id":"58e02761a94bf87a0920d09a"},{"index":19,"_id":"58e02761a94bf87a0920d09b"},{"index":20,"_id":"58e02761a94bf87a0920d09c"},{"index":21,"_id":"58e02761a94bf87a0920d09d"},{"index":22,"_id":"58e02761a94bf87a0920d09e"},{"index":23,"_id":"58e02761a94bf87a0920d09f"},{"index":24,"_id":"58e02761a94bf87a0920d0a0"},{"index":25,"_id":"58e02761a94bf87a0920d0a1"},{"index":26,"_id":"58e02761a94bf87a0920d0a2"},{"index":27,"_id":"58e02761a94bf87a0920d0a3"},{"index":28,"_id":"58e02761a94bf87a0920d0a4"},{"index":29,"_id":"58e02761a94bf87a0920d0a5"},{"index":30,"_id":"58e02761a94bf87a0920d0a6"},{"index":31,"_id":"58e02761a94bf87a0920d0a7"},{"index":32,"_id":"58e02761a94bf87a0920d0a8"},{"index":33,"_id":"58e02761a94bf87a0920d0a9"},{"index":34,"_id":"58e02761a94bf87a0920d0aa"},{"index":35,"_id":"58e02761a94bf87a0920d0ab"},{"index":36,"_id":"58e02761a94bf87a0920d0ac"},{"index":37,"_id":"58e02761a94bf87a0920d0ad"},{"index":38,"_id":"58e02761a94bf87a0920d0ae"},{"index":39,"_id":"58e02761a94bf87a0920d0af"},{"index":40,"_id":"58e02761a94bf87a0920d0b0"},{"index":41,"_id":"58e02761a94bf87a0920d0b1"},{"index":42,"_id":"58e02761a94bf87a0920d0b2"},{"index":43,"_id":"58e02761a94bf87a0920d0b3"},{"index":44,"_id":"58e02761a94bf87a0920d0b4"},{"index":45,"_id":"58e02761a94bf87a0920d0b5"},{"index":46,"_id":"58e02761a94bf87a0920d0b6"},{"index":47,"_id":"58e02761a94bf87a0920d0b7"},{"index":48,"_id":"58e02761a94bf87a0920d0b8"},{"index":49,"_id":"58e02761a94bf87a0920d0b9"},{"index":50,"_id":"58e02761a94bf87a0920d0ba"},{"index":51,"_id":"58e02761a94bf87a0920d0bb"},{"index":52,"_id":"58e02761a94bf87a0920d0bc"},{"index":53,"_id":"58e02761a94bf87a0920d0bd"},{"index":54,"_id":"58e02761a94bf87a0920d0be"},{"index":55,"_id":"58e02761a94bf87a0920d0bf"},{"index":56,"_id":"58e02761a94bf87a0920d0c0"},{"index":57,"_id":"58e02761a94bf87a0920d0c1"},{"index":58,"_id":"58e02761a94bf87a0920d0c2"},{"index":59,"_id":"58e02761a94bf87a0920d0c3"},{"index":60,"_id":"58e02761a94bf87a0920d0c4"},{"index":61,"_id":"58e02761a94bf87a0920d0c5"},{"index":62,"_id":"58e02761a94bf87a0920d0c6"},{"index":63,"_id":"58e02761a94bf87a0920d0c7"},{"index":64,"_id":"58e02761a94bf87a0920d0c8"},{"index":65,"_id":"58e02761a94bf87a0920d0c9"},{"index":66,"_id":"58e02761a94bf87a0920d0ca"},{"index":67,"_id":"58e02761a94bf87a0920d0cb"},{"index":68,"_id":"58e02761a94bf87a0920d0cc"},{"index":69,"_id":"58e02761a94bf87a0920d0cd"},{"index":70,"_id":"58e02761a94bf87a0920d0ce"},{"index":71,"_id":"58e02761a94bf87a0920d0cf"},{"index":72,"_id":"58e02761a94bf87a0920d0d0"},{"index":73,"_id":"58e02761a94bf87a0920d0d1"},{"index":74,"_id":"58e02761a94bf87a0920d0d2"},{"index":75,"_id":"58e02761a94bf87a0920d0d3"},{"index":76,"_id":"58e02761a94bf87a0920d0d4"},{"index":77,"_id":"58e02761a94bf87a0920d0d5"},{"index":78,"_id":"58e02761a94bf87a0920d0d6"},{"index":79,"_id":"58e02761a94bf87a0920d0d7"},{"index":80,"_id":"58e02761a94bf87a0920d0d8"},{"index":81,"_id":"58e02761a94bf87a0920d0d9"},{"index":82,"_id":"58e02761a94bf87a0920d0da"},{"index":83,"_id":"58e02761a94bf87a0920d0db"},{"index":84,"_id":"58e02761a94bf87a0920d0dc"},{"index":85,"_id":"58e02761a94bf87a0920d0dd"},{"index":86,"_id":"58e02761a94bf87a0920d0de"},{"index":87,"_id":"58e02761a94bf87a0920d0df"},{"index":88,"_id":"58e02761a94bf87a0920d0e0"},{"index":89,"_id":"58e02761a94bf87a0920d0e1"},{"index":90,"_id":"58e02761a94bf87a0920d0e2"},{"index":91,"_id":"58e02761a94bf87a0920d0e3"},{"index":92,"_id":"58e02761a94bf87a0920d0e4"},{"index":93,"_id":"58e02761a94bf87a0920d0e5"},{"index":94,"_id":"58e02761a94bf87a0920d0e6"},{"index":95,"_id":"58e02761a94bf87a0920d0e7"},{"index":96,"_id":"58e02761a94bf87a0920d0e8"},{"index":97,"_id":"58e02761a94bf87a0920d0e9"},{"index":98,"_id":"58e02761a94bf87a0920d0ea"},{"index":99,"_id":"58e02761a94bf87a0920d0eb"}]}
{"ok":1,"writeErrors":[],"writeConcernErrors":[],"insertedIds":[],"nInserted":0,"nUpserted":100,"nMatched":0,"nModified":0,"nRemoved":0,"upserted":[{"index":0,"_id":"58e0279ea94bf87a0920d0f9"},{"index":1,"_id":"58e0279ea94bf87a0920d0fa"},{"index":2,"_id":"58e0279ea94bf87a0920d0fb"},{"index":3,"_id":"58e0279ea94bf87a0920d0fc"},{"index":4,"_id":"58e0279ea94bf87a0920d0fd"},{"index":5,"_id":"58e0279ea94bf87a0920d0fe"},{"index":6,"_id":"58e0279ea94bf87a0920d0ff"},{"index":7,"_id":"58e0279ea94bf87a0920d100"},{"index":8,"_id":"58e0279ea94bf87a0920d101"},{"index":9,"_id":"58e0279ea94bf87a0920d102"},{"index":10,"_id":"58e0279ea94bf87a0920d103"},{"index":11,"_id":"58e0279ea94bf87a0920d104"},{"index":12,"_id":"58e0279ea94bf87a0920d105"},{"index":13,"_id":"58e0279ea94bf87a0920d106"},{"index":14,"_id":"58e0279ea94bf87a0920d107"},{"index":15,"_id":"58e0279ea94bf87a0920d108"},{"index":16,"_id":"58e0279ea94bf87a0920d109"},{"index":17,"_id":"58e0279ea94bf87a0920d10a"},{"index":18,"_id":"58e0279ea94bf87a0920d10b"},{"index":19,"_id":"58e0279ea94bf87a0920d10c"},{"index":20,"_id":"58e0279ea94bf87a0920d10d"},{"index":21,"_id":"58e0279ea94bf87a0920d10e"},{"index":22,"_id":"58e0279ea94bf87a0920d10f"},{"index":23,"_id":"58e0279ea94bf87a0920d110"},{"index":24,"_id":"58e0279ea94bf87a0920d111"},{"index":25,"_id":"58e0279ea94bf87a0920d112"},{"index":26,"_id":"58e0279ea94bf87a0920d113"},{"index":27,"_id":"58e0279ea94bf87a0920d114"},{"index":28,"_id":"58e0279ea94bf87a0920d115"},{"index":29,"_id":"58e0279ea94bf87a0920d116"},{"index":30,"_id":"58e0279ea94bf87a0920d117"},{"index":31,"_id":"58e0279ea94bf87a0920d118"},{"index":32,"_id":"58e0279ea94bf87a0920d119"},{"index":33,"_id":"58e0279ea94bf87a0920d11a"},{"index":34,"_id":"58e0279ea94bf87a0920d11b"},{"index":35,"_id":"58e0279ea94bf87a0920d11c"},{"index":36,"_id":"58e0279ea94bf87a0920d11d"},{"index":37,"_id":"58e0279ea94bf87a0920d11e"},{"index":38,"_id":"58e0279ea94bf87a0920d11f"},{"index":39,"_id":"58e0279ea94bf87a0920d120"},{"index":40,"_id":"58e0279ea94bf87a0920d121"},{"index":41,"_id":"58e0279ea94bf87a0920d122"},{"index":42,"_id":"58e0279ea94bf87a0920d123"},{"index":43,"_id":"58e0279ea94bf87a0920d124"},{"index":44,"_id":"58e0279ea94bf87a0920d125"},{"index":45,"_id":"58e0279ea94bf87a0920d126"},{"index":46,"_id":"58e0279ea94bf87a0920d127"},{"index":47,"_id":"58e0279ea94bf87a0920d128"},{"index":48,"_id":"58e0279ea94bf87a0920d129"},{"index":49,"_id":"58e0279ea94bf87a0920d12a"},{"index":50,"_id":"58e0279ea94bf87a0920d12b"},{"index":51,"_id":"58e0279ea94bf87a0920d12c"},{"index":52,"_id":"58e0279ea94bf87a0920d12d"},{"index":53,"_id":"58e0279ea94bf87a0920d12e"},{"index":54,"_id":"58e0279ea94bf87a0920d12f"},{"index":55,"_id":"58e0279ea94bf87a0920d130"},{"index":56,"_id":"58e0279ea94bf87a0920d131"},{"index":57,"_id":"58e0279ea94bf87a0920d132"},{"index":58,"_id":"58e0279ea94bf87a0920d133"},{"index":59,"_id":"58e0279ea94bf87a0920d134"},{"index":60,"_id":"58e0279ea94bf87a0920d135"},{"index":61,"_id":"58e0279ea94bf87a0920d136"},{"index":62,"_id":"58e0279ea94bf87a0920d137"},{"index":63,"_id":"58e0279ea94bf87a0920d138"},{"index":64,"_id":"58e0279ea94bf87a0920d139"},{"index":65,"_id":"58e0279ea94bf87a0920d13a"},{"index":66,"_id":"58e0279ea94bf87a0920d13b"},{"index":67,"_id":"58e0279ea94bf87a0920d13c"},{"index":68,"_id":"58e0279ea94bf87a0920d13d"},{"index":69,"_id":"58e0279ea94bf87a0920d13e"},{"index":70,"_id":"58e0279ea94bf87a0920d13f"},{"index":71,"_id":"58e0279ea94bf87a0920d140"},{"index":72,"_id":"58e0279ea94bf87a0920d141"},{"index":73,"_id":"58e0279ea94bf87a0920d142"},{"index":74,"_id":"58e0279ea94bf87a0920d143"},{"index":75,"_id":"58e0279ea94bf87a0920d144"},{"index":76,"_id":"58e0279ea94bf87a0920d145"},{"index":77,"_id":"58e0279ea94bf87a0920d146"},{"index":78,"_id":"58e0279ea94bf87a0920d147"},{"index":79,"_id":"58e0279ea94bf87a0920d148"},{"index":80,"_id":"58e0279ea94bf87a0920d149"},{"index":81,"_id":"58e0279ea94bf87a0920d14a"},{"index":82,"_id":"58e0279ea94bf87a0920d14b"},{"index":83,"_id":"58e0279ea94bf87a0920d14c"},{"index":84,"_id":"58e0279ea94bf87a0920d14d"},{"index":85,"_id":"58e0279ea94bf87a0920d14e"},{"index":86,"_id":"58e0279ea94bf87a0920d14f"},{"index":87,"_id":"58e0279ea94bf87a0920d150"},{"index":88,"_id":"58e0279ea94bf87a0920d151"},{"index":89,"_id":"58e0279ea94bf87a0920d152"},{"index":90,"_id":"58e0279ea94bf87a0920d153"},{"index":91,"_id":"58e0279ea94bf87a0920d154"},{"index":92,"_id":"58e0279ea94bf87a0920d155"},{"index":93,"_id":"58e0279ea94bf87a0920d156"},{"index":94,"_id":"58e0279ea94bf87a0920d157"},{"index":95,"_id":"58e0279ea94bf87a0920d158"},{"index":96,"_id":"58e0279ea94bf87a0920d159"},{"index":97,"_id":"58e0279ea94bf87a0920d15a"},{"index":98,"_id":"58e0279ea94bf87a0920d15b"},{"index":99,"_id":"58e0279ea94bf87a0920d15c"}]}
{"ok":1,"writeErrors":[],"writeConcernErrors":[],"insertedIds":[],"nInserted":0,"nUpserted":100,"nMatched":0,"nModified":0,"nRemoved":0,"upserted":[{"index":0,"_id":"58e027daa94bf87a0920d16a"},{"index":1,"_id":"58e027daa94bf87a0920d16b"},{"index":2,"_id":"58e027daa94bf87a0920d16c"},{"index":3,"_id":"58e027daa94bf87a0920d16d"},{"index":4,"_id":"58e027daa94bf87a0920d16e"},{"index":5,"_id":"58e027daa94bf87a0920d16f"},{"index":6,"_id":"58e027daa94bf87a0920d170"},{"index":7,"_id":"58e027daa94bf87a0920d171"},{"index":8,"_id":"58e027daa94bf87a0920d172"},{"index":9,"_id":"58e027daa94bf87a0920d173"},{"index":10,"_id":"58e027daa94bf87a0920d174"},{"index":11,"_id":"58e027daa94bf87a0920d175"},{"index":12,"_id":"58e027daa94bf87a0920d176"},{"index":13,"_id":"58e027daa94bf87a0920d177"},{"index":14,"_id":"58e027daa94bf87a0920d178"},{"index":15,"_id":"58e027daa94bf87a0920d179"},{"index":16,"_id":"58e027daa94bf87a0920d17a"},{"index":17,"_id":"58e027daa94bf87a0920d17b"},{"index":18,"_id":"58e027daa94bf87a0920d17c"},{"index":19,"_id":"58e027daa94bf87a0920d17d"},{"index":20,"_id":"58e027daa94bf87a0920d17e"},{"index":21,"_id":"58e027daa94bf87a0920d17f"},{"index":22,"_id":"58e027daa94bf87a0920d180"},{"index":23,"_id":"58e027daa94bf87a0920d181"},{"index":24,"_id":"58e027daa94bf87a0920d182"},{"index":25,"_id":"58e027daa94bf87a0920d183"},{"index":26,"_id":"58e027daa94bf87a0920d184"},{"index":27,"_id":"58e027daa94bf87a0920d185"},{"index":28,"_id":"58e027daa94bf87a0920d186"},{"index":29,"_id":"58e027daa94bf87a0920d187"},{"index":30,"_id":"58e027daa94bf87a0920d188"},{"index":31,"_id":"58e027daa94bf87a0920d189"},{"index":32,"_id":"58e027daa94bf87a0920d18a"},{"index":33,"_id":"58e027daa94bf87a0920d18b"},{"index":34,"_id":"58e027daa94bf87a0920d18c"},{"index":35,"_id":"58e027daa94bf87a0920d18d"},{"index":36,"_id":"58e027daa94bf87a0920d18e"},{"index":37,"_id":"58e027daa94bf87a0920d18f"},{"index":38,"_id":"58e027daa94bf87a0920d190"},{"index":39,"_id":"58e027daa94bf87a0920d191"},{"index":40,"_id":"58e027daa94bf87a0920d192"},{"index":41,"_id":"58e027daa94bf87a0920d193"},{"index":42,"_id":"58e027daa94bf87a0920d194"},{"index":43,"_id":"58e027daa94bf87a0920d195"},{"index":44,"_id":"58e027daa94bf87a0920d196"},{"index":45,"_id":"58e027daa94bf87a0920d197"},{"index":46,"_id":"58e027daa94bf87a0920d198"},{"index":47,"_id":"58e027daa94bf87a0920d199"},{"index":48,"_id":"58e027daa94bf87a0920d19a"},{"index":49,"_id":"58e027daa94bf87a0920d19b"},{"index":50,"_id":"58e027daa94bf87a0920d19c"},{"index":51,"_id":"58e027daa94bf87a0920d19d"},{"index":52,"_id":"58e027daa94bf87a0920d19e"},{"index":53,"_id":"58e027daa94bf87a0920d19f"},{"index":54,"_id":"58e027daa94bf87a0920d1a0"},{"index":55,"_id":"58e027daa94bf87a0920d1a1"},{"index":56,"_id":"58e027daa94bf87a0920d1a2"},{"index":57,"_id":"58e027daa94bf87a0920d1a3"},{"index":58,"_id":"58e027daa94bf87a0920d1a4"},{"index":59,"_id":"58e027daa94bf87a0920d1a5"},{"index":60,"_id":"58e027daa94bf87a0920d1a6"},{"index":61,"_id":"58e027daa94bf87a0920d1a7"},{"index":62,"_id":"58e027daa94bf87a0920d1a8"},{"index":63,"_id":"58e027daa94bf87a0920d1a9"},{"index":64,"_id":"58e027daa94bf87a0920d1aa"},{"index":65,"_id":"58e027daa94bf87a0920d1ab"},{"index":66,"_id":"58e027daa94bf87a0920d1ac"},{"index":67,"_id":"58e027daa94bf87a0920d1ad"},{"index":68,"_id":"58e027daa94bf87a0920d1ae"},{"index":69,"_id":"58e027daa94bf87a0920d1af"},{"index":70,"_id":"58e027daa94bf87a0920d1b0"},{"index":71,"_id":"58e027daa94bf87a0920d1b1"},{"index":72,"_id":"58e027daa94bf87a0920d1b2"},{"index":73,"_id":"58e027daa94bf87a0920d1b3"},{"index":74,"_id":"58e027daa94bf87a0920d1b4"},{"index":75,"_id":"58e027daa94bf87a0920d1b5"},{"index":76,"_id":"58e027daa94bf87a0920d1b6"},{"index":77,"_id":"58e027daa94bf87a0920d1b7"},{"index":78,"_id":"58e027daa94bf87a0920d1b8"},{"index":79,"_id":"58e027daa94bf87a0920d1b9"},{"index":80,"_id":"58e027daa94bf87a0920d1ba"},{"index":81,"_id":"58e027daa94bf87a0920d1bb"},{"index":82,"_id":"58e027daa94bf87a0920d1bc"},{"index":83,"_id":"58e027daa94bf87a0920d1bd"},{"index":84,"_id":"58e027daa94bf87a0920d1be"},{"index":85,"_id":"58e027daa94bf87a0920d1bf"},{"index":86,"_id":"58e027daa94bf87a0920d1c0"},{"index":87,"_id":"58e027daa94bf87a0920d1c1"},{"index":88,"_id":"58e027daa94bf87a0920d1c2"},{"index":89,"_id":"58e027daa94bf87a0920d1c3"},{"index":90,"_id":"58e027daa94bf87a0920d1c4"},{"index":91,"_id":"58e027daa94bf87a0920d1c5"},{"index":92,"_id":"58e027daa94bf87a0920d1c6"},{"index":93,"_id":"58e027daa94bf87a0920d1c7"},{"index":94,"_id":"58e027daa94bf87a0920d1c8"},{"index":95,"_id":"58e027daa94bf87a0920d1c9"},{"index":96,"_id":"58e027daa94bf87a0920d1ca"},{"index":97,"_id":"58e027daa94bf87a0920d1cb"},{"index":98,"_id":"58e027daa94bf87a0920d1cc"},{"index":99,"_id":"58e027daa94bf87a0920d1cd"}]}
{"ok":1,"writeErrors":[],"writeConcernErrors":[],"insertedIds":[],"nInserted":0,"nUpserted":100,"nMatched":0,"nModified":0,"nRemoved":0,"upserted":[{"index":0,"_id":"58e02819a94bf87a0920d1db"},{"index":1,"_id":"58e02819a94bf87a0920d1dc"},{"index":2,"_id":"58e02819a94bf87a0920d1dd"},{"index":3,"_id":"58e02819a94bf87a0920d1de"},{"index":4,"_id":"58e02819a94bf87a0920d1df"},{"index":5,"_id":"58e02819a94bf87a0920d1e0"},{"index":6,"_id":"58e02819a94bf87a0920d1e1"},{"index":7,"_id":"58e02819a94bf87a0920d1e2"},{"index":8,"_id":"58e02819a94bf87a0920d1e3"},{"index":9,"_id":"58e02819a94bf87a0920d1e4"},{"index":10,"_id":"58e02819a94bf87a0920d1e5"},{"index":11,"_id":"58e02819a94bf87a0920d1e6"},{"index":12,"_id":"58e02819a94bf87a0920d1e7"},{"index":13,"_id":"58e02819a94bf87a0920d1e8"},{"index":14,"_id":"58e02819a94bf87a0920d1e9"},{"index":15,"_id":"58e02819a94bf87a0920d1ea"},{"index":16,"_id":"58e02819a94bf87a0920d1eb"},{"index":17,"_id":"58e02819a94bf87a0920d1ec"},{"index":18,"_id":"58e02819a94bf87a0920d1ed"},{"index":19,"_id":"58e02819a94bf87a0920d1ee"},{"index":20,"_id":"58e02819a94bf87a0920d1ef"},{"index":21,"_id":"58e02819a94bf87a0920d1f0"},{"index":22,"_id":"58e02819a94bf87a0920d1f1"},{"index":23,"_id":"58e02819a94bf87a0920d1f2"},{"index":24,"_id":"58e02819a94bf87a0920d1f3"},{"index":25,"_id":"58e02819a94bf87a0920d1f4"},{"index":26,"_id":"58e02819a94bf87a0920d1f5"},{"index":27,"_id":"58e02819a94bf87a0920d1f6"},{"index":28,"_id":"58e02819a94bf87a0920d1f7"},{"index":29,"_id":"58e02819a94bf87a0920d1f8"},{"index":30,"_id":"58e02819a94bf87a0920d1f9"},{"index":31,"_id":"58e02819a94bf87a0920d1fa"},{"index":32,"_id":"58e02819a94bf87a0920d1fb"},{"index":33,"_id":"58e02819a94bf87a0920d1fc"},{"index":34,"_id":"58e02819a94bf87a0920d1fd"},{"index":35,"_id":"58e02819a94bf87a0920d1fe"},{"index":36,"_id":"58e02819a94bf87a0920d1ff"},{"index":37,"_id":"58e02819a94bf87a0920d200"},{"index":38,"_id":"58e02819a94bf87a0920d201"},{"index":39,"_id":"58e02819a94bf87a0920d202"},{"index":40,"_id":"58e02819a94bf87a0920d203"},{"index":41,"_id":"58e02819a94bf87a0920d204"},{"index":42,"_id":"58e02819a94bf87a0920d205"},{"index":43,"_id":"58e02819a94bf87a0920d206"},{"index":44,"_id":"58e02819a94bf87a0920d207"},{"index":45,"_id":"58e02819a94bf87a0920d208"},{"index":46,"_id":"58e02819a94bf87a0920d209"},{"index":47,"_id":"58e02819a94bf87a0920d20a"},{"index":48,"_id":"58e02819a94bf87a0920d20b"},{"index":49,"_id":"58e02819a94bf87a0920d20c"},{"index":50,"_id":"58e02819a94bf87a0920d20d"},{"index":51,"_id":"58e02819a94bf87a0920d20e"},{"index":52,"_id":"58e02819a94bf87a0920d20f"},{"index":53,"_id":"58e02819a94bf87a0920d210"},{"index":54,"_id":"58e02819a94bf87a0920d211"},{"index":55,"_id":"58e02819a94bf87a0920d212"},{"index":56,"_id":"58e02819a94bf87a0920d213"},{"index":57,"_id":"58e02819a94bf87a0920d214"},{"index":58,"_id":"58e02819a94bf87a0920d215"},{"index":59,"_id":"58e02819a94bf87a0920d216"},{"index":60,"_id":"58e02819a94bf87a0920d217"},{"index":61,"_id":"58e02819a94bf87a0920d218"},{"index":62,"_id":"58e02819a94bf87a0920d219"},{"index":63,"_id":"58e02819a94bf87a0920d21a"},{"index":64,"_id":"58e02819a94bf87a0920d21b"},{"index":65,"_id":"58e02819a94bf87a0920d21c"},{"index":66,"_id":"58e02819a94bf87a0920d21d"},{"index":67,"_id":"58e02819a94bf87a0920d21e"},{"index":68,"_id":"58e02819a94bf87a0920d21f"},{"index":69,"_id":"58e02819a94bf87a0920d220"},{"index":70,"_id":"58e02819a94bf87a0920d221"},{"index":71,"_id":"58e02819a94bf87a0920d222"},{"index":72,"_id":"58e02819a94bf87a0920d223"},{"index":73,"_id":"58e02819a94bf87a0920d224"},{"index":74,"_id":"58e02819a94bf87a0920d225"},{"index":75,"_id":"58e02819a94bf87a0920d226"},{"index":76,"_id":"58e02819a94bf87a0920d227"},{"index":77,"_id":"58e02819a94bf87a0920d228"},{"index":78,"_id":"58e02819a94bf87a0920d229"},{"index":79,"_id":"58e02819a94bf87a0920d22a"},{"index":80,"_id":"58e02819a94bf87a0920d22b"},{"index":81,"_id":"58e02819a94bf87a0920d22c"},{"index":82,"_id":"58e02819a94bf87a0920d22d"},{"index":83,"_id":"58e02819a94bf87a0920d22e"},{"index":84,"_id":"58e02819a94bf87a0920d22f"},{"index":85,"_id":"58e02819a94bf87a0920d230"},{"index":86,"_id":"58e02819a94bf87a0920d231"},{"index":87,"_id":"58e02819a94bf87a0920d232"},{"index":88,"_id":"58e02819a94bf87a0920d233"},{"index":89,"_id":"58e02819a94bf87a0920d234"},{"index":90,"_id":"58e02819a94bf87a0920d235"},{"index":91,"_id":"58e02819a94bf87a0920d236"},{"index":92,"_id":"58e02819a94bf87a0920d237"},{"index":93,"_id":"58e02819a94bf87a0920d238"},{"index":94,"_id":"58e02819a94bf87a0920d239"},{"index":95,"_id":"58e02819a94bf87a0920d23a"},{"index":96,"_id":"58e02819a94bf87a0920d23b"},{"index":97,"_id":"58e02819a94bf87a0920d23c"},{"index":98,"_id":"58e02819a94bf87a0920d23d"},{"index":99,"_id":"58e02819a94bf87a0920d23e"}]}
{"ok":1,"writeErrors":[],"writeConcernErrors":[],"insertedIds":[],"nInserted":0,"nUpserted":100,"nMatched":0,"nModified":0,"nRemoved":0,"upserted":[{"index":0,"_id":"58e02855a94bf87a0920d24c"},{"index":1,"_id":"58e02855a94bf87a0920d24d"},{"index":2,"_id":"58e02855a94bf87a0920d24e"},{"index":3,"_id":"58e02855a94bf87a0920d24f"},{"index":4,"_id":"58e02855a94bf87a0920d250"},{"index":5,"_id":"58e02855a94bf87a0920d251"},{"index":6,"_id":"58e02855a94bf87a0920d252"},{"index":7,"_id":"58e02855a94bf87a0920d253"},{"index":8,"_id":"58e02855a94bf87a0920d254"},{"index":9,"_id":"58e02855a94bf87a0920d255"},{"index":10,"_id":"58e02855a94bf87a0920d256"},{"index":11,"_id":"58e02855a94bf87a0920d257"},{"index":12,"_id":"58e02855a94bf87a0920d258"},{"index":13,"_id":"58e02855a94bf87a0920d259"},{"index":14,"_id":"58e02855a94bf87a0920d25a"},{"index":15,"_id":"58e02855a94bf87a0920d25b"},{"index":16,"_id":"58e02855a94bf87a0920d25c"},{"index":17,"_id":"58e02855a94bf87a0920d25d"},{"index":18,"_id":"58e02855a94bf87a0920d25e"},{"index":19,"_id":"58e02855a94bf87a0920d25f"},{"index":20,"_id":"58e02855a94bf87a0920d260"},{"index":21,"_id":"58e02855a94bf87a0920d261"},{"index":22,"_id":"58e02855a94bf87a0920d262"},{"index":23,"_id":"58e02855a94bf87a0920d263"},{"index":24,"_id":"58e02855a94bf87a0920d264"},{"index":25,"_id":"58e02855a94bf87a0920d265"},{"index":26,"_id":"58e02855a94bf87a0920d266"},{"index":27,"_id":"58e02855a94bf87a0920d267"},{"index":28,"_id":"58e02855a94bf87a0920d268"},{"index":29,"_id":"58e02855a94bf87a0920d269"},{"index":30,"_id":"58e02855a94bf87a0920d26a"},{"index":31,"_id":"58e02855a94bf87a0920d26b"},{"index":32,"_id":"58e02855a94bf87a0920d26c"},{"index":33,"_id":"58e02855a94bf87a0920d26d"},{"index":34,"_id":"58e02855a94bf87a0920d26e"},{"index":35,"_id":"58e02855a94bf87a0920d26f"},{"index":36,"_id":"58e02855a94bf87a0920d270"},{"index":37,"_id":"58e02855a94bf87a0920d271"},{"index":38,"_id":"58e02855a94bf87a0920d272"},{"index":39,"_id":"58e02858a94bf87a0920d274"},{"index":40,"_id":"58e02858a94bf87a0920d275"},{"index":41,"_id":"58e02858a94bf87a0920d276"},{"index":42,"_id":"58e02858a94bf87a0920d277"},{"index":43,"_id":"58e02858a94bf87a0920d278"},{"index":44,"_id":"58e02858a94bf87a0920d279"},{"index":45,"_id":"58e02858a94bf87a0920d27a"},{"index":46,"_id":"58e02858a94bf87a0920d27b"},{"index":47,"_id":"58e02858a94bf87a0920d27c"},{"index":48,"_id":"58e02858a94bf87a0920d27d"},{"index":49,"_id":"58e02858a94bf87a0920d27e"},{"index":50,"_id":"58e02858a94bf87a0920d27f"},{"index":51,"_id":"58e02858a94bf87a0920d280"},{"index":52,"_id":"58e02858a94bf87a0920d281"},{"index":53,"_id":"58e02858a94bf87a0920d282"},{"index":54,"_id":"58e02858a94bf87a0920d283"},{"index":55,"_id":"58e02858a94bf87a0920d284"},{"index":56,"_id":"58e02858a94bf87a0920d285"},{"index":57,"_id":"58e02858a94bf87a0920d286"},{"index":58,"_id":"58e02858a94bf87a0920d287"},{"index":59,"_id":"58e02858a94bf87a0920d288"},{"index":60,"_id":"58e02858a94bf87a0920d289"},{"index":61,"_id":"58e02858a94bf87a0920d28a"},{"index":62,"_id":"58e02858a94bf87a0920d28b"},{"index":63,"_id":"58e02858a94bf87a0920d28c"},{"index":64,"_id":"58e02858a94bf87a0920d28d"},{"index":65,"_id":"58e02858a94bf87a0920d28e"},{"index":66,"_id":"58e02858a94bf87a0920d28f"},{"index":67,"_id":"58e02858a94bf87a0920d290"},{"index":68,"_id":"58e02858a94bf87a0920d291"},{"index":69,"_id":"58e02858a94bf87a0920d292"},{"index":70,"_id":"58e02858a94bf87a0920d293"},{"index":71,"_id":"58e02858a94bf87a0920d294"},{"index":72,"_id":"58e02858a94bf87a0920d295"},{"index":73,"_id":"58e02858a94bf87a0920d296"},{"index":74,"_id":"58e02858a94bf87a0920d297"},{"index":75,"_id":"58e02858a94bf87a0920d298"},{"index":76,"_id":"58e02858a94bf87a0920d299"},{"index":77,"_id":"58e02858a94bf87a0920d29a"},{"index":78,"_id":"58e02858a94bf87a0920d29b"},{"index":79,"_id":"58e02858a94bf87a0920d29c"},{"index":80,"_id":"58e02858a94bf87a0920d29d"},{"index":81,"_id":"58e02858a94bf87a0920d29e"},{"index":82,"_id":"58e02858a94bf87a0920d29f"},{"index":83,"_id":"58e02858a94bf87a0920d2a0"},{"index":84,"_id":"58e02858a94bf87a0920d2a1"},{"index":85,"_id":"58e02858a94bf87a0920d2a2"},{"index":86,"_id":"58e02858a94bf87a0920d2a3"},{"index":87,"_id":"58e02858a94bf87a0920d2a4"},{"index":88,"_id":"58e02858a94bf87a0920d2a5"},{"index":89,"_id":"58e02858a94bf87a0920d2a6"},{"index":90,"_id":"58e02858a94bf87a0920d2a7"},{"index":91,"_id":"58e02858a94bf87a0920d2a8"},{"index":92,"_id":"58e02858a94bf87a0920d2a9"},{"index":93,"_id":"58e02858a94bf87a0920d2aa"},{"index":94,"_id":"58e02858a94bf87a0920d2ab"},{"index":95,"_id":"58e02858a94bf87a0920d2ac"},{"index":96,"_id":"58e02858a94bf87a0920d2ad"},{"index":97,"_id":"58e02858a94bf87a0920d2ae"},{"index":98,"_id":"58e02858a94bf87a0920d2af"},{"index":99,"_id":"58e02858a94bf87a0920d2b0"}]}
{"ok":1,"writeErrors":[],"writeConcernErrors":[],"insertedIds":[],"nInserted":0,"nUpserted":100,"nMatched":0,"nModified":0,"nRemoved":0,"upserted":[{"index":0,"_id":"58e02891a94bf87a0920d2bd"},{"index":1,"_id":"58e02891a94bf87a0920d2be"},{"index":2,"_id":"58e02891a94bf87a0920d2bf"},{"index":3,"_id":"58e02891a94bf87a0920d2c0"},{"index":4,"_id":"58e02891a94bf87a0920d2c1"},{"index":5,"_id":"58e02891a94bf87a0920d2c2"},{"index":6,"_id":"58e02891a94bf87a0920d2c3"},{"index":7,"_id":"58e02891a94bf87a0920d2c4"},{"index":8,"_id":"58e02891a94bf87a0920d2c5"},{"index":9,"_id":"58e02891a94bf87a0920d2c6"},{"index":10,"_id":"58e02891a94bf87a0920d2c7"},{"index":11,"_id":"58e02891a94bf87a0920d2c8"},{"index":12,"_id":"58e02891a94bf87a0920d2c9"},{"index":13,"_id":"58e02891a94bf87a0920d2ca"},{"index":14,"_id":"58e02891a94bf87a0920d2cb"},{"index":15,"_id":"58e02891a94bf87a0920d2cc"},{"index":16,"_id":"58e02891a94bf87a0920d2cd"},{"index":17,"_id":"58e02891a94bf87a0920d2ce"},{"index":18,"_id":"58e02891a94bf87a0920d2cf"},{"index":19,"_id":"58e02891a94bf87a0920d2d0"},{"index":20,"_id":"58e02891a94bf87a0920d2d1"},{"index":21,"_id":"58e02891a94bf87a0920d2d2"},{"index":22,"_id":"58e02891a94bf87a0920d2d3"},{"index":23,"_id":"58e02891a94bf87a0920d2d4"},{"index":24,"_id":"58e02891a94bf87a0920d2d5"},{"index":25,"_id":"58e02891a94bf87a0920d2d6"},{"index":26,"_id":"58e02891a94bf87a0920d2d7"},{"index":27,"_id":"58e02891a94bf87a0920d2d8"},{"index":28,"_id":"58e02891a94bf87a0920d2d9"},{"index":29,"_id":"58e02891a94bf87a0920d2da"},{"index":30,"_id":"58e02891a94bf87a0920d2db"},{"index":31,"_id":"58e02891a94bf87a0920d2dc"},{"index":32,"_id":"58e02891a94bf87a0920d2dd"},{"index":33,"_id":"58e02891a94bf87a0920d2de"},{"index":34,"_id":"58e02891a94bf87a0920d2df"},{"index":35,"_id":"58e02891a94bf87a0920d2e0"},{"index":36,"_id":"58e02891a94bf87a0920d2e1"},{"index":37,"_id":"58e02891a94bf87a0920d2e2"},{"index":38,"_id":"58e02891a94bf87a0920d2e3"},{"index":39,"_id":"58e02891a94bf87a0920d2e4"},{"index":40,"_id":"58e02891a94bf87a0920d2e5"},{"index":41,"_id":"58e02891a94bf87a0920d2e6"},{"index":42,"_id":"58e02891a94bf87a0920d2e7"},{"index":43,"_id":"58e02891a94bf87a0920d2e8"},{"index":44,"_id":"58e02891a94bf87a0920d2e9"},{"index":45,"_id":"58e02891a94bf87a0920d2ea"},{"index":46,"_id":"58e02891a94bf87a0920d2eb"},{"index":47,"_id":"58e02891a94bf87a0920d2ec"},{"index":48,"_id":"58e02891a94bf87a0920d2ed"},{"index":49,"_id":"58e02891a94bf87a0920d2ee"},{"index":50,"_id":"58e02891a94bf87a0920d2ef"},{"index":51,"_id":"58e02891a94bf87a0920d2f0"},{"index":52,"_id":"58e02891a94bf87a0920d2f1"},{"index":53,"_id":"58e02891a94bf87a0920d2f2"},{"index":54,"_id":"58e02891a94bf87a0920d2f3"},{"index":55,"_id":"58e02891a94bf87a0920d2f4"},{"index":56,"_id":"58e02891a94bf87a0920d2f5"},{"index":57,"_id":"58e02891a94bf87a0920d2f6"},{"index":58,"_id":"58e02891a94bf87a0920d2f7"},{"index":59,"_id":"58e02891a94bf87a0920d2f8"},{"index":60,"_id":"58e02891a94bf87a0920d2f9"},{"index":61,"_id":"58e02891a94bf87a0920d2fa"},{"index":62,"_id":"58e02891a94bf87a0920d2fb"},{"index":63,"_id":"58e02891a94bf87a0920d2fc"},{"index":64,"_id":"58e02891a94bf87a0920d2fd"},{"index":65,"_id":"58e02891a94bf87a0920d2fe"},{"index":66,"_id":"58e02891a94bf87a0920d2ff"},{"index":67,"_id":"58e02891a94bf87a0920d300"},{"index":68,"_id":"58e02891a94bf87a0920d301"},{"index":69,"_id":"58e02891a94bf87a0920d302"},{"index":70,"_id":"58e02891a94bf87a0920d303"},{"index":71,"_id":"58e02891a94bf87a0920d304"},{"index":72,"_id":"58e02891a94bf87a0920d305"},{"index":73,"_id":"58e02891a94bf87a0920d306"},{"index":74,"_id":"58e02891a94bf87a0920d307"},{"index":75,"_id":"58e02891a94bf87a0920d308"},{"index":76,"_id":"58e02891a94bf87a0920d309"},{"index":77,"_id":"58e02891a94bf87a0920d30a"},{"index":78,"_id":"58e02891a94bf87a0920d30b"},{"index":79,"_id":"58e02891a94bf87a0920d30c"},{"index":80,"_id":"58e02891a94bf87a0920d30d"},{"index":81,"_id":"58e02891a94bf87a0920d30e"},{"index":82,"_id":"58e02891a94bf87a0920d30f"},{"index":83,"_id":"58e02891a94bf87a0920d310"},{"index":84,"_id":"58e02891a94bf87a0920d311"},{"index":85,"_id":"58e02891a94bf87a0920d312"},{"index":86,"_id":"58e02891a94bf87a0920d313"},{"index":87,"_id":"58e02891a94bf87a0920d314"},{"index":88,"_id":"58e02891a94bf87a0920d315"},{"index":89,"_id":"58e02891a94bf87a0920d316"},{"index":90,"_id":"58e02891a94bf87a0920d317"},{"index":91,"_id":"58e02891a94bf87a0920d318"},{"index":92,"_id":"58e02891a94bf87a0920d319"},{"index":93,"_id":"58e02891a94bf87a0920d31a"},{"index":94,"_id":"58e02891a94bf87a0920d31b"},{"index":95,"_id":"58e02891a94bf87a0920d31c"},{"index":96,"_id":"58e02891a94bf87a0920d31d"},{"index":97,"_id":"58e02891a94bf87a0920d31e"},{"index":98,"_id":"58e02891a94bf87a0920d31f"},{"index":99,"_id":"58e02891a94bf87a0920d320"}]}
{"ok":1,"writeErrors":[],"writeConcernErrors":[],"insertedIds":[],"nInserted":0,"nUpserted":100,"nMatched":0,"nModified":0,"nRemoved":0,"upserted":[{"index":0,"_id":"58e028cea94bf87a0920d32f"},{"index":1,"_id":"58e028cea94bf87a0920d330"},{"index":2,"_id":"58e028cea94bf87a0920d331"},{"index":3,"_id":"58e028cea94bf87a0920d332"},{"index":4,"_id":"58e028cea94bf87a0920d333"},{"index":5,"_id":"58e028cea94bf87a0920d334"},{"index":6,"_id":"58e028cea94bf87a0920d335"},{"index":7,"_id":"58e028cea94bf87a0920d336"},{"index":8,"_id":"58e028cea94bf87a0920d337"},{"index":9,"_id":"58e028cea94bf87a0920d338"},{"index":10,"_id":"58e028cea94bf87a0920d339"},{"index":11,"_id":"58e028cea94bf87a0920d33a"},{"index":12,"_id":"58e028cea94bf87a0920d33b"},{"index":13,"_id":"58e028cea94bf87a0920d33c"},{"index":14,"_id":"58e028cea94bf87a0920d33d"},{"index":15,"_id":"58e028cea94bf87a0920d33e"},{"index":16,"_id":"58e028cea94bf87a0920d33f"},{"index":17,"_id":"58e028cea94bf87a0920d340"},{"index":18,"_id":"58e028cea94bf87a0920d341"},{"index":19,"_id":"58e028cea94bf87a0920d342"},{"index":20,"_id":"58e028cea94bf87a0920d343"},{"index":21,"_id":"58e028cea94bf87a0920d344"},{"index":22,"_id":"58e028cea94bf87a0920d345"},{"index":23,"_id":"58e028cea94bf87a0920d346"},{"index":24,"_id":"58e028cea94bf87a0920d347"},{"index":25,"_id":"58e028cea94bf87a0920d348"},{"index":26,"_id":"58e028cea94bf87a0920d349"},{"index":27,"_id":"58e028cea94bf87a0920d34a"},{"index":28,"_id":"58e028cea94bf87a0920d34b"},{"index":29,"_id":"58e028cea94bf87a0920d34c"},{"index":30,"_id":"58e028cea94bf87a0920d34d"},{"index":31,"_id":"58e028cea94bf87a0920d34e"},{"index":32,"_id":"58e028cea94bf87a0920d34f"},{"index":33,"_id":"58e028cea94bf87a0920d350"},{"index":34,"_id":"58e028cea94bf87a0920d351"},{"index":35,"_id":"58e028cea94bf87a0920d352"},{"index":36,"_id":"58e028cea94bf87a0920d353"},{"index":37,"_id":"58e028cea94bf87a0920d354"},{"index":38,"_id":"58e028cea94bf87a0920d355"},{"index":39,"_id":"58e028cea94bf87a0920d356"},{"index":40,"_id":"58e028cea94bf87a0920d357"},{"index":41,"_id":"58e028cea94bf87a0920d358"},{"index":42,"_id":"58e028cea94bf87a0920d359"},{"index":43,"_id":"58e028cea94bf87a0920d35a"},{"index":44,"_id":"58e028cea94bf87a0920d35b"},{"index":45,"_id":"58e028cea94bf87a0920d35c"},{"index":46,"_id":"58e028cea94bf87a0920d35d"},{"index":47,"_id":"58e028cea94bf87a0920d35e"},{"index":48,"_id":"58e028cea94bf87a0920d35f"},{"index":49,"_id":"58e028cea94bf87a0920d360"},{"index":50,"_id":"58e028cea94bf87a0920d361"},{"index":51,"_id":"58e028cea94bf87a0920d362"},{"index":52,"_id":"58e028cea94bf87a0920d363"},{"index":53,"_id":"58e028cea94bf87a0920d364"},{"index":54,"_id":"58e028cea94bf87a0920d365"},{"index":55,"_id":"58e028cea94bf87a0920d366"},{"index":56,"_id":"58e028cea94bf87a0920d367"},{"index":57,"_id":"58e028cea94bf87a0920d368"},{"index":58,"_id":"58e028cea94bf87a0920d369"},{"index":59,"_id":"58e028cea94bf87a0920d36a"},{"index":60,"_id":"58e028cea94bf87a0920d36b"},{"index":61,"_id":"58e028cea94bf87a0920d36c"},{"index":62,"_id":"58e028cea94bf87a0920d36d"},{"index":63,"_id":"58e028cea94bf87a0920d36e"},{"index":64,"_id":"58e028cea94bf87a0920d36f"},{"index":65,"_id":"58e028cea94bf87a0920d370"},{"index":66,"_id":"58e028cea94bf87a0920d371"},{"index":67,"_id":"58e028cea94bf87a0920d372"},{"index":68,"_id":"58e028cea94bf87a0920d373"},{"index":69,"_id":"58e028cea94bf87a0920d374"},{"index":70,"_id":"58e028cea94bf87a0920d375"},{"index":71,"_id":"58e028cea94bf87a0920d376"},{"index":72,"_id":"58e028cea94bf87a0920d377"},{"index":73,"_id":"58e028cea94bf87a0920d378"},{"index":74,"_id":"58e028cea94bf87a0920d379"},{"index":75,"_id":"58e028cea94bf87a0920d37a"},{"index":76,"_id":"58e028cea94bf87a0920d37b"},{"index":77,"_id":"58e028cea94bf87a0920d37c"},{"index":78,"_id":"58e028cea94bf87a0920d37d"},{"index":79,"_id":"58e028cea94bf87a0920d37e"},{"index":80,"_id":"58e028cea94bf87a0920d37f"},{"index":81,"_id":"58e028cea94bf87a0920d380"},{"index":82,"_id":"58e028cea94bf87a0920d381"},{"index":83,"_id":"58e028cea94bf87a0920d382"},{"index":84,"_id":"58e028cea94bf87a0920d383"},{"index":85,"_id":"58e028cea94bf87a0920d384"},{"index":86,"_id":"58e028cea94bf87a0920d385"},{"index":87,"_id":"58e028cea94bf87a0920d386"},{"index":88,"_id":"58e028cea94bf87a0920d387"},{"index":89,"_id":"58e028cea94bf87a0920d388"},{"index":90,"_id":"58e028cea94bf87a0920d389"},{"index":91,"_id":"58e028cea94bf87a0920d38a"},{"index":92,"_id":"58e028cea94bf87a0920d38b"},{"index":93,"_id":"58e028cea94bf87a0920d38c"},{"index":94,"_id":"58e028cea94bf87a0920d38d"},{"index":95,"_id":"58e028cea94bf87a0920d38e"},{"index":96,"_id":"58e028cea94bf87a0920d38f"},{"index":97,"_id":"58e028cea94bf87a0920d390"},{"index":98,"_id":"58e028cea94bf87a0920d391"},{"index":99,"_id":"58e028cea94bf87a0920d392"}]}
{"ok":1,"writeErrors":[],"writeConcernErrors":[],"insertedIds":[],"nInserted":0,"nUpserted":100,"nMatched":0,"nModified":0,"nRemoved":0,"upserted":[{"index":0,"_id":"58e0290ca94bf87a0920d3a0"},{"index":1,"_id":"58e0290ca94bf87a0920d3a1"},{"index":2,"_id":"58e0290ca94bf87a0920d3a2"},{"index":3,"_id":"58e0290ca94bf87a0920d3a3"},{"index":4,"_id":"58e0290ca94bf87a0920d3a4"},{"index":5,"_id":"58e0290ca94bf87a0920d3a5"},{"index":6,"_id":"58e0290ca94bf87a0920d3a6"},{"index":7,"_id":"58e0290ca94bf87a0920d3a7"},{"index":8,"_id":"58e0290ca94bf87a0920d3a8"},{"index":9,"_id":"58e0290ca94bf87a0920d3a9"},{"index":10,"_id":"58e0290ca94bf87a0920d3aa"},{"index":11,"_id":"58e0290ca94bf87a0920d3ab"},{"index":12,"_id":"58e0290ca94bf87a0920d3ac"},{"index":13,"_id":"58e0290ca94bf87a0920d3ad"},{"index":14,"_id":"58e0290ca94bf87a0920d3ae"},{"index":15,"_id":"58e0290ca94bf87a0920d3af"},{"index":16,"_id":"58e0290ca94bf87a0920d3b0"},{"index":17,"_id":"58e0290ca94bf87a0920d3b1"},{"index":18,"_id":"58e0290ca94bf87a0920d3b2"},{"index":19,"_id":"58e0290ca94bf87a0920d3b3"},{"index":20,"_id":"58e0290ca94bf87a0920d3b4"},{"index":21,"_id":"58e0290ca94bf87a0920d3b5"},{"index":22,"_id":"58e0290ca94bf87a0920d3b6"},{"index":23,"_id":"58e0290ca94bf87a0920d3b7"},{"index":24,"_id":"58e0290ca94bf87a0920d3b8"},{"index":25,"_id":"58e0290ca94bf87a0920d3b9"},{"index":26,"_id":"58e0290ca94bf87a0920d3ba"},{"index":27,"_id":"58e0290ca94bf87a0920d3bb"},{"index":28,"_id":"58e0290ca94bf87a0920d3bc"},{"index":29,"_id":"58e0290ca94bf87a0920d3bd"},{"index":30,"_id":"58e0290ca94bf87a0920d3be"},{"index":31,"_id":"58e0290ca94bf87a0920d3bf"},{"index":32,"_id":"58e0290ca94bf87a0920d3c0"},{"index":33,"_id":"58e0290ca94bf87a0920d3c1"},{"index":34,"_id":"58e0290ca94bf87a0920d3c2"},{"index":35,"_id":"58e0290ca94bf87a0920d3c3"},{"index":36,"_id":"58e0290ca94bf87a0920d3c4"},{"index":37,"_id":"58e0290ca94bf87a0920d3c5"},{"index":38,"_id":"58e0290ca94bf87a0920d3c6"},{"index":39,"_id":"58e0290ca94bf87a0920d3c7"},{"index":40,"_id":"58e0290ca94bf87a0920d3c8"},{"index":41,"_id":"58e0290ca94bf87a0920d3c9"},{"index":42,"_id":"58e0290ca94bf87a0920d3ca"},{"index":43,"_id":"58e0290ca94bf87a0920d3cb"},{"index":44,"_id":"58e0290ca94bf87a0920d3cc"},{"index":45,"_id":"58e0290ca94bf87a0920d3cd"},{"index":46,"_id":"58e0290ca94bf87a0920d3ce"},{"index":47,"_id":"58e0290ca94bf87a0920d3cf"},{"index":48,"_id":"58e0290ca94bf87a0920d3d0"},{"index":49,"_id":"58e0290ca94bf87a0920d3d1"},{"index":50,"_id":"58e0290ca94bf87a0920d3d2"},{"index":51,"_id":"58e0290ca94bf87a0920d3d3"},{"index":52,"_id":"58e0290ca94bf87a0920d3d4"},{"index":53,"_id":"58e0290ca94bf87a0920d3d5"},{"index":54,"_id":"58e0290ca94bf87a0920d3d6"},{"index":55,"_id":"58e0290ca94bf87a0920d3d7"},{"index":56,"_id":"58e0290ca94bf87a0920d3d8"},{"index":57,"_id":"58e0290ca94bf87a0920d3d9"},{"index":58,"_id":"58e0290ca94bf87a0920d3da"},{"index":59,"_id":"58e0290ca94bf87a0920d3db"},{"index":60,"_id":"58e0290ca94bf87a0920d3dc"},{"index":61,"_id":"58e0290ca94bf87a0920d3dd"},{"index":62,"_id":"58e0290ca94bf87a0920d3de"},{"index":63,"_id":"58e0290ca94bf87a0920d3df"},{"index":64,"_id":"58e0290ca94bf87a0920d3e0"},{"index":65,"_id":"58e0290ca94bf87a0920d3e1"},{"index":66,"_id":"58e0290ca94bf87a0920d3e2"},{"index":67,"_id":"58e0290ca94bf87a0920d3e3"},{"index":68,"_id":"58e0290ca94bf87a0920d3e4"},{"index":69,"_id":"58e0290ca94bf87a0920d3e5"},{"index":70,"_id":"58e0290ca94bf87a0920d3e6"},{"index":71,"_id":"58e0290ca94bf87a0920d3e7"},{"index":72,"_id":"58e0290ca94bf87a0920d3e8"},{"index":73,"_id":"58e0290ca94bf87a0920d3e9"},{"index":74,"_id":"58e0290ca94bf87a0920d3ea"},{"index":75,"_id":"58e0290ca94bf87a0920d3eb"},{"index":76,"_id":"58e0290ca94bf87a0920d3ec"},{"index":77,"_id":"58e0290ca94bf87a0920d3ed"},{"index":78,"_id":"58e0290ca94bf87a0920d3ee"},{"index":79,"_id":"58e0290ca94bf87a0920d3ef"},{"index":80,"_id":"58e0290ca94bf87a0920d3f0"},{"index":81,"_id":"58e0290ca94bf87a0920d3f1"},{"index":82,"_id":"58e0290ca94bf87a0920d3f2"},{"index":83,"_id":"58e0290ca94bf87a0920d3f3"},{"index":84,"_id":"58e0290ca94bf87a0920d3f4"},{"index":85,"_id":"58e0290ca94bf87a0920d3f5"},{"index":86,"_id":"58e0290ca94bf87a0920d3f6"},{"index":87,"_id":"58e0290ca94bf87a0920d3f7"},{"index":88,"_id":"58e0290ca94bf87a0920d3f8"},{"index":89,"_id":"58e0290ca94bf87a0920d3f9"},{"index":90,"_id":"58e0290ca94bf87a0920d3fa"},{"index":91,"_id":"58e0290ca94bf87a0920d3fb"},{"index":92,"_id":"58e0290ca94bf87a0920d3fc"},{"index":93,"_id":"58e0290ca94bf87a0920d3fd"},{"index":94,"_id":"58e0290ca94bf87a0920d3fe"},{"index":95,"_id":"58e0290ca94bf87a0920d3ff"},{"index":96,"_id":"58e0290ca94bf87a0920d400"},{"index":97,"_id":"58e0290ca94bf87a0920d401"},{"index":98,"_id":"58e0290ca94bf87a0920d402"},{"index":99,"_id":"58e0290ca94bf87a0920d403"}]}
{"ok":1,"writeErrors":[],"writeConcernErrors":[],"insertedIds":[],"nInserted":0,"nUpserted":100,"nMatched":0,"nModified":0,"nRemoved":0,"upserted":[{"index":0,"_id":"58e02948a94bf87a0920d411"},{"index":1,"_id":"58e02948a94bf87a0920d412"},{"index":2,"_id":"58e02948a94bf87a0920d413"},{"index":3,"_id":"58e02948a94bf87a0920d414"},{"index":4,"_id":"58e02948a94bf87a0920d415"},{"index":5,"_id":"58e02948a94bf87a0920d416"},{"index":6,"_id":"58e02948a94bf87a0920d417"},{"index":7,"_id":"58e02948a94bf87a0920d418"},{"index":8,"_id":"58e02948a94bf87a0920d419"},{"index":9,"_id":"58e02948a94bf87a0920d41a"},{"index":10,"_id":"58e02948a94bf87a0920d41b"},{"index":11,"_id":"58e02948a94bf87a0920d41c"},{"index":12,"_id":"58e02948a94bf87a0920d41d"},{"index":13,"_id":"58e02948a94bf87a0920d41e"},{"index":14,"_id":"58e02948a94bf87a0920d41f"},{"index":15,"_id":"58e02948a94bf87a0920d420"},{"index":16,"_id":"58e02948a94bf87a0920d421"},{"index":17,"_id":"58e02948a94bf87a0920d422"},{"index":18,"_id":"58e02948a94bf87a0920d423"},{"index":19,"_id":"58e02948a94bf87a0920d424"},{"index":20,"_id":"58e02948a94bf87a0920d425"},{"index":21,"_id":"58e02948a94bf87a0920d426"},{"index":22,"_id":"58e02948a94bf87a0920d427"},{"index":23,"_id":"58e02948a94bf87a0920d428"},{"index":24,"_id":"58e02948a94bf87a0920d429"},{"index":25,"_id":"58e02948a94bf87a0920d42a"},{"index":26,"_id":"58e02948a94bf87a0920d42b"},{"index":27,"_id":"58e02948a94bf87a0920d42c"},{"index":28,"_id":"58e02948a94bf87a0920d42d"},{"index":29,"_id":"58e02948a94bf87a0920d42e"},{"index":30,"_id":"58e02948a94bf87a0920d42f"},{"index":31,"_id":"58e02948a94bf87a0920d430"},{"index":32,"_id":"58e02948a94bf87a0920d431"},{"index":33,"_id":"58e02948a94bf87a0920d432"},{"index":34,"_id":"58e02948a94bf87a0920d433"},{"index":35,"_id":"58e02948a94bf87a0920d434"},{"index":36,"_id":"58e02948a94bf87a0920d435"},{"index":37,"_id":"58e02948a94bf87a0920d436"},{"index":38,"_id":"58e02948a94bf87a0920d437"},{"index":39,"_id":"58e02948a94bf87a0920d438"},{"index":40,"_id":"58e02948a94bf87a0920d439"},{"index":41,"_id":"58e02948a94bf87a0920d43a"},{"index":42,"_id":"58e02948a94bf87a0920d43b"},{"index":43,"_id":"58e02948a94bf87a0920d43c"},{"index":44,"_id":"58e02948a94bf87a0920d43d"},{"index":45,"_id":"58e02948a94bf87a0920d43e"},{"index":46,"_id":"58e02948a94bf87a0920d43f"},{"index":47,"_id":"58e02948a94bf87a0920d440"},{"index":48,"_id":"58e02948a94bf87a0920d441"},{"index":49,"_id":"58e02948a94bf87a0920d442"},{"index":50,"_id":"58e02948a94bf87a0920d443"},{"index":51,"_id":"58e02948a94bf87a0920d444"},{"index":52,"_id":"58e02948a94bf87a0920d445"},{"index":53,"_id":"58e02948a94bf87a0920d446"},{"index":54,"_id":"58e02948a94bf87a0920d447"},{"index":55,"_id":"58e02948a94bf87a0920d448"},{"index":56,"_id":"58e02948a94bf87a0920d449"},{"index":57,"_id":"58e02948a94bf87a0920d44a"},{"index":58,"_id":"58e02948a94bf87a0920d44b"},{"index":59,"_id":"58e02948a94bf87a0920d44c"},{"index":60,"_id":"58e02948a94bf87a0920d44d"},{"index":61,"_id":"58e02948a94bf87a0920d44e"},{"index":62,"_id":"58e02948a94bf87a0920d44f"},{"index":63,"_id":"58e02948a94bf87a0920d450"},{"index":64,"_id":"58e02948a94bf87a0920d451"},{"index":65,"_id":"58e02948a94bf87a0920d452"},{"index":66,"_id":"58e02948a94bf87a0920d453"},{"index":67,"_id":"58e02948a94bf87a0920d454"},{"index":68,"_id":"58e02948a94bf87a0920d455"},{"index":69,"_id":"58e02948a94bf87a0920d456"},{"index":70,"_id":"58e02948a94bf87a0920d457"},{"index":71,"_id":"58e02948a94bf87a0920d458"},{"index":72,"_id":"58e02948a94bf87a0920d459"},{"index":73,"_id":"58e02948a94bf87a0920d45a"},{"index":74,"_id":"58e02948a94bf87a0920d45b"},{"index":75,"_id":"58e02948a94bf87a0920d45c"},{"index":76,"_id":"58e02948a94bf87a0920d45d"},{"index":77,"_id":"58e02948a94bf87a0920d45e"},{"index":78,"_id":"58e02948a94bf87a0920d45f"},{"index":79,"_id":"58e02948a94bf87a0920d460"},{"index":80,"_id":"58e02948a94bf87a0920d461"},{"index":81,"_id":"58e02948a94bf87a0920d462"},{"index":82,"_id":"58e02948a94bf87a0920d463"},{"index":83,"_id":"58e02948a94bf87a0920d464"},{"index":84,"_id":"58e02948a94bf87a0920d465"},{"index":85,"_id":"58e02948a94bf87a0920d466"},{"index":86,"_id":"58e02948a94bf87a0920d467"},{"index":87,"_id":"58e02948a94bf87a0920d468"},{"index":88,"_id":"58e02948a94bf87a0920d469"},{"index":89,"_id":"58e02948a94bf87a0920d46a"},{"index":90,"_id":"58e02948a94bf87a0920d46b"},{"index":91,"_id":"58e02948a94bf87a0920d46c"},{"index":92,"_id":"58e02948a94bf87a0920d46d"},{"index":93,"_id":"58e02948a94bf87a0920d46e"},{"index":94,"_id":"58e02948a94bf87a0920d46f"},{"index":95,"_id":"58e02948a94bf87a0920d470"},{"index":96,"_id":"58e02948a94bf87a0920d471"},{"index":97,"_id":"58e02948a94bf87a0920d472"},{"index":98,"_id":"58e02948a94bf87a0920d473"},{"index":99,"_id":"58e02948a94bf87a0920d474"}]}
{"ok":1,"writeErrors":[],"writeConcernErrors":[],"insertedIds":[],"nInserted":0,"nUpserted":100,"nMatched":0,"nModified":0,"nRemoved":0,"upserted":[{"index":0,"_id":"58e02986a94bf87a0920d482"},{"index":1,"_id":"58e02986a94bf87a0920d483"},{"index":2,"_id":"58e02986a94bf87a0920d484"},{"index":3,"_id":"58e02986a94bf87a0920d485"},{"index":4,"_id":"58e02986a94bf87a0920d486"},{"index":5,"_id":"58e02986a94bf87a0920d487"},{"index":6,"_id":"58e02986a94bf87a0920d488"},{"index":7,"_id":"58e02986a94bf87a0920d489"},{"index":8,"_id":"58e02986a94bf87a0920d48a"},{"index":9,"_id":"58e02986a94bf87a0920d48b"},{"index":10,"_id":"58e02986a94bf87a0920d48c"},{"index":11,"_id":"58e02986a94bf87a0920d48d"},{"index":12,"_id":"58e02986a94bf87a0920d48e"},{"index":13,"_id":"58e02986a94bf87a0920d48f"},{"index":14,"_id":"58e02986a94bf87a0920d490"},{"index":15,"_id":"58e02986a94bf87a0920d491"},{"index":16,"_id":"58e02986a94bf87a0920d492"},{"index":17,"_id":"58e02986a94bf87a0920d493"},{"index":18,"_id":"58e02986a94bf87a0920d494"},{"index":19,"_id":"58e02986a94bf87a0920d495"},{"index":20,"_id":"58e02986a94bf87a0920d496"},{"index":21,"_id":"58e02986a94bf87a0920d497"},{"index":22,"_id":"58e02986a94bf87a0920d498"},{"index":23,"_id":"58e02986a94bf87a0920d499"},{"index":24,"_id":"58e02986a94bf87a0920d49a"},{"index":25,"_id":"58e02986a94bf87a0920d49b"},{"index":26,"_id":"58e02986a94bf87a0920d49c"},{"index":27,"_id":"58e02986a94bf87a0920d49d"},{"index":28,"_id":"58e02986a94bf87a0920d49e"},{"index":29,"_id":"58e02986a94bf87a0920d49f"},{"index":30,"_id":"58e02986a94bf87a0920d4a0"},{"index":31,"_id":"58e02986a94bf87a0920d4a1"},{"index":32,"_id":"58e02986a94bf87a0920d4a2"},{"index":33,"_id":"58e02986a94bf87a0920d4a3"},{"index":34,"_id":"58e02986a94bf87a0920d4a4"},{"index":35,"_id":"58e02986a94bf87a0920d4a5"},{"index":36,"_id":"58e02986a94bf87a0920d4a6"},{"index":37,"_id":"58e02986a94bf87a0920d4a7"},{"index":38,"_id":"58e02986a94bf87a0920d4a8"},{"index":39,"_id":"58e02986a94bf87a0920d4a9"},{"index":40,"_id":"58e02986a94bf87a0920d4aa"},{"index":41,"_id":"58e02986a94bf87a0920d4ab"},{"index":42,"_id":"58e02986a94bf87a0920d4ac"},{"index":43,"_id":"58e02986a94bf87a0920d4ad"},{"index":44,"_id":"58e02986a94bf87a0920d4ae"},{"index":45,"_id":"58e02986a94bf87a0920d4af"},{"index":46,"_id":"58e02986a94bf87a0920d4b0"},{"index":47,"_id":"58e02986a94bf87a0920d4b1"},{"index":48,"_id":"58e02986a94bf87a0920d4b2"},{"index":49,"_id":"58e02986a94bf87a0920d4b3"},{"index":50,"_id":"58e02986a94bf87a0920d4b4"},{"index":51,"_id":"58e02986a94bf87a0920d4b5"},{"index":52,"_id":"58e02986a94bf87a0920d4b6"},{"index":53,"_id":"58e02986a94bf87a0920d4b7"},{"index":54,"_id":"58e02986a94bf87a0920d4b8"},{"index":55,"_id":"58e02986a94bf87a0920d4b9"},{"index":56,"_id":"58e02986a94bf87a0920d4ba"},{"index":57,"_id":"58e02986a94bf87a0920d4bb"},{"index":58,"_id":"58e02986a94bf87a0920d4bc"},{"index":59,"_id":"58e02986a94bf87a0920d4bd"},{"index":60,"_id":"58e02986a94bf87a0920d4be"},{"index":61,"_id":"58e02986a94bf87a0920d4bf"},{"index":62,"_id":"58e02986a94bf87a0920d4c0"},{"index":63,"_id":"58e02986a94bf87a0920d4c1"},{"index":64,"_id":"58e02986a94bf87a0920d4c2"},{"index":65,"_id":"58e02986a94bf87a0920d4c3"},{"index":66,"_id":"58e02986a94bf87a0920d4c4"},{"index":67,"_id":"58e02986a94bf87a0920d4c5"},{"index":68,"_id":"58e02986a94bf87a0920d4c6"},{"index":69,"_id":"58e02986a94bf87a0920d4c7"},{"index":70,"_id":"58e02986a94bf87a0920d4c8"},{"index":71,"_id":"58e02986a94bf87a0920d4c9"},{"index":72,"_id":"58e02986a94bf87a0920d4ca"},{"index":73,"_id":"58e02986a94bf87a0920d4cb"},{"index":74,"_id":"58e02986a94bf87a0920d4cc"},{"index":75,"_id":"58e02986a94bf87a0920d4cd"},{"index":76,"_id":"58e02986a94bf87a0920d4ce"},{"index":77,"_id":"58e02986a94bf87a0920d4cf"},{"index":78,"_id":"58e02986a94bf87a0920d4d0"},{"index":79,"_id":"58e02986a94bf87a0920d4d1"},{"index":80,"_id":"58e02986a94bf87a0920d4d2"},{"index":81,"_id":"58e02986a94bf87a0920d4d3"},{"index":82,"_id":"58e02986a94bf87a0920d4d4"},{"index":83,"_id":"58e02986a94bf87a0920d4d5"},{"index":84,"_id":"58e02986a94bf87a0920d4d6"},{"index":85,"_id":"58e02986a94bf87a0920d4d7"},{"index":86,"_id":"58e02986a94bf87a0920d4d8"},{"index":87,"_id":"58e02986a94bf87a0920d4d9"},{"index":88,"_id":"58e02986a94bf87a0920d4da"},{"index":89,"_id":"58e02986a94bf87a0920d4db"},{"index":90,"_id":"58e02986a94bf87a0920d4dc"},{"index":91,"_id":"58e02986a94bf87a0920d4dd"},{"index":92,"_id":"58e02986a94bf87a0920d4de"},{"index":93,"_id":"58e02986a94bf87a0920d4df"},{"index":94,"_id":"58e02986a94bf87a0920d4e0"},{"index":95,"_id":"58e02986a94bf87a0920d4e1"},{"index":96,"_id":"58e02986a94bf87a0920d4e2"},{"index":97,"_id":"58e02986a94bf87a0920d4e3"},{"index":98,"_id":"58e02986a94bf87a0920d4e4"},{"index":99,"_id":"58e02986a94bf87a0920d4e5"}]}
{"ok":1,"writeErrors":[],"writeConcernErrors":[],"insertedIds":[],"nInserted":0,"nUpserted":100,"nMatched":0,"nModified":0,"nRemoved":0,"upserted":[{"index":0,"_id":"58e029c2a94bf87a0920d4f3"},{"index":1,"_id":"58e029c2a94bf87a0920d4f4"},{"index":2,"_id":"58e029c2a94bf87a0920d4f5"},{"index":3,"_id":"58e029c2a94bf87a0920d4f6"},{"index":4,"_id":"58e029c2a94bf87a0920d4f7"},{"index":5,"_id":"58e029c2a94bf87a0920d4f8"},{"index":6,"_id":"58e029c2a94bf87a0920d4f9"},{"index":7,"_id":"58e029c2a94bf87a0920d4fa"},{"index":8,"_id":"58e029c2a94bf87a0920d4fb"},{"index":9,"_id":"58e029c2a94bf87a0920d4fc"},{"index":10,"_id":"58e029c2a94bf87a0920d4fd"},{"index":11,"_id":"58e029c2a94bf87a0920d4fe"},{"index":12,"_id":"58e029c2a94bf87a0920d4ff"},{"index":13,"_id":"58e029c2a94bf87a0920d500"},{"index":14,"_id":"58e029c2a94bf87a0920d501"},{"index":15,"_id":"58e029c2a94bf87a0920d502"},{"index":16,"_id":"58e029c2a94bf87a0920d503"},{"index":17,"_id":"58e029c2a94bf87a0920d504"},{"index":18,"_id":"58e029c2a94bf87a0920d505"},{"index":19,"_id":"58e029c2a94bf87a0920d506"},{"index":20,"_id":"58e029c2a94bf87a0920d507"},{"index":21,"_id":"58e029c2a94bf87a0920d508"},{"index":22,"_id":"58e029c2a94bf87a0920d509"},{"index":23,"_id":"58e029c2a94bf87a0920d50a"},{"index":24,"_id":"58e029c2a94bf87a0920d50b"},{"index":25,"_id":"58e029c2a94bf87a0920d50c"},{"index":26,"_id":"58e029c2a94bf87a0920d50d"},{"index":27,"_id":"58e029c2a94bf87a0920d50e"},{"index":28,"_id":"58e029c2a94bf87a0920d50f"},{"index":29,"_id":"58e029c2a94bf87a0920d510"},{"index":30,"_id":"58e029c2a94bf87a0920d511"},{"index":31,"_id":"58e029c2a94bf87a0920d512"},{"index":32,"_id":"58e029c2a94bf87a0920d513"},{"index":33,"_id":"58e029c2a94bf87a0920d514"},{"index":34,"_id":"58e029c2a94bf87a0920d515"},{"index":35,"_id":"58e029c2a94bf87a0920d516"},{"index":36,"_id":"58e029c2a94bf87a0920d517"},{"index":37,"_id":"58e029c2a94bf87a0920d518"},{"index":38,"_id":"58e029c2a94bf87a0920d519"},{"index":39,"_id":"58e029c2a94bf87a0920d51a"},{"index":40,"_id":"58e029c2a94bf87a0920d51b"},{"index":41,"_id":"58e029c2a94bf87a0920d51c"},{"index":42,"_id":"58e029c2a94bf87a0920d51d"},{"index":43,"_id":"58e029c2a94bf87a0920d51e"},{"index":44,"_id":"58e029c2a94bf87a0920d51f"},{"index":45,"_id":"58e029c2a94bf87a0920d520"},{"index":46,"_id":"58e029c2a94bf87a0920d521"},{"index":47,"_id":"58e029c2a94bf87a0920d522"},{"index":48,"_id":"58e029c2a94bf87a0920d523"},{"index":49,"_id":"58e029c2a94bf87a0920d524"},{"index":50,"_id":"58e029c2a94bf87a0920d525"},{"index":51,"_id":"58e029c2a94bf87a0920d526"},{"index":52,"_id":"58e029c2a94bf87a0920d527"},{"index":53,"_id":"58e029c2a94bf87a0920d528"},{"index":54,"_id":"58e029c2a94bf87a0920d529"},{"index":55,"_id":"58e029c2a94bf87a0920d52a"},{"index":56,"_id":"58e029c2a94bf87a0920d52b"},{"index":57,"_id":"58e029c2a94bf87a0920d52c"},{"index":58,"_id":"58e029c2a94bf87a0920d52d"},{"index":59,"_id":"58e029c2a94bf87a0920d52e"},{"index":60,"_id":"58e029c2a94bf87a0920d52f"},{"index":61,"_id":"58e029c2a94bf87a0920d530"},{"index":62,"_id":"58e029c2a94bf87a0920d531"},{"index":63,"_id":"58e029c2a94bf87a0920d532"},{"index":64,"_id":"58e029c2a94bf87a0920d533"},{"index":65,"_id":"58e029c2a94bf87a0920d534"},{"index":66,"_id":"58e029c2a94bf87a0920d535"},{"index":67,"_id":"58e029c2a94bf87a0920d536"},{"index":68,"_id":"58e029c2a94bf87a0920d537"},{"index":69,"_id":"58e029c2a94bf87a0920d538"},{"index":70,"_id":"58e029c2a94bf87a0920d539"},{"index":71,"_id":"58e029c2a94bf87a0920d53a"},{"index":72,"_id":"58e029c2a94bf87a0920d53b"},{"index":73,"_id":"58e029c2a94bf87a0920d53c"},{"index":74,"_id":"58e029c2a94bf87a0920d53d"},{"index":75,"_id":"58e029c2a94bf87a0920d53e"},{"index":76,"_id":"58e029c2a94bf87a0920d53f"},{"index":77,"_id":"58e029c2a94bf87a0920d540"},{"index":78,"_id":"58e029c2a94bf87a0920d541"},{"index":79,"_id":"58e029c2a94bf87a0920d542"},{"index":80,"_id":"58e029c2a94bf87a0920d543"},{"index":81,"_id":"58e029c2a94bf87a0920d544"},{"index":82,"_id":"58e029c2a94bf87a0920d545"},{"index":83,"_id":"58e029c2a94bf87a0920d546"},{"index":84,"_id":"58e029c2a94bf87a0920d547"},{"index":85,"_id":"58e029c2a94bf87a0920d548"},{"index":86,"_id":"58e029c2a94bf87a0920d549"},{"index":87,"_id":"58e029c2a94bf87a0920d54a"},{"index":88,"_id":"58e029c2a94bf87a0920d54b"},{"index":89,"_id":"58e029c2a94bf87a0920d54c"},{"index":90,"_id":"58e029c2a94bf87a0920d54d"},{"index":91,"_id":"58e029c2a94bf87a0920d54e"},{"index":92,"_id":"58e029c2a94bf87a0920d54f"},{"index":93,"_id":"58e029c2a94bf87a0920d550"},{"index":94,"_id":"58e029c2a94bf87a0920d551"},{"index":95,"_id":"58e029c2a94bf87a0920d552"},{"index":96,"_id":"58e029c2a94bf87a0920d553"},{"index":97,"_id":"58e029c2a94bf87a0920d554"},{"index":98,"_id":"58e029c2a94bf87a0920d555"},{"index":99,"_id":"58e029c2a94bf87a0920d556"}]}
{"ok":1,"writeErrors":[],"writeConcernErrors":[],"insertedIds":[],"nInserted":0,"nUpserted":100,"nMatched":0,"nModified":0,"nRemoved":0,"upserted":[{"index":0,"_id":"58e029ffa94bf87a0920d565"},{"index":1,"_id":"58e029ffa94bf87a0920d566"},{"index":2,"_id":"58e029ffa94bf87a0920d567"},{"index":3,"_id":"58e029ffa94bf87a0920d568"},{"index":4,"_id":"58e029ffa94bf87a0920d569"},{"index":5,"_id":"58e029ffa94bf87a0920d56a"},{"index":6,"_id":"58e029ffa94bf87a0920d56b"},{"index":7,"_id":"58e029ffa94bf87a0920d56c"},{"index":8,"_id":"58e029ffa94bf87a0920d56d"},{"index":9,"_id":"58e029ffa94bf87a0920d56e"},{"index":10,"_id":"58e029ffa94bf87a0920d56f"},{"index":11,"_id":"58e029ffa94bf87a0920d570"},{"index":12,"_id":"58e029ffa94bf87a0920d571"},{"index":13,"_id":"58e029ffa94bf87a0920d572"},{"index":14,"_id":"58e029ffa94bf87a0920d573"},{"index":15,"_id":"58e029ffa94bf87a0920d574"},{"index":16,"_id":"58e029ffa94bf87a0920d575"},{"index":17,"_id":"58e029ffa94bf87a0920d576"},{"index":18,"_id":"58e029ffa94bf87a0920d577"},{"index":19,"_id":"58e029ffa94bf87a0920d578"},{"index":20,"_id":"58e029ffa94bf87a0920d579"},{"index":21,"_id":"58e029ffa94bf87a0920d57a"},{"index":22,"_id":"58e029ffa94bf87a0920d57b"},{"index":23,"_id":"58e029ffa94bf87a0920d57c"},{"index":24,"_id":"58e029ffa94bf87a0920d57d"},{"index":25,"_id":"58e029ffa94bf87a0920d57e"},{"index":26,"_id":"58e029ffa94bf87a0920d57f"},{"index":27,"_id":"58e029ffa94bf87a0920d580"},{"index":28,"_id":"58e029ffa94bf87a0920d581"},{"index":29,"_id":"58e029ffa94bf87a0920d582"},{"index":30,"_id":"58e029ffa94bf87a0920d583"},{"index":31,"_id":"58e029ffa94bf87a0920d584"},{"index":32,"_id":"58e029ffa94bf87a0920d585"},{"index":33,"_id":"58e029ffa94bf87a0920d586"},{"index":34,"_id":"58e029ffa94bf87a0920d587"},{"index":35,"_id":"58e029ffa94bf87a0920d588"},{"index":36,"_id":"58e029ffa94bf87a0920d589"},{"index":37,"_id":"58e029ffa94bf87a0920d58a"},{"index":38,"_id":"58e029ffa94bf87a0920d58b"},{"index":39,"_id":"58e029ffa94bf87a0920d58c"},{"index":40,"_id":"58e029ffa94bf87a0920d58d"},{"index":41,"_id":"58e029ffa94bf87a0920d58e"},{"index":42,"_id":"58e029ffa94bf87a0920d58f"},{"index":43,"_id":"58e029ffa94bf87a0920d590"},{"index":44,"_id":"58e029ffa94bf87a0920d591"},{"index":45,"_id":"58e029ffa94bf87a0920d592"},{"index":46,"_id":"58e029ffa94bf87a0920d593"},{"index":47,"_id":"58e029ffa94bf87a0920d594"},{"index":48,"_id":"58e029ffa94bf87a0920d595"},{"index":49,"_id":"58e029ffa94bf87a0920d596"},{"index":50,"_id":"58e029ffa94bf87a0920d597"},{"index":51,"_id":"58e029ffa94bf87a0920d598"},{"index":52,"_id":"58e029ffa94bf87a0920d599"},{"index":53,"_id":"58e029ffa94bf87a0920d59a"},{"index":54,"_id":"58e029ffa94bf87a0920d59b"},{"index":55,"_id":"58e029ffa94bf87a0920d59c"},{"index":56,"_id":"58e029ffa94bf87a0920d59d"},{"index":57,"_id":"58e029ffa94bf87a0920d59e"},{"index":58,"_id":"58e029ffa94bf87a0920d59f"},{"index":59,"_id":"58e029ffa94bf87a0920d5a0"},{"index":60,"_id":"58e029ffa94bf87a0920d5a1"},{"index":61,"_id":"58e029ffa94bf87a0920d5a2"},{"index":62,"_id":"58e029ffa94bf87a0920d5a3"},{"index":63,"_id":"58e029ffa94bf87a0920d5a4"},{"index":64,"_id":"58e029ffa94bf87a0920d5a5"},{"index":65,"_id":"58e029ffa94bf87a0920d5a6"},{"index":66,"_id":"58e029ffa94bf87a0920d5a7"},{"index":67,"_id":"58e029ffa94bf87a0920d5a8"},{"index":68,"_id":"58e029ffa94bf87a0920d5a9"},{"index":69,"_id":"58e029ffa94bf87a0920d5aa"},{"index":70,"_id":"58e029ffa94bf87a0920d5ab"},{"index":71,"_id":"58e029ffa94bf87a0920d5ac"},{"index":72,"_id":"58e029ffa94bf87a0920d5ad"},{"index":73,"_id":"58e029ffa94bf87a0920d5ae"},{"index":74,"_id":"58e029ffa94bf87a0920d5af"},{"index":75,"_id":"58e029ffa94bf87a0920d5b0"},{"index":76,"_id":"58e029ffa94bf87a0920d5b1"},{"index":77,"_id":"58e029ffa94bf87a0920d5b2"},{"index":78,"_id":"58e029ffa94bf87a0920d5b3"},{"index":79,"_id":"58e029ffa94bf87a0920d5b4"},{"index":80,"_id":"58e029ffa94bf87a0920d5b5"},{"index":81,"_id":"58e029ffa94bf87a0920d5b6"},{"index":82,"_id":"58e029ffa94bf87a0920d5b7"},{"index":83,"_id":"58e029ffa94bf87a0920d5b8"},{"index":84,"_id":"58e029ffa94bf87a0920d5b9"},{"index":85,"_id":"58e029ffa94bf87a0920d5ba"},{"index":86,"_id":"58e029ffa94bf87a0920d5bb"},{"index":87,"_id":"58e029ffa94bf87a0920d5bc"},{"index":88,"_id":"58e029ffa94bf87a0920d5bd"},{"index":89,"_id":"58e029ffa94bf87a0920d5be"},{"index":90,"_id":"58e029ffa94bf87a0920d5bf"},{"index":91,"_id":"58e029ffa94bf87a0920d5c0"},{"index":92,"_id":"58e029ffa94bf87a0920d5c1"},{"index":93,"_id":"58e029ffa94bf87a0920d5c2"},{"index":94,"_id":"58e029ffa94bf87a0920d5c3"},{"index":95,"_id":"58e029ffa94bf87a0920d5c4"},{"index":96,"_id":"58e029ffa94bf87a0920d5c5"},{"index":97,"_id":"58e029ffa94bf87a0920d5c6"},{"index":98,"_id":"58e029ffa94bf87a0920d5c7"},{"index":99,"_id":"58e029ffa94bf87a0920d5c8"}]}
{"ok":1,"writeErrors":[],"writeConcernErrors":[],"insertedIds":[],"nInserted":0,"nUpserted":100,"nMatched":0,"nModified":0,"nRemoved":0,"upserted":[{"index":0,"_id":"58e02a3da94bf87a0920d5d6"},{"index":1,"_id":"58e02a3da94bf87a0920d5d7"},{"index":2,"_id":"58e02a3da94bf87a0920d5d8"},{"index":3,"_id":"58e02a3da94bf87a0920d5d9"},{"index":4,"_id":"58e02a3da94bf87a0920d5da"},{"index":5,"_id":"58e02a3da94bf87a0920d5db"},{"index":6,"_id":"58e02a3da94bf87a0920d5dc"},{"index":7,"_id":"58e02a3da94bf87a0920d5dd"},{"index":8,"_id":"58e02a3da94bf87a0920d5de"},{"index":9,"_id":"58e02a3da94bf87a0920d5df"},{"index":10,"_id":"58e02a3da94bf87a0920d5e0"},{"index":11,"_id":"58e02a3da94bf87a0920d5e1"},{"index":12,"_id":"58e02a3da94bf87a0920d5e2"},{"index":13,"_id":"58e02a3da94bf87a0920d5e3"},{"index":14,"_id":"58e02a3da94bf87a0920d5e4"},{"index":15,"_id":"58e02a3da94bf87a0920d5e5"},{"index":16,"_id":"58e02a3da94bf87a0920d5e6"},{"index":17,"_id":"58e02a3da94bf87a0920d5e7"},{"index":18,"_id":"58e02a3da94bf87a0920d5e8"},{"index":19,"_id":"58e02a3da94bf87a0920d5e9"},{"index":20,"_id":"58e02a3da94bf87a0920d5ea"},{"index":21,"_id":"58e02a3da94bf87a0920d5eb"},{"index":22,"_id":"58e02a3da94bf87a0920d5ec"},{"index":23,"_id":"58e02a3da94bf87a0920d5ed"},{"index":24,"_id":"58e02a3da94bf87a0920d5ee"},{"index":25,"_id":"58e02a3da94bf87a0920d5ef"},{"index":26,"_id":"58e02a3da94bf87a0920d5f0"},{"index":27,"_id":"58e02a3da94bf87a0920d5f1"},{"index":28,"_id":"58e02a3da94bf87a0920d5f2"},{"index":29,"_id":"58e02a3da94bf87a0920d5f3"},{"index":30,"_id":"58e02a3da94bf87a0920d5f4"},{"index":31,"_id":"58e02a3da94bf87a0920d5f5"},{"index":32,"_id":"58e02a3da94bf87a0920d5f6"},{"index":33,"_id":"58e02a3da94bf87a0920d5f7"},{"index":34,"_id":"58e02a3da94bf87a0920d5f8"},{"index":35,"_id":"58e02a3da94bf87a0920d5f9"},{"index":36,"_id":"58e02a3da94bf87a0920d5fa"},{"index":37,"_id":"58e02a3da94bf87a0920d5fb"},{"index":38,"_id":"58e02a3da94bf87a0920d5fc"},{"index":39,"_id":"58e02a3da94bf87a0920d5fd"},{"index":40,"_id":"58e02a3da94bf87a0920d5fe"},{"index":41,"_id":"58e02a3da94bf87a0920d5ff"},{"index":42,"_id":"58e02a3da94bf87a0920d600"},{"index":43,"_id":"58e02a3da94bf87a0920d601"},{"index":44,"_id":"58e02a3da94bf87a0920d602"},{"index":45,"_id":"58e02a3da94bf87a0920d603"},{"index":46,"_id":"58e02a3da94bf87a0920d604"},{"index":47,"_id":"58e02a3da94bf87a0920d605"},{"index":48,"_id":"58e02a3da94bf87a0920d606"},{"index":49,"_id":"58e02a3da94bf87a0920d607"},{"index":50,"_id":"58e02a3da94bf87a0920d608"},{"index":51,"_id":"58e02a3da94bf87a0920d609"},{"index":52,"_id":"58e02a3da94bf87a0920d60a"},{"index":53,"_id":"58e02a3da94bf87a0920d60b"},{"index":54,"_id":"58e02a3da94bf87a0920d60c"},{"index":55,"_id":"58e02a3da94bf87a0920d60d"},{"index":56,"_id":"58e02a3da94bf87a0920d60e"},{"index":57,"_id":"58e02a3da94bf87a0920d60f"},{"index":58,"_id":"58e02a3da94bf87a0920d610"},{"index":59,"_id":"58e02a3da94bf87a0920d611"},{"index":60,"_id":"58e02a3da94bf87a0920d612"},{"index":61,"_id":"58e02a3da94bf87a0920d613"},{"index":62,"_id":"58e02a3da94bf87a0920d614"},{"index":63,"_id":"58e02a3da94bf87a0920d615"},{"index":64,"_id":"58e02a3da94bf87a0920d616"},{"index":65,"_id":"58e02a3da94bf87a0920d617"},{"index":66,"_id":"58e02a3da94bf87a0920d618"},{"index":67,"_id":"58e02a3da94bf87a0920d619"},{"index":68,"_id":"58e02a3da94bf87a0920d61a"},{"index":69,"_id":"58e02a3da94bf87a0920d61b"},{"index":70,"_id":"58e02a3da94bf87a0920d61c"},{"index":71,"_id":"58e02a3da94bf87a0920d61d"},{"index":72,"_id":"58e02a3da94bf87a0920d61e"},{"index":73,"_id":"58e02a3da94bf87a0920d61f"},{"index":74,"_id":"58e02a3da94bf87a0920d620"},{"index":75,"_id":"58e02a3da94bf87a0920d621"},{"index":76,"_id":"58e02a3da94bf87a0920d622"},{"index":77,"_id":"58e02a3da94bf87a0920d623"},{"index":78,"_id":"58e02a3da94bf87a0920d624"},{"index":79,"_id":"58e02a3da94bf87a0920d625"},{"index":80,"_id":"58e02a3da94bf87a0920d626"},{"index":81,"_id":"58e02a3da94bf87a0920d627"},{"index":82,"_id":"58e02a3da94bf87a0920d628"},{"index":83,"_id":"58e02a3da94bf87a0920d629"},{"index":84,"_id":"58e02a3da94bf87a0920d62a"},{"index":85,"_id":"58e02a3da94bf87a0920d62b"},{"index":86,"_id":"58e02a3da94bf87a0920d62c"},{"index":87,"_id":"58e02a3da94bf87a0920d62d"},{"index":88,"_id":"58e02a3da94bf87a0920d62e"},{"index":89,"_id":"58e02a3da94bf87a0920d62f"},{"index":90,"_id":"58e02a3da94bf87a0920d630"},{"index":91,"_id":"58e02a3da94bf87a0920d631"},{"index":92,"_id":"58e02a3da94bf87a0920d632"},{"index":93,"_id":"58e02a3da94bf87a0920d633"},{"index":94,"_id":"58e02a3da94bf87a0920d634"},{"index":95,"_id":"58e02a3da94bf87a0920d635"},{"index":96,"_id":"58e02a3da94bf87a0920d636"},{"index":97,"_id":"58e02a3da94bf87a0920d637"},{"index":98,"_id":"58e02a3da94bf87a0920d638"},{"index":99,"_id":"58e02a3da94bf87a0920d639"}]}
{"ok":1,"writeErrors":[],"writeConcernErrors":[],"insertedIds":[],"nInserted":0,"nUpserted":100,"nMatched":0,"nModified":0,"nRemoved":0,"upserted":[{"index":0,"_id":"58e02a79a94bf87a0920d647"},{"index":1,"_id":"58e02a79a94bf87a0920d648"},{"index":2,"_id":"58e02a79a94bf87a0920d649"},{"index":3,"_id":"58e02a79a94bf87a0920d64a"},{"index":4,"_id":"58e02a79a94bf87a0920d64b"},{"index":5,"_id":"58e02a79a94bf87a0920d64c"},{"index":6,"_id":"58e02a79a94bf87a0920d64d"},{"index":7,"_id":"58e02a79a94bf87a0920d64e"},{"index":8,"_id":"58e02a79a94bf87a0920d64f"},{"index":9,"_id":"58e02a79a94bf87a0920d650"},{"index":10,"_id":"58e02a79a94bf87a0920d651"},{"index":11,"_id":"58e02a79a94bf87a0920d652"},{"index":12,"_id":"58e02a79a94bf87a0920d653"},{"index":13,"_id":"58e02a79a94bf87a0920d654"},{"index":14,"_id":"58e02a79a94bf87a0920d655"},{"index":15,"_id":"58e02a79a94bf87a0920d656"},{"index":16,"_id":"58e02a79a94bf87a0920d657"},{"index":17,"_id":"58e02a79a94bf87a0920d658"},{"index":18,"_id":"58e02a79a94bf87a0920d659"},{"index":19,"_id":"58e02a79a94bf87a0920d65a"},{"index":20,"_id":"58e02a79a94bf87a0920d65b"},{"index":21,"_id":"58e02a79a94bf87a0920d65c"},{"index":22,"_id":"58e02a79a94bf87a0920d65d"},{"index":23,"_id":"58e02a79a94bf87a0920d65e"},{"index":24,"_id":"58e02a79a94bf87a0920d65f"},{"index":25,"_id":"58e02a79a94bf87a0920d660"},{"index":26,"_id":"58e02a79a94bf87a0920d661"},{"index":27,"_id":"58e02a79a94bf87a0920d662"},{"index":28,"_id":"58e02a79a94bf87a0920d663"},{"index":29,"_id":"58e02a79a94bf87a0920d664"},{"index":30,"_id":"58e02a79a94bf87a0920d665"},{"index":31,"_id":"58e02a79a94bf87a0920d666"},{"index":32,"_id":"58e02a79a94bf87a0920d667"},{"index":33,"_id":"58e02a79a94bf87a0920d668"},{"index":34,"_id":"58e02a79a94bf87a0920d669"},{"index":35,"_id":"58e02a79a94bf87a0920d66a"},{"index":36,"_id":"58e02a79a94bf87a0920d66b"},{"index":37,"_id":"58e02a79a94bf87a0920d66c"},{"index":38,"_id":"58e02a79a94bf87a0920d66d"},{"index":39,"_id":"58e02a79a94bf87a0920d66e"},{"index":40,"_id":"58e02a79a94bf87a0920d66f"},{"index":41,"_id":"58e02a79a94bf87a0920d670"},{"index":42,"_id":"58e02a79a94bf87a0920d671"},{"index":43,"_id":"58e02a79a94bf87a0920d672"},{"index":44,"_id":"58e02a79a94bf87a0920d673"},{"index":45,"_id":"58e02a79a94bf87a0920d674"},{"index":46,"_id":"58e02a79a94bf87a0920d675"},{"index":47,"_id":"58e02a79a94bf87a0920d676"},{"index":48,"_id":"58e02a79a94bf87a0920d677"},{"index":49,"_id":"58e02a79a94bf87a0920d678"},{"index":50,"_id":"58e02a79a94bf87a0920d679"},{"index":51,"_id":"58e02a79a94bf87a0920d67a"},{"index":52,"_id":"58e02a79a94bf87a0920d67b"},{"index":53,"_id":"58e02a79a94bf87a0920d67c"},{"index":54,"_id":"58e02a79a94bf87a0920d67d"},{"index":55,"_id":"58e02a79a94bf87a0920d67e"},{"index":56,"_id":"58e02a79a94bf87a0920d67f"},{"index":57,"_id":"58e02a79a94bf87a0920d680"},{"index":58,"_id":"58e02a79a94bf87a0920d681"},{"index":59,"_id":"58e02a79a94bf87a0920d682"},{"index":60,"_id":"58e02a79a94bf87a0920d683"},{"index":61,"_id":"58e02a79a94bf87a0920d684"},{"index":62,"_id":"58e02a79a94bf87a0920d685"},{"index":63,"_id":"58e02a79a94bf87a0920d686"},{"index":64,"_id":"58e02a79a94bf87a0920d687"},{"index":65,"_id":"58e02a79a94bf87a0920d688"},{"index":66,"_id":"58e02a79a94bf87a0920d689"},{"index":67,"_id":"58e02a79a94bf87a0920d68a"},{"index":68,"_id":"58e02a79a94bf87a0920d68b"},{"index":69,"_id":"58e02a79a94bf87a0920d68c"},{"index":70,"_id":"58e02a79a94bf87a0920d68d"},{"index":71,"_id":"58e02a79a94bf87a0920d68e"},{"index":72,"_id":"58e02a79a94bf87a0920d68f"},{"index":73,"_id":"58e02a79a94bf87a0920d690"},{"index":74,"_id":"58e02a79a94bf87a0920d691"},{"index":75,"_id":"58e02a79a94bf87a0920d692"},{"index":76,"_id":"58e02a79a94bf87a0920d693"},{"index":77,"_id":"58e02a79a94bf87a0920d694"},{"index":78,"_id":"58e02a79a94bf87a0920d695"},{"index":79,"_id":"58e02a79a94bf87a0920d696"},{"index":80,"_id":"58e02a79a94bf87a0920d697"},{"index":81,"_id":"58e02a79a94bf87a0920d698"},{"index":82,"_id":"58e02a79a94bf87a0920d699"},{"index":83,"_id":"58e02a79a94bf87a0920d69a"},{"index":84,"_id":"58e02a79a94bf87a0920d69b"},{"index":85,"_id":"58e02a79a94bf87a0920d69c"},{"index":86,"_id":"58e02a79a94bf87a0920d69d"},{"index":87,"_id":"58e02a79a94bf87a0920d69e"},{"index":88,"_id":"58e02a79a94bf87a0920d69f"},{"index":89,"_id":"58e02a79a94bf87a0920d6a0"},{"index":90,"_id":"58e02a79a94bf87a0920d6a1"},{"index":91,"_id":"58e02a79a94bf87a0920d6a2"},{"index":92,"_id":"58e02a79a94bf87a0920d6a3"},{"index":93,"_id":"58e02a79a94bf87a0920d6a4"},{"index":94,"_id":"58e02a79a94bf87a0920d6a5"},{"index":95,"_id":"58e02a79a94bf87a0920d6a6"},{"index":96,"_id":"58e02a79a94bf87a0920d6a7"},{"index":97,"_id":"58e02a79a94bf87a0920d6a8"},{"index":98,"_id":"58e02a79a94bf87a0920d6a9"},{"index":99,"_id":"58e02a79a94bf87a0920d6aa"}]}
{"ok":1,"writeErrors":[],"writeConcernErrors":[],"insertedIds":[],"nInserted":0,"nUpserted":100,"nMatched":0,"nModified":0,"nRemoved":0,"upserted":[{"index":0,"_id":"58e02ab6a94bf87a0920d6b8"},{"index":1,"_id":"58e02ab6a94bf87a0920d6b9"},{"index":2,"_id":"58e02ab6a94bf87a0920d6ba"},{"index":3,"_id":"58e02ab6a94bf87a0920d6bb"},{"index":4,"_id":"58e02ab6a94bf87a0920d6bc"},{"index":5,"_id":"58e02ab6a94bf87a0920d6bd"},{"index":6,"_id":"58e02ab6a94bf87a0920d6be"},{"index":7,"_id":"58e02ab6a94bf87a0920d6bf"},{"index":8,"_id":"58e02ab6a94bf87a0920d6c0"},{"index":9,"_id":"58e02ab6a94bf87a0920d6c1"},{"index":10,"_id":"58e02ab6a94bf87a0920d6c2"},{"index":11,"_id":"58e02ab6a94bf87a0920d6c3"},{"index":12,"_id":"58e02ab6a94bf87a0920d6c4"},{"index":13,"_id":"58e02ab6a94bf87a0920d6c5"},{"index":14,"_id":"58e02ab6a94bf87a0920d6c6"},{"index":15,"_id":"58e02ab6a94bf87a0920d6c7"},{"index":16,"_id":"58e02ab6a94bf87a0920d6c8"},{"index":17,"_id":"58e02ab6a94bf87a0920d6c9"},{"index":18,"_id":"58e02ab6a94bf87a0920d6ca"},{"index":19,"_id":"58e02ab6a94bf87a0920d6cb"},{"index":20,"_id":"58e02ab6a94bf87a0920d6cc"},{"index":21,"_id":"58e02ab6a94bf87a0920d6cd"},{"index":22,"_id":"58e02ab6a94bf87a0920d6ce"},{"index":23,"_id":"58e02ab6a94bf87a0920d6cf"},{"index":24,"_id":"58e02ab6a94bf87a0920d6d0"},{"index":25,"_id":"58e02ab6a94bf87a0920d6d1"},{"index":26,"_id":"58e02ab6a94bf87a0920d6d2"},{"index":27,"_id":"58e02ab6a94bf87a0920d6d3"},{"index":28,"_id":"58e02ab6a94bf87a0920d6d4"},{"index":29,"_id":"58e02ab6a94bf87a0920d6d5"},{"index":30,"_id":"58e02ab6a94bf87a0920d6d6"},{"index":31,"_id":"58e02ab6a94bf87a0920d6d7"},{"index":32,"_id":"58e02ab6a94bf87a0920d6d8"},{"index":33,"_id":"58e02ab6a94bf87a0920d6d9"},{"index":34,"_id":"58e02ab6a94bf87a0920d6da"},{"index":35,"_id":"58e02ab6a94bf87a0920d6db"},{"index":36,"_id":"58e02ab6a94bf87a0920d6dc"},{"index":37,"_id":"58e02ab6a94bf87a0920d6dd"},{"index":38,"_id":"58e02ab6a94bf87a0920d6de"},{"index":39,"_id":"58e02ab6a94bf87a0920d6df"},{"index":40,"_id":"58e02ab6a94bf87a0920d6e0"},{"index":41,"_id":"58e02ab6a94bf87a0920d6e1"},{"index":42,"_id":"58e02ab6a94bf87a0920d6e2"},{"index":43,"_id":"58e02ab6a94bf87a0920d6e3"},{"index":44,"_id":"58e02ab6a94bf87a0920d6e4"},{"index":45,"_id":"58e02ab6a94bf87a0920d6e5"},{"index":46,"_id":"58e02ab6a94bf87a0920d6e6"},{"index":47,"_id":"58e02ab6a94bf87a0920d6e7"},{"index":48,"_id":"58e02ab6a94bf87a0920d6e8"},{"index":49,"_id":"58e02ab6a94bf87a0920d6e9"},{"index":50,"_id":"58e02ab6a94bf87a0920d6ea"},{"index":51,"_id":"58e02ab6a94bf87a0920d6eb"},{"index":52,"_id":"58e02ab6a94bf87a0920d6ec"},{"index":53,"_id":"58e02ab6a94bf87a0920d6ed"},{"index":54,"_id":"58e02ab6a94bf87a0920d6ee"},{"index":55,"_id":"58e02ab6a94bf87a0920d6ef"},{"index":56,"_id":"58e02ab6a94bf87a0920d6f0"},{"index":57,"_id":"58e02ab6a94bf87a0920d6f1"},{"index":58,"_id":"58e02ab6a94bf87a0920d6f2"},{"index":59,"_id":"58e02ab6a94bf87a0920d6f3"},{"index":60,"_id":"58e02ab6a94bf87a0920d6f4"},{"index":61,"_id":"58e02ab6a94bf87a0920d6f5"},{"index":62,"_id":"58e02ab6a94bf87a0920d6f6"},{"index":63,"_id":"58e02ab6a94bf87a0920d6f7"},{"index":64,"_id":"58e02ab6a94bf87a0920d6f8"},{"index":65,"_id":"58e02ab6a94bf87a0920d6f9"},{"index":66,"_id":"58e02ab6a94bf87a0920d6fa"},{"index":67,"_id":"58e02ab6a94bf87a0920d6fb"},{"index":68,"_id":"58e02ab6a94bf87a0920d6fc"},{"index":69,"_id":"58e02ab6a94bf87a0920d6fd"},{"index":70,"_id":"58e02ab6a94bf87a0920d6fe"},{"index":71,"_id":"58e02ab6a94bf87a0920d6ff"},{"index":72,"_id":"58e02ab6a94bf87a0920d700"},{"index":73,"_id":"58e02ab6a94bf87a0920d701"},{"index":74,"_id":"58e02ab6a94bf87a0920d702"},{"index":75,"_id":"58e02ab6a94bf87a0920d703"},{"index":76,"_id":"58e02ab6a94bf87a0920d704"},{"index":77,"_id":"58e02ab6a94bf87a0920d705"},{"index":78,"_id":"58e02ab6a94bf87a0920d706"},{"index":79,"_id":"58e02ab6a94bf87a0920d707"},{"index":80,"_id":"58e02ab6a94bf87a0920d708"},{"index":81,"_id":"58e02ab6a94bf87a0920d709"},{"index":82,"_id":"58e02ab6a94bf87a0920d70a"},{"index":83,"_id":"58e02ab6a94bf87a0920d70b"},{"index":84,"_id":"58e02ab6a94bf87a0920d70c"},{"index":85,"_id":"58e02ab6a94bf87a0920d70d"},{"index":86,"_id":"58e02ab6a94bf87a0920d70e"},{"index":87,"_id":"58e02ab6a94bf87a0920d70f"},{"index":88,"_id":"58e02ab6a94bf87a0920d710"},{"index":89,"_id":"58e02ab6a94bf87a0920d711"},{"index":90,"_id":"58e02ab6a94bf87a0920d712"},{"index":91,"_id":"58e02ab6a94bf87a0920d713"},{"index":92,"_id":"58e02ab6a94bf87a0920d714"},{"index":93,"_id":"58e02ab6a94bf87a0920d715"},{"index":94,"_id":"58e02ab6a94bf87a0920d716"},{"index":95,"_id":"58e02ab6a94bf87a0920d717"},{"index":96,"_id":"58e02ab6a94bf87a0920d718"},{"index":97,"_id":"58e02ab6a94bf87a0920d719"},{"index":98,"_id":"58e02ab6a94bf87a0920d71a"},{"index":99,"_id":"58e02ab6a94bf87a0920d71b"}]}
{"ok":1,"writeErrors":[],"writeConcernErrors":[],"insertedIds":[],"nInserted":0,"nUpserted":100,"nMatched":0,"nModified":0,"nRemoved":0,"upserted":[{"index":0,"_id":"58e02af3a94bf87a0920d729"},{"index":1,"_id":"58e02af3a94bf87a0920d72a"},{"index":2,"_id":"58e02af3a94bf87a0920d72b"},{"index":3,"_id":"58e02af3a94bf87a0920d72c"},{"index":4,"_id":"58e02af3a94bf87a0920d72d"},{"index":5,"_id":"58e02af3a94bf87a0920d72e"},{"index":6,"_id":"58e02af3a94bf87a0920d72f"},{"index":7,"_id":"58e02af3a94bf87a0920d730"},{"index":8,"_id":"58e02af3a94bf87a0920d731"},{"index":9,"_id":"58e02af3a94bf87a0920d732"},{"index":10,"_id":"58e02af3a94bf87a0920d733"},{"index":11,"_id":"58e02af3a94bf87a0920d734"},{"index":12,"_id":"58e02af3a94bf87a0920d735"},{"index":13,"_id":"58e02af3a94bf87a0920d736"},{"index":14,"_id":"58e02af3a94bf87a0920d737"},{"index":15,"_id":"58e02af3a94bf87a0920d738"},{"index":16,"_id":"58e02af3a94bf87a0920d739"},{"index":17,"_id":"58e02af3a94bf87a0920d73a"},{"index":18,"_id":"58e02af3a94bf87a0920d73b"},{"index":19,"_id":"58e02af3a94bf87a0920d73c"},{"index":20,"_id":"58e02af3a94bf87a0920d73d"},{"index":21,"_id":"58e02af3a94bf87a0920d73e"},{"index":22,"_id":"58e02af3a94bf87a0920d73f"},{"index":23,"_id":"58e02af3a94bf87a0920d740"},{"index":24,"_id":"58e02af3a94bf87a0920d741"},{"index":25,"_id":"58e02af3a94bf87a0920d742"},{"index":26,"_id":"58e02af3a94bf87a0920d743"},{"index":27,"_id":"58e02af3a94bf87a0920d744"},{"index":28,"_id":"58e02af3a94bf87a0920d745"},{"index":29,"_id":"58e02af3a94bf87a0920d746"},{"index":30,"_id":"58e02af3a94bf87a0920d747"},{"index":31,"_id":"58e02af3a94bf87a0920d748"},{"index":32,"_id":"58e02af3a94bf87a0920d749"},{"index":33,"_id":"58e02af3a94bf87a0920d74a"},{"index":34,"_id":"58e02af3a94bf87a0920d74b"},{"index":35,"_id":"58e02af3a94bf87a0920d74c"},{"index":36,"_id":"58e02af3a94bf87a0920d74d"},{"index":37,"_id":"58e02af3a94bf87a0920d74e"},{"index":38,"_id":"58e02af3a94bf87a0920d74f"},{"index":39,"_id":"58e02af3a94bf87a0920d750"},{"index":40,"_id":"58e02af3a94bf87a0920d751"},{"index":41,"_id":"58e02af3a94bf87a0920d752"},{"index":42,"_id":"58e02af3a94bf87a0920d753"},{"index":43,"_id":"58e02af3a94bf87a0920d754"},{"index":44,"_id":"58e02af3a94bf87a0920d755"},{"index":45,"_id":"58e02af3a94bf87a0920d756"},{"index":46,"_id":"58e02af3a94bf87a0920d757"},{"index":47,"_id":"58e02af3a94bf87a0920d758"},{"index":48,"_id":"58e02af3a94bf87a0920d759"},{"index":49,"_id":"58e02af3a94bf87a0920d75a"},{"index":50,"_id":"58e02af3a94bf87a0920d75b"},{"index":51,"_id":"58e02af3a94bf87a0920d75c"},{"index":52,"_id":"58e02af3a94bf87a0920d75d"},{"index":53,"_id":"58e02af3a94bf87a0920d75e"},{"index":54,"_id":"58e02af3a94bf87a0920d75f"},{"index":55,"_id":"58e02af3a94bf87a0920d760"},{"index":56,"_id":"58e02af3a94bf87a0920d761"},{"index":57,"_id":"58e02af3a94bf87a0920d762"},{"index":58,"_id":"58e02af3a94bf87a0920d763"},{"index":59,"_id":"58e02af3a94bf87a0920d764"},{"index":60,"_id":"58e02af3a94bf87a0920d765"},{"index":61,"_id":"58e02af3a94bf87a0920d766"},{"index":62,"_id":"58e02af3a94bf87a0920d767"},{"index":63,"_id":"58e02af3a94bf87a0920d768"},{"index":64,"_id":"58e02af3a94bf87a0920d769"},{"index":65,"_id":"58e02af3a94bf87a0920d76a"},{"index":66,"_id":"58e02af3a94bf87a0920d76b"},{"index":67,"_id":"58e02af3a94bf87a0920d76c"},{"index":68,"_id":"58e02af3a94bf87a0920d76d"},{"index":69,"_id":"58e02af3a94bf87a0920d76e"},{"index":70,"_id":"58e02af3a94bf87a0920d76f"},{"index":71,"_id":"58e02af3a94bf87a0920d770"},{"index":72,"_id":"58e02af3a94bf87a0920d771"},{"index":73,"_id":"58e02af3a94bf87a0920d772"},{"index":74,"_id":"58e02af3a94bf87a0920d773"},{"index":75,"_id":"58e02af3a94bf87a0920d774"},{"index":76,"_id":"58e02af3a94bf87a0920d775"},{"index":77,"_id":"58e02af3a94bf87a0920d776"},{"index":78,"_id":"58e02af3a94bf87a0920d777"},{"index":79,"_id":"58e02af3a94bf87a0920d778"},{"index":80,"_id":"58e02af3a94bf87a0920d779"},{"index":81,"_id":"58e02af3a94bf87a0920d77a"},{"index":82,"_id":"58e02af3a94bf87a0920d77b"},{"index":83,"_id":"58e02af3a94bf87a0920d77c"},{"index":84,"_id":"58e02af3a94bf87a0920d77d"},{"index":85,"_id":"58e02af3a94bf87a0920d77e"},{"index":86,"_id":"58e02af3a94bf87a0920d77f"},{"index":87,"_id":"58e02af3a94bf87a0920d780"},{"index":88,"_id":"58e02af3a94bf87a0920d781"},{"index":89,"_id":"58e02af3a94bf87a0920d782"},{"index":90,"_id":"58e02af3a94bf87a0920d783"},{"index":91,"_id":"58e02af3a94bf87a0920d784"},{"index":92,"_id":"58e02af3a94bf87a0920d785"},{"index":93,"_id":"58e02af3a94bf87a0920d786"},{"index":94,"_id":"58e02af3a94bf87a0920d787"},{"index":95,"_id":"58e02af3a94bf87a0920d788"},{"index":96,"_id":"58e02af3a94bf87a0920d789"},{"index":97,"_id":"58e02af3a94bf87a0920d78a"},{"index":98,"_id":"58e02af3a94bf87a0920d78b"},{"index":99,"_id":"58e02af3a94bf87a0920d78c"}]}
{"ok":1,"writeErrors":[],"writeConcernErrors":[],"insertedIds":[],"nInserted":0,"nUpserted":100,"nMatched":0,"nModified":0,"nRemoved":0,"upserted":[{"index":0,"_id":"58e02b30a94bf87a0920d79a"},{"index":1,"_id":"58e02b30a94bf87a0920d79b"},{"index":2,"_id":"58e02b30a94bf87a0920d79c"},{"index":3,"_id":"58e02b30a94bf87a0920d79d"},{"index":4,"_id":"58e02b30a94bf87a0920d79e"},{"index":5,"_id":"58e02b30a94bf87a0920d79f"},{"index":6,"_id":"58e02b30a94bf87a0920d7a0"},{"index":7,"_id":"58e02b30a94bf87a0920d7a1"},{"index":8,"_id":"58e02b30a94bf87a0920d7a2"},{"index":9,"_id":"58e02b30a94bf87a0920d7a3"},{"index":10,"_id":"58e02b30a94bf87a0920d7a4"},{"index":11,"_id":"58e02b30a94bf87a0920d7a5"},{"index":12,"_id":"58e02b30a94bf87a0920d7a6"},{"index":13,"_id":"58e02b30a94bf87a0920d7a7"},{"index":14,"_id":"58e02b30a94bf87a0920d7a8"},{"index":15,"_id":"58e02b30a94bf87a0920d7a9"},{"index":16,"_id":"58e02b30a94bf87a0920d7aa"},{"index":17,"_id":"58e02b30a94bf87a0920d7ab"},{"index":18,"_id":"58e02b30a94bf87a0920d7ac"},{"index":19,"_id":"58e02b30a94bf87a0920d7ad"},{"index":20,"_id":"58e02b30a94bf87a0920d7ae"},{"index":21,"_id":"58e02b30a94bf87a0920d7af"},{"index":22,"_id":"58e02b30a94bf87a0920d7b0"},{"index":23,"_id":"58e02b30a94bf87a0920d7b1"},{"index":24,"_id":"58e02b30a94bf87a0920d7b2"},{"index":25,"_id":"58e02b30a94bf87a0920d7b3"},{"index":26,"_id":"58e02b30a94bf87a0920d7b4"},{"index":27,"_id":"58e02b30a94bf87a0920d7b5"},{"index":28,"_id":"58e02b30a94bf87a0920d7b6"},{"index":29,"_id":"58e02b30a94bf87a0920d7b7"},{"index":30,"_id":"58e02b30a94bf87a0920d7b8"},{"index":31,"_id":"58e02b30a94bf87a0920d7b9"},{"index":32,"_id":"58e02b30a94bf87a0920d7ba"},{"index":33,"_id":"58e02b30a94bf87a0920d7bb"},{"index":34,"_id":"58e02b30a94bf87a0920d7bc"},{"index":35,"_id":"58e02b30a94bf87a0920d7bd"},{"index":36,"_id":"58e02b30a94bf87a0920d7be"},{"index":37,"_id":"58e02b30a94bf87a0920d7bf"},{"index":38,"_id":"58e02b30a94bf87a0920d7c0"},{"index":39,"_id":"58e02b30a94bf87a0920d7c1"},{"index":40,"_id":"58e02b30a94bf87a0920d7c2"},{"index":41,"_id":"58e02b30a94bf87a0920d7c3"},{"index":42,"_id":"58e02b30a94bf87a0920d7c4"},{"index":43,"_id":"58e02b30a94bf87a0920d7c5"},{"index":44,"_id":"58e02b30a94bf87a0920d7c6"},{"index":45,"_id":"58e02b30a94bf87a0920d7c7"},{"index":46,"_id":"58e02b30a94bf87a0920d7c8"},{"index":47,"_id":"58e02b30a94bf87a0920d7c9"},{"index":48,"_id":"58e02b30a94bf87a0920d7ca"},{"index":49,"_id":"58e02b30a94bf87a0920d7cb"},{"index":50,"_id":"58e02b30a94bf87a0920d7cc"},{"index":51,"_id":"58e02b30a94bf87a0920d7cd"},{"index":52,"_id":"58e02b30a94bf87a0920d7ce"},{"index":53,"_id":"58e02b30a94bf87a0920d7cf"},{"index":54,"_id":"58e02b30a94bf87a0920d7d0"},{"index":55,"_id":"58e02b30a94bf87a0920d7d1"},{"index":56,"_id":"58e02b30a94bf87a0920d7d2"},{"index":57,"_id":"58e02b30a94bf87a0920d7d3"},{"index":58,"_id":"58e02b30a94bf87a0920d7d4"},{"index":59,"_id":"58e02b30a94bf87a0920d7d5"},{"index":60,"_id":"58e02b30a94bf87a0920d7d6"},{"index":61,"_id":"58e02b30a94bf87a0920d7d7"},{"index":62,"_id":"58e02b30a94bf87a0920d7d8"},{"index":63,"_id":"58e02b30a94bf87a0920d7d9"},{"index":64,"_id":"58e02b30a94bf87a0920d7da"},{"index":65,"_id":"58e02b30a94bf87a0920d7db"},{"index":66,"_id":"58e02b30a94bf87a0920d7dc"},{"index":67,"_id":"58e02b30a94bf87a0920d7dd"},{"index":68,"_id":"58e02b30a94bf87a0920d7de"},{"index":69,"_id":"58e02b30a94bf87a0920d7df"},{"index":70,"_id":"58e02b30a94bf87a0920d7e0"},{"index":71,"_id":"58e02b30a94bf87a0920d7e1"},{"index":72,"_id":"58e02b30a94bf87a0920d7e2"},{"index":73,"_id":"58e02b30a94bf87a0920d7e3"},{"index":74,"_id":"58e02b30a94bf87a0920d7e4"},{"index":75,"_id":"58e02b30a94bf87a0920d7e5"},{"index":76,"_id":"58e02b30a94bf87a0920d7e6"},{"index":77,"_id":"58e02b30a94bf87a0920d7e7"},{"index":78,"_id":"58e02b30a94bf87a0920d7e8"},{"index":79,"_id":"58e02b30a94bf87a0920d7e9"},{"index":80,"_id":"58e02b30a94bf87a0920d7ea"},{"index":81,"_id":"58e02b30a94bf87a0920d7eb"},{"index":82,"_id":"58e02b30a94bf87a0920d7ec"},{"index":83,"_id":"58e02b30a94bf87a0920d7ed"},{"index":84,"_id":"58e02b30a94bf87a0920d7ee"},{"index":85,"_id":"58e02b30a94bf87a0920d7ef"},{"index":86,"_id":"58e02b30a94bf87a0920d7f0"},{"index":87,"_id":"58e02b30a94bf87a0920d7f1"},{"index":88,"_id":"58e02b30a94bf87a0920d7f2"},{"index":89,"_id":"58e02b30a94bf87a0920d7f3"},{"index":90,"_id":"58e02b30a94bf87a0920d7f4"},{"index":91,"_id":"58e02b30a94bf87a0920d7f5"},{"index":92,"_id":"58e02b30a94bf87a0920d7f6"},{"index":93,"_id":"58e02b30a94bf87a0920d7f7"},{"index":94,"_id":"58e02b30a94bf87a0920d7f8"},{"index":95,"_id":"58e02b30a94bf87a0920d7f9"},{"index":96,"_id":"58e02b30a94bf87a0920d7fa"},{"index":97,"_id":"58e02b30a94bf87a0920d7fb"},{"index":98,"_id":"58e02b30a94bf87a0920d7fc"},{"index":99,"_id":"58e02b30a94bf87a0920d7fd"}]}
{"ok":1,"writeErrors":[],"writeConcernErrors":[],"insertedIds":[],"nInserted":0,"nUpserted":100,"nMatched":0,"nModified":0,"nRemoved":0,"upserted":[{"index":0,"_id":"58e02b6ea94bf87a0920d80c"},{"index":1,"_id":"58e02b6ea94bf87a0920d80d"},{"index":2,"_id":"58e02b6ea94bf87a0920d80e"},{"index":3,"_id":"58e02b6ea94bf87a0920d80f"},{"index":4,"_id":"58e02b6ea94bf87a0920d810"},{"index":5,"_id":"58e02b6ea94bf87a0920d811"},{"index":6,"_id":"58e02b6ea94bf87a0920d812"},{"index":7,"_id":"58e02b6ea94bf87a0920d813"},{"index":8,"_id":"58e02b6ea94bf87a0920d814"},{"index":9,"_id":"58e02b6ea94bf87a0920d815"},{"index":10,"_id":"58e02b6ea94bf87a0920d816"},{"index":11,"_id":"58e02b6ea94bf87a0920d817"},{"index":12,"_id":"58e02b6ea94bf87a0920d818"},{"index":13,"_id":"58e02b6ea94bf87a0920d819"},{"index":14,"_id":"58e02b6ea94bf87a0920d81a"},{"index":15,"_id":"58e02b6ea94bf87a0920d81b"},{"index":16,"_id":"58e02b6ea94bf87a0920d81c"},{"index":17,"_id":"58e02b6ea94bf87a0920d81d"},{"index":18,"_id":"58e02b6ea94bf87a0920d81e"},{"index":19,"_id":"58e02b6ea94bf87a0920d81f"},{"index":20,"_id":"58e02b6ea94bf87a0920d820"},{"index":21,"_id":"58e02b6ea94bf87a0920d821"},{"index":22,"_id":"58e02b6ea94bf87a0920d822"},{"index":23,"_id":"58e02b6ea94bf87a0920d823"},{"index":24,"_id":"58e02b6ea94bf87a0920d824"},{"index":25,"_id":"58e02b6ea94bf87a0920d825"},{"index":26,"_id":"58e02b6ea94bf87a0920d826"},{"index":27,"_id":"58e02b6ea94bf87a0920d827"},{"index":28,"_id":"58e02b6ea94bf87a0920d828"},{"index":29,"_id":"58e02b6ea94bf87a0920d829"},{"index":30,"_id":"58e02b6ea94bf87a0920d82a"},{"index":31,"_id":"58e02b6ea94bf87a0920d82b"},{"index":32,"_id":"58e02b6ea94bf87a0920d82c"},{"index":33,"_id":"58e02b6ea94bf87a0920d82d"},{"index":34,"_id":"58e02b6ea94bf87a0920d82e"},{"index":35,"_id":"58e02b6ea94bf87a0920d82f"},{"index":36,"_id":"58e02b6ea94bf87a0920d830"},{"index":37,"_id":"58e02b6ea94bf87a0920d831"},{"index":38,"_id":"58e02b6ea94bf87a0920d832"},{"index":39,"_id":"58e02b6ea94bf87a0920d833"},{"index":40,"_id":"58e02b6ea94bf87a0920d834"},{"index":41,"_id":"58e02b6ea94bf87a0920d835"},{"index":42,"_id":"58e02b6ea94bf87a0920d836"},{"index":43,"_id":"58e02b6ea94bf87a0920d837"},{"index":44,"_id":"58e02b6ea94bf87a0920d838"},{"index":45,"_id":"58e02b6ea94bf87a0920d839"},{"index":46,"_id":"58e02b6ea94bf87a0920d83a"},{"index":47,"_id":"58e02b6ea94bf87a0920d83b"},{"index":48,"_id":"58e02b6ea94bf87a0920d83c"},{"index":49,"_id":"58e02b6ea94bf87a0920d83d"},{"index":50,"_id":"58e02b6ea94bf87a0920d83e"},{"index":51,"_id":"58e02b6ea94bf87a0920d83f"},{"index":52,"_id":"58e02b6ea94bf87a0920d840"},{"index":53,"_id":"58e02b6ea94bf87a0920d841"},{"index":54,"_id":"58e02b6ea94bf87a0920d842"},{"index":55,"_id":"58e02b6ea94bf87a0920d843"},{"index":56,"_id":"58e02b6ea94bf87a0920d844"},{"index":57,"_id":"58e02b6ea94bf87a0920d845"},{"index":58,"_id":"58e02b6ea94bf87a0920d846"},{"index":59,"_id":"58e02b6ea94bf87a0920d847"},{"index":60,"_id":"58e02b6ea94bf87a0920d848"},{"index":61,"_id":"58e02b6ea94bf87a0920d849"},{"index":62,"_id":"58e02b6ea94bf87a0920d84a"},{"index":63,"_id":"58e02b6ea94bf87a0920d84b"},{"index":64,"_id":"58e02b6ea94bf87a0920d84c"},{"index":65,"_id":"58e02b6ea94bf87a0920d84d"},{"index":66,"_id":"58e02b6ea94bf87a0920d84e"},{"index":67,"_id":"58e02b6ea94bf87a0920d84f"},{"index":68,"_id":"58e02b6ea94bf87a0920d850"},{"index":69,"_id":"58e02b6ea94bf87a0920d851"},{"index":70,"_id":"58e02b6ea94bf87a0920d852"},{"index":71,"_id":"58e02b6ea94bf87a0920d853"},{"index":72,"_id":"58e02b6ea94bf87a0920d854"},{"index":73,"_id":"58e02b6ea94bf87a0920d855"},{"index":74,"_id":"58e02b6ea94bf87a0920d856"},{"index":75,"_id":"58e02b6ea94bf87a0920d857"},{"index":76,"_id":"58e02b6ea94bf87a0920d858"},{"index":77,"_id":"58e02b6ea94bf87a0920d859"},{"index":78,"_id":"58e02b6ea94bf87a0920d85a"},{"index":79,"_id":"58e02b6ea94bf87a0920d85b"},{"index":80,"_id":"58e02b6ea94bf87a0920d85c"},{"index":81,"_id":"58e02b6ea94bf87a0920d85d"},{"index":82,"_id":"58e02b6ea94bf87a0920d85e"},{"index":83,"_id":"58e02b6ea94bf87a0920d85f"},{"index":84,"_id":"58e02b6ea94bf87a0920d860"},{"index":85,"_id":"58e02b6ea94bf87a0920d861"},{"index":86,"_id":"58e02b6ea94bf87a0920d862"},{"index":87,"_id":"58e02b6ea94bf87a0920d863"},{"index":88,"_id":"58e02b6ea94bf87a0920d864"},{"index":89,"_id":"58e02b6ea94bf87a0920d865"},{"index":90,"_id":"58e02b6ea94bf87a0920d866"},{"index":91,"_id":"58e02b6ea94bf87a0920d867"},{"index":92,"_id":"58e02b6ea94bf87a0920d868"},{"index":93,"_id":"58e02b6ea94bf87a0920d869"},{"index":94,"_id":"58e02b6ea94bf87a0920d86a"},{"index":95,"_id":"58e02b6ea94bf87a0920d86b"},{"index":96,"_id":"58e02b6ea94bf87a0920d86c"},{"index":97,"_id":"58e02b6ea94bf87a0920d86d"},{"index":98,"_id":"58e02b6ea94bf87a0920d86e"},{"index":99,"_id":"58e02b6ea94bf87a0920d86f"}]}
{"ok":1,"writeErrors":[],"writeConcernErrors":[],"insertedIds":[],"nInserted":0,"nUpserted":100,"nMatched":0,"nModified":0,"nRemoved":0,"upserted":[{"index":0,"_id":"58e02baaa94bf87a0920d87d"},{"index":1,"_id":"58e02baaa94bf87a0920d87e"},{"index":2,"_id":"58e02baaa94bf87a0920d87f"},{"index":3,"_id":"58e02baaa94bf87a0920d880"},{"index":4,"_id":"58e02baaa94bf87a0920d881"},{"index":5,"_id":"58e02baaa94bf87a0920d882"},{"index":6,"_id":"58e02baaa94bf87a0920d883"},{"index":7,"_id":"58e02baaa94bf87a0920d884"},{"index":8,"_id":"58e02baaa94bf87a0920d885"},{"index":9,"_id":"58e02baaa94bf87a0920d886"},{"index":10,"_id":"58e02baaa94bf87a0920d887"},{"index":11,"_id":"58e02baaa94bf87a0920d888"},{"index":12,"_id":"58e02baaa94bf87a0920d889"},{"index":13,"_id":"58e02baaa94bf87a0920d88a"},{"index":14,"_id":"58e02baaa94bf87a0920d88b"},{"index":15,"_id":"58e02baaa94bf87a0920d88c"},{"index":16,"_id":"58e02baaa94bf87a0920d88d"},{"index":17,"_id":"58e02baaa94bf87a0920d88e"},{"index":18,"_id":"58e02baaa94bf87a0920d88f"},{"index":19,"_id":"58e02baaa94bf87a0920d890"},{"index":20,"_id":"58e02baaa94bf87a0920d891"},{"index":21,"_id":"58e02baaa94bf87a0920d892"},{"index":22,"_id":"58e02baaa94bf87a0920d893"},{"index":23,"_id":"58e02baaa94bf87a0920d894"},{"index":24,"_id":"58e02baaa94bf87a0920d895"},{"index":25,"_id":"58e02baaa94bf87a0920d896"},{"index":26,"_id":"58e02baaa94bf87a0920d897"},{"index":27,"_id":"58e02baaa94bf87a0920d898"},{"index":28,"_id":"58e02baaa94bf87a0920d899"},{"index":29,"_id":"58e02baaa94bf87a0920d89a"},{"index":30,"_id":"58e02baaa94bf87a0920d89b"},{"index":31,"_id":"58e02baaa94bf87a0920d89c"},{"index":32,"_id":"58e02baaa94bf87a0920d89d"},{"index":33,"_id":"58e02baaa94bf87a0920d89e"},{"index":34,"_id":"58e02baaa94bf87a0920d89f"},{"index":35,"_id":"58e02baaa94bf87a0920d8a0"},{"index":36,"_id":"58e02baaa94bf87a0920d8a1"},{"index":37,"_id":"58e02baaa94bf87a0920d8a2"},{"index":38,"_id":"58e02baaa94bf87a0920d8a3"},{"index":39,"_id":"58e02baaa94bf87a0920d8a4"},{"index":40,"_id":"58e02baaa94bf87a0920d8a5"},{"index":41,"_id":"58e02baaa94bf87a0920d8a6"},{"index":42,"_id":"58e02baaa94bf87a0920d8a7"},{"index":43,"_id":"58e02baaa94bf87a0920d8a8"},{"index":44,"_id":"58e02baaa94bf87a0920d8a9"},{"index":45,"_id":"58e02baaa94bf87a0920d8aa"},{"index":46,"_id":"58e02baaa94bf87a0920d8ab"},{"index":47,"_id":"58e02baaa94bf87a0920d8ac"},{"index":48,"_id":"58e02baaa94bf87a0920d8ad"},{"index":49,"_id":"58e02baaa94bf87a0920d8ae"},{"index":50,"_id":"58e02baaa94bf87a0920d8af"},{"index":51,"_id":"58e02baaa94bf87a0920d8b0"},{"index":52,"_id":"58e02baaa94bf87a0920d8b1"},{"index":53,"_id":"58e02baaa94bf87a0920d8b2"},{"index":54,"_id":"58e02baaa94bf87a0920d8b3"},{"index":55,"_id":"58e02baaa94bf87a0920d8b4"},{"index":56,"_id":"58e02baaa94bf87a0920d8b5"},{"index":57,"_id":"58e02baaa94bf87a0920d8b6"},{"index":58,"_id":"58e02baaa94bf87a0920d8b7"},{"index":59,"_id":"58e02baaa94bf87a0920d8b8"},{"index":60,"_id":"58e02baaa94bf87a0920d8b9"},{"index":61,"_id":"58e02baaa94bf87a0920d8ba"},{"index":62,"_id":"58e02baaa94bf87a0920d8bb"},{"index":63,"_id":"58e02baaa94bf87a0920d8bc"},{"index":64,"_id":"58e02baaa94bf87a0920d8bd"},{"index":65,"_id":"58e02baaa94bf87a0920d8be"},{"index":66,"_id":"58e02baaa94bf87a0920d8bf"},{"index":67,"_id":"58e02baaa94bf87a0920d8c0"},{"index":68,"_id":"58e02baaa94bf87a0920d8c1"},{"index":69,"_id":"58e02baaa94bf87a0920d8c2"},{"index":70,"_id":"58e02baaa94bf87a0920d8c3"},{"index":71,"_id":"58e02baaa94bf87a0920d8c4"},{"index":72,"_id":"58e02baaa94bf87a0920d8c5"},{"index":73,"_id":"58e02baaa94bf87a0920d8c6"},{"index":74,"_id":"58e02baaa94bf87a0920d8c7"},{"index":75,"_id":"58e02baaa94bf87a0920d8c8"},{"index":76,"_id":"58e02baaa94bf87a0920d8c9"},{"index":77,"_id":"58e02baaa94bf87a0920d8ca"},{"index":78,"_id":"58e02baaa94bf87a0920d8cb"},{"index":79,"_id":"58e02baaa94bf87a0920d8cc"},{"index":80,"_id":"58e02baaa94bf87a0920d8cd"},{"index":81,"_id":"58e02baaa94bf87a0920d8ce"},{"index":82,"_id":"58e02baaa94bf87a0920d8cf"},{"index":83,"_id":"58e02baaa94bf87a0920d8d0"},{"index":84,"_id":"58e02baaa94bf87a0920d8d1"},{"index":85,"_id":"58e02baaa94bf87a0920d8d2"},{"index":86,"_id":"58e02baaa94bf87a0920d8d3"},{"index":87,"_id":"58e02baaa94bf87a0920d8d4"},{"index":88,"_id":"58e02baaa94bf87a0920d8d5"},{"index":89,"_id":"58e02baaa94bf87a0920d8d6"},{"index":90,"_id":"58e02baaa94bf87a0920d8d7"},{"index":91,"_id":"58e02baaa94bf87a0920d8d8"},{"index":92,"_id":"58e02baaa94bf87a0920d8d9"},{"index":93,"_id":"58e02baaa94bf87a0920d8da"},{"index":94,"_id":"58e02baaa94bf87a0920d8db"},{"index":95,"_id":"58e02baaa94bf87a0920d8dc"},{"index":96,"_id":"58e02baaa94bf87a0920d8dd"},{"index":97,"_id":"58e02baaa94bf87a0920d8de"},{"index":98,"_id":"58e02baaa94bf87a0920d8df"},{"index":99,"_id":"58e02baaa94bf87a0920d8e0"}]}
{"ok":1,"writeErrors":[],"writeConcernErrors":[],"insertedIds":[],"nInserted":0,"nUpserted":100,"nMatched":0,"nModified":0,"nRemoved":0,"upserted":[{"index":0,"_id":"58e02be7a94bf87a0920d8ee"},{"index":1,"_id":"58e02be7a94bf87a0920d8ef"},{"index":2,"_id":"58e02be7a94bf87a0920d8f0"},{"index":3,"_id":"58e02be7a94bf87a0920d8f1"},{"index":4,"_id":"58e02be7a94bf87a0920d8f2"},{"index":5,"_id":"58e02be7a94bf87a0920d8f3"},{"index":6,"_id":"58e02be7a94bf87a0920d8f4"},{"index":7,"_id":"58e02be7a94bf87a0920d8f5"},{"index":8,"_id":"58e02be7a94bf87a0920d8f6"},{"index":9,"_id":"58e02be7a94bf87a0920d8f7"},{"index":10,"_id":"58e02be7a94bf87a0920d8f8"},{"index":11,"_id":"58e02be7a94bf87a0920d8f9"},{"index":12,"_id":"58e02be7a94bf87a0920d8fa"},{"index":13,"_id":"58e02be7a94bf87a0920d8fb"},{"index":14,"_id":"58e02be7a94bf87a0920d8fc"},{"index":15,"_id":"58e02be7a94bf87a0920d8fd"},{"index":16,"_id":"58e02be7a94bf87a0920d8fe"},{"index":17,"_id":"58e02be7a94bf87a0920d8ff"},{"index":18,"_id":"58e02be7a94bf87a0920d900"},{"index":19,"_id":"58e02be7a94bf87a0920d901"},{"index":20,"_id":"58e02be7a94bf87a0920d902"},{"index":21,"_id":"58e02be7a94bf87a0920d903"},{"index":22,"_id":"58e02be7a94bf87a0920d904"},{"index":23,"_id":"58e02be7a94bf87a0920d905"},{"index":24,"_id":"58e02be7a94bf87a0920d906"},{"index":25,"_id":"58e02be7a94bf87a0920d907"},{"index":26,"_id":"58e02be7a94bf87a0920d908"},{"index":27,"_id":"58e02be7a94bf87a0920d909"},{"index":28,"_id":"58e02be7a94bf87a0920d90a"},{"index":29,"_id":"58e02be7a94bf87a0920d90b"},{"index":30,"_id":"58e02be7a94bf87a0920d90c"},{"index":31,"_id":"58e02be7a94bf87a0920d90d"},{"index":32,"_id":"58e02be7a94bf87a0920d90e"},{"index":33,"_id":"58e02be7a94bf87a0920d90f"},{"index":34,"_id":"58e02be7a94bf87a0920d910"},{"index":35,"_id":"58e02be7a94bf87a0920d911"},{"index":36,"_id":"58e02be7a94bf87a0920d912"},{"index":37,"_id":"58e02be7a94bf87a0920d913"},{"index":38,"_id":"58e02be7a94bf87a0920d914"},{"index":39,"_id":"58e02be7a94bf87a0920d915"},{"index":40,"_id":"58e02be7a94bf87a0920d916"},{"index":41,"_id":"58e02be7a94bf87a0920d917"},{"index":42,"_id":"58e02be7a94bf87a0920d918"},{"index":43,"_id":"58e02be7a94bf87a0920d919"},{"index":44,"_id":"58e02be7a94bf87a0920d91a"},{"index":45,"_id":"58e02be7a94bf87a0920d91b"},{"index":46,"_id":"58e02be7a94bf87a0920d91c"},{"index":47,"_id":"58e02be7a94bf87a0920d91d"},{"index":48,"_id":"58e02be7a94bf87a0920d91e"},{"index":49,"_id":"58e02be7a94bf87a0920d91f"},{"index":50,"_id":"58e02be7a94bf87a0920d920"},{"index":51,"_id":"58e02be7a94bf87a0920d921"},{"index":52,"_id":"58e02be7a94bf87a0920d922"},{"index":53,"_id":"58e02be7a94bf87a0920d923"},{"index":54,"_id":"58e02be7a94bf87a0920d924"},{"index":55,"_id":"58e02be7a94bf87a0920d925"},{"index":56,"_id":"58e02be7a94bf87a0920d926"},{"index":57,"_id":"58e02be7a94bf87a0920d927"},{"index":58,"_id":"58e02be7a94bf87a0920d928"},{"index":59,"_id":"58e02be7a94bf87a0920d929"},{"index":60,"_id":"58e02be7a94bf87a0920d92a"},{"index":61,"_id":"58e02be7a94bf87a0920d92b"},{"index":62,"_id":"58e02be7a94bf87a0920d92c"},{"index":63,"_id":"58e02be7a94bf87a0920d92d"},{"index":64,"_id":"58e02be7a94bf87a0920d92e"},{"index":65,"_id":"58e02be7a94bf87a0920d92f"},{"index":66,"_id":"58e02be7a94bf87a0920d930"},{"index":67,"_id":"58e02be7a94bf87a0920d931"},{"index":68,"_id":"58e02be7a94bf87a0920d932"},{"index":69,"_id":"58e02be7a94bf87a0920d933"},{"index":70,"_id":"58e02be7a94bf87a0920d934"},{"index":71,"_id":"58e02be7a94bf87a0920d935"},{"index":72,"_id":"58e02be7a94bf87a0920d936"},{"index":73,"_id":"58e02be7a94bf87a0920d937"},{"index":74,"_id":"58e02be7a94bf87a0920d938"},{"index":75,"_id":"58e02be7a94bf87a0920d939"},{"index":76,"_id":"58e02be7a94bf87a0920d93a"},{"index":77,"_id":"58e02be7a94bf87a0920d93b"},{"index":78,"_id":"58e02be7a94bf87a0920d93c"},{"index":79,"_id":"58e02be7a94bf87a0920d93d"},{"index":80,"_id":"58e02be7a94bf87a0920d93e"},{"index":81,"_id":"58e02be7a94bf87a0920d93f"},{"index":82,"_id":"58e02be7a94bf87a0920d940"},{"index":83,"_id":"58e02be7a94bf87a0920d941"},{"index":84,"_id":"58e02be7a94bf87a0920d942"},{"index":85,"_id":"58e02be7a94bf87a0920d943"},{"index":86,"_id":"58e02be7a94bf87a0920d944"},{"index":87,"_id":"58e02be7a94bf87a0920d945"},{"index":88,"_id":"58e02be7a94bf87a0920d946"},{"index":89,"_id":"58e02be7a94bf87a0920d947"},{"index":90,"_id":"58e02be7a94bf87a0920d948"},{"index":91,"_id":"58e02be7a94bf87a0920d949"},{"index":92,"_id":"58e02be7a94bf87a0920d94a"},{"index":93,"_id":"58e02be7a94bf87a0920d94b"},{"index":94,"_id":"58e02be7a94bf87a0920d94c"},{"index":95,"_id":"58e02be7a94bf87a0920d94d"},{"index":96,"_id":"58e02be7a94bf87a0920d94e"},{"index":97,"_id":"58e02be7a94bf87a0920d94f"},{"index":98,"_id":"58e02be7a94bf87a0920d950"},{"index":99,"_id":"58e02be7a94bf87a0920d951"}]}
{"ok":1,"writeErrors":[],"writeConcernErrors":[],"insertedIds":[],"nInserted":0,"nUpserted":100,"nMatched":0,"nModified":0,"nRemoved":0,"upserted":[{"index":0,"_id":"58e02c24a94bf87a0920d95f"},{"index":1,"_id":"58e02c24a94bf87a0920d960"},{"index":2,"_id":"58e02c24a94bf87a0920d961"},{"index":3,"_id":"58e02c24a94bf87a0920d962"},{"index":4,"_id":"58e02c24a94bf87a0920d963"},{"index":5,"_id":"58e02c24a94bf87a0920d964"},{"index":6,"_id":"58e02c24a94bf87a0920d965"},{"index":7,"_id":"58e02c24a94bf87a0920d966"},{"index":8,"_id":"58e02c24a94bf87a0920d967"},{"index":9,"_id":"58e02c24a94bf87a0920d968"},{"index":10,"_id":"58e02c24a94bf87a0920d969"},{"index":11,"_id":"58e02c24a94bf87a0920d96a"},{"index":12,"_id":"58e02c24a94bf87a0920d96b"},{"index":13,"_id":"58e02c24a94bf87a0920d96c"},{"index":14,"_id":"58e02c24a94bf87a0920d96d"},{"index":15,"_id":"58e02c24a94bf87a0920d96e"},{"index":16,"_id":"58e02c24a94bf87a0920d96f"},{"index":17,"_id":"58e02c24a94bf87a0920d970"},{"index":18,"_id":"58e02c24a94bf87a0920d971"},{"index":19,"_id":"58e02c24a94bf87a0920d972"},{"index":20,"_id":"58e02c24a94bf87a0920d973"},{"index":21,"_id":"58e02c24a94bf87a0920d974"},{"index":22,"_id":"58e02c24a94bf87a0920d975"},{"index":23,"_id":"58e02c24a94bf87a0920d976"},{"index":24,"_id":"58e02c24a94bf87a0920d977"},{"index":25,"_id":"58e02c24a94bf87a0920d978"},{"index":26,"_id":"58e02c24a94bf87a0920d979"},{"index":27,"_id":"58e02c24a94bf87a0920d97a"},{"index":28,"_id":"58e02c24a94bf87a0920d97b"},{"index":29,"_id":"58e02c24a94bf87a0920d97c"},{"index":30,"_id":"58e02c24a94bf87a0920d97d"},{"index":31,"_id":"58e02c24a94bf87a0920d97e"},{"index":32,"_id":"58e02c24a94bf87a0920d97f"},{"index":33,"_id":"58e02c24a94bf87a0920d980"},{"index":34,"_id":"58e02c24a94bf87a0920d981"},{"index":35,"_id":"58e02c24a94bf87a0920d982"},{"index":36,"_id":"58e02c24a94bf87a0920d983"},{"index":37,"_id":"58e02c24a94bf87a0920d984"},{"index":38,"_id":"58e02c24a94bf87a0920d985"},{"index":39,"_id":"58e02c24a94bf87a0920d986"},{"index":40,"_id":"58e02c24a94bf87a0920d987"},{"index":41,"_id":"58e02c24a94bf87a0920d988"},{"index":42,"_id":"58e02c24a94bf87a0920d989"},{"index":43,"_id":"58e02c24a94bf87a0920d98a"},{"index":44,"_id":"58e02c24a94bf87a0920d98b"},{"index":45,"_id":"58e02c24a94bf87a0920d98c"},{"index":46,"_id":"58e02c24a94bf87a0920d98d"},{"index":47,"_id":"58e02c24a94bf87a0920d98e"},{"index":48,"_id":"58e02c24a94bf87a0920d98f"},{"index":49,"_id":"58e02c24a94bf87a0920d990"},{"index":50,"_id":"58e02c24a94bf87a0920d991"},{"index":51,"_id":"58e02c24a94bf87a0920d992"},{"index":52,"_id":"58e02c24a94bf87a0920d993"},{"index":53,"_id":"58e02c24a94bf87a0920d994"},{"index":54,"_id":"58e02c24a94bf87a0920d995"},{"index":55,"_id":"58e02c24a94bf87a0920d996"},{"index":56,"_id":"58e02c24a94bf87a0920d997"},{"index":57,"_id":"58e02c24a94bf87a0920d998"},{"index":58,"_id":"58e02c24a94bf87a0920d999"},{"index":59,"_id":"58e02c24a94bf87a0920d99a"},{"index":60,"_id":"58e02c24a94bf87a0920d99b"},{"index":61,"_id":"58e02c24a94bf87a0920d99c"},{"index":62,"_id":"58e02c24a94bf87a0920d99d"},{"index":63,"_id":"58e02c24a94bf87a0920d99e"},{"index":64,"_id":"58e02c24a94bf87a0920d99f"},{"index":65,"_id":"58e02c24a94bf87a0920d9a0"},{"index":66,"_id":"58e02c24a94bf87a0920d9a1"},{"index":67,"_id":"58e02c24a94bf87a0920d9a2"},{"index":68,"_id":"58e02c24a94bf87a0920d9a3"},{"index":69,"_id":"58e02c24a94bf87a0920d9a4"},{"index":70,"_id":"58e02c24a94bf87a0920d9a5"},{"index":71,"_id":"58e02c24a94bf87a0920d9a6"},{"index":72,"_id":"58e02c24a94bf87a0920d9a7"},{"index":73,"_id":"58e02c24a94bf87a0920d9a8"},{"index":74,"_id":"58e02c24a94bf87a0920d9a9"},{"index":75,"_id":"58e02c24a94bf87a0920d9aa"},{"index":76,"_id":"58e02c24a94bf87a0920d9ab"},{"index":77,"_id":"58e02c24a94bf87a0920d9ac"},{"index":78,"_id":"58e02c24a94bf87a0920d9ad"},{"index":79,"_id":"58e02c24a94bf87a0920d9ae"},{"index":80,"_id":"58e02c24a94bf87a0920d9af"},{"index":81,"_id":"58e02c24a94bf87a0920d9b0"},{"index":82,"_id":"58e02c24a94bf87a0920d9b1"},{"index":83,"_id":"58e02c24a94bf87a0920d9b2"},{"index":84,"_id":"58e02c24a94bf87a0920d9b3"},{"index":85,"_id":"58e02c24a94bf87a0920d9b4"},{"index":86,"_id":"58e02c24a94bf87a0920d9b5"},{"index":87,"_id":"58e02c24a94bf87a0920d9b6"},{"index":88,"_id":"58e02c24a94bf87a0920d9b7"},{"index":89,"_id":"58e02c24a94bf87a0920d9b8"},{"index":90,"_id":"58e02c24a94bf87a0920d9b9"},{"index":91,"_id":"58e02c24a94bf87a0920d9ba"},{"index":92,"_id":"58e02c24a94bf87a0920d9bb"},{"index":93,"_id":"58e02c24a94bf87a0920d9bc"},{"index":94,"_id":"58e02c24a94bf87a0920d9bd"},{"index":95,"_id":"58e02c24a94bf87a0920d9be"},{"index":96,"_id":"58e02c24a94bf87a0920d9bf"},{"index":97,"_id":"58e02c24a94bf87a0920d9c0"},{"index":98,"_id":"58e02c24a94bf87a0920d9c1"},{"index":99,"_id":"58e02c24a94bf87a0920d9c2"}]}
{"ok":1,"writeErrors":[],"writeConcernErrors":[],"insertedIds":[],"nInserted":0,"nUpserted":100,"nMatched":0,"nModified":0,"nRemoved":0,"upserted":[{"index":0,"_id":"58e02c61a94bf87a0920d9d0"},{"index":1,"_id":"58e02c61a94bf87a0920d9d1"},{"index":2,"_id":"58e02c61a94bf87a0920d9d2"},{"index":3,"_id":"58e02c61a94bf87a0920d9d3"},{"index":4,"_id":"58e02c61a94bf87a0920d9d4"},{"index":5,"_id":"58e02c61a94bf87a0920d9d5"},{"index":6,"_id":"58e02c61a94bf87a0920d9d6"},{"index":7,"_id":"58e02c61a94bf87a0920d9d7"},{"index":8,"_id":"58e02c61a94bf87a0920d9d8"},{"index":9,"_id":"58e02c61a94bf87a0920d9d9"},{"index":10,"_id":"58e02c61a94bf87a0920d9da"},{"index":11,"_id":"58e02c61a94bf87a0920d9db"},{"index":12,"_id":"58e02c61a94bf87a0920d9dc"},{"index":13,"_id":"58e02c61a94bf87a0920d9dd"},{"index":14,"_id":"58e02c61a94bf87a0920d9de"},{"index":15,"_id":"58e02c61a94bf87a0920d9df"},{"index":16,"_id":"58e02c61a94bf87a0920d9e0"},{"index":17,"_id":"58e02c61a94bf87a0920d9e1"},{"index":18,"_id":"58e02c61a94bf87a0920d9e2"},{"index":19,"_id":"58e02c61a94bf87a0920d9e3"},{"index":20,"_id":"58e02c61a94bf87a0920d9e4"},{"index":21,"_id":"58e02c61a94bf87a0920d9e5"},{"index":22,"_id":"58e02c61a94bf87a0920d9e6"},{"index":23,"_id":"58e02c61a94bf87a0920d9e7"},{"index":24,"_id":"58e02c61a94bf87a0920d9e8"},{"index":25,"_id":"58e02c61a94bf87a0920d9e9"},{"index":26,"_id":"58e02c61a94bf87a0920d9ea"},{"index":27,"_id":"58e02c61a94bf87a0920d9eb"},{"index":28,"_id":"58e02c61a94bf87a0920d9ec"},{"index":29,"_id":"58e02c61a94bf87a0920d9ed"},{"index":30,"_id":"58e02c61a94bf87a0920d9ee"},{"index":31,"_id":"58e02c61a94bf87a0920d9ef"},{"index":32,"_id":"58e02c61a94bf87a0920d9f0"},{"index":33,"_id":"58e02c61a94bf87a0920d9f1"},{"index":34,"_id":"58e02c61a94bf87a0920d9f2"},{"index":35,"_id":"58e02c61a94bf87a0920d9f3"},{"index":36,"_id":"58e02c61a94bf87a0920d9f4"},{"index":37,"_id":"58e02c61a94bf87a0920d9f5"},{"index":38,"_id":"58e02c61a94bf87a0920d9f6"},{"index":39,"_id":"58e02c61a94bf87a0920d9f7"},{"index":40,"_id":"58e02c61a94bf87a0920d9f8"},{"index":41,"_id":"58e02c61a94bf87a0920d9f9"},{"index":42,"_id":"58e02c61a94bf87a0920d9fa"},{"index":43,"_id":"58e02c61a94bf87a0920d9fb"},{"index":44,"_id":"58e02c61a94bf87a0920d9fc"},{"index":45,"_id":"58e02c61a94bf87a0920d9fd"},{"index":46,"_id":"58e02c61a94bf87a0920d9fe"},{"index":47,"_id":"58e02c61a94bf87a0920d9ff"},{"index":48,"_id":"58e02c61a94bf87a0920da00"},{"index":49,"_id":"58e02c61a94bf87a0920da01"},{"index":50,"_id":"58e02c61a94bf87a0920da02"},{"index":51,"_id":"58e02c61a94bf87a0920da03"},{"index":52,"_id":"58e02c61a94bf87a0920da04"},{"index":53,"_id":"58e02c61a94bf87a0920da05"},{"index":54,"_id":"58e02c61a94bf87a0920da06"},{"index":55,"_id":"58e02c61a94bf87a0920da07"},{"index":56,"_id":"58e02c61a94bf87a0920da08"},{"index":57,"_id":"58e02c61a94bf87a0920da09"},{"index":58,"_id":"58e02c61a94bf87a0920da0a"},{"index":59,"_id":"58e02c61a94bf87a0920da0b"},{"index":60,"_id":"58e02c61a94bf87a0920da0c"},{"index":61,"_id":"58e02c61a94bf87a0920da0d"},{"index":62,"_id":"58e02c61a94bf87a0920da0e"},{"index":63,"_id":"58e02c61a94bf87a0920da0f"},{"index":64,"_id":"58e02c61a94bf87a0920da10"},{"index":65,"_id":"58e02c61a94bf87a0920da11"},{"index":66,"_id":"58e02c61a94bf87a0920da12"},{"index":67,"_id":"58e02c61a94bf87a0920da13"},{"index":68,"_id":"58e02c61a94bf87a0920da14"},{"index":69,"_id":"58e02c61a94bf87a0920da15"},{"index":70,"_id":"58e02c61a94bf87a0920da16"},{"index":71,"_id":"58e02c61a94bf87a0920da17"},{"index":72,"_id":"58e02c61a94bf87a0920da18"},{"index":73,"_id":"58e02c61a94bf87a0920da19"},{"index":74,"_id":"58e02c61a94bf87a0920da1a"},{"index":75,"_id":"58e02c61a94bf87a0920da1b"},{"index":76,"_id":"58e02c61a94bf87a0920da1c"},{"index":77,"_id":"58e02c61a94bf87a0920da1d"},{"index":78,"_id":"58e02c61a94bf87a0920da1e"},{"index":79,"_id":"58e02c61a94bf87a0920da1f"},{"index":80,"_id":"58e02c61a94bf87a0920da20"},{"index":81,"_id":"58e02c61a94bf87a0920da21"},{"index":82,"_id":"58e02c61a94bf87a0920da22"},{"index":83,"_id":"58e02c61a94bf87a0920da23"},{"index":84,"_id":"58e02c61a94bf87a0920da24"},{"index":85,"_id":"58e02c61a94bf87a0920da25"},{"index":86,"_id":"58e02c61a94bf87a0920da26"},{"index":87,"_id":"58e02c61a94bf87a0920da27"},{"index":88,"_id":"58e02c61a94bf87a0920da28"},{"index":89,"_id":"58e02c61a94bf87a0920da29"},{"index":90,"_id":"58e02c61a94bf87a0920da2a"},{"index":91,"_id":"58e02c61a94bf87a0920da2b"},{"index":92,"_id":"58e02c61a94bf87a0920da2c"},{"index":93,"_id":"58e02c61a94bf87a0920da2d"},{"index":94,"_id":"58e02c61a94bf87a0920da2e"},{"index":95,"_id":"58e02c61a94bf87a0920da2f"},{"index":96,"_id":"58e02c61a94bf87a0920da30"},{"index":97,"_id":"58e02c61a94bf87a0920da31"},{"index":98,"_id":"58e02c61a94bf87a0920da32"},{"index":99,"_id":"58e02c61a94bf87a0920da33"}]}
{"ok":1,"writeErrors":[],"writeConcernErrors":[],"insertedIds":[],"nInserted":0,"nUpserted":100,"nMatched":0,"nModified":0,"nRemoved":0,"upserted":[{"index":0,"_id":"58e02c9ea94bf87a0920da41"},{"index":1,"_id":"58e02c9ea94bf87a0920da42"},{"index":2,"_id":"58e02c9ea94bf87a0920da43"},{"index":3,"_id":"58e02c9ea94bf87a0920da44"},{"index":4,"_id":"58e02c9ea94bf87a0920da45"},{"index":5,"_id":"58e02c9ea94bf87a0920da46"},{"index":6,"_id":"58e02c9ea94bf87a0920da47"},{"index":7,"_id":"58e02c9ea94bf87a0920da48"},{"index":8,"_id":"58e02c9ea94bf87a0920da49"},{"index":9,"_id":"58e02c9ea94bf87a0920da4a"},{"index":10,"_id":"58e02c9ea94bf87a0920da4b"},{"index":11,"_id":"58e02c9ea94bf87a0920da4c"},{"index":12,"_id":"58e02c9ea94bf87a0920da4d"},{"index":13,"_id":"58e02c9ea94bf87a0920da4e"},{"index":14,"_id":"58e02c9ea94bf87a0920da4f"},{"index":15,"_id":"58e02c9ea94bf87a0920da50"},{"index":16,"_id":"58e02c9ea94bf87a0920da51"},{"index":17,"_id":"58e02c9ea94bf87a0920da52"},{"index":18,"_id":"58e02c9ea94bf87a0920da53"},{"index":19,"_id":"58e02c9ea94bf87a0920da54"},{"index":20,"_id":"58e02c9ea94bf87a0920da55"},{"index":21,"_id":"58e02c9ea94bf87a0920da56"},{"index":22,"_id":"58e02c9ea94bf87a0920da57"},{"index":23,"_id":"58e02c9ea94bf87a0920da58"},{"index":24,"_id":"58e02c9ea94bf87a0920da59"},{"index":25,"_id":"58e02c9ea94bf87a0920da5a"},{"index":26,"_id":"58e02c9ea94bf87a0920da5b"},{"index":27,"_id":"58e02c9ea94bf87a0920da5c"},{"index":28,"_id":"58e02c9ea94bf87a0920da5d"},{"index":29,"_id":"58e02c9ea94bf87a0920da5e"},{"index":30,"_id":"58e02c9ea94bf87a0920da5f"},{"index":31,"_id":"58e02c9ea94bf87a0920da60"},{"index":32,"_id":"58e02c9ea94bf87a0920da61"},{"index":33,"_id":"58e02c9ea94bf87a0920da62"},{"index":34,"_id":"58e02c9ea94bf87a0920da63"},{"index":35,"_id":"58e02c9ea94bf87a0920da64"},{"index":36,"_id":"58e02c9ea94bf87a0920da65"},{"index":37,"_id":"58e02c9ea94bf87a0920da66"},{"index":38,"_id":"58e02c9ea94bf87a0920da67"},{"index":39,"_id":"58e02c9ea94bf87a0920da68"},{"index":40,"_id":"58e02c9ea94bf87a0920da69"},{"index":41,"_id":"58e02c9ea94bf87a0920da6a"},{"index":42,"_id":"58e02c9ea94bf87a0920da6b"},{"index":43,"_id":"58e02c9ea94bf87a0920da6c"},{"index":44,"_id":"58e02c9ea94bf87a0920da6d"},{"index":45,"_id":"58e02c9ea94bf87a0920da6e"},{"index":46,"_id":"58e02c9ea94bf87a0920da6f"},{"index":47,"_id":"58e02c9ea94bf87a0920da70"},{"index":48,"_id":"58e02c9ea94bf87a0920da71"},{"index":49,"_id":"58e02c9ea94bf87a0920da72"},{"index":50,"_id":"58e02c9ea94bf87a0920da73"},{"index":51,"_id":"58e02c9ea94bf87a0920da74"},{"index":52,"_id":"58e02c9ea94bf87a0920da75"},{"index":53,"_id":"58e02c9ea94bf87a0920da76"},{"index":54,"_id":"58e02c9ea94bf87a0920da77"},{"index":55,"_id":"58e02c9ea94bf87a0920da78"},{"index":56,"_id":"58e02c9ea94bf87a0920da79"},{"index":57,"_id":"58e02c9ea94bf87a0920da7a"},{"index":58,"_id":"58e02c9ea94bf87a0920da7b"},{"index":59,"_id":"58e02c9ea94bf87a0920da7c"},{"index":60,"_id":"58e02c9ea94bf87a0920da7d"},{"index":61,"_id":"58e02c9ea94bf87a0920da7e"},{"index":62,"_id":"58e02c9ea94bf87a0920da7f"},{"index":63,"_id":"58e02c9ea94bf87a0920da80"},{"index":64,"_id":"58e02c9ea94bf87a0920da81"},{"index":65,"_id":"58e02c9ea94bf87a0920da82"},{"index":66,"_id":"58e02c9ea94bf87a0920da83"},{"index":67,"_id":"58e02c9ea94bf87a0920da84"},{"index":68,"_id":"58e02c9ea94bf87a0920da85"},{"index":69,"_id":"58e02c9ea94bf87a0920da86"},{"index":70,"_id":"58e02c9ea94bf87a0920da87"},{"index":71,"_id":"58e02c9ea94bf87a0920da88"},{"index":72,"_id":"58e02c9ea94bf87a0920da89"},{"index":73,"_id":"58e02c9ea94bf87a0920da8a"},{"index":74,"_id":"58e02c9ea94bf87a0920da8b"},{"index":75,"_id":"58e02c9ea94bf87a0920da8c"},{"index":76,"_id":"58e02c9ea94bf87a0920da8d"},{"index":77,"_id":"58e02c9ea94bf87a0920da8e"},{"index":78,"_id":"58e02c9ea94bf87a0920da8f"},{"index":79,"_id":"58e02c9ea94bf87a0920da90"},{"index":80,"_id":"58e02c9ea94bf87a0920da91"},{"index":81,"_id":"58e02c9ea94bf87a0920da92"},{"index":82,"_id":"58e02c9ea94bf87a0920da93"},{"index":83,"_id":"58e02c9ea94bf87a0920da94"},{"index":84,"_id":"58e02c9ea94bf87a0920da95"},{"index":85,"_id":"58e02c9ea94bf87a0920da96"},{"index":86,"_id":"58e02c9ea94bf87a0920da97"},{"index":87,"_id":"58e02c9ea94bf87a0920da98"},{"index":88,"_id":"58e02c9ea94bf87a0920da99"},{"index":89,"_id":"58e02c9ea94bf87a0920da9a"},{"index":90,"_id":"58e02c9ea94bf87a0920da9b"},{"index":91,"_id":"58e02c9ea94bf87a0920da9c"},{"index":92,"_id":"58e02c9ea94bf87a0920da9d"},{"index":93,"_id":"58e02c9ea94bf87a0920da9e"},{"index":94,"_id":"58e02c9ea94bf87a0920da9f"},{"index":95,"_id":"58e02c9ea94bf87a0920daa0"},{"index":96,"_id":"58e02c9ea94bf87a0920daa1"},{"index":97,"_id":"58e02c9ea94bf87a0920daa2"},{"index":98,"_id":"58e02c9ea94bf87a0920daa3"},{"index":99,"_id":"58e02c9ea94bf87a0920daa4"}]}
{"ok":1,"writeErrors":[],"writeConcernErrors":[],"insertedIds":[],"nInserted":0,"nUpserted":100,"nMatched":0,"nModified":0,"nRemoved":0,"upserted":[{"index":0,"_id":"58e02cdba94bf87a0920dab3"},{"index":1,"_id":"58e02cdba94bf87a0920dab4"},{"index":2,"_id":"58e02cdba94bf87a0920dab5"},{"index":3,"_id":"58e02cdba94bf87a0920dab6"},{"index":4,"_id":"58e02cdba94bf87a0920dab7"},{"index":5,"_id":"58e02cdba94bf87a0920dab8"},{"index":6,"_id":"58e02cdba94bf87a0920dab9"},{"index":7,"_id":"58e02cdba94bf87a0920daba"},{"index":8,"_id":"58e02cdba94bf87a0920dabb"},{"index":9,"_id":"58e02cdba94bf87a0920dabc"},{"index":10,"_id":"58e02cdba94bf87a0920dabd"},{"index":11,"_id":"58e02cdba94bf87a0920dabe"},{"index":12,"_id":"58e02cdba94bf87a0920dabf"},{"index":13,"_id":"58e02cdba94bf87a0920dac0"},{"index":14,"_id":"58e02cdba94bf87a0920dac1"},{"index":15,"_id":"58e02cdba94bf87a0920dac2"},{"index":16,"_id":"58e02cdba94bf87a0920dac3"},{"index":17,"_id":"58e02cdba94bf87a0920dac4"},{"index":18,"_id":"58e02cdba94bf87a0920dac5"},{"index":19,"_id":"58e02cdba94bf87a0920dac6"},{"index":20,"_id":"58e02cdba94bf87a0920dac7"},{"index":21,"_id":"58e02cdba94bf87a0920dac8"},{"index":22,"_id":"58e02cdba94bf87a0920dac9"},{"index":23,"_id":"58e02cdba94bf87a0920daca"},{"index":24,"_id":"58e02cdba94bf87a0920dacb"},{"index":25,"_id":"58e02cdba94bf87a0920dacc"},{"index":26,"_id":"58e02cdba94bf87a0920dacd"},{"index":27,"_id":"58e02cdba94bf87a0920dace"},{"index":28,"_id":"58e02cdba94bf87a0920dacf"},{"index":29,"_id":"58e02cdba94bf87a0920dad0"},{"index":30,"_id":"58e02cdba94bf87a0920dad1"},{"index":31,"_id":"58e02cdba94bf87a0920dad2"},{"index":32,"_id":"58e02cdba94bf87a0920dad3"},{"index":33,"_id":"58e02cdba94bf87a0920dad4"},{"index":34,"_id":"58e02cdba94bf87a0920dad5"},{"index":35,"_id":"58e02cdba94bf87a0920dad6"},{"index":36,"_id":"58e02cdba94bf87a0920dad7"},{"index":37,"_id":"58e02cdba94bf87a0920dad8"},{"index":38,"_id":"58e02cdba94bf87a0920dad9"},{"index":39,"_id":"58e02cdba94bf87a0920dada"},{"index":40,"_id":"58e02cdba94bf87a0920dadb"},{"index":41,"_id":"58e02cdba94bf87a0920dadc"},{"index":42,"_id":"58e02cdba94bf87a0920dadd"},{"index":43,"_id":"58e02cdca94bf87a0920dade"},{"index":44,"_id":"58e02cdca94bf87a0920dadf"},{"index":45,"_id":"58e02cdca94bf87a0920dae0"},{"index":46,"_id":"58e02cdca94bf87a0920dae1"},{"index":47,"_id":"58e02cdca94bf87a0920dae2"},{"index":48,"_id":"58e02cdca94bf87a0920dae3"},{"index":49,"_id":"58e02cdca94bf87a0920dae4"},{"index":50,"_id":"58e02cdca94bf87a0920dae5"},{"index":51,"_id":"58e02cdca94bf87a0920dae6"},{"index":52,"_id":"58e02cdca94bf87a0920dae7"},{"index":53,"_id":"58e02cdca94bf87a0920dae8"},{"index":54,"_id":"58e02cdca94bf87a0920dae9"},{"index":55,"_id":"58e02cdca94bf87a0920daea"},{"index":56,"_id":"58e02cdca94bf87a0920daeb"},{"index":57,"_id":"58e02cdca94bf87a0920daec"},{"index":58,"_id":"58e02cdca94bf87a0920daed"},{"index":59,"_id":"58e02cdca94bf87a0920daee"},{"index":60,"_id":"58e02cdca94bf87a0920daef"},{"index":61,"_id":"58e02cdca94bf87a0920daf0"},{"index":62,"_id":"58e02cdca94bf87a0920daf1"},{"index":63,"_id":"58e02cdca94bf87a0920daf2"},{"index":64,"_id":"58e02cdca94bf87a0920daf3"},{"index":65,"_id":"58e02cdca94bf87a0920daf4"},{"index":66,"_id":"58e02cdca94bf87a0920daf5"},{"index":67,"_id":"58e02cdca94bf87a0920daf6"},{"index":68,"_id":"58e02cdca94bf87a0920daf7"},{"index":69,"_id":"58e02cdca94bf87a0920daf8"},{"index":70,"_id":"58e02cdca94bf87a0920daf9"},{"index":71,"_id":"58e02cdca94bf87a0920dafa"},{"index":72,"_id":"58e02cdca94bf87a0920dafb"},{"index":73,"_id":"58e02cdca94bf87a0920dafc"},{"index":74,"_id":"58e02cdca94bf87a0920dafd"},{"index":75,"_id":"58e02cdca94bf87a0920dafe"},{"index":76,"_id":"58e02cdca94bf87a0920daff"},{"index":77,"_id":"58e02cdca94bf87a0920db00"},{"index":78,"_id":"58e02cdca94bf87a0920db01"},{"index":79,"_id":"58e02cdca94bf87a0920db02"},{"index":80,"_id":"58e02cdca94bf87a0920db03"},{"index":81,"_id":"58e02cdca94bf87a0920db04"},{"index":82,"_id":"58e02cdca94bf87a0920db05"},{"index":83,"_id":"58e02cdca94bf87a0920db06"},{"index":84,"_id":"58e02cdca94bf87a0920db07"},{"index":85,"_id":"58e02cdca94bf87a0920db08"},{"index":86,"_id":"58e02cdca94bf87a0920db09"},{"index":87,"_id":"58e02cdca94bf87a0920db0a"},{"index":88,"_id":"58e02cdca94bf87a0920db0b"},{"index":89,"_id":"58e02cdca94bf87a0920db0c"},{"index":90,"_id":"58e02cdca94bf87a0920db0d"},{"index":91,"_id":"58e02cdca94bf87a0920db0e"},{"index":92,"_id":"58e02cdca94bf87a0920db0f"},{"index":93,"_id":"58e02cdca94bf87a0920db10"},{"index":94,"_id":"58e02cdca94bf87a0920db11"},{"index":95,"_id":"58e02cdca94bf87a0920db12"},{"index":96,"_id":"58e02cdca94bf87a0920db13"},{"index":97,"_id":"58e02cdca94bf87a0920db14"},{"index":98,"_id":"58e02cdca94bf87a0920db15"},{"index":99,"_id":"58e02cdca94bf87a0920db16"}]}
{"ok":1,"writeErrors":[],"writeConcernErrors":[],"insertedIds":[],"nInserted":0,"nUpserted":100,"nMatched":0,"nModified":0,"nRemoved":0,"upserted":[{"index":0,"_id":"58e02d18a94bf87a0920db24"},{"index":1,"_id":"58e02d18a94bf87a0920db25"},{"index":2,"_id":"58e02d18a94bf87a0920db26"},{"index":3,"_id":"58e02d18a94bf87a0920db27"},{"index":4,"_id":"58e02d18a94bf87a0920db28"},{"index":5,"_id":"58e02d18a94bf87a0920db29"},{"index":6,"_id":"58e02d18a94bf87a0920db2a"},{"index":7,"_id":"58e02d18a94bf87a0920db2b"},{"index":8,"_id":"58e02d18a94bf87a0920db2c"},{"index":9,"_id":"58e02d18a94bf87a0920db2d"},{"index":10,"_id":"58e02d18a94bf87a0920db2e"},{"index":11,"_id":"58e02d18a94bf87a0920db2f"},{"index":12,"_id":"58e02d18a94bf87a0920db30"},{"index":13,"_id":"58e02d18a94bf87a0920db31"},{"index":14,"_id":"58e02d18a94bf87a0920db32"},{"index":15,"_id":"58e02d18a94bf87a0920db33"},{"index":16,"_id":"58e02d18a94bf87a0920db34"},{"index":17,"_id":"58e02d18a94bf87a0920db35"},{"index":18,"_id":"58e02d18a94bf87a0920db36"},{"index":19,"_id":"58e02d18a94bf87a0920db37"},{"index":20,"_id":"58e02d18a94bf87a0920db38"},{"index":21,"_id":"58e02d18a94bf87a0920db39"},{"index":22,"_id":"58e02d18a94bf87a0920db3a"},{"index":23,"_id":"58e02d18a94bf87a0920db3b"},{"index":24,"_id":"58e02d18a94bf87a0920db3c"},{"index":25,"_id":"58e02d18a94bf87a0920db3d"},{"index":26,"_id":"58e02d18a94bf87a0920db3e"},{"index":27,"_id":"58e02d18a94bf87a0920db3f"},{"index":28,"_id":"58e02d18a94bf87a0920db40"},{"index":29,"_id":"58e02d18a94bf87a0920db41"},{"index":30,"_id":"58e02d18a94bf87a0920db42"},{"index":31,"_id":"58e02d18a94bf87a0920db43"},{"index":32,"_id":"58e02d18a94bf87a0920db44"},{"index":33,"_id":"58e02d18a94bf87a0920db45"},{"index":34,"_id":"58e02d18a94bf87a0920db46"},{"index":35,"_id":"58e02d18a94bf87a0920db47"},{"index":36,"_id":"58e02d18a94bf87a0920db48"},{"index":37,"_id":"58e02d18a94bf87a0920db49"},{"index":38,"_id":"58e02d18a94bf87a0920db4a"},{"index":39,"_id":"58e02d18a94bf87a0920db4b"},{"index":40,"_id":"58e02d18a94bf87a0920db4c"},{"index":41,"_id":"58e02d18a94bf87a0920db4d"},{"index":42,"_id":"58e02d18a94bf87a0920db4e"},{"index":43,"_id":"58e02d18a94bf87a0920db4f"},{"index":44,"_id":"58e02d18a94bf87a0920db50"},{"index":45,"_id":"58e02d18a94bf87a0920db51"},{"index":46,"_id":"58e02d18a94bf87a0920db52"},{"index":47,"_id":"58e02d18a94bf87a0920db53"},{"index":48,"_id":"58e02d18a94bf87a0920db54"},{"index":49,"_id":"58e02d18a94bf87a0920db55"},{"index":50,"_id":"58e02d18a94bf87a0920db56"},{"index":51,"_id":"58e02d18a94bf87a0920db57"},{"index":52,"_id":"58e02d18a94bf87a0920db58"},{"index":53,"_id":"58e02d18a94bf87a0920db59"},{"index":54,"_id":"58e02d18a94bf87a0920db5a"},{"index":55,"_id":"58e02d18a94bf87a0920db5b"},{"index":56,"_id":"58e02d18a94bf87a0920db5c"},{"index":57,"_id":"58e02d18a94bf87a0920db5d"},{"index":58,"_id":"58e02d18a94bf87a0920db5e"},{"index":59,"_id":"58e02d18a94bf87a0920db5f"},{"index":60,"_id":"58e02d18a94bf87a0920db60"},{"index":61,"_id":"58e02d18a94bf87a0920db61"},{"index":62,"_id":"58e02d18a94bf87a0920db62"},{"index":63,"_id":"58e02d18a94bf87a0920db63"},{"index":64,"_id":"58e02d18a94bf87a0920db64"},{"index":65,"_id":"58e02d18a94bf87a0920db65"},{"index":66,"_id":"58e02d18a94bf87a0920db66"},{"index":67,"_id":"58e02d18a94bf87a0920db67"},{"index":68,"_id":"58e02d18a94bf87a0920db68"},{"index":69,"_id":"58e02d18a94bf87a0920db69"},{"index":70,"_id":"58e02d18a94bf87a0920db6a"},{"index":71,"_id":"58e02d18a94bf87a0920db6b"},{"index":72,"_id":"58e02d18a94bf87a0920db6c"},{"index":73,"_id":"58e02d18a94bf87a0920db6d"},{"index":74,"_id":"58e02d18a94bf87a0920db6e"},{"index":75,"_id":"58e02d18a94bf87a0920db6f"},{"index":76,"_id":"58e02d18a94bf87a0920db70"},{"index":77,"_id":"58e02d18a94bf87a0920db71"},{"index":78,"_id":"58e02d18a94bf87a0920db72"},{"index":79,"_id":"58e02d18a94bf87a0920db73"},{"index":80,"_id":"58e02d18a94bf87a0920db74"},{"index":81,"_id":"58e02d18a94bf87a0920db75"},{"index":82,"_id":"58e02d18a94bf87a0920db76"},{"index":83,"_id":"58e02d18a94bf87a0920db77"},{"index":84,"_id":"58e02d18a94bf87a0920db78"},{"index":85,"_id":"58e02d18a94bf87a0920db79"},{"index":86,"_id":"58e02d18a94bf87a0920db7a"},{"index":87,"_id":"58e02d18a94bf87a0920db7b"},{"index":88,"_id":"58e02d18a94bf87a0920db7c"},{"index":89,"_id":"58e02d18a94bf87a0920db7d"},{"index":90,"_id":"58e02d18a94bf87a0920db7e"},{"index":91,"_id":"58e02d18a94bf87a0920db7f"},{"index":92,"_id":"58e02d18a94bf87a0920db80"},{"index":93,"_id":"58e02d18a94bf87a0920db81"},{"index":94,"_id":"58e02d18a94bf87a0920db82"},{"index":95,"_id":"58e02d18a94bf87a0920db83"},{"index":96,"_id":"58e02d18a94bf87a0920db84"},{"index":97,"_id":"58e02d18a94bf87a0920db85"},{"index":98,"_id":"58e02d18a94bf87a0920db86"},{"index":99,"_id":"58e02d18a94bf87a0920db87"}]}
{"ok":1,"writeErrors":[],"writeConcernErrors":[],"insertedIds":[],"nInserted":0,"nUpserted":100,"nMatched":0,"nModified":0,"nRemoved":0,"upserted":[{"index":0,"_id":"58e02d56a94bf87a0920db95"},{"index":1,"_id":"58e02d56a94bf87a0920db96"},{"index":2,"_id":"58e02d56a94bf87a0920db97"},{"index":3,"_id":"58e02d56a94bf87a0920db98"},{"index":4,"_id":"58e02d56a94bf87a0920db99"},{"index":5,"_id":"58e02d56a94bf87a0920db9a"},{"index":6,"_id":"58e02d56a94bf87a0920db9b"},{"index":7,"_id":"58e02d56a94bf87a0920db9c"},{"index":8,"_id":"58e02d56a94bf87a0920db9d"},{"index":9,"_id":"58e02d56a94bf87a0920db9e"},{"index":10,"_id":"58e02d56a94bf87a0920db9f"},{"index":11,"_id":"58e02d56a94bf87a0920dba0"},{"index":12,"_id":"58e02d56a94bf87a0920dba1"},{"index":13,"_id":"58e02d56a94bf87a0920dba2"},{"index":14,"_id":"58e02d56a94bf87a0920dba3"},{"index":15,"_id":"58e02d56a94bf87a0920dba4"},{"index":16,"_id":"58e02d56a94bf87a0920dba5"},{"index":17,"_id":"58e02d56a94bf87a0920dba6"},{"index":18,"_id":"58e02d56a94bf87a0920dba7"},{"index":19,"_id":"58e02d56a94bf87a0920dba8"},{"index":20,"_id":"58e02d56a94bf87a0920dba9"},{"index":21,"_id":"58e02d56a94bf87a0920dbaa"},{"index":22,"_id":"58e02d56a94bf87a0920dbab"},{"index":23,"_id":"58e02d56a94bf87a0920dbac"},{"index":24,"_id":"58e02d56a94bf87a0920dbad"},{"index":25,"_id":"58e02d56a94bf87a0920dbae"},{"index":26,"_id":"58e02d56a94bf87a0920dbaf"},{"index":27,"_id":"58e02d56a94bf87a0920dbb0"},{"index":28,"_id":"58e02d56a94bf87a0920dbb1"},{"index":29,"_id":"58e02d56a94bf87a0920dbb2"},{"index":30,"_id":"58e02d56a94bf87a0920dbb3"},{"index":31,"_id":"58e02d56a94bf87a0920dbb4"},{"index":32,"_id":"58e02d56a94bf87a0920dbb5"},{"index":33,"_id":"58e02d56a94bf87a0920dbb6"},{"index":34,"_id":"58e02d56a94bf87a0920dbb7"},{"index":35,"_id":"58e02d56a94bf87a0920dbb8"},{"index":36,"_id":"58e02d56a94bf87a0920dbb9"},{"index":37,"_id":"58e02d56a94bf87a0920dbba"},{"index":38,"_id":"58e02d56a94bf87a0920dbbb"},{"index":39,"_id":"58e02d56a94bf87a0920dbbc"},{"index":40,"_id":"58e02d56a94bf87a0920dbbd"},{"index":41,"_id":"58e02d56a94bf87a0920dbbe"},{"index":42,"_id":"58e02d56a94bf87a0920dbbf"},{"index":43,"_id":"58e02d56a94bf87a0920dbc0"},{"index":44,"_id":"58e02d56a94bf87a0920dbc1"},{"index":45,"_id":"58e02d56a94bf87a0920dbc2"},{"index":46,"_id":"58e02d56a94bf87a0920dbc3"},{"index":47,"_id":"58e02d56a94bf87a0920dbc4"},{"index":48,"_id":"58e02d56a94bf87a0920dbc5"},{"index":49,"_id":"58e02d56a94bf87a0920dbc6"},{"index":50,"_id":"58e02d56a94bf87a0920dbc7"},{"index":51,"_id":"58e02d56a94bf87a0920dbc8"},{"index":52,"_id":"58e02d56a94bf87a0920dbc9"},{"index":53,"_id":"58e02d56a94bf87a0920dbca"},{"index":54,"_id":"58e02d56a94bf87a0920dbcb"},{"index":55,"_id":"58e02d56a94bf87a0920dbcc"},{"index":56,"_id":"58e02d56a94bf87a0920dbcd"},{"index":57,"_id":"58e02d56a94bf87a0920dbce"},{"index":58,"_id":"58e02d56a94bf87a0920dbcf"},{"index":59,"_id":"58e02d56a94bf87a0920dbd0"},{"index":60,"_id":"58e02d56a94bf87a0920dbd1"},{"index":61,"_id":"58e02d56a94bf87a0920dbd2"},{"index":62,"_id":"58e02d56a94bf87a0920dbd3"},{"index":63,"_id":"58e02d56a94bf87a0920dbd4"},{"index":64,"_id":"58e02d56a94bf87a0920dbd5"},{"index":65,"_id":"58e02d56a94bf87a0920dbd6"},{"index":66,"_id":"58e02d56a94bf87a0920dbd7"},{"index":67,"_id":"58e02d56a94bf87a0920dbd8"},{"index":68,"_id":"58e02d56a94bf87a0920dbd9"},{"index":69,"_id":"58e02d56a94bf87a0920dbda"},{"index":70,"_id":"58e02d56a94bf87a0920dbdb"},{"index":71,"_id":"58e02d56a94bf87a0920dbdc"},{"index":72,"_id":"58e02d56a94bf87a0920dbdd"},{"index":73,"_id":"58e02d56a94bf87a0920dbde"},{"index":74,"_id":"58e02d56a94bf87a0920dbdf"},{"index":75,"_id":"58e02d56a94bf87a0920dbe0"},{"index":76,"_id":"58e02d56a94bf87a0920dbe1"},{"index":77,"_id":"58e02d56a94bf87a0920dbe2"},{"index":78,"_id":"58e02d56a94bf87a0920dbe3"},{"index":79,"_id":"58e02d56a94bf87a0920dbe4"},{"index":80,"_id":"58e02d56a94bf87a0920dbe5"},{"index":81,"_id":"58e02d56a94bf87a0920dbe6"},{"index":82,"_id":"58e02d56a94bf87a0920dbe7"},{"index":83,"_id":"58e02d56a94bf87a0920dbe8"},{"index":84,"_id":"58e02d56a94bf87a0920dbe9"},{"index":85,"_id":"58e02d56a94bf87a0920dbea"},{"index":86,"_id":"58e02d56a94bf87a0920dbeb"},{"index":87,"_id":"58e02d56a94bf87a0920dbec"},{"index":88,"_id":"58e02d56a94bf87a0920dbed"},{"index":89,"_id":"58e02d56a94bf87a0920dbee"},{"index":90,"_id":"58e02d56a94bf87a0920dbef"},{"index":91,"_id":"58e02d56a94bf87a0920dbf0"},{"index":92,"_id":"58e02d56a94bf87a0920dbf1"},{"index":93,"_id":"58e02d56a94bf87a0920dbf2"},{"index":94,"_id":"58e02d56a94bf87a0920dbf3"},{"index":95,"_id":"58e02d56a94bf87a0920dbf4"},{"index":96,"_id":"58e02d56a94bf87a0920dbf5"},{"index":97,"_id":"58e02d56a94bf87a0920dbf6"},{"index":98,"_id":"58e02d56a94bf87a0920dbf7"},{"index":99,"_id":"58e02d56a94bf87a0920dbf8"}]}
{"ok":1,"writeErrors":[],"writeConcernErrors":[],"insertedIds":[],"nInserted":0,"nUpserted":100,"nMatched":0,"nModified":0,"nRemoved":0,"upserted":[{"index":0,"_id":"58e032d3a94bf87a0920dc06"},{"index":1,"_id":"58e032d3a94bf87a0920dc07"},{"index":2,"_id":"58e032d3a94bf87a0920dc08"},{"index":3,"_id":"58e032d3a94bf87a0920dc09"},{"index":4,"_id":"58e032d3a94bf87a0920dc0a"},{"index":5,"_id":"58e032d3a94bf87a0920dc0b"},{"index":6,"_id":"58e032d3a94bf87a0920dc0c"},{"index":7,"_id":"58e032d3a94bf87a0920dc0d"},{"index":8,"_id":"58e032d3a94bf87a0920dc0e"},{"index":9,"_id":"58e032d3a94bf87a0920dc0f"},{"index":10,"_id":"58e032d3a94bf87a0920dc10"},{"index":11,"_id":"58e032d3a94bf87a0920dc11"},{"index":12,"_id":"58e032d3a94bf87a0920dc12"},{"index":13,"_id":"58e032d3a94bf87a0920dc13"},{"index":14,"_id":"58e032d3a94bf87a0920dc14"},{"index":15,"_id":"58e032d3a94bf87a0920dc15"},{"index":16,"_id":"58e032d3a94bf87a0920dc16"},{"index":17,"_id":"58e032d3a94bf87a0920dc17"},{"index":18,"_id":"58e032d3a94bf87a0920dc18"},{"index":19,"_id":"58e032d3a94bf87a0920dc19"},{"index":20,"_id":"58e032d3a94bf87a0920dc1a"},{"index":21,"_id":"58e032d3a94bf87a0920dc1b"},{"index":22,"_id":"58e032d3a94bf87a0920dc1c"},{"index":23,"_id":"58e032d3a94bf87a0920dc1d"},{"index":24,"_id":"58e032d3a94bf87a0920dc1e"},{"index":25,"_id":"58e032d3a94bf87a0920dc1f"},{"index":26,"_id":"58e032d3a94bf87a0920dc20"},{"index":27,"_id":"58e032d3a94bf87a0920dc21"},{"index":28,"_id":"58e032d3a94bf87a0920dc22"},{"index":29,"_id":"58e032d3a94bf87a0920dc23"},{"index":30,"_id":"58e032d3a94bf87a0920dc24"},{"index":31,"_id":"58e032d3a94bf87a0920dc25"},{"index":32,"_id":"58e032d3a94bf87a0920dc26"},{"index":33,"_id":"58e032d3a94bf87a0920dc27"},{"index":34,"_id":"58e032d3a94bf87a0920dc28"},{"index":35,"_id":"58e032d3a94bf87a0920dc29"},{"index":36,"_id":"58e032d3a94bf87a0920dc2a"},{"index":37,"_id":"58e032d3a94bf87a0920dc2b"},{"index":38,"_id":"58e032d3a94bf87a0920dc2c"},{"index":39,"_id":"58e032d3a94bf87a0920dc2d"},{"index":40,"_id":"58e032d3a94bf87a0920dc2e"},{"index":41,"_id":"58e032d3a94bf87a0920dc2f"},{"index":42,"_id":"58e032d3a94bf87a0920dc30"},{"index":43,"_id":"58e032d3a94bf87a0920dc31"},{"index":44,"_id":"58e032d3a94bf87a0920dc32"},{"index":45,"_id":"58e032d3a94bf87a0920dc33"},{"index":46,"_id":"58e032d3a94bf87a0920dc34"},{"index":47,"_id":"58e032d3a94bf87a0920dc35"},{"index":48,"_id":"58e032d3a94bf87a0920dc36"},{"index":49,"_id":"58e032d3a94bf87a0920dc37"},{"index":50,"_id":"58e032d3a94bf87a0920dc38"},{"index":51,"_id":"58e032d3a94bf87a0920dc39"},{"index":52,"_id":"58e032d3a94bf87a0920dc3a"},{"index":53,"_id":"58e032d3a94bf87a0920dc3b"},{"index":54,"_id":"58e032d3a94bf87a0920dc3c"},{"index":55,"_id":"58e032d3a94bf87a0920dc3d"},{"index":56,"_id":"58e032d3a94bf87a0920dc3e"},{"index":57,"_id":"58e032d3a94bf87a0920dc3f"},{"index":58,"_id":"58e032d3a94bf87a0920dc40"},{"index":59,"_id":"58e032d3a94bf87a0920dc41"},{"index":60,"_id":"58e032d3a94bf87a0920dc42"},{"index":61,"_id":"58e032d3a94bf87a0920dc43"},{"index":62,"_id":"58e032d3a94bf87a0920dc44"},{"index":63,"_id":"58e032d3a94bf87a0920dc45"},{"index":64,"_id":"58e032d3a94bf87a0920dc46"},{"index":65,"_id":"58e032d3a94bf87a0920dc47"},{"index":66,"_id":"58e032d3a94bf87a0920dc48"},{"index":67,"_id":"58e032d3a94bf87a0920dc49"},{"index":68,"_id":"58e032d3a94bf87a0920dc4a"},{"index":69,"_id":"58e032d3a94bf87a0920dc4b"},{"index":70,"_id":"58e032d3a94bf87a0920dc4c"},{"index":71,"_id":"58e032d3a94bf87a0920dc4d"},{"index":72,"_id":"58e032d3a94bf87a0920dc4e"},{"index":73,"_id":"58e032d3a94bf87a0920dc4f"},{"index":74,"_id":"58e032d3a94bf87a0920dc50"},{"index":75,"_id":"58e032d3a94bf87a0920dc51"},{"index":76,"_id":"58e032d3a94bf87a0920dc52"},{"index":77,"_id":"58e032d3a94bf87a0920dc53"},{"index":78,"_id":"58e032d3a94bf87a0920dc54"},{"index":79,"_id":"58e032d3a94bf87a0920dc55"},{"index":80,"_id":"58e032d3a94bf87a0920dc56"},{"index":81,"_id":"58e032d3a94bf87a0920dc57"},{"index":82,"_id":"58e032d3a94bf87a0920dc58"},{"index":83,"_id":"58e032d3a94bf87a0920dc59"},{"index":84,"_id":"58e032d3a94bf87a0920dc5a"},{"index":85,"_id":"58e032d3a94bf87a0920dc5b"},{"index":86,"_id":"58e032d3a94bf87a0920dc5c"},{"index":87,"_id":"58e032d3a94bf87a0920dc5d"},{"index":88,"_id":"58e032d3a94bf87a0920dc5e"},{"index":89,"_id":"58e032d3a94bf87a0920dc5f"},{"index":90,"_id":"58e032d3a94bf87a0920dc60"},{"index":91,"_id":"58e032d3a94bf87a0920dc61"},{"index":92,"_id":"58e032d3a94bf87a0920dc62"},{"index":93,"_id":"58e032d3a94bf87a0920dc63"},{"index":94,"_id":"58e032d3a94bf87a0920dc64"},{"index":95,"_id":"58e032d3a94bf87a0920dc65"},{"index":96,"_id":"58e032d3a94bf87a0920dc66"},{"index":97,"_id":"58e032d3a94bf87a0920dc67"},{"index":98,"_id":"58e032d3a94bf87a0920dc68"},{"index":99,"_id":"58e032d3a94bf87a0920dc69"}]}
{"ok":1,"writeErrors":[],"writeConcernErrors":[],"insertedIds":[],"nInserted":0,"nUpserted":100,"nMatched":0,"nModified":0,"nRemoved":0,"upserted":[{"index":0,"_id":"58e0330fa94bf87a0920dc77"},{"index":1,"_id":"58e0330fa94bf87a0920dc78"},{"index":2,"_id":"58e0330fa94bf87a0920dc79"},{"index":3,"_id":"58e0330fa94bf87a0920dc7a"},{"index":4,"_id":"58e0330fa94bf87a0920dc7b"},{"index":5,"_id":"58e0330fa94bf87a0920dc7c"},{"index":6,"_id":"58e0330fa94bf87a0920dc7d"},{"index":7,"_id":"58e0330fa94bf87a0920dc7e"},{"index":8,"_id":"58e0330fa94bf87a0920dc7f"},{"index":9,"_id":"58e0330fa94bf87a0920dc80"},{"index":10,"_id":"58e0330fa94bf87a0920dc81"},{"index":11,"_id":"58e0330fa94bf87a0920dc82"},{"index":12,"_id":"58e0330fa94bf87a0920dc83"},{"index":13,"_id":"58e0330fa94bf87a0920dc84"},{"index":14,"_id":"58e0330fa94bf87a0920dc85"},{"index":15,"_id":"58e0330fa94bf87a0920dc86"},{"index":16,"_id":"58e0330fa94bf87a0920dc87"},{"index":17,"_id":"58e0330fa94bf87a0920dc88"},{"index":18,"_id":"58e0330fa94bf87a0920dc89"},{"index":19,"_id":"58e0330fa94bf87a0920dc8a"},{"index":20,"_id":"58e0330fa94bf87a0920dc8b"},{"index":21,"_id":"58e0330fa94bf87a0920dc8c"},{"index":22,"_id":"58e0330fa94bf87a0920dc8d"},{"index":23,"_id":"58e0330fa94bf87a0920dc8e"},{"index":24,"_id":"58e0330fa94bf87a0920dc8f"},{"index":25,"_id":"58e0330fa94bf87a0920dc90"},{"index":26,"_id":"58e0330fa94bf87a0920dc91"},{"index":27,"_id":"58e0330fa94bf87a0920dc92"},{"index":28,"_id":"58e0330fa94bf87a0920dc93"},{"index":29,"_id":"58e0330fa94bf87a0920dc94"},{"index":30,"_id":"58e0330fa94bf87a0920dc95"},{"index":31,"_id":"58e0330fa94bf87a0920dc96"},{"index":32,"_id":"58e0330fa94bf87a0920dc97"},{"index":33,"_id":"58e0330fa94bf87a0920dc98"},{"index":34,"_id":"58e0330fa94bf87a0920dc99"},{"index":35,"_id":"58e0330fa94bf87a0920dc9a"},{"index":36,"_id":"58e0330fa94bf87a0920dc9b"},{"index":37,"_id":"58e0330fa94bf87a0920dc9c"},{"index":38,"_id":"58e0330fa94bf87a0920dc9d"},{"index":39,"_id":"58e0330fa94bf87a0920dc9e"},{"index":40,"_id":"58e0330fa94bf87a0920dc9f"},{"index":41,"_id":"58e0330fa94bf87a0920dca0"},{"index":42,"_id":"58e0330fa94bf87a0920dca1"},{"index":43,"_id":"58e0330fa94bf87a0920dca2"},{"index":44,"_id":"58e0330fa94bf87a0920dca3"},{"index":45,"_id":"58e0330fa94bf87a0920dca4"},{"index":46,"_id":"58e0330fa94bf87a0920dca5"},{"index":47,"_id":"58e0330fa94bf87a0920dca6"},{"index":48,"_id":"58e0330fa94bf87a0920dca7"},{"index":49,"_id":"58e0330fa94bf87a0920dca8"},{"index":50,"_id":"58e0330fa94bf87a0920dca9"},{"index":51,"_id":"58e0330fa94bf87a0920dcaa"},{"index":52,"_id":"58e0330fa94bf87a0920dcab"},{"index":53,"_id":"58e0330fa94bf87a0920dcac"},{"index":54,"_id":"58e0330fa94bf87a0920dcad"},{"index":55,"_id":"58e0330fa94bf87a0920dcae"},{"index":56,"_id":"58e0330fa94bf87a0920dcaf"},{"index":57,"_id":"58e0330fa94bf87a0920dcb0"},{"index":58,"_id":"58e0330fa94bf87a0920dcb1"},{"index":59,"_id":"58e0330fa94bf87a0920dcb2"},{"index":60,"_id":"58e0330fa94bf87a0920dcb3"},{"index":61,"_id":"58e0330fa94bf87a0920dcb4"},{"index":62,"_id":"58e0330fa94bf87a0920dcb5"},{"index":63,"_id":"58e0330fa94bf87a0920dcb6"},{"index":64,"_id":"58e0330fa94bf87a0920dcb7"},{"index":65,"_id":"58e0330fa94bf87a0920dcb8"},{"index":66,"_id":"58e0330fa94bf87a0920dcb9"},{"index":67,"_id":"58e0330fa94bf87a0920dcba"},{"index":68,"_id":"58e0330fa94bf87a0920dcbb"},{"index":69,"_id":"58e0330fa94bf87a0920dcbc"},{"index":70,"_id":"58e0330fa94bf87a0920dcbd"},{"index":71,"_id":"58e0330fa94bf87a0920dcbe"},{"index":72,"_id":"58e0330fa94bf87a0920dcbf"},{"index":73,"_id":"58e0330fa94bf87a0920dcc0"},{"index":74,"_id":"58e0330fa94bf87a0920dcc1"},{"index":75,"_id":"58e0330fa94bf87a0920dcc2"},{"index":76,"_id":"58e0330fa94bf87a0920dcc3"},{"index":77,"_id":"58e0330fa94bf87a0920dcc4"},{"index":78,"_id":"58e0330fa94bf87a0920dcc5"},{"index":79,"_id":"58e0330fa94bf87a0920dcc6"},{"index":80,"_id":"58e0330fa94bf87a0920dcc7"},{"index":81,"_id":"58e0330fa94bf87a0920dcc8"},{"index":82,"_id":"58e0330fa94bf87a0920dcc9"},{"index":83,"_id":"58e0330fa94bf87a0920dcca"},{"index":84,"_id":"58e0330fa94bf87a0920dccb"},{"index":85,"_id":"58e0330fa94bf87a0920dccc"},{"index":86,"_id":"58e0330fa94bf87a0920dccd"},{"index":87,"_id":"58e0330fa94bf87a0920dcce"},{"index":88,"_id":"58e0330fa94bf87a0920dccf"},{"index":89,"_id":"58e0330fa94bf87a0920dcd0"},{"index":90,"_id":"58e0330fa94bf87a0920dcd1"},{"index":91,"_id":"58e0330fa94bf87a0920dcd2"},{"index":92,"_id":"58e0330fa94bf87a0920dcd3"},{"index":93,"_id":"58e0330fa94bf87a0920dcd4"},{"index":94,"_id":"58e0330fa94bf87a0920dcd5"},{"index":95,"_id":"58e0330fa94bf87a0920dcd6"},{"index":96,"_id":"58e0330fa94bf87a0920dcd7"},{"index":97,"_id":"58e0330fa94bf87a0920dcd8"},{"index":98,"_id":"58e0330fa94bf87a0920dcd9"},{"index":99,"_id":"58e0330fa94bf87a0920dcda"}]}
{"ok":1,"writeErrors":[],"writeConcernErrors":[],"insertedIds":[],"nInserted":0,"nUpserted":100,"nMatched":0,"nModified":0,"nRemoved":0,"upserted":[{"index":0,"_id":"58e0334da94bf87a0920dce9"},{"index":1,"_id":"58e0334da94bf87a0920dcea"},{"index":2,"_id":"58e0334da94bf87a0920dceb"},{"index":3,"_id":"58e0334da94bf87a0920dcec"},{"index":4,"_id":"58e0334da94bf87a0920dced"},{"index":5,"_id":"58e0334da94bf87a0920dcee"},{"index":6,"_id":"58e0334da94bf87a0920dcef"},{"index":7,"_id":"58e0334da94bf87a0920dcf0"},{"index":8,"_id":"58e0334da94bf87a0920dcf1"},{"index":9,"_id":"58e0334da94bf87a0920dcf2"},{"index":10,"_id":"58e0334da94bf87a0920dcf3"},{"index":11,"_id":"58e0334da94bf87a0920dcf4"},{"index":12,"_id":"58e0334da94bf87a0920dcf5"},{"index":13,"_id":"58e0334da94bf87a0920dcf6"},{"index":14,"_id":"58e0334da94bf87a0920dcf7"},{"index":15,"_id":"58e0334da94bf87a0920dcf8"},{"index":16,"_id":"58e0334da94bf87a0920dcf9"},{"index":17,"_id":"58e0334da94bf87a0920dcfa"},{"index":18,"_id":"58e0334da94bf87a0920dcfb"},{"index":19,"_id":"58e0334da94bf87a0920dcfc"},{"index":20,"_id":"58e0334da94bf87a0920dcfd"},{"index":21,"_id":"58e0334da94bf87a0920dcfe"},{"index":22,"_id":"58e0334da94bf87a0920dcff"},{"index":23,"_id":"58e0334da94bf87a0920dd00"},{"index":24,"_id":"58e0334da94bf87a0920dd01"},{"index":25,"_id":"58e0334da94bf87a0920dd02"},{"index":26,"_id":"58e0334da94bf87a0920dd03"},{"index":27,"_id":"58e0334da94bf87a0920dd04"},{"index":28,"_id":"58e0334da94bf87a0920dd05"},{"index":29,"_id":"58e0334da94bf87a0920dd06"},{"index":30,"_id":"58e0334da94bf87a0920dd07"},{"index":31,"_id":"58e0334da94bf87a0920dd08"},{"index":32,"_id":"58e0334da94bf87a0920dd09"},{"index":33,"_id":"58e0334da94bf87a0920dd0a"},{"index":34,"_id":"58e0334da94bf87a0920dd0b"},{"index":35,"_id":"58e0334da94bf87a0920dd0c"},{"index":36,"_id":"58e0334da94bf87a0920dd0d"},{"index":37,"_id":"58e0334da94bf87a0920dd0e"},{"index":38,"_id":"58e0334da94bf87a0920dd0f"},{"index":39,"_id":"58e0334da94bf87a0920dd10"},{"index":40,"_id":"58e0334da94bf87a0920dd11"},{"index":41,"_id":"58e0334da94bf87a0920dd12"},{"index":42,"_id":"58e0334da94bf87a0920dd13"},{"index":43,"_id":"58e0334da94bf87a0920dd14"},{"index":44,"_id":"58e0334da94bf87a0920dd15"},{"index":45,"_id":"58e0334da94bf87a0920dd16"},{"index":46,"_id":"58e0334da94bf87a0920dd17"},{"index":47,"_id":"58e0334da94bf87a0920dd18"},{"index":48,"_id":"58e0334da94bf87a0920dd19"},{"index":49,"_id":"58e0334da94bf87a0920dd1a"},{"index":50,"_id":"58e0334da94bf87a0920dd1b"},{"index":51,"_id":"58e0334da94bf87a0920dd1c"},{"index":52,"_id":"58e0334da94bf87a0920dd1d"},{"index":53,"_id":"58e0334da94bf87a0920dd1e"},{"index":54,"_id":"58e0334da94bf87a0920dd1f"},{"index":55,"_id":"58e0334da94bf87a0920dd20"},{"index":56,"_id":"58e0334da94bf87a0920dd21"},{"index":57,"_id":"58e0334da94bf87a0920dd22"},{"index":58,"_id":"58e0334da94bf87a0920dd23"},{"index":59,"_id":"58e0334da94bf87a0920dd24"},{"index":60,"_id":"58e0334da94bf87a0920dd25"},{"index":61,"_id":"58e0334da94bf87a0920dd26"},{"index":62,"_id":"58e0334da94bf87a0920dd27"},{"index":63,"_id":"58e0334da94bf87a0920dd28"},{"index":64,"_id":"58e0334da94bf87a0920dd29"},{"index":65,"_id":"58e0334da94bf87a0920dd2a"},{"index":66,"_id":"58e0334da94bf87a0920dd2b"},{"index":67,"_id":"58e0334da94bf87a0920dd2c"},{"index":68,"_id":"58e0334da94bf87a0920dd2d"},{"index":69,"_id":"58e0334da94bf87a0920dd2e"},{"index":70,"_id":"58e0334da94bf87a0920dd2f"},{"index":71,"_id":"58e0334da94bf87a0920dd30"},{"index":72,"_id":"58e0334da94bf87a0920dd31"},{"index":73,"_id":"58e0334da94bf87a0920dd32"},{"index":74,"_id":"58e0334da94bf87a0920dd33"},{"index":75,"_id":"58e0334da94bf87a0920dd34"},{"index":76,"_id":"58e0334da94bf87a0920dd35"},{"index":77,"_id":"58e0334da94bf87a0920dd36"},{"index":78,"_id":"58e0334da94bf87a0920dd37"},{"index":79,"_id":"58e0334da94bf87a0920dd38"},{"index":80,"_id":"58e0334da94bf87a0920dd39"},{"index":81,"_id":"58e0334da94bf87a0920dd3a"},{"index":82,"_id":"58e0334da94bf87a0920dd3b"},{"index":83,"_id":"58e0334da94bf87a0920dd3c"},{"index":84,"_id":"58e0334da94bf87a0920dd3d"},{"index":85,"_id":"58e0334da94bf87a0920dd3e"},{"index":86,"_id":"58e0334da94bf87a0920dd3f"},{"index":87,"_id":"58e0334da94bf87a0920dd40"},{"index":88,"_id":"58e0334da94bf87a0920dd41"},{"index":89,"_id":"58e0334da94bf87a0920dd42"},{"index":90,"_id":"58e0334da94bf87a0920dd43"},{"index":91,"_id":"58e0334da94bf87a0920dd44"},{"index":92,"_id":"58e0334da94bf87a0920dd45"},{"index":93,"_id":"58e0334da94bf87a0920dd46"},{"index":94,"_id":"58e0334da94bf87a0920dd47"},{"index":95,"_id":"58e0334da94bf87a0920dd48"},{"index":96,"_id":"58e0334da94bf87a0920dd49"},{"index":97,"_id":"58e0334da94bf87a0920dd4a"},{"index":98,"_id":"58e0334da94bf87a0920dd4b"},{"index":99,"_id":"58e0334da94bf87a0920dd4c"}]}
{"ok":1,"writeErrors":[],"writeConcernErrors":[],"insertedIds":[],"nInserted":0,"nUpserted":100,"nMatched":0,"nModified":0,"nRemoved":0,"upserted":[{"index":0,"_id":"58e03388a94bf87a0920dd5a"},{"index":1,"_id":"58e03388a94bf87a0920dd5b"},{"index":2,"_id":"58e03388a94bf87a0920dd5c"},{"index":3,"_id":"58e03388a94bf87a0920dd5d"},{"index":4,"_id":"58e03388a94bf87a0920dd5e"},{"index":5,"_id":"58e03388a94bf87a0920dd5f"},{"index":6,"_id":"58e03388a94bf87a0920dd60"},{"index":7,"_id":"58e03388a94bf87a0920dd61"},{"index":8,"_id":"58e03388a94bf87a0920dd62"},{"index":9,"_id":"58e03388a94bf87a0920dd63"},{"index":10,"_id":"58e03388a94bf87a0920dd64"},{"index":11,"_id":"58e03388a94bf87a0920dd65"},{"index":12,"_id":"58e03388a94bf87a0920dd66"},{"index":13,"_id":"58e03388a94bf87a0920dd67"},{"index":14,"_id":"58e03388a94bf87a0920dd68"},{"index":15,"_id":"58e03388a94bf87a0920dd69"},{"index":16,"_id":"58e03388a94bf87a0920dd6a"},{"index":17,"_id":"58e03388a94bf87a0920dd6b"},{"index":18,"_id":"58e03388a94bf87a0920dd6c"},{"index":19,"_id":"58e03388a94bf87a0920dd6d"},{"index":20,"_id":"58e03388a94bf87a0920dd6e"},{"index":21,"_id":"58e03388a94bf87a0920dd6f"},{"index":22,"_id":"58e03388a94bf87a0920dd70"},{"index":23,"_id":"58e03388a94bf87a0920dd71"},{"index":24,"_id":"58e03388a94bf87a0920dd72"},{"index":25,"_id":"58e03388a94bf87a0920dd73"},{"index":26,"_id":"58e03388a94bf87a0920dd74"},{"index":27,"_id":"58e03388a94bf87a0920dd75"},{"index":28,"_id":"58e03388a94bf87a0920dd76"},{"index":29,"_id":"58e03388a94bf87a0920dd77"},{"index":30,"_id":"58e03388a94bf87a0920dd78"},{"index":31,"_id":"58e03388a94bf87a0920dd79"},{"index":32,"_id":"58e03388a94bf87a0920dd7a"},{"index":33,"_id":"58e03388a94bf87a0920dd7b"},{"index":34,"_id":"58e03388a94bf87a0920dd7c"},{"index":35,"_id":"58e03388a94bf87a0920dd7d"},{"index":36,"_id":"58e03388a94bf87a0920dd7e"},{"index":37,"_id":"58e03388a94bf87a0920dd7f"},{"index":38,"_id":"58e03388a94bf87a0920dd80"},{"index":39,"_id":"58e03388a94bf87a0920dd81"},{"index":40,"_id":"58e03388a94bf87a0920dd82"},{"index":41,"_id":"58e03388a94bf87a0920dd83"},{"index":42,"_id":"58e03388a94bf87a0920dd84"},{"index":43,"_id":"58e03388a94bf87a0920dd85"},{"index":44,"_id":"58e03388a94bf87a0920dd86"},{"index":45,"_id":"58e03388a94bf87a0920dd87"},{"index":46,"_id":"58e03388a94bf87a0920dd88"},{"index":47,"_id":"58e03388a94bf87a0920dd89"},{"index":48,"_id":"58e03388a94bf87a0920dd8a"},{"index":49,"_id":"58e03388a94bf87a0920dd8b"},{"index":50,"_id":"58e03388a94bf87a0920dd8c"},{"index":51,"_id":"58e03388a94bf87a0920dd8d"},{"index":52,"_id":"58e03388a94bf87a0920dd8e"},{"index":53,"_id":"58e03388a94bf87a0920dd8f"},{"index":54,"_id":"58e03388a94bf87a0920dd90"},{"index":55,"_id":"58e03388a94bf87a0920dd91"},{"index":56,"_id":"58e03388a94bf87a0920dd92"},{"index":57,"_id":"58e03388a94bf87a0920dd93"},{"index":58,"_id":"58e03388a94bf87a0920dd94"},{"index":59,"_id":"58e03388a94bf87a0920dd95"},{"index":60,"_id":"58e03388a94bf87a0920dd96"},{"index":61,"_id":"58e03388a94bf87a0920dd97"},{"index":62,"_id":"58e03388a94bf87a0920dd98"},{"index":63,"_id":"58e03388a94bf87a0920dd99"},{"index":64,"_id":"58e03388a94bf87a0920dd9a"},{"index":65,"_id":"58e03388a94bf87a0920dd9b"},{"index":66,"_id":"58e03388a94bf87a0920dd9c"},{"index":67,"_id":"58e03388a94bf87a0920dd9d"},{"index":68,"_id":"58e03388a94bf87a0920dd9e"},{"index":69,"_id":"58e03388a94bf87a0920dd9f"},{"index":70,"_id":"58e03388a94bf87a0920dda0"},{"index":71,"_id":"58e03388a94bf87a0920dda1"},{"index":72,"_id":"58e03388a94bf87a0920dda2"},{"index":73,"_id":"58e03388a94bf87a0920dda3"},{"index":74,"_id":"58e03388a94bf87a0920dda4"},{"index":75,"_id":"58e03388a94bf87a0920dda5"},{"index":76,"_id":"58e03388a94bf87a0920dda6"},{"index":77,"_id":"58e03388a94bf87a0920dda7"},{"index":78,"_id":"58e03388a94bf87a0920dda8"},{"index":79,"_id":"58e03388a94bf87a0920dda9"},{"index":80,"_id":"58e03388a94bf87a0920ddaa"},{"index":81,"_id":"58e03388a94bf87a0920ddab"},{"index":82,"_id":"58e03388a94bf87a0920ddac"},{"index":83,"_id":"58e03388a94bf87a0920ddad"},{"index":84,"_id":"58e03388a94bf87a0920ddae"},{"index":85,"_id":"58e03388a94bf87a0920ddaf"},{"index":86,"_id":"58e03388a94bf87a0920ddb0"},{"index":87,"_id":"58e03388a94bf87a0920ddb1"},{"index":88,"_id":"58e03388a94bf87a0920ddb2"},{"index":89,"_id":"58e03388a94bf87a0920ddb3"},{"index":90,"_id":"58e03388a94bf87a0920ddb4"},{"index":91,"_id":"58e03388a94bf87a0920ddb5"},{"index":92,"_id":"58e03388a94bf87a0920ddb6"},{"index":93,"_id":"58e03388a94bf87a0920ddb7"},{"index":94,"_id":"58e03388a94bf87a0920ddb8"},{"index":95,"_id":"58e03388a94bf87a0920ddb9"},{"index":96,"_id":"58e03388a94bf87a0920ddba"},{"index":97,"_id":"58e03388a94bf87a0920ddbb"},{"index":98,"_id":"58e03388a94bf87a0920ddbc"},{"index":99,"_id":"58e03388a94bf87a0920ddbd"}]}
{"ok":1,"writeErrors":[],"writeConcernErrors":[],"insertedIds":[],"nInserted":0,"nUpserted":100,"nMatched":0,"nModified":0,"nRemoved":0,"upserted":[{"index":0,"_id":"58e033c5a94bf87a0920ddcb"},{"index":1,"_id":"58e033c5a94bf87a0920ddcc"},{"index":2,"_id":"58e033c5a94bf87a0920ddcd"},{"index":3,"_id":"58e033c5a94bf87a0920ddce"},{"index":4,"_id":"58e033c5a94bf87a0920ddcf"},{"index":5,"_id":"58e033c5a94bf87a0920ddd0"},{"index":6,"_id":"58e033c5a94bf87a0920ddd1"},{"index":7,"_id":"58e033c5a94bf87a0920ddd2"},{"index":8,"_id":"58e033c5a94bf87a0920ddd3"},{"index":9,"_id":"58e033c5a94bf87a0920ddd4"},{"index":10,"_id":"58e033c5a94bf87a0920ddd5"},{"index":11,"_id":"58e033c5a94bf87a0920ddd6"},{"index":12,"_id":"58e033c5a94bf87a0920ddd7"},{"index":13,"_id":"58e033c5a94bf87a0920ddd8"},{"index":14,"_id":"58e033c5a94bf87a0920ddd9"},{"index":15,"_id":"58e033c5a94bf87a0920ddda"},{"index":16,"_id":"58e033c5a94bf87a0920dddb"},{"index":17,"_id":"58e033c5a94bf87a0920dddc"},{"index":18,"_id":"58e033c5a94bf87a0920dddd"},{"index":19,"_id":"58e033c5a94bf87a0920ddde"},{"index":20,"_id":"58e033c5a94bf87a0920dddf"},{"index":21,"_id":"58e033c5a94bf87a0920dde0"},{"index":22,"_id":"58e033c5a94bf87a0920dde1"},{"index":23,"_id":"58e033c5a94bf87a0920dde2"},{"index":24,"_id":"58e033c5a94bf87a0920dde3"},{"index":25,"_id":"58e033c5a94bf87a0920dde4"},{"index":26,"_id":"58e033c5a94bf87a0920dde5"},{"index":27,"_id":"58e033c5a94bf87a0920dde6"},{"index":28,"_id":"58e033c5a94bf87a0920dde7"},{"index":29,"_id":"58e033c5a94bf87a0920dde8"},{"index":30,"_id":"58e033c5a94bf87a0920dde9"},{"index":31,"_id":"58e033c5a94bf87a0920ddea"},{"index":32,"_id":"58e033c5a94bf87a0920ddeb"},{"index":33,"_id":"58e033c5a94bf87a0920ddec"},{"index":34,"_id":"58e033c5a94bf87a0920dded"},{"index":35,"_id":"58e033c5a94bf87a0920ddee"},{"index":36,"_id":"58e033c5a94bf87a0920ddef"},{"index":37,"_id":"58e033c5a94bf87a0920ddf0"},{"index":38,"_id":"58e033c5a94bf87a0920ddf1"},{"index":39,"_id":"58e033c5a94bf87a0920ddf2"},{"index":40,"_id":"58e033c5a94bf87a0920ddf3"},{"index":41,"_id":"58e033c5a94bf87a0920ddf4"},{"index":42,"_id":"58e033c5a94bf87a0920ddf5"},{"index":43,"_id":"58e033c5a94bf87a0920ddf6"},{"index":44,"_id":"58e033c5a94bf87a0920ddf7"},{"index":45,"_id":"58e033c5a94bf87a0920ddf8"},{"index":46,"_id":"58e033c5a94bf87a0920ddf9"},{"index":47,"_id":"58e033c5a94bf87a0920ddfa"},{"index":48,"_id":"58e033c5a94bf87a0920ddfb"},{"index":49,"_id":"58e033c5a94bf87a0920ddfc"},{"index":50,"_id":"58e033c5a94bf87a0920ddfd"},{"index":51,"_id":"58e033c5a94bf87a0920ddfe"},{"index":52,"_id":"58e033c5a94bf87a0920ddff"},{"index":53,"_id":"58e033c5a94bf87a0920de00"},{"index":54,"_id":"58e033c5a94bf87a0920de01"},{"index":55,"_id":"58e033c5a94bf87a0920de02"},{"index":56,"_id":"58e033c5a94bf87a0920de03"},{"index":57,"_id":"58e033c5a94bf87a0920de04"},{"index":58,"_id":"58e033c5a94bf87a0920de05"},{"index":59,"_id":"58e033c5a94bf87a0920de06"},{"index":60,"_id":"58e033c5a94bf87a0920de07"},{"index":61,"_id":"58e033c5a94bf87a0920de08"},{"index":62,"_id":"58e033c5a94bf87a0920de09"},{"index":63,"_id":"58e033c5a94bf87a0920de0a"},{"index":64,"_id":"58e033c5a94bf87a0920de0b"},{"index":65,"_id":"58e033c5a94bf87a0920de0c"},{"index":66,"_id":"58e033c5a94bf87a0920de0d"},{"index":67,"_id":"58e033c5a94bf87a0920de0e"},{"index":68,"_id":"58e033c5a94bf87a0920de0f"},{"index":69,"_id":"58e033c5a94bf87a0920de10"},{"index":70,"_id":"58e033c5a94bf87a0920de11"},{"index":71,"_id":"58e033c5a94bf87a0920de12"},{"index":72,"_id":"58e033c5a94bf87a0920de13"},{"index":73,"_id":"58e033c5a94bf87a0920de14"},{"index":74,"_id":"58e033c5a94bf87a0920de15"},{"index":75,"_id":"58e033c5a94bf87a0920de16"},{"index":76,"_id":"58e033c5a94bf87a0920de17"},{"index":77,"_id":"58e033c5a94bf87a0920de18"},{"index":78,"_id":"58e033c5a94bf87a0920de19"},{"index":79,"_id":"58e033c5a94bf87a0920de1a"},{"index":80,"_id":"58e033c5a94bf87a0920de1b"},{"index":81,"_id":"58e033c5a94bf87a0920de1c"},{"index":82,"_id":"58e033c5a94bf87a0920de1d"},{"index":83,"_id":"58e033c5a94bf87a0920de1e"},{"index":84,"_id":"58e033c5a94bf87a0920de1f"},{"index":85,"_id":"58e033c5a94bf87a0920de20"},{"index":86,"_id":"58e033c5a94bf87a0920de21"},{"index":87,"_id":"58e033c5a94bf87a0920de22"},{"index":88,"_id":"58e033c5a94bf87a0920de23"},{"index":89,"_id":"58e033c5a94bf87a0920de24"},{"index":90,"_id":"58e033c5a94bf87a0920de25"},{"index":91,"_id":"58e033c5a94bf87a0920de26"},{"index":92,"_id":"58e033c5a94bf87a0920de27"},{"index":93,"_id":"58e033c5a94bf87a0920de28"},{"index":94,"_id":"58e033c5a94bf87a0920de29"},{"index":95,"_id":"58e033c5a94bf87a0920de2a"},{"index":96,"_id":"58e033c5a94bf87a0920de2b"},{"index":97,"_id":"58e033c5a94bf87a0920de2c"},{"index":98,"_id":"58e033c5a94bf87a0920de2d"},{"index":99,"_id":"58e033c5a94bf87a0920de2e"}]}
{"ok":1,"writeErrors":[],"writeConcernErrors":[],"insertedIds":[],"nInserted":0,"nUpserted":100,"nMatched":0,"nModified":0,"nRemoved":0,"upserted":[{"index":0,"_id":"58e03402a94bf87a0920de3c"},{"index":1,"_id":"58e03402a94bf87a0920de3d"},{"index":2,"_id":"58e03402a94bf87a0920de3e"},{"index":3,"_id":"58e03402a94bf87a0920de3f"},{"index":4,"_id":"58e03402a94bf87a0920de40"},{"index":5,"_id":"58e03402a94bf87a0920de41"},{"index":6,"_id":"58e03402a94bf87a0920de42"},{"index":7,"_id":"58e03402a94bf87a0920de43"},{"index":8,"_id":"58e03402a94bf87a0920de44"},{"index":9,"_id":"58e03402a94bf87a0920de45"},{"index":10,"_id":"58e03402a94bf87a0920de46"},{"index":11,"_id":"58e03402a94bf87a0920de47"},{"index":12,"_id":"58e03402a94bf87a0920de48"},{"index":13,"_id":"58e03402a94bf87a0920de49"},{"index":14,"_id":"58e03402a94bf87a0920de4a"},{"index":15,"_id":"58e03402a94bf87a0920de4b"},{"index":16,"_id":"58e03402a94bf87a0920de4c"},{"index":17,"_id":"58e03402a94bf87a0920de4d"},{"index":18,"_id":"58e03402a94bf87a0920de4e"},{"index":19,"_id":"58e03402a94bf87a0920de4f"},{"index":20,"_id":"58e03402a94bf87a0920de50"},{"index":21,"_id":"58e03402a94bf87a0920de51"},{"index":22,"_id":"58e03402a94bf87a0920de52"},{"index":23,"_id":"58e03402a94bf87a0920de53"},{"index":24,"_id":"58e03402a94bf87a0920de54"},{"index":25,"_id":"58e03402a94bf87a0920de55"},{"index":26,"_id":"58e03402a94bf87a0920de56"},{"index":27,"_id":"58e03402a94bf87a0920de57"},{"index":28,"_id":"58e03402a94bf87a0920de58"},{"index":29,"_id":"58e03402a94bf87a0920de59"},{"index":30,"_id":"58e03402a94bf87a0920de5a"},{"index":31,"_id":"58e03402a94bf87a0920de5b"},{"index":32,"_id":"58e03402a94bf87a0920de5c"},{"index":33,"_id":"58e03402a94bf87a0920de5d"},{"index":34,"_id":"58e03402a94bf87a0920de5e"},{"index":35,"_id":"58e03402a94bf87a0920de5f"},{"index":36,"_id":"58e03402a94bf87a0920de60"},{"index":37,"_id":"58e03402a94bf87a0920de61"},{"index":38,"_id":"58e03402a94bf87a0920de62"},{"index":39,"_id":"58e03402a94bf87a0920de63"},{"index":40,"_id":"58e03402a94bf87a0920de64"},{"index":41,"_id":"58e03402a94bf87a0920de65"},{"index":42,"_id":"58e03402a94bf87a0920de66"},{"index":43,"_id":"58e03402a94bf87a0920de67"},{"index":44,"_id":"58e03402a94bf87a0920de68"},{"index":45,"_id":"58e03402a94bf87a0920de69"},{"index":46,"_id":"58e03402a94bf87a0920de6a"},{"index":47,"_id":"58e03402a94bf87a0920de6b"},{"index":48,"_id":"58e03402a94bf87a0920de6c"},{"index":49,"_id":"58e03402a94bf87a0920de6d"},{"index":50,"_id":"58e03402a94bf87a0920de6e"},{"index":51,"_id":"58e03402a94bf87a0920de6f"},{"index":52,"_id":"58e03402a94bf87a0920de70"},{"index":53,"_id":"58e03402a94bf87a0920de71"},{"index":54,"_id":"58e03402a94bf87a0920de72"},{"index":55,"_id":"58e03402a94bf87a0920de73"},{"index":56,"_id":"58e03402a94bf87a0920de74"},{"index":57,"_id":"58e03402a94bf87a0920de75"},{"index":58,"_id":"58e03402a94bf87a0920de76"},{"index":59,"_id":"58e03402a94bf87a0920de77"},{"index":60,"_id":"58e03402a94bf87a0920de78"},{"index":61,"_id":"58e03402a94bf87a0920de79"},{"index":62,"_id":"58e03402a94bf87a0920de7a"},{"index":63,"_id":"58e03402a94bf87a0920de7b"},{"index":64,"_id":"58e03402a94bf87a0920de7c"},{"index":65,"_id":"58e03402a94bf87a0920de7d"},{"index":66,"_id":"58e03402a94bf87a0920de7e"},{"index":67,"_id":"58e03402a94bf87a0920de7f"},{"index":68,"_id":"58e03402a94bf87a0920de80"},{"index":69,"_id":"58e03402a94bf87a0920de81"},{"index":70,"_id":"58e03402a94bf87a0920de82"},{"index":71,"_id":"58e03402a94bf87a0920de83"},{"index":72,"_id":"58e03402a94bf87a0920de84"},{"index":73,"_id":"58e03402a94bf87a0920de85"},{"index":74,"_id":"58e03402a94bf87a0920de86"},{"index":75,"_id":"58e03402a94bf87a0920de87"},{"index":76,"_id":"58e03402a94bf87a0920de88"},{"index":77,"_id":"58e03402a94bf87a0920de89"},{"index":78,"_id":"58e03402a94bf87a0920de8a"},{"index":79,"_id":"58e03402a94bf87a0920de8b"},{"index":80,"_id":"58e03402a94bf87a0920de8c"},{"index":81,"_id":"58e03402a94bf87a0920de8d"},{"index":82,"_id":"58e03402a94bf87a0920de8e"},{"index":83,"_id":"58e03402a94bf87a0920de8f"},{"index":84,"_id":"58e03402a94bf87a0920de90"},{"index":85,"_id":"58e03402a94bf87a0920de91"},{"index":86,"_id":"58e03402a94bf87a0920de92"},{"index":87,"_id":"58e03402a94bf87a0920de93"},{"index":88,"_id":"58e03402a94bf87a0920de94"},{"index":89,"_id":"58e03402a94bf87a0920de95"},{"index":90,"_id":"58e03402a94bf87a0920de96"},{"index":91,"_id":"58e03402a94bf87a0920de97"},{"index":92,"_id":"58e03402a94bf87a0920de98"},{"index":93,"_id":"58e03402a94bf87a0920de99"},{"index":94,"_id":"58e03402a94bf87a0920de9a"},{"index":95,"_id":"58e03402a94bf87a0920de9b"},{"index":96,"_id":"58e03402a94bf87a0920de9c"},{"index":97,"_id":"58e03402a94bf87a0920de9d"},{"index":98,"_id":"58e03402a94bf87a0920de9e"},{"index":99,"_id":"58e03402a94bf87a0920de9f"}]}
{"ok":1,"writeErrors":[],"writeConcernErrors":[],"insertedIds":[],"nInserted":0,"nUpserted":100,"nMatched":0,"nModified":0,"nRemoved":0,"upserted":[{"index":0,"_id":"58e0343ea94bf87a0920dead"},{"index":1,"_id":"58e0343ea94bf87a0920deae"},{"index":2,"_id":"58e0343ea94bf87a0920deaf"},{"index":3,"_id":"58e0343ea94bf87a0920deb0"},{"index":4,"_id":"58e0343ea94bf87a0920deb1"},{"index":5,"_id":"58e0343ea94bf87a0920deb2"},{"index":6,"_id":"58e0343ea94bf87a0920deb3"},{"index":7,"_id":"58e0343ea94bf87a0920deb4"},{"index":8,"_id":"58e0343ea94bf87a0920deb5"},{"index":9,"_id":"58e0343ea94bf87a0920deb6"},{"index":10,"_id":"58e0343ea94bf87a0920deb7"},{"index":11,"_id":"58e03440a94bf87a0920deb8"},{"index":12,"_id":"58e03440a94bf87a0920deb9"},{"index":13,"_id":"58e03440a94bf87a0920deba"},{"index":14,"_id":"58e03440a94bf87a0920debb"},{"index":15,"_id":"58e03440a94bf87a0920debc"},{"index":16,"_id":"58e03440a94bf87a0920debd"},{"index":17,"_id":"58e03440a94bf87a0920debe"},{"index":18,"_id":"58e03440a94bf87a0920debf"},{"index":19,"_id":"58e03440a94bf87a0920dec0"},{"index":20,"_id":"58e03440a94bf87a0920dec1"},{"index":21,"_id":"58e03440a94bf87a0920dec2"},{"index":22,"_id":"58e03440a94bf87a0920dec3"},{"index":23,"_id":"58e03440a94bf87a0920dec4"},{"index":24,"_id":"58e03440a94bf87a0920dec5"},{"index":25,"_id":"58e03440a94bf87a0920dec6"},{"index":26,"_id":"58e03440a94bf87a0920dec7"},{"index":27,"_id":"58e03440a94bf87a0920dec8"},{"index":28,"_id":"58e03440a94bf87a0920dec9"},{"index":29,"_id":"58e03440a94bf87a0920deca"},{"index":30,"_id":"58e03440a94bf87a0920decb"},{"index":31,"_id":"58e03440a94bf87a0920decc"},{"index":32,"_id":"58e03440a94bf87a0920decd"},{"index":33,"_id":"58e03440a94bf87a0920dece"},{"index":34,"_id":"58e03440a94bf87a0920decf"},{"index":35,"_id":"58e03440a94bf87a0920ded0"},{"index":36,"_id":"58e03440a94bf87a0920ded1"},{"index":37,"_id":"58e03440a94bf87a0920ded2"},{"index":38,"_id":"58e03440a94bf87a0920ded3"},{"index":39,"_id":"58e03440a94bf87a0920ded4"},{"index":40,"_id":"58e03440a94bf87a0920ded5"},{"index":41,"_id":"58e03440a94bf87a0920ded6"},{"index":42,"_id":"58e03440a94bf87a0920ded7"},{"index":43,"_id":"58e03440a94bf87a0920ded8"},{"index":44,"_id":"58e03440a94bf87a0920ded9"},{"index":45,"_id":"58e03440a94bf87a0920deda"},{"index":46,"_id":"58e03440a94bf87a0920dedb"},{"index":47,"_id":"58e03440a94bf87a0920dedc"},{"index":48,"_id":"58e03440a94bf87a0920dedd"},{"index":49,"_id":"58e03440a94bf87a0920dede"},{"index":50,"_id":"58e03440a94bf87a0920dedf"},{"index":51,"_id":"58e03440a94bf87a0920dee0"},{"index":52,"_id":"58e03440a94bf87a0920dee1"},{"index":53,"_id":"58e03440a94bf87a0920dee2"},{"index":54,"_id":"58e03440a94bf87a0920dee3"},{"index":55,"_id":"58e03440a94bf87a0920dee4"},{"index":56,"_id":"58e03440a94bf87a0920dee5"},{"index":57,"_id":"58e03440a94bf87a0920dee6"},{"index":58,"_id":"58e03440a94bf87a0920dee7"},{"index":59,"_id":"58e03440a94bf87a0920dee8"},{"index":60,"_id":"58e03440a94bf87a0920dee9"},{"index":61,"_id":"58e03440a94bf87a0920deea"},{"index":62,"_id":"58e03440a94bf87a0920deeb"},{"index":63,"_id":"58e03440a94bf87a0920deec"},{"index":64,"_id":"58e03440a94bf87a0920deed"},{"index":65,"_id":"58e03440a94bf87a0920deee"},{"index":66,"_id":"58e03440a94bf87a0920deef"},{"index":67,"_id":"58e03440a94bf87a0920def0"},{"index":68,"_id":"58e03440a94bf87a0920def1"},{"index":69,"_id":"58e03440a94bf87a0920def2"},{"index":70,"_id":"58e03440a94bf87a0920def3"},{"index":71,"_id":"58e03440a94bf87a0920def4"},{"index":72,"_id":"58e03440a94bf87a0920def5"},{"index":73,"_id":"58e03440a94bf87a0920def6"},{"index":74,"_id":"58e03440a94bf87a0920def7"},{"index":75,"_id":"58e03440a94bf87a0920def8"},{"index":76,"_id":"58e03440a94bf87a0920def9"},{"index":77,"_id":"58e03440a94bf87a0920defa"},{"index":78,"_id":"58e03440a94bf87a0920defb"},{"index":79,"_id":"58e03440a94bf87a0920defc"},{"index":80,"_id":"58e03440a94bf87a0920defd"},{"index":81,"_id":"58e03440a94bf87a0920defe"},{"index":82,"_id":"58e03440a94bf87a0920deff"},{"index":83,"_id":"58e03440a94bf87a0920df00"},{"index":84,"_id":"58e03440a94bf87a0920df01"},{"index":85,"_id":"58e03440a94bf87a0920df02"},{"index":86,"_id":"58e03440a94bf87a0920df03"},{"index":87,"_id":"58e03440a94bf87a0920df04"},{"index":88,"_id":"58e03440a94bf87a0920df05"},{"index":89,"_id":"58e03440a94bf87a0920df06"},{"index":90,"_id":"58e03440a94bf87a0920df07"},{"index":91,"_id":"58e03440a94bf87a0920df08"},{"index":92,"_id":"58e03440a94bf87a0920df09"},{"index":93,"_id":"58e03440a94bf87a0920df0a"},{"index":94,"_id":"58e03440a94bf87a0920df0b"},{"index":95,"_id":"58e03440a94bf87a0920df0c"},{"index":96,"_id":"58e03440a94bf87a0920df0d"},{"index":97,"_id":"58e03440a94bf87a0920df0e"},{"index":98,"_id":"58e03440a94bf87a0920df0f"},{"index":99,"_id":"58e03440a94bf87a0920df10"}]}
{"ok":1,"writeErrors":[],"writeConcernErrors":[],"insertedIds":[],"nInserted":0,"nUpserted":100,"nMatched":0,"nModified":0,"nRemoved":0,"upserted":[{"index":0,"_id":"58e0347ba94bf87a0920df1e"},{"index":1,"_id":"58e0347ba94bf87a0920df1f"},{"index":2,"_id":"58e0347ba94bf87a0920df20"},{"index":3,"_id":"58e0347ba94bf87a0920df21"},{"index":4,"_id":"58e0347ba94bf87a0920df22"},{"index":5,"_id":"58e0347ba94bf87a0920df23"},{"index":6,"_id":"58e0347ba94bf87a0920df24"},{"index":7,"_id":"58e0347ba94bf87a0920df25"},{"index":8,"_id":"58e0347ba94bf87a0920df26"},{"index":9,"_id":"58e0347ba94bf87a0920df27"},{"index":10,"_id":"58e0347ba94bf87a0920df28"},{"index":11,"_id":"58e0347ba94bf87a0920df29"},{"index":12,"_id":"58e0347ba94bf87a0920df2a"},{"index":13,"_id":"58e0347ba94bf87a0920df2b"},{"index":14,"_id":"58e0347ba94bf87a0920df2c"},{"index":15,"_id":"58e0347ba94bf87a0920df2d"},{"index":16,"_id":"58e0347ba94bf87a0920df2e"},{"index":17,"_id":"58e0347ba94bf87a0920df2f"},{"index":18,"_id":"58e0347ba94bf87a0920df30"},{"index":19,"_id":"58e0347ba94bf87a0920df31"},{"index":20,"_id":"58e0347ba94bf87a0920df32"},{"index":21,"_id":"58e0347ba94bf87a0920df33"},{"index":22,"_id":"58e0347ba94bf87a0920df34"},{"index":23,"_id":"58e0347ba94bf87a0920df35"},{"index":24,"_id":"58e0347ba94bf87a0920df36"},{"index":25,"_id":"58e0347ba94bf87a0920df37"},{"index":26,"_id":"58e0347ba94bf87a0920df38"},{"index":27,"_id":"58e0347ba94bf87a0920df39"},{"index":28,"_id":"58e0347ba94bf87a0920df3a"},{"index":29,"_id":"58e0347ba94bf87a0920df3b"},{"index":30,"_id":"58e0347ba94bf87a0920df3c"},{"index":31,"_id":"58e0347ba94bf87a0920df3d"},{"index":32,"_id":"58e0347ba94bf87a0920df3e"},{"index":33,"_id":"58e0347ba94bf87a0920df3f"},{"index":34,"_id":"58e0347ba94bf87a0920df40"},{"index":35,"_id":"58e0347ba94bf87a0920df41"},{"index":36,"_id":"58e0347ba94bf87a0920df42"},{"index":37,"_id":"58e0347ba94bf87a0920df43"},{"index":38,"_id":"58e0347ba94bf87a0920df44"},{"index":39,"_id":"58e0347ba94bf87a0920df45"},{"index":40,"_id":"58e0347ba94bf87a0920df46"},{"index":41,"_id":"58e0347ba94bf87a0920df47"},{"index":42,"_id":"58e0347ba94bf87a0920df48"},{"index":43,"_id":"58e0347ba94bf87a0920df49"},{"index":44,"_id":"58e0347ba94bf87a0920df4a"},{"index":45,"_id":"58e0347ba94bf87a0920df4b"},{"index":46,"_id":"58e0347ba94bf87a0920df4c"},{"index":47,"_id":"58e0347ba94bf87a0920df4d"},{"index":48,"_id":"58e0347ba94bf87a0920df4e"},{"index":49,"_id":"58e0347ba94bf87a0920df4f"},{"index":50,"_id":"58e0347ba94bf87a0920df50"},{"index":51,"_id":"58e0347ba94bf87a0920df51"},{"index":52,"_id":"58e0347ba94bf87a0920df52"},{"index":53,"_id":"58e0347ba94bf87a0920df53"},{"index":54,"_id":"58e0347ba94bf87a0920df54"},{"index":55,"_id":"58e0347ba94bf87a0920df55"},{"index":56,"_id":"58e0347ba94bf87a0920df56"},{"index":57,"_id":"58e0347ba94bf87a0920df57"},{"index":58,"_id":"58e0347ba94bf87a0920df58"},{"index":59,"_id":"58e0347ba94bf87a0920df59"},{"index":60,"_id":"58e0347ba94bf87a0920df5a"},{"index":61,"_id":"58e0347ba94bf87a0920df5b"},{"index":62,"_id":"58e0347ba94bf87a0920df5c"},{"index":63,"_id":"58e0347ba94bf87a0920df5d"},{"index":64,"_id":"58e0347ba94bf87a0920df5e"},{"index":65,"_id":"58e0347ba94bf87a0920df5f"},{"index":66,"_id":"58e0347ba94bf87a0920df60"},{"index":67,"_id":"58e0347ba94bf87a0920df61"},{"index":68,"_id":"58e0347ba94bf87a0920df62"},{"index":69,"_id":"58e0347ba94bf87a0920df63"},{"index":70,"_id":"58e0347ba94bf87a0920df64"},{"index":71,"_id":"58e0347ba94bf87a0920df65"},{"index":72,"_id":"58e0347ba94bf87a0920df66"},{"index":73,"_id":"58e0347ba94bf87a0920df67"},{"index":74,"_id":"58e0347ba94bf87a0920df68"},{"index":75,"_id":"58e0347ba94bf87a0920df69"},{"index":76,"_id":"58e0347ba94bf87a0920df6a"},{"index":77,"_id":"58e0347ba94bf87a0920df6b"},{"index":78,"_id":"58e0347ba94bf87a0920df6c"},{"index":79,"_id":"58e0347ba94bf87a0920df6d"},{"index":80,"_id":"58e0347ba94bf87a0920df6e"},{"index":81,"_id":"58e0347ba94bf87a0920df6f"},{"index":82,"_id":"58e0347ba94bf87a0920df70"},{"index":83,"_id":"58e0347ba94bf87a0920df71"},{"index":84,"_id":"58e0347ba94bf87a0920df72"},{"index":85,"_id":"58e0347ba94bf87a0920df73"},{"index":86,"_id":"58e0347ba94bf87a0920df74"},{"index":87,"_id":"58e0347ba94bf87a0920df75"},{"index":88,"_id":"58e0347ba94bf87a0920df76"},{"index":89,"_id":"58e0347ba94bf87a0920df77"},{"index":90,"_id":"58e0347ba94bf87a0920df78"},{"index":91,"_id":"58e0347ba94bf87a0920df79"},{"index":92,"_id":"58e0347ba94bf87a0920df7a"},{"index":93,"_id":"58e0347ba94bf87a0920df7b"},{"index":94,"_id":"58e0347ba94bf87a0920df7c"},{"index":95,"_id":"58e0347ba94bf87a0920df7d"},{"index":96,"_id":"58e0347ba94bf87a0920df7e"},{"index":97,"_id":"58e0347ba94bf87a0920df7f"},{"index":98,"_id":"58e0347ba94bf87a0920df80"},{"index":99,"_id":"58e0347ba94bf87a0920df81"}]}
{"ok":1,"writeErrors":[],"writeConcernErrors":[],"insertedIds":[],"nInserted":0,"nUpserted":100,"nMatched":0,"nModified":0,"nRemoved":0,"upserted":[{"index":0,"_id":"58e034b9a94bf87a0920df90"},{"index":1,"_id":"58e034b9a94bf87a0920df91"},{"index":2,"_id":"58e034b9a94bf87a0920df92"},{"index":3,"_id":"58e034b9a94bf87a0920df93"},{"index":4,"_id":"58e034b9a94bf87a0920df94"},{"index":5,"_id":"58e034b9a94bf87a0920df95"},{"index":6,"_id":"58e034b9a94bf87a0920df96"},{"index":7,"_id":"58e034b9a94bf87a0920df97"},{"index":8,"_id":"58e034b9a94bf87a0920df98"},{"index":9,"_id":"58e034b9a94bf87a0920df99"},{"index":10,"_id":"58e034b9a94bf87a0920df9a"},{"index":11,"_id":"58e034b9a94bf87a0920df9b"},{"index":12,"_id":"58e034b9a94bf87a0920df9c"},{"index":13,"_id":"58e034b9a94bf87a0920df9d"},{"index":14,"_id":"58e034b9a94bf87a0920df9e"},{"index":15,"_id":"58e034b9a94bf87a0920df9f"},{"index":16,"_id":"58e034b9a94bf87a0920dfa0"},{"index":17,"_id":"58e034b9a94bf87a0920dfa1"},{"index":18,"_id":"58e034b9a94bf87a0920dfa2"},{"index":19,"_id":"58e034b9a94bf87a0920dfa3"},{"index":20,"_id":"58e034b9a94bf87a0920dfa4"},{"index":21,"_id":"58e034b9a94bf87a0920dfa5"},{"index":22,"_id":"58e034b9a94bf87a0920dfa6"},{"index":23,"_id":"58e034b9a94bf87a0920dfa7"},{"index":24,"_id":"58e034b9a94bf87a0920dfa8"},{"index":25,"_id":"58e034b9a94bf87a0920dfa9"},{"index":26,"_id":"58e034b9a94bf87a0920dfaa"},{"index":27,"_id":"58e034b9a94bf87a0920dfab"},{"index":28,"_id":"58e034b9a94bf87a0920dfac"},{"index":29,"_id":"58e034b9a94bf87a0920dfad"},{"index":30,"_id":"58e034b9a94bf87a0920dfae"},{"index":31,"_id":"58e034b9a94bf87a0920dfaf"},{"index":32,"_id":"58e034b9a94bf87a0920dfb0"},{"index":33,"_id":"58e034b9a94bf87a0920dfb1"},{"index":34,"_id":"58e034b9a94bf87a0920dfb2"},{"index":35,"_id":"58e034b9a94bf87a0920dfb3"},{"index":36,"_id":"58e034b9a94bf87a0920dfb4"},{"index":37,"_id":"58e034b9a94bf87a0920dfb5"},{"index":38,"_id":"58e034b9a94bf87a0920dfb6"},{"index":39,"_id":"58e034b9a94bf87a0920dfb7"},{"index":40,"_id":"58e034b9a94bf87a0920dfb8"},{"index":41,"_id":"58e034b9a94bf87a0920dfb9"},{"index":42,"_id":"58e034b9a94bf87a0920dfba"},{"index":43,"_id":"58e034b9a94bf87a0920dfbb"},{"index":44,"_id":"58e034b9a94bf87a0920dfbc"},{"index":45,"_id":"58e034b9a94bf87a0920dfbd"},{"index":46,"_id":"58e034b9a94bf87a0920dfbe"},{"index":47,"_id":"58e034b9a94bf87a0920dfbf"},{"index":48,"_id":"58e034b9a94bf87a0920dfc0"},{"index":49,"_id":"58e034b9a94bf87a0920dfc1"},{"index":50,"_id":"58e034b9a94bf87a0920dfc2"},{"index":51,"_id":"58e034b9a94bf87a0920dfc3"},{"index":52,"_id":"58e034b9a94bf87a0920dfc4"},{"index":53,"_id":"58e034b9a94bf87a0920dfc5"},{"index":54,"_id":"58e034b9a94bf87a0920dfc6"},{"index":55,"_id":"58e034b9a94bf87a0920dfc7"},{"index":56,"_id":"58e034b9a94bf87a0920dfc8"},{"index":57,"_id":"58e034b9a94bf87a0920dfc9"},{"index":58,"_id":"58e034b9a94bf87a0920dfca"},{"index":59,"_id":"58e034b9a94bf87a0920dfcb"},{"index":60,"_id":"58e034b9a94bf87a0920dfcc"},{"index":61,"_id":"58e034b9a94bf87a0920dfcd"},{"index":62,"_id":"58e034b9a94bf87a0920dfce"},{"index":63,"_id":"58e034b9a94bf87a0920dfcf"},{"index":64,"_id":"58e034b9a94bf87a0920dfd0"},{"index":65,"_id":"58e034b9a94bf87a0920dfd1"},{"index":66,"_id":"58e034b9a94bf87a0920dfd2"},{"index":67,"_id":"58e034b9a94bf87a0920dfd3"},{"index":68,"_id":"58e034b9a94bf87a0920dfd4"},{"index":69,"_id":"58e034b9a94bf87a0920dfd5"},{"index":70,"_id":"58e034b9a94bf87a0920dfd6"},{"index":71,"_id":"58e034b9a94bf87a0920dfd7"},{"index":72,"_id":"58e034b9a94bf87a0920dfd8"},{"index":73,"_id":"58e034b9a94bf87a0920dfd9"},{"index":74,"_id":"58e034b9a94bf87a0920dfda"},{"index":75,"_id":"58e034b9a94bf87a0920dfdb"},{"index":76,"_id":"58e034b9a94bf87a0920dfdc"},{"index":77,"_id":"58e034b9a94bf87a0920dfdd"},{"index":78,"_id":"58e034b9a94bf87a0920dfde"},{"index":79,"_id":"58e034b9a94bf87a0920dfdf"},{"index":80,"_id":"58e034b9a94bf87a0920dfe0"},{"index":81,"_id":"58e034b9a94bf87a0920dfe1"},{"index":82,"_id":"58e034b9a94bf87a0920dfe2"},{"index":83,"_id":"58e034b9a94bf87a0920dfe3"},{"index":84,"_id":"58e034b9a94bf87a0920dfe4"},{"index":85,"_id":"58e034b9a94bf87a0920dfe5"},{"index":86,"_id":"58e034b9a94bf87a0920dfe6"},{"index":87,"_id":"58e034b9a94bf87a0920dfe7"},{"index":88,"_id":"58e034b9a94bf87a0920dfe8"},{"index":89,"_id":"58e034b9a94bf87a0920dfe9"},{"index":90,"_id":"58e034b9a94bf87a0920dfea"},{"index":91,"_id":"58e034b9a94bf87a0920dfeb"},{"index":92,"_id":"58e034b9a94bf87a0920dfec"},{"index":93,"_id":"58e034b9a94bf87a0920dfed"},{"index":94,"_id":"58e034b9a94bf87a0920dfee"},{"index":95,"_id":"58e034b9a94bf87a0920dfef"},{"index":96,"_id":"58e034b9a94bf87a0920dff0"},{"index":97,"_id":"58e034b9a94bf87a0920dff1"},{"index":98,"_id":"58e034b9a94bf87a0920dff2"},{"index":99,"_id":"58e034b9a94bf87a0920dff3"}]}
{"ok":1,"writeErrors":[],"writeConcernErrors":[],"insertedIds":[],"nInserted":0,"nUpserted":100,"nMatched":0,"nModified":0,"nRemoved":0,"upserted":[{"index":0,"_id":"58e034f6a94bf87a0920e001"},{"index":1,"_id":"58e034f6a94bf87a0920e002"},{"index":2,"_id":"58e034f6a94bf87a0920e003"},{"index":3,"_id":"58e034f6a94bf87a0920e004"},{"index":4,"_id":"58e034f6a94bf87a0920e005"},{"index":5,"_id":"58e034f6a94bf87a0920e006"},{"index":6,"_id":"58e034f6a94bf87a0920e007"},{"index":7,"_id":"58e034f6a94bf87a0920e008"},{"index":8,"_id":"58e034f6a94bf87a0920e009"},{"index":9,"_id":"58e034f6a94bf87a0920e00a"},{"index":10,"_id":"58e034f6a94bf87a0920e00b"},{"index":11,"_id":"58e034f6a94bf87a0920e00c"},{"index":12,"_id":"58e034f6a94bf87a0920e00d"},{"index":13,"_id":"58e034f6a94bf87a0920e00e"},{"index":14,"_id":"58e034f6a94bf87a0920e00f"},{"index":15,"_id":"58e034f6a94bf87a0920e010"},{"index":16,"_id":"58e034f6a94bf87a0920e011"},{"index":17,"_id":"58e034f6a94bf87a0920e012"},{"index":18,"_id":"58e034f6a94bf87a0920e013"},{"index":19,"_id":"58e034f6a94bf87a0920e014"},{"index":20,"_id":"58e034f6a94bf87a0920e015"},{"index":21,"_id":"58e034f6a94bf87a0920e016"},{"index":22,"_id":"58e034f6a94bf87a0920e017"},{"index":23,"_id":"58e034f6a94bf87a0920e018"},{"index":24,"_id":"58e034f6a94bf87a0920e019"},{"index":25,"_id":"58e034f6a94bf87a0920e01a"},{"index":26,"_id":"58e034f6a94bf87a0920e01b"},{"index":27,"_id":"58e034f6a94bf87a0920e01c"},{"index":28,"_id":"58e034f6a94bf87a0920e01d"},{"index":29,"_id":"58e034f6a94bf87a0920e01e"},{"index":30,"_id":"58e034f6a94bf87a0920e01f"},{"index":31,"_id":"58e034f6a94bf87a0920e020"},{"index":32,"_id":"58e034f6a94bf87a0920e021"},{"index":33,"_id":"58e034f6a94bf87a0920e022"},{"index":34,"_id":"58e034f6a94bf87a0920e023"},{"index":35,"_id":"58e034f6a94bf87a0920e024"},{"index":36,"_id":"58e034f6a94bf87a0920e025"},{"index":37,"_id":"58e034f6a94bf87a0920e026"},{"index":38,"_id":"58e034f6a94bf87a0920e027"},{"index":39,"_id":"58e034f6a94bf87a0920e028"},{"index":40,"_id":"58e034f6a94bf87a0920e029"},{"index":41,"_id":"58e034f6a94bf87a0920e02a"},{"index":42,"_id":"58e034f6a94bf87a0920e02b"},{"index":43,"_id":"58e034f6a94bf87a0920e02c"},{"index":44,"_id":"58e034f6a94bf87a0920e02d"},{"index":45,"_id":"58e034f6a94bf87a0920e02e"},{"index":46,"_id":"58e034f6a94bf87a0920e02f"},{"index":47,"_id":"58e034f6a94bf87a0920e030"},{"index":48,"_id":"58e034f6a94bf87a0920e031"},{"index":49,"_id":"58e034f6a94bf87a0920e032"},{"index":50,"_id":"58e034f6a94bf87a0920e033"},{"index":51,"_id":"58e034f6a94bf87a0920e034"},{"index":52,"_id":"58e034f6a94bf87a0920e035"},{"index":53,"_id":"58e034f6a94bf87a0920e036"},{"index":54,"_id":"58e034f6a94bf87a0920e037"},{"index":55,"_id":"58e034f6a94bf87a0920e038"},{"index":56,"_id":"58e034f6a94bf87a0920e039"},{"index":57,"_id":"58e034f6a94bf87a0920e03a"},{"index":58,"_id":"58e034f6a94bf87a0920e03b"},{"index":59,"_id":"58e034f6a94bf87a0920e03c"},{"index":60,"_id":"58e034f6a94bf87a0920e03d"},{"index":61,"_id":"58e034f6a94bf87a0920e03e"},{"index":62,"_id":"58e034f6a94bf87a0920e03f"},{"index":63,"_id":"58e034f6a94bf87a0920e040"},{"index":64,"_id":"58e034f6a94bf87a0920e041"},{"index":65,"_id":"58e034f6a94bf87a0920e042"},{"index":66,"_id":"58e034f6a94bf87a0920e043"},{"index":67,"_id":"58e034f6a94bf87a0920e044"},{"index":68,"_id":"58e034f6a94bf87a0920e045"},{"index":69,"_id":"58e034f6a94bf87a0920e046"},{"index":70,"_id":"58e034f6a94bf87a0920e047"},{"index":71,"_id":"58e034f6a94bf87a0920e048"},{"index":72,"_id":"58e034f6a94bf87a0920e049"},{"index":73,"_id":"58e034f6a94bf87a0920e04a"},{"index":74,"_id":"58e034f6a94bf87a0920e04b"},{"index":75,"_id":"58e034f6a94bf87a0920e04c"},{"index":76,"_id":"58e034f6a94bf87a0920e04d"},{"index":77,"_id":"58e034f6a94bf87a0920e04e"},{"index":78,"_id":"58e034f6a94bf87a0920e04f"},{"index":79,"_id":"58e034f6a94bf87a0920e050"},{"index":80,"_id":"58e034f6a94bf87a0920e051"},{"index":81,"_id":"58e034f6a94bf87a0920e052"},{"index":82,"_id":"58e034f6a94bf87a0920e053"},{"index":83,"_id":"58e034f6a94bf87a0920e054"},{"index":84,"_id":"58e034f6a94bf87a0920e055"},{"index":85,"_id":"58e034f6a94bf87a0920e056"},{"index":86,"_id":"58e034f6a94bf87a0920e057"},{"index":87,"_id":"58e034f6a94bf87a0920e058"},{"index":88,"_id":"58e034f6a94bf87a0920e059"},{"index":89,"_id":"58e034f6a94bf87a0920e05a"},{"index":90,"_id":"58e034f6a94bf87a0920e05b"},{"index":91,"_id":"58e034f6a94bf87a0920e05c"},{"index":92,"_id":"58e034f6a94bf87a0920e05d"},{"index":93,"_id":"58e034f6a94bf87a0920e05e"},{"index":94,"_id":"58e034f6a94bf87a0920e05f"},{"index":95,"_id":"58e034f6a94bf87a0920e060"},{"index":96,"_id":"58e034f6a94bf87a0920e061"},{"index":97,"_id":"58e034f6a94bf87a0920e062"},{"index":98,"_id":"58e034f6a94bf87a0920e063"},{"index":99,"_id":"58e034f6a94bf87a0920e064"}]}
{"ok":1,"writeErrors":[],"writeConcernErrors":[],"insertedIds":[],"nInserted":0,"nUpserted":100,"nMatched":0,"nModified":0,"nRemoved":0,"upserted":[{"index":0,"_id":"58e03533a94bf87a0920e072"},{"index":1,"_id":"58e03533a94bf87a0920e073"},{"index":2,"_id":"58e03533a94bf87a0920e074"},{"index":3,"_id":"58e03533a94bf87a0920e075"},{"index":4,"_id":"58e03533a94bf87a0920e076"},{"index":5,"_id":"58e03533a94bf87a0920e077"},{"index":6,"_id":"58e03533a94bf87a0920e078"},{"index":7,"_id":"58e03533a94bf87a0920e079"},{"index":8,"_id":"58e03533a94bf87a0920e07a"},{"index":9,"_id":"58e03533a94bf87a0920e07b"},{"index":10,"_id":"58e03533a94bf87a0920e07c"},{"index":11,"_id":"58e03533a94bf87a0920e07d"},{"index":12,"_id":"58e03533a94bf87a0920e07e"},{"index":13,"_id":"58e03533a94bf87a0920e07f"},{"index":14,"_id":"58e03533a94bf87a0920e080"},{"index":15,"_id":"58e03533a94bf87a0920e081"},{"index":16,"_id":"58e03533a94bf87a0920e082"},{"index":17,"_id":"58e03533a94bf87a0920e083"},{"index":18,"_id":"58e03533a94bf87a0920e084"},{"index":19,"_id":"58e03533a94bf87a0920e085"},{"index":20,"_id":"58e03533a94bf87a0920e086"},{"index":21,"_id":"58e03533a94bf87a0920e087"},{"index":22,"_id":"58e03533a94bf87a0920e088"},{"index":23,"_id":"58e03533a94bf87a0920e089"},{"index":24,"_id":"58e03533a94bf87a0920e08a"},{"index":25,"_id":"58e03533a94bf87a0920e08b"},{"index":26,"_id":"58e03533a94bf87a0920e08c"},{"index":27,"_id":"58e03533a94bf87a0920e08d"},{"index":28,"_id":"58e03533a94bf87a0920e08e"},{"index":29,"_id":"58e03533a94bf87a0920e08f"},{"index":30,"_id":"58e03533a94bf87a0920e090"},{"index":31,"_id":"58e03533a94bf87a0920e091"},{"index":32,"_id":"58e03533a94bf87a0920e092"},{"index":33,"_id":"58e03533a94bf87a0920e093"},{"index":34,"_id":"58e03533a94bf87a0920e094"},{"index":35,"_id":"58e03533a94bf87a0920e095"},{"index":36,"_id":"58e03533a94bf87a0920e096"},{"index":37,"_id":"58e03533a94bf87a0920e097"},{"index":38,"_id":"58e03533a94bf87a0920e098"},{"index":39,"_id":"58e03533a94bf87a0920e099"},{"index":40,"_id":"58e03533a94bf87a0920e09a"},{"index":41,"_id":"58e03533a94bf87a0920e09b"},{"index":42,"_id":"58e03533a94bf87a0920e09c"},{"index":43,"_id":"58e03533a94bf87a0920e09d"},{"index":44,"_id":"58e03533a94bf87a0920e09e"},{"index":45,"_id":"58e03533a94bf87a0920e09f"},{"index":46,"_id":"58e03533a94bf87a0920e0a0"},{"index":47,"_id":"58e03533a94bf87a0920e0a1"},{"index":48,"_id":"58e03533a94bf87a0920e0a2"},{"index":49,"_id":"58e03533a94bf87a0920e0a3"},{"index":50,"_id":"58e03533a94bf87a0920e0a4"},{"index":51,"_id":"58e03533a94bf87a0920e0a5"},{"index":52,"_id":"58e03533a94bf87a0920e0a6"},{"index":53,"_id":"58e03533a94bf87a0920e0a7"},{"index":54,"_id":"58e03533a94bf87a0920e0a8"},{"index":55,"_id":"58e03533a94bf87a0920e0a9"},{"index":56,"_id":"58e03533a94bf87a0920e0aa"},{"index":57,"_id":"58e03533a94bf87a0920e0ab"},{"index":58,"_id":"58e03533a94bf87a0920e0ac"},{"index":59,"_id":"58e03533a94bf87a0920e0ad"},{"index":60,"_id":"58e03533a94bf87a0920e0ae"},{"index":61,"_id":"58e03533a94bf87a0920e0af"},{"index":62,"_id":"58e03533a94bf87a0920e0b0"},{"index":63,"_id":"58e03533a94bf87a0920e0b1"},{"index":64,"_id":"58e03533a94bf87a0920e0b2"},{"index":65,"_id":"58e03533a94bf87a0920e0b3"},{"index":66,"_id":"58e03533a94bf87a0920e0b4"},{"index":67,"_id":"58e03533a94bf87a0920e0b5"},{"index":68,"_id":"58e03533a94bf87a0920e0b6"},{"index":69,"_id":"58e03533a94bf87a0920e0b7"},{"index":70,"_id":"58e03533a94bf87a0920e0b8"},{"index":71,"_id":"58e03533a94bf87a0920e0b9"},{"index":72,"_id":"58e03533a94bf87a0920e0ba"},{"index":73,"_id":"58e03533a94bf87a0920e0bb"},{"index":74,"_id":"58e03533a94bf87a0920e0bc"},{"index":75,"_id":"58e03533a94bf87a0920e0bd"},{"index":76,"_id":"58e03533a94bf87a0920e0be"},{"index":77,"_id":"58e03533a94bf87a0920e0bf"},{"index":78,"_id":"58e03533a94bf87a0920e0c0"},{"index":79,"_id":"58e03533a94bf87a0920e0c1"},{"index":80,"_id":"58e03533a94bf87a0920e0c2"},{"index":81,"_id":"58e03533a94bf87a0920e0c3"},{"index":82,"_id":"58e03533a94bf87a0920e0c4"},{"index":83,"_id":"58e03533a94bf87a0920e0c5"},{"index":84,"_id":"58e03533a94bf87a0920e0c6"},{"index":85,"_id":"58e03533a94bf87a0920e0c7"},{"index":86,"_id":"58e03533a94bf87a0920e0c8"},{"index":87,"_id":"58e03533a94bf87a0920e0c9"},{"index":88,"_id":"58e03533a94bf87a0920e0ca"},{"index":89,"_id":"58e03533a94bf87a0920e0cb"},{"index":90,"_id":"58e03533a94bf87a0920e0cc"},{"index":91,"_id":"58e03533a94bf87a0920e0cd"},{"index":92,"_id":"58e03533a94bf87a0920e0ce"},{"index":93,"_id":"58e03533a94bf87a0920e0cf"},{"index":94,"_id":"58e03533a94bf87a0920e0d0"},{"index":95,"_id":"58e03533a94bf87a0920e0d1"},{"index":96,"_id":"58e03533a94bf87a0920e0d2"},{"index":97,"_id":"58e03533a94bf87a0920e0d3"},{"index":98,"_id":"58e03533a94bf87a0920e0d4"},{"index":99,"_id":"58e03533a94bf87a0920e0d5"}]}
{"ok":1,"writeErrors":[],"writeConcernErrors":[],"insertedIds":[],"nInserted":0,"nUpserted":100,"nMatched":0,"nModified":0,"nRemoved":0,"upserted":[{"index":0,"_id":"58e0356fa94bf87a0920e0e3"},{"index":1,"_id":"58e0356fa94bf87a0920e0e4"},{"index":2,"_id":"58e0356fa94bf87a0920e0e5"},{"index":3,"_id":"58e0356fa94bf87a0920e0e6"},{"index":4,"_id":"58e0356fa94bf87a0920e0e7"},{"index":5,"_id":"58e0356fa94bf87a0920e0e8"},{"index":6,"_id":"58e0356fa94bf87a0920e0e9"},{"index":7,"_id":"58e0356fa94bf87a0920e0ea"},{"index":8,"_id":"58e0356fa94bf87a0920e0eb"},{"index":9,"_id":"58e0356fa94bf87a0920e0ec"},{"index":10,"_id":"58e0356fa94bf87a0920e0ed"},{"index":11,"_id":"58e0356fa94bf87a0920e0ee"},{"index":12,"_id":"58e0356fa94bf87a0920e0ef"},{"index":13,"_id":"58e0356fa94bf87a0920e0f0"},{"index":14,"_id":"58e0356fa94bf87a0920e0f1"},{"index":15,"_id":"58e0356fa94bf87a0920e0f2"},{"index":16,"_id":"58e0356fa94bf87a0920e0f3"},{"index":17,"_id":"58e0356fa94bf87a0920e0f4"},{"index":18,"_id":"58e0356fa94bf87a0920e0f5"},{"index":19,"_id":"58e0356fa94bf87a0920e0f6"},{"index":20,"_id":"58e0356fa94bf87a0920e0f7"},{"index":21,"_id":"58e0356fa94bf87a0920e0f8"},{"index":22,"_id":"58e0356fa94bf87a0920e0f9"},{"index":23,"_id":"58e0356fa94bf87a0920e0fa"},{"index":24,"_id":"58e0356fa94bf87a0920e0fb"},{"index":25,"_id":"58e0356fa94bf87a0920e0fc"},{"index":26,"_id":"58e0356fa94bf87a0920e0fd"},{"index":27,"_id":"58e0356fa94bf87a0920e0fe"},{"index":28,"_id":"58e0356fa94bf87a0920e0ff"},{"index":29,"_id":"58e0356fa94bf87a0920e100"},{"index":30,"_id":"58e0356fa94bf87a0920e101"},{"index":31,"_id":"58e0356fa94bf87a0920e102"},{"index":32,"_id":"58e0356fa94bf87a0920e103"},{"index":33,"_id":"58e0356fa94bf87a0920e104"},{"index":34,"_id":"58e0356fa94bf87a0920e105"},{"index":35,"_id":"58e0356fa94bf87a0920e106"},{"index":36,"_id":"58e0356fa94bf87a0920e107"},{"index":37,"_id":"58e0356fa94bf87a0920e108"},{"index":38,"_id":"58e0356fa94bf87a0920e109"},{"index":39,"_id":"58e0356fa94bf87a0920e10a"},{"index":40,"_id":"58e0356fa94bf87a0920e10b"},{"index":41,"_id":"58e0356fa94bf87a0920e10c"},{"index":42,"_id":"58e0356fa94bf87a0920e10d"},{"index":43,"_id":"58e0356fa94bf87a0920e10e"},{"index":44,"_id":"58e0356fa94bf87a0920e10f"},{"index":45,"_id":"58e0356fa94bf87a0920e110"},{"index":46,"_id":"58e0356fa94bf87a0920e111"},{"index":47,"_id":"58e0356fa94bf87a0920e112"},{"index":48,"_id":"58e0356fa94bf87a0920e113"},{"index":49,"_id":"58e0356fa94bf87a0920e114"},{"index":50,"_id":"58e0356fa94bf87a0920e115"},{"index":51,"_id":"58e0356fa94bf87a0920e116"},{"index":52,"_id":"58e0356fa94bf87a0920e117"},{"index":53,"_id":"58e0356fa94bf87a0920e118"},{"index":54,"_id":"58e0356fa94bf87a0920e119"},{"index":55,"_id":"58e0356fa94bf87a0920e11a"},{"index":56,"_id":"58e0356fa94bf87a0920e11b"},{"index":57,"_id":"58e0356fa94bf87a0920e11c"},{"index":58,"_id":"58e0356fa94bf87a0920e11d"},{"index":59,"_id":"58e0356fa94bf87a0920e11e"},{"index":60,"_id":"58e0356fa94bf87a0920e11f"},{"index":61,"_id":"58e0356fa94bf87a0920e120"},{"index":62,"_id":"58e0356fa94bf87a0920e121"},{"index":63,"_id":"58e0356fa94bf87a0920e122"},{"index":64,"_id":"58e0356fa94bf87a0920e123"},{"index":65,"_id":"58e0356fa94bf87a0920e124"},{"index":66,"_id":"58e0356fa94bf87a0920e125"},{"index":67,"_id":"58e0356fa94bf87a0920e126"},{"index":68,"_id":"58e0356fa94bf87a0920e127"},{"index":69,"_id":"58e0356fa94bf87a0920e128"},{"index":70,"_id":"58e0356fa94bf87a0920e129"},{"index":71,"_id":"58e0356fa94bf87a0920e12a"},{"index":72,"_id":"58e0356fa94bf87a0920e12b"},{"index":73,"_id":"58e0356fa94bf87a0920e12c"},{"index":74,"_id":"58e0356fa94bf87a0920e12d"},{"index":75,"_id":"58e0356fa94bf87a0920e12e"},{"index":76,"_id":"58e0356fa94bf87a0920e12f"},{"index":77,"_id":"58e0356fa94bf87a0920e130"},{"index":78,"_id":"58e0356fa94bf87a0920e131"},{"index":79,"_id":"58e0356fa94bf87a0920e132"},{"index":80,"_id":"58e0356fa94bf87a0920e133"},{"index":81,"_id":"58e0356fa94bf87a0920e134"},{"index":82,"_id":"58e0356fa94bf87a0920e135"},{"index":83,"_id":"58e0356fa94bf87a0920e136"},{"index":84,"_id":"58e0356fa94bf87a0920e137"},{"index":85,"_id":"58e0356fa94bf87a0920e138"},{"index":86,"_id":"58e0356fa94bf87a0920e139"},{"index":87,"_id":"58e0356fa94bf87a0920e13a"},{"index":88,"_id":"58e0356fa94bf87a0920e13b"},{"index":89,"_id":"58e0356fa94bf87a0920e13c"},{"index":90,"_id":"58e0356fa94bf87a0920e13d"},{"index":91,"_id":"58e0356fa94bf87a0920e13e"},{"index":92,"_id":"58e0356fa94bf87a0920e13f"},{"index":93,"_id":"58e0356fa94bf87a0920e140"},{"index":94,"_id":"58e0356fa94bf87a0920e141"},{"index":95,"_id":"58e0356fa94bf87a0920e142"},{"index":96,"_id":"58e0356fa94bf87a0920e143"},{"index":97,"_id":"58e0356fa94bf87a0920e144"},{"index":98,"_id":"58e0356fa94bf87a0920e145"},{"index":99,"_id":"58e0356fa94bf87a0920e146"}]}
{"ok":1,"writeErrors":[],"writeConcernErrors":[],"insertedIds":[],"nInserted":0,"nUpserted":100,"nMatched":0,"nModified":0,"nRemoved":0,"upserted":[{"index":0,"_id":"58e035aca94bf87a0920e154"},{"index":1,"_id":"58e035aca94bf87a0920e155"},{"index":2,"_id":"58e035aca94bf87a0920e156"},{"index":3,"_id":"58e035aca94bf87a0920e157"},{"index":4,"_id":"58e035aca94bf87a0920e158"},{"index":5,"_id":"58e035aca94bf87a0920e159"},{"index":6,"_id":"58e035aca94bf87a0920e15a"},{"index":7,"_id":"58e035aca94bf87a0920e15b"},{"index":8,"_id":"58e035aca94bf87a0920e15c"},{"index":9,"_id":"58e035aca94bf87a0920e15d"},{"index":10,"_id":"58e035aca94bf87a0920e15e"},{"index":11,"_id":"58e035aca94bf87a0920e15f"},{"index":12,"_id":"58e035aca94bf87a0920e160"},{"index":13,"_id":"58e035aca94bf87a0920e161"},{"index":14,"_id":"58e035aca94bf87a0920e162"},{"index":15,"_id":"58e035aca94bf87a0920e163"},{"index":16,"_id":"58e035aca94bf87a0920e164"},{"index":17,"_id":"58e035aca94bf87a0920e165"},{"index":18,"_id":"58e035aca94bf87a0920e166"},{"index":19,"_id":"58e035aca94bf87a0920e167"},{"index":20,"_id":"58e035aca94bf87a0920e168"},{"index":21,"_id":"58e035aca94bf87a0920e169"},{"index":22,"_id":"58e035aca94bf87a0920e16a"},{"index":23,"_id":"58e035aca94bf87a0920e16b"},{"index":24,"_id":"58e035aca94bf87a0920e16c"},{"index":25,"_id":"58e035aca94bf87a0920e16d"},{"index":26,"_id":"58e035aca94bf87a0920e16e"},{"index":27,"_id":"58e035aca94bf87a0920e16f"},{"index":28,"_id":"58e035aca94bf87a0920e170"},{"index":29,"_id":"58e035aca94bf87a0920e171"},{"index":30,"_id":"58e035aca94bf87a0920e172"},{"index":31,"_id":"58e035aca94bf87a0920e173"},{"index":32,"_id":"58e035aca94bf87a0920e174"},{"index":33,"_id":"58e035aca94bf87a0920e175"},{"index":34,"_id":"58e035aca94bf87a0920e176"},{"index":35,"_id":"58e035aca94bf87a0920e177"},{"index":36,"_id":"58e035aca94bf87a0920e178"},{"index":37,"_id":"58e035aca94bf87a0920e179"},{"index":38,"_id":"58e035aca94bf87a0920e17a"},{"index":39,"_id":"58e035aca94bf87a0920e17b"},{"index":40,"_id":"58e035aca94bf87a0920e17c"},{"index":41,"_id":"58e035aca94bf87a0920e17d"},{"index":42,"_id":"58e035aca94bf87a0920e17e"},{"index":43,"_id":"58e035aca94bf87a0920e17f"},{"index":44,"_id":"58e035aca94bf87a0920e180"},{"index":45,"_id":"58e035aca94bf87a0920e181"},{"index":46,"_id":"58e035aca94bf87a0920e182"},{"index":47,"_id":"58e035aca94bf87a0920e183"},{"index":48,"_id":"58e035aca94bf87a0920e184"},{"index":49,"_id":"58e035aca94bf87a0920e185"},{"index":50,"_id":"58e035aca94bf87a0920e186"},{"index":51,"_id":"58e035aca94bf87a0920e187"},{"index":52,"_id":"58e035aca94bf87a0920e188"},{"index":53,"_id":"58e035aca94bf87a0920e189"},{"index":54,"_id":"58e035aca94bf87a0920e18a"},{"index":55,"_id":"58e035aca94bf87a0920e18b"},{"index":56,"_id":"58e035aca94bf87a0920e18c"},{"index":57,"_id":"58e035aca94bf87a0920e18d"},{"index":58,"_id":"58e035aca94bf87a0920e18e"},{"index":59,"_id":"58e035aca94bf87a0920e18f"},{"index":60,"_id":"58e035aca94bf87a0920e190"},{"index":61,"_id":"58e035aca94bf87a0920e191"},{"index":62,"_id":"58e035aca94bf87a0920e192"},{"index":63,"_id":"58e035aca94bf87a0920e193"},{"index":64,"_id":"58e035aca94bf87a0920e194"},{"index":65,"_id":"58e035aca94bf87a0920e195"},{"index":66,"_id":"58e035aca94bf87a0920e196"},{"index":67,"_id":"58e035aca94bf87a0920e197"},{"index":68,"_id":"58e035aca94bf87a0920e198"},{"index":69,"_id":"58e035aca94bf87a0920e199"},{"index":70,"_id":"58e035aca94bf87a0920e19a"},{"index":71,"_id":"58e035aca94bf87a0920e19b"},{"index":72,"_id":"58e035aca94bf87a0920e19c"},{"index":73,"_id":"58e035aca94bf87a0920e19d"},{"index":74,"_id":"58e035aca94bf87a0920e19e"},{"index":75,"_id":"58e035aca94bf87a0920e19f"},{"index":76,"_id":"58e035aca94bf87a0920e1a0"},{"index":77,"_id":"58e035aca94bf87a0920e1a1"},{"index":78,"_id":"58e035aca94bf87a0920e1a2"},{"index":79,"_id":"58e035aca94bf87a0920e1a3"},{"index":80,"_id":"58e035aca94bf87a0920e1a4"},{"index":81,"_id":"58e035aca94bf87a0920e1a5"},{"index":82,"_id":"58e035aca94bf87a0920e1a6"},{"index":83,"_id":"58e035aca94bf87a0920e1a7"},{"index":84,"_id":"58e035aca94bf87a0920e1a8"},{"index":85,"_id":"58e035aca94bf87a0920e1a9"},{"index":86,"_id":"58e035aca94bf87a0920e1aa"},{"index":87,"_id":"58e035aca94bf87a0920e1ab"},{"index":88,"_id":"58e035aca94bf87a0920e1ac"},{"index":89,"_id":"58e035aca94bf87a0920e1ad"},{"index":90,"_id":"58e035aca94bf87a0920e1ae"},{"index":91,"_id":"58e035aca94bf87a0920e1af"},{"index":92,"_id":"58e035aca94bf87a0920e1b0"},{"index":93,"_id":"58e035aca94bf87a0920e1b1"},{"index":94,"_id":"58e035aca94bf87a0920e1b2"},{"index":95,"_id":"58e035aca94bf87a0920e1b3"},{"index":96,"_id":"58e035aca94bf87a0920e1b4"},{"index":97,"_id":"58e035aca94bf87a0920e1b5"},{"index":98,"_id":"58e035aca94bf87a0920e1b6"},{"index":99,"_id":"58e035aca94bf87a0920e1b7"}]}
{"ok":1,"writeErrors":[],"writeConcernErrors":[],"insertedIds":[],"nInserted":0,"nUpserted":100,"nMatched":0,"nModified":0,"nRemoved":0,"upserted":[{"index":0,"_id":"58e035e9a94bf87a0920e1c5"},{"index":1,"_id":"58e035e9a94bf87a0920e1c6"},{"index":2,"_id":"58e035e9a94bf87a0920e1c7"},{"index":3,"_id":"58e035e9a94bf87a0920e1c8"},{"index":4,"_id":"58e035e9a94bf87a0920e1c9"},{"index":5,"_id":"58e035e9a94bf87a0920e1ca"},{"index":6,"_id":"58e035e9a94bf87a0920e1cb"},{"index":7,"_id":"58e035e9a94bf87a0920e1cc"},{"index":8,"_id":"58e035e9a94bf87a0920e1cd"},{"index":9,"_id":"58e035e9a94bf87a0920e1ce"},{"index":10,"_id":"58e035e9a94bf87a0920e1cf"},{"index":11,"_id":"58e035e9a94bf87a0920e1d0"},{"index":12,"_id":"58e035e9a94bf87a0920e1d1"},{"index":13,"_id":"58e035e9a94bf87a0920e1d2"},{"index":14,"_id":"58e035e9a94bf87a0920e1d3"},{"index":15,"_id":"58e035e9a94bf87a0920e1d4"},{"index":16,"_id":"58e035e9a94bf87a0920e1d5"},{"index":17,"_id":"58e035e9a94bf87a0920e1d6"},{"index":18,"_id":"58e035e9a94bf87a0920e1d7"},{"index":19,"_id":"58e035e9a94bf87a0920e1d8"},{"index":20,"_id":"58e035e9a94bf87a0920e1d9"},{"index":21,"_id":"58e035e9a94bf87a0920e1da"},{"index":22,"_id":"58e035e9a94bf87a0920e1db"},{"index":23,"_id":"58e035e9a94bf87a0920e1dc"},{"index":24,"_id":"58e035e9a94bf87a0920e1dd"},{"index":25,"_id":"58e035e9a94bf87a0920e1de"},{"index":26,"_id":"58e035e9a94bf87a0920e1df"},{"index":27,"_id":"58e035e9a94bf87a0920e1e0"},{"index":28,"_id":"58e035e9a94bf87a0920e1e1"},{"index":29,"_id":"58e035e9a94bf87a0920e1e2"},{"index":30,"_id":"58e035e9a94bf87a0920e1e3"},{"index":31,"_id":"58e035e9a94bf87a0920e1e4"},{"index":32,"_id":"58e035e9a94bf87a0920e1e5"},{"index":33,"_id":"58e035e9a94bf87a0920e1e6"},{"index":34,"_id":"58e035e9a94bf87a0920e1e7"},{"index":35,"_id":"58e035e9a94bf87a0920e1e8"},{"index":36,"_id":"58e035e9a94bf87a0920e1e9"},{"index":37,"_id":"58e035e9a94bf87a0920e1ea"},{"index":38,"_id":"58e035e9a94bf87a0920e1eb"},{"index":39,"_id":"58e035e9a94bf87a0920e1ec"},{"index":40,"_id":"58e035e9a94bf87a0920e1ed"},{"index":41,"_id":"58e035e9a94bf87a0920e1ee"},{"index":42,"_id":"58e035e9a94bf87a0920e1ef"},{"index":43,"_id":"58e035e9a94bf87a0920e1f0"},{"index":44,"_id":"58e035e9a94bf87a0920e1f1"},{"index":45,"_id":"58e035e9a94bf87a0920e1f2"},{"index":46,"_id":"58e035e9a94bf87a0920e1f3"},{"index":47,"_id":"58e035e9a94bf87a0920e1f4"},{"index":48,"_id":"58e035e9a94bf87a0920e1f5"},{"index":49,"_id":"58e035e9a94bf87a0920e1f6"},{"index":50,"_id":"58e035e9a94bf87a0920e1f7"},{"index":51,"_id":"58e035e9a94bf87a0920e1f8"},{"index":52,"_id":"58e035e9a94bf87a0920e1f9"},{"index":53,"_id":"58e035e9a94bf87a0920e1fa"},{"index":54,"_id":"58e035e9a94bf87a0920e1fb"},{"index":55,"_id":"58e035e9a94bf87a0920e1fc"},{"index":56,"_id":"58e035e9a94bf87a0920e1fd"},{"index":57,"_id":"58e035e9a94bf87a0920e1fe"},{"index":58,"_id":"58e035e9a94bf87a0920e1ff"},{"index":59,"_id":"58e035e9a94bf87a0920e200"},{"index":60,"_id":"58e035e9a94bf87a0920e201"},{"index":61,"_id":"58e035e9a94bf87a0920e202"},{"index":62,"_id":"58e035e9a94bf87a0920e203"},{"index":63,"_id":"58e035e9a94bf87a0920e204"},{"index":64,"_id":"58e035e9a94bf87a0920e205"},{"index":65,"_id":"58e035e9a94bf87a0920e206"},{"index":66,"_id":"58e035e9a94bf87a0920e207"},{"index":67,"_id":"58e035e9a94bf87a0920e208"},{"index":68,"_id":"58e035e9a94bf87a0920e209"},{"index":69,"_id":"58e035e9a94bf87a0920e20a"},{"index":70,"_id":"58e035e9a94bf87a0920e20b"},{"index":71,"_id":"58e035e9a94bf87a0920e20c"},{"index":72,"_id":"58e035e9a94bf87a0920e20d"},{"index":73,"_id":"58e035e9a94bf87a0920e20e"},{"index":74,"_id":"58e035e9a94bf87a0920e20f"},{"index":75,"_id":"58e035e9a94bf87a0920e210"},{"index":76,"_id":"58e035e9a94bf87a0920e211"},{"index":77,"_id":"58e035e9a94bf87a0920e212"},{"index":78,"_id":"58e035e9a94bf87a0920e213"},{"index":79,"_id":"58e035e9a94bf87a0920e214"},{"index":80,"_id":"58e035e9a94bf87a0920e215"},{"index":81,"_id":"58e035e9a94bf87a0920e216"},{"index":82,"_id":"58e035e9a94bf87a0920e217"},{"index":83,"_id":"58e035e9a94bf87a0920e218"},{"index":84,"_id":"58e035e9a94bf87a0920e219"},{"index":85,"_id":"58e035e9a94bf87a0920e21a"},{"index":86,"_id":"58e035e9a94bf87a0920e21b"},{"index":87,"_id":"58e035e9a94bf87a0920e21c"},{"index":88,"_id":"58e035e9a94bf87a0920e21d"},{"index":89,"_id":"58e035e9a94bf87a0920e21e"},{"index":90,"_id":"58e035e9a94bf87a0920e21f"},{"index":91,"_id":"58e035e9a94bf87a0920e220"},{"index":92,"_id":"58e035e9a94bf87a0920e221"},{"index":93,"_id":"58e035e9a94bf87a0920e222"},{"index":94,"_id":"58e035e9a94bf87a0920e223"},{"index":95,"_id":"58e035e9a94bf87a0920e224"},{"index":96,"_id":"58e035e9a94bf87a0920e225"},{"index":97,"_id":"58e035e9a94bf87a0920e226"},{"index":98,"_id":"58e035e9a94bf87a0920e227"},{"index":99,"_id":"58e035e9a94bf87a0920e228"}]}
{"ok":1,"writeErrors":[],"writeConcernErrors":[],"insertedIds":[],"nInserted":0,"nUpserted":100,"nMatched":0,"nModified":0,"nRemoved":0,"upserted":[{"index":0,"_id":"58e03627a94bf87a0920e237"},{"index":1,"_id":"58e03627a94bf87a0920e238"},{"index":2,"_id":"58e03627a94bf87a0920e239"},{"index":3,"_id":"58e03627a94bf87a0920e23a"},{"index":4,"_id":"58e03627a94bf87a0920e23b"},{"index":5,"_id":"58e03627a94bf87a0920e23c"},{"index":6,"_id":"58e03627a94bf87a0920e23d"},{"index":7,"_id":"58e03627a94bf87a0920e23e"},{"index":8,"_id":"58e03627a94bf87a0920e23f"},{"index":9,"_id":"58e03627a94bf87a0920e240"},{"index":10,"_id":"58e03627a94bf87a0920e241"},{"index":11,"_id":"58e03627a94bf87a0920e242"},{"index":12,"_id":"58e03627a94bf87a0920e243"},{"index":13,"_id":"58e03627a94bf87a0920e244"},{"index":14,"_id":"58e03627a94bf87a0920e245"},{"index":15,"_id":"58e03627a94bf87a0920e246"},{"index":16,"_id":"58e03627a94bf87a0920e247"},{"index":17,"_id":"58e03627a94bf87a0920e248"},{"index":18,"_id":"58e03627a94bf87a0920e249"},{"index":19,"_id":"58e03627a94bf87a0920e24a"},{"index":20,"_id":"58e03627a94bf87a0920e24b"},{"index":21,"_id":"58e03627a94bf87a0920e24c"},{"index":22,"_id":"58e03627a94bf87a0920e24d"},{"index":23,"_id":"58e03627a94bf87a0920e24e"},{"index":24,"_id":"58e03627a94bf87a0920e24f"},{"index":25,"_id":"58e03627a94bf87a0920e250"},{"index":26,"_id":"58e03627a94bf87a0920e251"},{"index":27,"_id":"58e03627a94bf87a0920e252"},{"index":28,"_id":"58e03627a94bf87a0920e253"},{"index":29,"_id":"58e03627a94bf87a0920e254"},{"index":30,"_id":"58e03627a94bf87a0920e255"},{"index":31,"_id":"58e03627a94bf87a0920e256"},{"index":32,"_id":"58e03627a94bf87a0920e257"},{"index":33,"_id":"58e03627a94bf87a0920e258"},{"index":34,"_id":"58e03627a94bf87a0920e259"},{"index":35,"_id":"58e03627a94bf87a0920e25a"},{"index":36,"_id":"58e03627a94bf87a0920e25b"},{"index":37,"_id":"58e03627a94bf87a0920e25c"},{"index":38,"_id":"58e03627a94bf87a0920e25d"},{"index":39,"_id":"58e03627a94bf87a0920e25e"},{"index":40,"_id":"58e03627a94bf87a0920e25f"},{"index":41,"_id":"58e03627a94bf87a0920e260"},{"index":42,"_id":"58e03627a94bf87a0920e261"},{"index":43,"_id":"58e03627a94bf87a0920e262"},{"index":44,"_id":"58e03627a94bf87a0920e263"},{"index":45,"_id":"58e03627a94bf87a0920e264"},{"index":46,"_id":"58e03627a94bf87a0920e265"},{"index":47,"_id":"58e03627a94bf87a0920e266"},{"index":48,"_id":"58e03627a94bf87a0920e267"},{"index":49,"_id":"58e03627a94bf87a0920e268"},{"index":50,"_id":"58e03627a94bf87a0920e269"},{"index":51,"_id":"58e03627a94bf87a0920e26a"},{"index":52,"_id":"58e03627a94bf87a0920e26b"},{"index":53,"_id":"58e03627a94bf87a0920e26c"},{"index":54,"_id":"58e03627a94bf87a0920e26d"},{"index":55,"_id":"58e03627a94bf87a0920e26e"},{"index":56,"_id":"58e03627a94bf87a0920e26f"},{"index":57,"_id":"58e03627a94bf87a0920e270"},{"index":58,"_id":"58e03627a94bf87a0920e271"},{"index":59,"_id":"58e03627a94bf87a0920e272"},{"index":60,"_id":"58e03627a94bf87a0920e273"},{"index":61,"_id":"58e03627a94bf87a0920e274"},{"index":62,"_id":"58e03627a94bf87a0920e275"},{"index":63,"_id":"58e03627a94bf87a0920e276"},{"index":64,"_id":"58e03627a94bf87a0920e277"},{"index":65,"_id":"58e03627a94bf87a0920e278"},{"index":66,"_id":"58e03627a94bf87a0920e279"},{"index":67,"_id":"58e03627a94bf87a0920e27a"},{"index":68,"_id":"58e03627a94bf87a0920e27b"},{"index":69,"_id":"58e03627a94bf87a0920e27c"},{"index":70,"_id":"58e03627a94bf87a0920e27d"},{"index":71,"_id":"58e03627a94bf87a0920e27e"},{"index":72,"_id":"58e03627a94bf87a0920e27f"},{"index":73,"_id":"58e03627a94bf87a0920e280"},{"index":74,"_id":"58e03627a94bf87a0920e281"},{"index":75,"_id":"58e03627a94bf87a0920e282"},{"index":76,"_id":"58e03627a94bf87a0920e283"},{"index":77,"_id":"58e03627a94bf87a0920e284"},{"index":78,"_id":"58e03627a94bf87a0920e285"},{"index":79,"_id":"58e03627a94bf87a0920e286"},{"index":80,"_id":"58e03627a94bf87a0920e287"},{"index":81,"_id":"58e03627a94bf87a0920e288"},{"index":82,"_id":"58e03627a94bf87a0920e289"},{"index":83,"_id":"58e03627a94bf87a0920e28a"},{"index":84,"_id":"58e03627a94bf87a0920e28b"},{"index":85,"_id":"58e03627a94bf87a0920e28c"},{"index":86,"_id":"58e03627a94bf87a0920e28d"},{"index":87,"_id":"58e03627a94bf87a0920e28e"},{"index":88,"_id":"58e03627a94bf87a0920e28f"},{"index":89,"_id":"58e03627a94bf87a0920e290"},{"index":90,"_id":"58e03627a94bf87a0920e291"},{"index":91,"_id":"58e03627a94bf87a0920e292"},{"index":92,"_id":"58e03627a94bf87a0920e293"},{"index":93,"_id":"58e03627a94bf87a0920e294"},{"index":94,"_id":"58e03627a94bf87a0920e295"},{"index":95,"_id":"58e03627a94bf87a0920e296"},{"index":96,"_id":"58e03627a94bf87a0920e297"},{"index":97,"_id":"58e03627a94bf87a0920e298"},{"index":98,"_id":"58e03627a94bf87a0920e299"},{"index":99,"_id":"58e03627a94bf87a0920e29a"}]}
{"ok":1,"writeErrors":[],"writeConcernErrors":[],"insertedIds":[],"nInserted":0,"nUpserted":100,"nMatched":0,"nModified":0,"nRemoved":0,"upserted":[{"index":0,"_id":"58e03664a94bf87a0920e2a8"},{"index":1,"_id":"58e03664a94bf87a0920e2a9"},{"index":2,"_id":"58e03664a94bf87a0920e2aa"},{"index":3,"_id":"58e03664a94bf87a0920e2ab"},{"index":4,"_id":"58e03664a94bf87a0920e2ac"},{"index":5,"_id":"58e03664a94bf87a0920e2ad"},{"index":6,"_id":"58e03664a94bf87a0920e2ae"},{"index":7,"_id":"58e03664a94bf87a0920e2af"},{"index":8,"_id":"58e03664a94bf87a0920e2b0"},{"index":9,"_id":"58e03664a94bf87a0920e2b1"},{"index":10,"_id":"58e03664a94bf87a0920e2b2"},{"index":11,"_id":"58e03664a94bf87a0920e2b3"},{"index":12,"_id":"58e03664a94bf87a0920e2b4"},{"index":13,"_id":"58e03664a94bf87a0920e2b5"},{"index":14,"_id":"58e03664a94bf87a0920e2b6"},{"index":15,"_id":"58e03664a94bf87a0920e2b7"},{"index":16,"_id":"58e03664a94bf87a0920e2b8"},{"index":17,"_id":"58e03664a94bf87a0920e2b9"},{"index":18,"_id":"58e03664a94bf87a0920e2ba"},{"index":19,"_id":"58e03664a94bf87a0920e2bb"},{"index":20,"_id":"58e03664a94bf87a0920e2bc"},{"index":21,"_id":"58e03664a94bf87a0920e2bd"},{"index":22,"_id":"58e03664a94bf87a0920e2be"},{"index":23,"_id":"58e03664a94bf87a0920e2bf"},{"index":24,"_id":"58e03664a94bf87a0920e2c0"},{"index":25,"_id":"58e03664a94bf87a0920e2c1"},{"index":26,"_id":"58e03664a94bf87a0920e2c2"},{"index":27,"_id":"58e03664a94bf87a0920e2c3"},{"index":28,"_id":"58e03664a94bf87a0920e2c4"},{"index":29,"_id":"58e03664a94bf87a0920e2c5"},{"index":30,"_id":"58e03664a94bf87a0920e2c6"},{"index":31,"_id":"58e03664a94bf87a0920e2c7"},{"index":32,"_id":"58e03664a94bf87a0920e2c8"},{"index":33,"_id":"58e03664a94bf87a0920e2c9"},{"index":34,"_id":"58e03664a94bf87a0920e2ca"},{"index":35,"_id":"58e03664a94bf87a0920e2cb"},{"index":36,"_id":"58e03664a94bf87a0920e2cc"},{"index":37,"_id":"58e03664a94bf87a0920e2cd"},{"index":38,"_id":"58e03664a94bf87a0920e2ce"},{"index":39,"_id":"58e03664a94bf87a0920e2cf"},{"index":40,"_id":"58e03664a94bf87a0920e2d0"},{"index":41,"_id":"58e03664a94bf87a0920e2d1"},{"index":42,"_id":"58e03664a94bf87a0920e2d2"},{"index":43,"_id":"58e03664a94bf87a0920e2d3"},{"index":44,"_id":"58e03664a94bf87a0920e2d4"},{"index":45,"_id":"58e03664a94bf87a0920e2d5"},{"index":46,"_id":"58e03664a94bf87a0920e2d6"},{"index":47,"_id":"58e03664a94bf87a0920e2d7"},{"index":48,"_id":"58e03664a94bf87a0920e2d8"},{"index":49,"_id":"58e03664a94bf87a0920e2d9"},{"index":50,"_id":"58e03664a94bf87a0920e2da"},{"index":51,"_id":"58e03664a94bf87a0920e2db"},{"index":52,"_id":"58e03664a94bf87a0920e2dc"},{"index":53,"_id":"58e03664a94bf87a0920e2dd"},{"index":54,"_id":"58e03664a94bf87a0920e2de"},{"index":55,"_id":"58e03664a94bf87a0920e2df"},{"index":56,"_id":"58e03664a94bf87a0920e2e0"},{"index":57,"_id":"58e03664a94bf87a0920e2e1"},{"index":58,"_id":"58e03664a94bf87a0920e2e2"},{"index":59,"_id":"58e03664a94bf87a0920e2e3"},{"index":60,"_id":"58e03664a94bf87a0920e2e4"},{"index":61,"_id":"58e03664a94bf87a0920e2e5"},{"index":62,"_id":"58e03664a94bf87a0920e2e6"},{"index":63,"_id":"58e03664a94bf87a0920e2e7"},{"index":64,"_id":"58e03664a94bf87a0920e2e8"},{"index":65,"_id":"58e03664a94bf87a0920e2e9"},{"index":66,"_id":"58e03664a94bf87a0920e2ea"},{"index":67,"_id":"58e03664a94bf87a0920e2eb"},{"index":68,"_id":"58e03664a94bf87a0920e2ec"},{"index":69,"_id":"58e03664a94bf87a0920e2ed"},{"index":70,"_id":"58e03664a94bf87a0920e2ee"},{"index":71,"_id":"58e03664a94bf87a0920e2ef"},{"index":72,"_id":"58e03664a94bf87a0920e2f0"},{"index":73,"_id":"58e03664a94bf87a0920e2f1"},{"index":74,"_id":"58e03664a94bf87a0920e2f2"},{"index":75,"_id":"58e03664a94bf87a0920e2f3"},{"index":76,"_id":"58e03664a94bf87a0920e2f4"},{"index":77,"_id":"58e03664a94bf87a0920e2f5"},{"index":78,"_id":"58e03664a94bf87a0920e2f6"},{"index":79,"_id":"58e03664a94bf87a0920e2f7"},{"index":80,"_id":"58e03664a94bf87a0920e2f8"},{"index":81,"_id":"58e03664a94bf87a0920e2f9"},{"index":82,"_id":"58e03664a94bf87a0920e2fa"},{"index":83,"_id":"58e03664a94bf87a0920e2fb"},{"index":84,"_id":"58e03664a94bf87a0920e2fc"},{"index":85,"_id":"58e03664a94bf87a0920e2fd"},{"index":86,"_id":"58e03664a94bf87a0920e2fe"},{"index":87,"_id":"58e03664a94bf87a0920e2ff"},{"index":88,"_id":"58e03664a94bf87a0920e300"},{"index":89,"_id":"58e03664a94bf87a0920e301"},{"index":90,"_id":"58e03664a94bf87a0920e302"},{"index":91,"_id":"58e03664a94bf87a0920e303"},{"index":92,"_id":"58e03664a94bf87a0920e304"},{"index":93,"_id":"58e03664a94bf87a0920e305"},{"index":94,"_id":"58e03664a94bf87a0920e306"},{"index":95,"_id":"58e03664a94bf87a0920e307"},{"index":96,"_id":"58e03664a94bf87a0920e308"},{"index":97,"_id":"58e03664a94bf87a0920e309"},{"index":98,"_id":"58e03664a94bf87a0920e30a"},{"index":99,"_id":"58e03664a94bf87a0920e30b"}]}
{"ok":1,"writeErrors":[],"writeConcernErrors":[],"insertedIds":[],"nInserted":0,"nUpserted":100,"nMatched":0,"nModified":0,"nRemoved":0,"upserted":[{"index":0,"_id":"58e036a1a94bf87a0920e319"},{"index":1,"_id":"58e036a1a94bf87a0920e31a"},{"index":2,"_id":"58e036a1a94bf87a0920e31b"},{"index":3,"_id":"58e036a1a94bf87a0920e31c"},{"index":4,"_id":"58e036a1a94bf87a0920e31d"},{"index":5,"_id":"58e036a1a94bf87a0920e31e"},{"index":6,"_id":"58e036a1a94bf87a0920e31f"},{"index":7,"_id":"58e036a1a94bf87a0920e320"},{"index":8,"_id":"58e036a1a94bf87a0920e321"},{"index":9,"_id":"58e036a1a94bf87a0920e322"},{"index":10,"_id":"58e036a1a94bf87a0920e323"},{"index":11,"_id":"58e036a1a94bf87a0920e324"},{"index":12,"_id":"58e036a1a94bf87a0920e325"},{"index":13,"_id":"58e036a1a94bf87a0920e326"},{"index":14,"_id":"58e036a1a94bf87a0920e327"},{"index":15,"_id":"58e036a1a94bf87a0920e328"},{"index":16,"_id":"58e036a1a94bf87a0920e329"},{"index":17,"_id":"58e036a1a94bf87a0920e32a"},{"index":18,"_id":"58e036a1a94bf87a0920e32b"},{"index":19,"_id":"58e036a1a94bf87a0920e32c"},{"index":20,"_id":"58e036a1a94bf87a0920e32d"},{"index":21,"_id":"58e036a1a94bf87a0920e32e"},{"index":22,"_id":"58e036a1a94bf87a0920e32f"},{"index":23,"_id":"58e036a1a94bf87a0920e330"},{"index":24,"_id":"58e036a1a94bf87a0920e331"},{"index":25,"_id":"58e036a1a94bf87a0920e332"},{"index":26,"_id":"58e036a1a94bf87a0920e333"},{"index":27,"_id":"58e036a1a94bf87a0920e334"},{"index":28,"_id":"58e036a1a94bf87a0920e335"},{"index":29,"_id":"58e036a1a94bf87a0920e336"},{"index":30,"_id":"58e036a1a94bf87a0920e337"},{"index":31,"_id":"58e036a1a94bf87a0920e338"},{"index":32,"_id":"58e036a1a94bf87a0920e339"},{"index":33,"_id":"58e036a1a94bf87a0920e33a"},{"index":34,"_id":"58e036a1a94bf87a0920e33b"},{"index":35,"_id":"58e036a1a94bf87a0920e33c"},{"index":36,"_id":"58e036a1a94bf87a0920e33d"},{"index":37,"_id":"58e036a1a94bf87a0920e33e"},{"index":38,"_id":"58e036a1a94bf87a0920e33f"},{"index":39,"_id":"58e036a1a94bf87a0920e340"},{"index":40,"_id":"58e036a1a94bf87a0920e341"},{"index":41,"_id":"58e036a1a94bf87a0920e342"},{"index":42,"_id":"58e036a1a94bf87a0920e343"},{"index":43,"_id":"58e036a1a94bf87a0920e344"},{"index":44,"_id":"58e036a1a94bf87a0920e345"},{"index":45,"_id":"58e036a1a94bf87a0920e346"},{"index":46,"_id":"58e036a1a94bf87a0920e347"},{"index":47,"_id":"58e036a1a94bf87a0920e348"},{"index":48,"_id":"58e036a1a94bf87a0920e349"},{"index":49,"_id":"58e036a1a94bf87a0920e34a"},{"index":50,"_id":"58e036a1a94bf87a0920e34b"},{"index":51,"_id":"58e036a1a94bf87a0920e34c"},{"index":52,"_id":"58e036a1a94bf87a0920e34d"},{"index":53,"_id":"58e036a1a94bf87a0920e34e"},{"index":54,"_id":"58e036a1a94bf87a0920e34f"},{"index":55,"_id":"58e036a1a94bf87a0920e350"},{"index":56,"_id":"58e036a1a94bf87a0920e351"},{"index":57,"_id":"58e036a1a94bf87a0920e352"},{"index":58,"_id":"58e036a1a94bf87a0920e353"},{"index":59,"_id":"58e036a1a94bf87a0920e354"},{"index":60,"_id":"58e036a1a94bf87a0920e355"},{"index":61,"_id":"58e036a1a94bf87a0920e356"},{"index":62,"_id":"58e036a1a94bf87a0920e357"},{"index":63,"_id":"58e036a1a94bf87a0920e358"},{"index":64,"_id":"58e036a1a94bf87a0920e359"},{"index":65,"_id":"58e036a1a94bf87a0920e35a"},{"index":66,"_id":"58e036a1a94bf87a0920e35b"},{"index":67,"_id":"58e036a1a94bf87a0920e35c"},{"index":68,"_id":"58e036a1a94bf87a0920e35d"},{"index":69,"_id":"58e036a1a94bf87a0920e35e"},{"index":70,"_id":"58e036a1a94bf87a0920e35f"},{"index":71,"_id":"58e036a1a94bf87a0920e360"},{"index":72,"_id":"58e036a1a94bf87a0920e361"},{"index":73,"_id":"58e036a1a94bf87a0920e362"},{"index":74,"_id":"58e036a1a94bf87a0920e363"},{"index":75,"_id":"58e036a1a94bf87a0920e364"},{"index":76,"_id":"58e036a1a94bf87a0920e365"},{"index":77,"_id":"58e036a1a94bf87a0920e366"},{"index":78,"_id":"58e036a1a94bf87a0920e367"},{"index":79,"_id":"58e036a1a94bf87a0920e368"},{"index":80,"_id":"58e036a1a94bf87a0920e369"},{"index":81,"_id":"58e036a1a94bf87a0920e36a"},{"index":82,"_id":"58e036a1a94bf87a0920e36b"},{"index":83,"_id":"58e036a1a94bf87a0920e36c"},{"index":84,"_id":"58e036a1a94bf87a0920e36d"},{"index":85,"_id":"58e036a1a94bf87a0920e36e"},{"index":86,"_id":"58e036a1a94bf87a0920e36f"},{"index":87,"_id":"58e036a1a94bf87a0920e370"},{"index":88,"_id":"58e036a1a94bf87a0920e371"},{"index":89,"_id":"58e036a1a94bf87a0920e372"},{"index":90,"_id":"58e036a1a94bf87a0920e373"},{"index":91,"_id":"58e036a1a94bf87a0920e374"},{"index":92,"_id":"58e036a1a94bf87a0920e375"},{"index":93,"_id":"58e036a1a94bf87a0920e376"},{"index":94,"_id":"58e036a1a94bf87a0920e377"},{"index":95,"_id":"58e036a1a94bf87a0920e378"},{"index":96,"_id":"58e036a1a94bf87a0920e379"},{"index":97,"_id":"58e036a1a94bf87a0920e37a"},{"index":98,"_id":"58e036a1a94bf87a0920e37b"},{"index":99,"_id":"58e036a1a94bf87a0920e37c"}]}
{"ok":1,"writeErrors":[],"writeConcernErrors":[],"insertedIds":[],"nInserted":0,"nUpserted":100,"nMatched":0,"nModified":0,"nRemoved":0,"upserted":[{"index":0,"_id":"58e036dda94bf87a0920e38a"},{"index":1,"_id":"58e036dda94bf87a0920e38b"},{"index":2,"_id":"58e036dda94bf87a0920e38c"},{"index":3,"_id":"58e036dda94bf87a0920e38d"},{"index":4,"_id":"58e036dda94bf87a0920e38e"},{"index":5,"_id":"58e036dda94bf87a0920e38f"},{"index":6,"_id":"58e036dda94bf87a0920e390"},{"index":7,"_id":"58e036dda94bf87a0920e391"},{"index":8,"_id":"58e036dda94bf87a0920e392"},{"index":9,"_id":"58e036dda94bf87a0920e393"},{"index":10,"_id":"58e036dda94bf87a0920e394"},{"index":11,"_id":"58e036dda94bf87a0920e395"},{"index":12,"_id":"58e036dda94bf87a0920e396"},{"index":13,"_id":"58e036dda94bf87a0920e397"},{"index":14,"_id":"58e036dda94bf87a0920e398"},{"index":15,"_id":"58e036dda94bf87a0920e399"},{"index":16,"_id":"58e036dda94bf87a0920e39a"},{"index":17,"_id":"58e036dda94bf87a0920e39b"},{"index":18,"_id":"58e036dda94bf87a0920e39c"},{"index":19,"_id":"58e036dda94bf87a0920e39d"},{"index":20,"_id":"58e036dda94bf87a0920e39e"},{"index":21,"_id":"58e036dda94bf87a0920e39f"},{"index":22,"_id":"58e036dda94bf87a0920e3a0"},{"index":23,"_id":"58e036dda94bf87a0920e3a1"},{"index":24,"_id":"58e036dda94bf87a0920e3a2"},{"index":25,"_id":"58e036dda94bf87a0920e3a3"},{"index":26,"_id":"58e036dda94bf87a0920e3a4"},{"index":27,"_id":"58e036dda94bf87a0920e3a5"},{"index":28,"_id":"58e036dda94bf87a0920e3a6"},{"index":29,"_id":"58e036dda94bf87a0920e3a7"},{"index":30,"_id":"58e036dda94bf87a0920e3a8"},{"index":31,"_id":"58e036dda94bf87a0920e3a9"},{"index":32,"_id":"58e036dda94bf87a0920e3aa"},{"index":33,"_id":"58e036dda94bf87a0920e3ab"},{"index":34,"_id":"58e036dda94bf87a0920e3ac"},{"index":35,"_id":"58e036dda94bf87a0920e3ad"},{"index":36,"_id":"58e036dda94bf87a0920e3ae"},{"index":37,"_id":"58e036dda94bf87a0920e3af"},{"index":38,"_id":"58e036dda94bf87a0920e3b0"},{"index":39,"_id":"58e036dda94bf87a0920e3b1"},{"index":40,"_id":"58e036dda94bf87a0920e3b2"},{"index":41,"_id":"58e036dda94bf87a0920e3b3"},{"index":42,"_id":"58e036dda94bf87a0920e3b4"},{"index":43,"_id":"58e036dda94bf87a0920e3b5"},{"index":44,"_id":"58e036dda94bf87a0920e3b6"},{"index":45,"_id":"58e036dfa94bf87a0920e3b8"},{"index":46,"_id":"58e036dfa94bf87a0920e3b9"},{"index":47,"_id":"58e036dfa94bf87a0920e3ba"},{"index":48,"_id":"58e036dfa94bf87a0920e3bb"},{"index":49,"_id":"58e036dfa94bf87a0920e3bc"},{"index":50,"_id":"58e036dfa94bf87a0920e3bd"},{"index":51,"_id":"58e036dfa94bf87a0920e3be"},{"index":52,"_id":"58e036dfa94bf87a0920e3bf"},{"index":53,"_id":"58e036dfa94bf87a0920e3c0"},{"index":54,"_id":"58e036dfa94bf87a0920e3c1"},{"index":55,"_id":"58e036dfa94bf87a0920e3c2"},{"index":56,"_id":"58e036dfa94bf87a0920e3c3"},{"index":57,"_id":"58e036dfa94bf87a0920e3c4"},{"index":58,"_id":"58e036dfa94bf87a0920e3c5"},{"index":59,"_id":"58e036dfa94bf87a0920e3c6"},{"index":60,"_id":"58e036dfa94bf87a0920e3c7"},{"index":61,"_id":"58e036dfa94bf87a0920e3c8"},{"index":62,"_id":"58e036dfa94bf87a0920e3c9"},{"index":63,"_id":"58e036dfa94bf87a0920e3ca"},{"index":64,"_id":"58e036dfa94bf87a0920e3cb"},{"index":65,"_id":"58e036dfa94bf87a0920e3cc"},{"index":66,"_id":"58e036dfa94bf87a0920e3cd"},{"index":67,"_id":"58e036dfa94bf87a0920e3ce"},{"index":68,"_id":"58e036dfa94bf87a0920e3cf"},{"index":69,"_id":"58e036dfa94bf87a0920e3d0"},{"index":70,"_id":"58e036dfa94bf87a0920e3d1"},{"index":71,"_id":"58e036dfa94bf87a0920e3d2"},{"index":72,"_id":"58e036dfa94bf87a0920e3d3"},{"index":73,"_id":"58e036dfa94bf87a0920e3d4"},{"index":74,"_id":"58e036dfa94bf87a0920e3d5"},{"index":75,"_id":"58e036dfa94bf87a0920e3d6"},{"index":76,"_id":"58e036dfa94bf87a0920e3d7"},{"index":77,"_id":"58e036dfa94bf87a0920e3d8"},{"index":78,"_id":"58e036dfa94bf87a0920e3d9"},{"index":79,"_id":"58e036dfa94bf87a0920e3da"},{"index":80,"_id":"58e036dfa94bf87a0920e3db"},{"index":81,"_id":"58e036dfa94bf87a0920e3dc"},{"index":82,"_id":"58e036dfa94bf87a0920e3dd"},{"index":83,"_id":"58e036dfa94bf87a0920e3de"},{"index":84,"_id":"58e036dfa94bf87a0920e3df"},{"index":85,"_id":"58e036dfa94bf87a0920e3e0"},{"index":86,"_id":"58e036dfa94bf87a0920e3e1"},{"index":87,"_id":"58e036dfa94bf87a0920e3e2"},{"index":88,"_id":"58e036dfa94bf87a0920e3e3"},{"index":89,"_id":"58e036dfa94bf87a0920e3e4"},{"index":90,"_id":"58e036dfa94bf87a0920e3e5"},{"index":91,"_id":"58e036dfa94bf87a0920e3e6"},{"index":92,"_id":"58e036dfa94bf87a0920e3e7"},{"index":93,"_id":"58e036dfa94bf87a0920e3e8"},{"index":94,"_id":"58e036dfa94bf87a0920e3e9"},{"index":95,"_id":"58e036dfa94bf87a0920e3ea"},{"index":96,"_id":"58e036dfa94bf87a0920e3eb"},{"index":97,"_id":"58e036dfa94bf87a0920e3ec"},{"index":98,"_id":"58e036dfa94bf87a0920e3ed"},{"index":99,"_id":"58e036dfa94bf87a0920e3ee"}]}
{"ok":1,"writeErrors":[],"writeConcernErrors":[],"insertedIds":[],"nInserted":0,"nUpserted":100,"nMatched":0,"nModified":0,"nRemoved":0,"upserted":[{"index":0,"_id":"58e0371aa94bf87a0920e3fb"},{"index":1,"_id":"58e0371aa94bf87a0920e3fc"},{"index":2,"_id":"58e0371aa94bf87a0920e3fd"},{"index":3,"_id":"58e0371aa94bf87a0920e3fe"},{"index":4,"_id":"58e0371aa94bf87a0920e3ff"},{"index":5,"_id":"58e0371aa94bf87a0920e400"},{"index":6,"_id":"58e0371aa94bf87a0920e401"},{"index":7,"_id":"58e0371aa94bf87a0920e402"},{"index":8,"_id":"58e0371aa94bf87a0920e403"},{"index":9,"_id":"58e0371aa94bf87a0920e404"},{"index":10,"_id":"58e0371aa94bf87a0920e405"},{"index":11,"_id":"58e0371aa94bf87a0920e406"},{"index":12,"_id":"58e0371aa94bf87a0920e407"},{"index":13,"_id":"58e0371aa94bf87a0920e408"},{"index":14,"_id":"58e0371aa94bf87a0920e409"},{"index":15,"_id":"58e0371aa94bf87a0920e40a"},{"index":16,"_id":"58e0371aa94bf87a0920e40b"},{"index":17,"_id":"58e0371aa94bf87a0920e40c"},{"index":18,"_id":"58e0371aa94bf87a0920e40d"},{"index":19,"_id":"58e0371aa94bf87a0920e40e"},{"index":20,"_id":"58e0371aa94bf87a0920e40f"},{"index":21,"_id":"58e0371aa94bf87a0920e410"},{"index":22,"_id":"58e0371aa94bf87a0920e411"},{"index":23,"_id":"58e0371aa94bf87a0920e412"},{"index":24,"_id":"58e0371aa94bf87a0920e413"},{"index":25,"_id":"58e0371aa94bf87a0920e414"},{"index":26,"_id":"58e0371aa94bf87a0920e415"},{"index":27,"_id":"58e0371aa94bf87a0920e416"},{"index":28,"_id":"58e0371aa94bf87a0920e417"},{"index":29,"_id":"58e0371aa94bf87a0920e418"},{"index":30,"_id":"58e0371aa94bf87a0920e419"},{"index":31,"_id":"58e0371aa94bf87a0920e41a"},{"index":32,"_id":"58e0371aa94bf87a0920e41b"},{"index":33,"_id":"58e0371aa94bf87a0920e41c"},{"index":34,"_id":"58e0371aa94bf87a0920e41d"},{"index":35,"_id":"58e0371aa94bf87a0920e41e"},{"index":36,"_id":"58e0371aa94bf87a0920e41f"},{"index":37,"_id":"58e0371aa94bf87a0920e420"},{"index":38,"_id":"58e0371aa94bf87a0920e421"},{"index":39,"_id":"58e0371aa94bf87a0920e422"},{"index":40,"_id":"58e0371aa94bf87a0920e423"},{"index":41,"_id":"58e0371aa94bf87a0920e424"},{"index":42,"_id":"58e0371aa94bf87a0920e425"},{"index":43,"_id":"58e0371aa94bf87a0920e426"},{"index":44,"_id":"58e0371aa94bf87a0920e427"},{"index":45,"_id":"58e0371aa94bf87a0920e428"},{"index":46,"_id":"58e0371aa94bf87a0920e429"},{"index":47,"_id":"58e0371aa94bf87a0920e42a"},{"index":48,"_id":"58e0371aa94bf87a0920e42b"},{"index":49,"_id":"58e0371aa94bf87a0920e42c"},{"index":50,"_id":"58e0371aa94bf87a0920e42d"},{"index":51,"_id":"58e0371aa94bf87a0920e42e"},{"index":52,"_id":"58e0371aa94bf87a0920e42f"},{"index":53,"_id":"58e0371aa94bf87a0920e430"},{"index":54,"_id":"58e0371aa94bf87a0920e431"},{"index":55,"_id":"58e0371aa94bf87a0920e432"},{"index":56,"_id":"58e0371aa94bf87a0920e433"},{"index":57,"_id":"58e0371aa94bf87a0920e434"},{"index":58,"_id":"58e0371aa94bf87a0920e435"},{"index":59,"_id":"58e0371aa94bf87a0920e436"},{"index":60,"_id":"58e0371aa94bf87a0920e437"},{"index":61,"_id":"58e0371aa94bf87a0920e438"},{"index":62,"_id":"58e0371aa94bf87a0920e439"},{"index":63,"_id":"58e0371aa94bf87a0920e43a"},{"index":64,"_id":"58e0371aa94bf87a0920e43b"},{"index":65,"_id":"58e0371aa94bf87a0920e43c"},{"index":66,"_id":"58e0371aa94bf87a0920e43d"},{"index":67,"_id":"58e0371aa94bf87a0920e43e"},{"index":68,"_id":"58e0371aa94bf87a0920e43f"},{"index":69,"_id":"58e0371aa94bf87a0920e440"},{"index":70,"_id":"58e0371aa94bf87a0920e441"},{"index":71,"_id":"58e0371aa94bf87a0920e442"},{"index":72,"_id":"58e0371aa94bf87a0920e443"},{"index":73,"_id":"58e0371aa94bf87a0920e444"},{"index":74,"_id":"58e0371aa94bf87a0920e445"},{"index":75,"_id":"58e0371aa94bf87a0920e446"},{"index":76,"_id":"58e0371aa94bf87a0920e447"},{"index":77,"_id":"58e0371aa94bf87a0920e448"},{"index":78,"_id":"58e0371aa94bf87a0920e449"},{"index":79,"_id":"58e0371aa94bf87a0920e44a"},{"index":80,"_id":"58e0371aa94bf87a0920e44b"},{"index":81,"_id":"58e0371aa94bf87a0920e44c"},{"index":82,"_id":"58e0371aa94bf87a0920e44d"},{"index":83,"_id":"58e0371aa94bf87a0920e44e"},{"index":84,"_id":"58e0371aa94bf87a0920e44f"},{"index":85,"_id":"58e0371aa94bf87a0920e450"},{"index":86,"_id":"58e0371aa94bf87a0920e451"},{"index":87,"_id":"58e0371aa94bf87a0920e452"},{"index":88,"_id":"58e0371aa94bf87a0920e453"},{"index":89,"_id":"58e0371aa94bf87a0920e454"},{"index":90,"_id":"58e0371aa94bf87a0920e455"},{"index":91,"_id":"58e0371aa94bf87a0920e456"},{"index":92,"_id":"58e0371aa94bf87a0920e457"},{"index":93,"_id":"58e0371aa94bf87a0920e458"},{"index":94,"_id":"58e0371aa94bf87a0920e459"},{"index":95,"_id":"58e0371aa94bf87a0920e45a"},{"index":96,"_id":"58e0371aa94bf87a0920e45b"},{"index":97,"_id":"58e0371aa94bf87a0920e45c"},{"index":98,"_id":"58e0371aa94bf87a0920e45d"},{"index":99,"_id":"58e0371aa94bf87a0920e45e"}]}
{"ok":1,"writeErrors":[],"writeConcernErrors":[],"insertedIds":[],"nInserted":0,"nUpserted":100,"nMatched":0,"nModified":0,"nRemoved":0,"upserted":[{"index":0,"_id":"58e03757a94bf87a0920e46d"},{"index":1,"_id":"58e03757a94bf87a0920e46e"},{"index":2,"_id":"58e03757a94bf87a0920e46f"},{"index":3,"_id":"58e03757a94bf87a0920e470"},{"index":4,"_id":"58e03757a94bf87a0920e471"},{"index":5,"_id":"58e03757a94bf87a0920e472"},{"index":6,"_id":"58e03757a94bf87a0920e473"},{"index":7,"_id":"58e03757a94bf87a0920e474"},{"index":8,"_id":"58e03757a94bf87a0920e475"},{"index":9,"_id":"58e03757a94bf87a0920e476"},{"index":10,"_id":"58e03757a94bf87a0920e477"},{"index":11,"_id":"58e03758a94bf87a0920e478"},{"index":12,"_id":"58e03758a94bf87a0920e479"},{"index":13,"_id":"58e03758a94bf87a0920e47a"},{"index":14,"_id":"58e03758a94bf87a0920e47b"},{"index":15,"_id":"58e03758a94bf87a0920e47c"},{"index":16,"_id":"58e03758a94bf87a0920e47d"},{"index":17,"_id":"58e03758a94bf87a0920e47e"},{"index":18,"_id":"58e03758a94bf87a0920e47f"},{"index":19,"_id":"58e03758a94bf87a0920e480"},{"index":20,"_id":"58e03758a94bf87a0920e481"},{"index":21,"_id":"58e03758a94bf87a0920e482"},{"index":22,"_id":"58e03758a94bf87a0920e483"},{"index":23,"_id":"58e03758a94bf87a0920e484"},{"index":24,"_id":"58e03758a94bf87a0920e485"},{"index":25,"_id":"58e03758a94bf87a0920e486"},{"index":26,"_id":"58e03758a94bf87a0920e487"},{"index":27,"_id":"58e03758a94bf87a0920e488"},{"index":28,"_id":"58e03758a94bf87a0920e489"},{"index":29,"_id":"58e03758a94bf87a0920e48a"},{"index":30,"_id":"58e03758a94bf87a0920e48b"},{"index":31,"_id":"58e03758a94bf87a0920e48c"},{"index":32,"_id":"58e03758a94bf87a0920e48d"},{"index":33,"_id":"58e03758a94bf87a0920e48e"},{"index":34,"_id":"58e03758a94bf87a0920e48f"},{"index":35,"_id":"58e03758a94bf87a0920e490"},{"index":36,"_id":"58e03758a94bf87a0920e491"},{"index":37,"_id":"58e03758a94bf87a0920e492"},{"index":38,"_id":"58e03758a94bf87a0920e493"},{"index":39,"_id":"58e03758a94bf87a0920e494"},{"index":40,"_id":"58e03758a94bf87a0920e495"},{"index":41,"_id":"58e03758a94bf87a0920e496"},{"index":42,"_id":"58e03758a94bf87a0920e497"},{"index":43,"_id":"58e03758a94bf87a0920e498"},{"index":44,"_id":"58e03758a94bf87a0920e499"},{"index":45,"_id":"58e03758a94bf87a0920e49a"},{"index":46,"_id":"58e03758a94bf87a0920e49b"},{"index":47,"_id":"58e03758a94bf87a0920e49c"},{"index":48,"_id":"58e03758a94bf87a0920e49d"},{"index":49,"_id":"58e03758a94bf87a0920e49e"},{"index":50,"_id":"58e03758a94bf87a0920e49f"},{"index":51,"_id":"58e03758a94bf87a0920e4a0"},{"index":52,"_id":"58e03758a94bf87a0920e4a1"},{"index":53,"_id":"58e03758a94bf87a0920e4a2"},{"index":54,"_id":"58e03758a94bf87a0920e4a3"},{"index":55,"_id":"58e03758a94bf87a0920e4a4"},{"index":56,"_id":"58e03758a94bf87a0920e4a5"},{"index":57,"_id":"58e03758a94bf87a0920e4a6"},{"index":58,"_id":"58e03758a94bf87a0920e4a7"},{"index":59,"_id":"58e03758a94bf87a0920e4a8"},{"index":60,"_id":"58e03758a94bf87a0920e4a9"},{"index":61,"_id":"58e03758a94bf87a0920e4aa"},{"index":62,"_id":"58e03758a94bf87a0920e4ab"},{"index":63,"_id":"58e03758a94bf87a0920e4ac"},{"index":64,"_id":"58e03758a94bf87a0920e4ad"},{"index":65,"_id":"58e03758a94bf87a0920e4ae"},{"index":66,"_id":"58e03758a94bf87a0920e4af"},{"index":67,"_id":"58e03758a94bf87a0920e4b0"},{"index":68,"_id":"58e03758a94bf87a0920e4b1"},{"index":69,"_id":"58e03758a94bf87a0920e4b2"},{"index":70,"_id":"58e03758a94bf87a0920e4b3"},{"index":71,"_id":"58e03758a94bf87a0920e4b4"},{"index":72,"_id":"58e03758a94bf87a0920e4b5"},{"index":73,"_id":"58e03758a94bf87a0920e4b6"},{"index":74,"_id":"58e03758a94bf87a0920e4b7"},{"index":75,"_id":"58e03758a94bf87a0920e4b8"},{"index":76,"_id":"58e03758a94bf87a0920e4b9"},{"index":77,"_id":"58e03758a94bf87a0920e4ba"},{"index":78,"_id":"58e03758a94bf87a0920e4bb"},{"index":79,"_id":"58e03758a94bf87a0920e4bc"},{"index":80,"_id":"58e03758a94bf87a0920e4bd"},{"index":81,"_id":"58e03758a94bf87a0920e4be"},{"index":82,"_id":"58e03758a94bf87a0920e4bf"},{"index":83,"_id":"58e03758a94bf87a0920e4c0"},{"index":84,"_id":"58e03758a94bf87a0920e4c1"},{"index":85,"_id":"58e03758a94bf87a0920e4c2"},{"index":86,"_id":"58e03758a94bf87a0920e4c3"},{"index":87,"_id":"58e03758a94bf87a0920e4c4"},{"index":88,"_id":"58e03758a94bf87a0920e4c5"},{"index":89,"_id":"58e03758a94bf87a0920e4c6"},{"index":90,"_id":"58e03758a94bf87a0920e4c7"},{"index":91,"_id":"58e03758a94bf87a0920e4c8"},{"index":92,"_id":"58e03758a94bf87a0920e4c9"},{"index":93,"_id":"58e03758a94bf87a0920e4ca"},{"index":94,"_id":"58e03758a94bf87a0920e4cb"},{"index":95,"_id":"58e03758a94bf87a0920e4cc"},{"index":96,"_id":"58e03758a94bf87a0920e4cd"},{"index":97,"_id":"58e03758a94bf87a0920e4ce"},{"index":98,"_id":"58e03758a94bf87a0920e4cf"},{"index":99,"_id":"58e03758a94bf87a0920e4d0"}]}
{"ok":1,"writeErrors":[],"writeConcernErrors":[],"insertedIds":[],"nInserted":0,"nUpserted":100,"nMatched":0,"nModified":0,"nRemoved":0,"upserted":[{"index":0,"_id":"58e03794a94bf87a0920e4de"},{"index":1,"_id":"58e03794a94bf87a0920e4df"},{"index":2,"_id":"58e03794a94bf87a0920e4e0"},{"index":3,"_id":"58e03794a94bf87a0920e4e1"},{"index":4,"_id":"58e03794a94bf87a0920e4e2"},{"index":5,"_id":"58e03794a94bf87a0920e4e3"},{"index":6,"_id":"58e03794a94bf87a0920e4e4"},{"index":7,"_id":"58e03794a94bf87a0920e4e5"},{"index":8,"_id":"58e03794a94bf87a0920e4e6"},{"index":9,"_id":"58e03794a94bf87a0920e4e7"},{"index":10,"_id":"58e03794a94bf87a0920e4e8"},{"index":11,"_id":"58e03794a94bf87a0920e4e9"},{"index":12,"_id":"58e03794a94bf87a0920e4ea"},{"index":13,"_id":"58e03794a94bf87a0920e4eb"},{"index":14,"_id":"58e03794a94bf87a0920e4ec"},{"index":15,"_id":"58e03794a94bf87a0920e4ed"},{"index":16,"_id":"58e03794a94bf87a0920e4ee"},{"index":17,"_id":"58e03794a94bf87a0920e4ef"},{"index":18,"_id":"58e03794a94bf87a0920e4f0"},{"index":19,"_id":"58e03794a94bf87a0920e4f1"},{"index":20,"_id":"58e03794a94bf87a0920e4f2"},{"index":21,"_id":"58e03794a94bf87a0920e4f3"},{"index":22,"_id":"58e03794a94bf87a0920e4f4"},{"index":23,"_id":"58e03794a94bf87a0920e4f5"},{"index":24,"_id":"58e03794a94bf87a0920e4f6"},{"index":25,"_id":"58e03794a94bf87a0920e4f7"},{"index":26,"_id":"58e03794a94bf87a0920e4f8"},{"index":27,"_id":"58e03794a94bf87a0920e4f9"},{"index":28,"_id":"58e03794a94bf87a0920e4fa"},{"index":29,"_id":"58e03794a94bf87a0920e4fb"},{"index":30,"_id":"58e03794a94bf87a0920e4fc"},{"index":31,"_id":"58e03794a94bf87a0920e4fd"},{"index":32,"_id":"58e03794a94bf87a0920e4fe"},{"index":33,"_id":"58e03794a94bf87a0920e4ff"},{"index":34,"_id":"58e03794a94bf87a0920e500"},{"index":35,"_id":"58e03794a94bf87a0920e501"},{"index":36,"_id":"58e03794a94bf87a0920e502"},{"index":37,"_id":"58e03794a94bf87a0920e503"},{"index":38,"_id":"58e03794a94bf87a0920e504"},{"index":39,"_id":"58e03794a94bf87a0920e505"},{"index":40,"_id":"58e03794a94bf87a0920e506"},{"index":41,"_id":"58e03794a94bf87a0920e507"},{"index":42,"_id":"58e03794a94bf87a0920e508"},{"index":43,"_id":"58e03794a94bf87a0920e509"},{"index":44,"_id":"58e03794a94bf87a0920e50a"},{"index":45,"_id":"58e03794a94bf87a0920e50b"},{"index":46,"_id":"58e03794a94bf87a0920e50c"},{"index":47,"_id":"58e03794a94bf87a0920e50d"},{"index":48,"_id":"58e03794a94bf87a0920e50e"},{"index":49,"_id":"58e03794a94bf87a0920e50f"},{"index":50,"_id":"58e03794a94bf87a0920e510"},{"index":51,"_id":"58e03794a94bf87a0920e511"},{"index":52,"_id":"58e03794a94bf87a0920e512"},{"index":53,"_id":"58e03794a94bf87a0920e513"},{"index":54,"_id":"58e03794a94bf87a0920e514"},{"index":55,"_id":"58e03794a94bf87a0920e515"},{"index":56,"_id":"58e03794a94bf87a0920e516"},{"index":57,"_id":"58e03794a94bf87a0920e517"},{"index":58,"_id":"58e03794a94bf87a0920e518"},{"index":59,"_id":"58e03794a94bf87a0920e519"},{"index":60,"_id":"58e03794a94bf87a0920e51a"},{"index":61,"_id":"58e03794a94bf87a0920e51b"},{"index":62,"_id":"58e03794a94bf87a0920e51c"},{"index":63,"_id":"58e03794a94bf87a0920e51d"},{"index":64,"_id":"58e03794a94bf87a0920e51e"},{"index":65,"_id":"58e03794a94bf87a0920e51f"},{"index":66,"_id":"58e03794a94bf87a0920e520"},{"index":67,"_id":"58e03794a94bf87a0920e521"},{"index":68,"_id":"58e03794a94bf87a0920e522"},{"index":69,"_id":"58e03794a94bf87a0920e523"},{"index":70,"_id":"58e03794a94bf87a0920e524"},{"index":71,"_id":"58e03794a94bf87a0920e525"},{"index":72,"_id":"58e03794a94bf87a0920e526"},{"index":73,"_id":"58e03794a94bf87a0920e527"},{"index":74,"_id":"58e03794a94bf87a0920e528"},{"index":75,"_id":"58e03794a94bf87a0920e529"},{"index":76,"_id":"58e03794a94bf87a0920e52a"},{"index":77,"_id":"58e03794a94bf87a0920e52b"},{"index":78,"_id":"58e03794a94bf87a0920e52c"},{"index":79,"_id":"58e03794a94bf87a0920e52d"},{"index":80,"_id":"58e03794a94bf87a0920e52e"},{"index":81,"_id":"58e03794a94bf87a0920e52f"},{"index":82,"_id":"58e03794a94bf87a0920e530"},{"index":83,"_id":"58e03794a94bf87a0920e531"},{"index":84,"_id":"58e03794a94bf87a0920e532"},{"index":85,"_id":"58e03794a94bf87a0920e533"},{"index":86,"_id":"58e03794a94bf87a0920e534"},{"index":87,"_id":"58e03794a94bf87a0920e535"},{"index":88,"_id":"58e03794a94bf87a0920e536"},{"index":89,"_id":"58e03794a94bf87a0920e537"},{"index":90,"_id":"58e03794a94bf87a0920e538"},{"index":91,"_id":"58e03794a94bf87a0920e539"},{"index":92,"_id":"58e03794a94bf87a0920e53a"},{"index":93,"_id":"58e03794a94bf87a0920e53b"},{"index":94,"_id":"58e03794a94bf87a0920e53c"},{"index":95,"_id":"58e03794a94bf87a0920e53d"},{"index":96,"_id":"58e03794a94bf87a0920e53e"},{"index":97,"_id":"58e03794a94bf87a0920e53f"},{"index":98,"_id":"58e03794a94bf87a0920e540"},{"index":99,"_id":"58e03794a94bf87a0920e541"}]}
{"ok":1,"writeErrors":[],"writeConcernErrors":[],"insertedIds":[],"nInserted":0,"nUpserted":100,"nMatched":0,"nModified":0,"nRemoved":0,"upserted":[{"index":0,"_id":"58e037d1a94bf87a0920e54f"},{"index":1,"_id":"58e037d1a94bf87a0920e550"},{"index":2,"_id":"58e037d1a94bf87a0920e551"},{"index":3,"_id":"58e037d1a94bf87a0920e552"},{"index":4,"_id":"58e037d1a94bf87a0920e553"},{"index":5,"_id":"58e037d1a94bf87a0920e554"},{"index":6,"_id":"58e037d1a94bf87a0920e555"},{"index":7,"_id":"58e037d1a94bf87a0920e556"},{"index":8,"_id":"58e037d1a94bf87a0920e557"},{"index":9,"_id":"58e037d1a94bf87a0920e558"},{"index":10,"_id":"58e037d1a94bf87a0920e559"},{"index":11,"_id":"58e037d1a94bf87a0920e55a"},{"index":12,"_id":"58e037d1a94bf87a0920e55b"},{"index":13,"_id":"58e037d1a94bf87a0920e55c"},{"index":14,"_id":"58e037d1a94bf87a0920e55d"},{"index":15,"_id":"58e037d1a94bf87a0920e55e"},{"index":16,"_id":"58e037d1a94bf87a0920e55f"},{"index":17,"_id":"58e037d1a94bf87a0920e560"},{"index":18,"_id":"58e037d1a94bf87a0920e561"},{"index":19,"_id":"58e037d1a94bf87a0920e562"},{"index":20,"_id":"58e037d1a94bf87a0920e563"},{"index":21,"_id":"58e037d1a94bf87a0920e564"},{"index":22,"_id":"58e037d1a94bf87a0920e565"},{"index":23,"_id":"58e037d1a94bf87a0920e566"},{"index":24,"_id":"58e037d1a94bf87a0920e567"},{"index":25,"_id":"58e037d1a94bf87a0920e568"},{"index":26,"_id":"58e037d1a94bf87a0920e569"},{"index":27,"_id":"58e037d1a94bf87a0920e56a"},{"index":28,"_id":"58e037d1a94bf87a0920e56b"},{"index":29,"_id":"58e037d1a94bf87a0920e56c"},{"index":30,"_id":"58e037d1a94bf87a0920e56d"},{"index":31,"_id":"58e037d1a94bf87a0920e56e"},{"index":32,"_id":"58e037d1a94bf87a0920e56f"},{"index":33,"_id":"58e037d1a94bf87a0920e570"},{"index":34,"_id":"58e037d1a94bf87a0920e571"},{"index":35,"_id":"58e037d1a94bf87a0920e572"},{"index":36,"_id":"58e037d1a94bf87a0920e573"},{"index":37,"_id":"58e037d1a94bf87a0920e574"},{"index":38,"_id":"58e037d1a94bf87a0920e575"},{"index":39,"_id":"58e037d1a94bf87a0920e576"},{"index":40,"_id":"58e037d1a94bf87a0920e577"},{"index":41,"_id":"58e037d1a94bf87a0920e578"},{"index":42,"_id":"58e037d1a94bf87a0920e579"},{"index":43,"_id":"58e037d1a94bf87a0920e57a"},{"index":44,"_id":"58e037d1a94bf87a0920e57b"},{"index":45,"_id":"58e037d1a94bf87a0920e57c"},{"index":46,"_id":"58e037d1a94bf87a0920e57d"},{"index":47,"_id":"58e037d1a94bf87a0920e57e"},{"index":48,"_id":"58e037d1a94bf87a0920e57f"},{"index":49,"_id":"58e037d1a94bf87a0920e580"},{"index":50,"_id":"58e037d1a94bf87a0920e581"},{"index":51,"_id":"58e037d1a94bf87a0920e582"},{"index":52,"_id":"58e037d1a94bf87a0920e583"},{"index":53,"_id":"58e037d1a94bf87a0920e584"},{"index":54,"_id":"58e037d1a94bf87a0920e585"},{"index":55,"_id":"58e037d1a94bf87a0920e586"},{"index":56,"_id":"58e037d1a94bf87a0920e587"},{"index":57,"_id":"58e037d1a94bf87a0920e588"},{"index":58,"_id":"58e037d1a94bf87a0920e589"},{"index":59,"_id":"58e037d1a94bf87a0920e58a"},{"index":60,"_id":"58e037d1a94bf87a0920e58b"},{"index":61,"_id":"58e037d1a94bf87a0920e58c"},{"index":62,"_id":"58e037d1a94bf87a0920e58d"},{"index":63,"_id":"58e037d1a94bf87a0920e58e"},{"index":64,"_id":"58e037d1a94bf87a0920e58f"},{"index":65,"_id":"58e037d1a94bf87a0920e590"},{"index":66,"_id":"58e037d1a94bf87a0920e591"},{"index":67,"_id":"58e037d1a94bf87a0920e592"},{"index":68,"_id":"58e037d1a94bf87a0920e593"},{"index":69,"_id":"58e037d1a94bf87a0920e594"},{"index":70,"_id":"58e037d1a94bf87a0920e595"},{"index":71,"_id":"58e037d1a94bf87a0920e596"},{"index":72,"_id":"58e037d1a94bf87a0920e597"},{"index":73,"_id":"58e037d1a94bf87a0920e598"},{"index":74,"_id":"58e037d1a94bf87a0920e599"},{"index":75,"_id":"58e037d1a94bf87a0920e59a"},{"index":76,"_id":"58e037d1a94bf87a0920e59b"},{"index":77,"_id":"58e037d1a94bf87a0920e59c"},{"index":78,"_id":"58e037d1a94bf87a0920e59d"},{"index":79,"_id":"58e037d1a94bf87a0920e59e"},{"index":80,"_id":"58e037d1a94bf87a0920e59f"},{"index":81,"_id":"58e037d1a94bf87a0920e5a0"},{"index":82,"_id":"58e037d1a94bf87a0920e5a1"},{"index":83,"_id":"58e037d1a94bf87a0920e5a2"},{"index":84,"_id":"58e037d1a94bf87a0920e5a3"},{"index":85,"_id":"58e037d1a94bf87a0920e5a4"},{"index":86,"_id":"58e037d1a94bf87a0920e5a5"},{"index":87,"_id":"58e037d1a94bf87a0920e5a6"},{"index":88,"_id":"58e037d1a94bf87a0920e5a7"},{"index":89,"_id":"58e037d1a94bf87a0920e5a8"},{"index":90,"_id":"58e037d1a94bf87a0920e5a9"},{"index":91,"_id":"58e037d1a94bf87a0920e5aa"},{"index":92,"_id":"58e037d1a94bf87a0920e5ab"},{"index":93,"_id":"58e037d1a94bf87a0920e5ac"},{"index":94,"_id":"58e037d1a94bf87a0920e5ad"},{"index":95,"_id":"58e037d1a94bf87a0920e5ae"},{"index":96,"_id":"58e037d1a94bf87a0920e5af"},{"index":97,"_id":"58e037d1a94bf87a0920e5b0"},{"index":98,"_id":"58e037d1a94bf87a0920e5b1"},{"index":99,"_id":"58e037d1a94bf87a0920e5b2"}]}
{"ok":1,"writeErrors":[],"writeConcernErrors":[],"insertedIds":[],"nInserted":0,"nUpserted":100,"nMatched":0,"nModified":0,"nRemoved":0,"upserted":[{"index":0,"_id":"58e0380ea94bf87a0920e5c0"},{"index":1,"_id":"58e0380ea94bf87a0920e5c1"},{"index":2,"_id":"58e0380ea94bf87a0920e5c2"},{"index":3,"_id":"58e0380ea94bf87a0920e5c3"},{"index":4,"_id":"58e0380ea94bf87a0920e5c4"},{"index":5,"_id":"58e0380ea94bf87a0920e5c5"},{"index":6,"_id":"58e0380ea94bf87a0920e5c6"},{"index":7,"_id":"58e0380ea94bf87a0920e5c7"},{"index":8,"_id":"58e0380ea94bf87a0920e5c8"},{"index":9,"_id":"58e0380ea94bf87a0920e5c9"},{"index":10,"_id":"58e0380ea94bf87a0920e5ca"},{"index":11,"_id":"58e0380ea94bf87a0920e5cb"},{"index":12,"_id":"58e0380ea94bf87a0920e5cc"},{"index":13,"_id":"58e0380ea94bf87a0920e5cd"},{"index":14,"_id":"58e0380ea94bf87a0920e5ce"},{"index":15,"_id":"58e0380ea94bf87a0920e5cf"},{"index":16,"_id":"58e0380ea94bf87a0920e5d0"},{"index":17,"_id":"58e0380ea94bf87a0920e5d1"},{"index":18,"_id":"58e0380ea94bf87a0920e5d2"},{"index":19,"_id":"58e0380ea94bf87a0920e5d3"},{"index":20,"_id":"58e0380ea94bf87a0920e5d4"},{"index":21,"_id":"58e0380ea94bf87a0920e5d5"},{"index":22,"_id":"58e0380ea94bf87a0920e5d6"},{"index":23,"_id":"58e0380ea94bf87a0920e5d7"},{"index":24,"_id":"58e0380ea94bf87a0920e5d8"},{"index":25,"_id":"58e0380ea94bf87a0920e5d9"},{"index":26,"_id":"58e0380ea94bf87a0920e5da"},{"index":27,"_id":"58e0380ea94bf87a0920e5db"},{"index":28,"_id":"58e0380ea94bf87a0920e5dc"},{"index":29,"_id":"58e0380ea94bf87a0920e5dd"},{"index":30,"_id":"58e0380ea94bf87a0920e5de"},{"index":31,"_id":"58e0380ea94bf87a0920e5df"},{"index":32,"_id":"58e0380ea94bf87a0920e5e0"},{"index":33,"_id":"58e0380ea94bf87a0920e5e1"},{"index":34,"_id":"58e0380ea94bf87a0920e5e2"},{"index":35,"_id":"58e0380ea94bf87a0920e5e3"},{"index":36,"_id":"58e0380ea94bf87a0920e5e4"},{"index":37,"_id":"58e0380ea94bf87a0920e5e5"},{"index":38,"_id":"58e0380ea94bf87a0920e5e6"},{"index":39,"_id":"58e0380ea94bf87a0920e5e7"},{"index":40,"_id":"58e0380ea94bf87a0920e5e8"},{"index":41,"_id":"58e0380ea94bf87a0920e5e9"},{"index":42,"_id":"58e0380ea94bf87a0920e5ea"},{"index":43,"_id":"58e0380ea94bf87a0920e5eb"},{"index":44,"_id":"58e0380ea94bf87a0920e5ec"},{"index":45,"_id":"58e0380ea94bf87a0920e5ed"},{"index":46,"_id":"58e0380ea94bf87a0920e5ee"},{"index":47,"_id":"58e0380ea94bf87a0920e5ef"},{"index":48,"_id":"58e0380ea94bf87a0920e5f0"},{"index":49,"_id":"58e0380ea94bf87a0920e5f1"},{"index":50,"_id":"58e0380ea94bf87a0920e5f2"},{"index":51,"_id":"58e0380ea94bf87a0920e5f3"},{"index":52,"_id":"58e0380ea94bf87a0920e5f4"},{"index":53,"_id":"58e0380ea94bf87a0920e5f5"},{"index":54,"_id":"58e0380ea94bf87a0920e5f6"},{"index":55,"_id":"58e0380ea94bf87a0920e5f7"},{"index":56,"_id":"58e0380ea94bf87a0920e5f8"},{"index":57,"_id":"58e0380ea94bf87a0920e5f9"},{"index":58,"_id":"58e0380ea94bf87a0920e5fa"},{"index":59,"_id":"58e0380ea94bf87a0920e5fb"},{"index":60,"_id":"58e0380ea94bf87a0920e5fc"},{"index":61,"_id":"58e0380ea94bf87a0920e5fd"},{"index":62,"_id":"58e0380ea94bf87a0920e5fe"},{"index":63,"_id":"58e0380ea94bf87a0920e5ff"},{"index":64,"_id":"58e0380ea94bf87a0920e600"},{"index":65,"_id":"58e0380ea94bf87a0920e601"},{"index":66,"_id":"58e0380ea94bf87a0920e602"},{"index":67,"_id":"58e0380ea94bf87a0920e603"},{"index":68,"_id":"58e0380ea94bf87a0920e604"},{"index":69,"_id":"58e0380ea94bf87a0920e605"},{"index":70,"_id":"58e0380ea94bf87a0920e606"},{"index":71,"_id":"58e0380ea94bf87a0920e607"},{"index":72,"_id":"58e0380ea94bf87a0920e608"},{"index":73,"_id":"58e0380ea94bf87a0920e609"},{"index":74,"_id":"58e0380ea94bf87a0920e60a"},{"index":75,"_id":"58e0380ea94bf87a0920e60b"},{"index":76,"_id":"58e0380ea94bf87a0920e60c"},{"index":77,"_id":"58e0380ea94bf87a0920e60d"},{"index":78,"_id":"58e0380ea94bf87a0920e60e"},{"index":79,"_id":"58e0380ea94bf87a0920e60f"},{"index":80,"_id":"58e0380ea94bf87a0920e610"},{"index":81,"_id":"58e0380ea94bf87a0920e611"},{"index":82,"_id":"58e0380ea94bf87a0920e612"},{"index":83,"_id":"58e0380ea94bf87a0920e613"},{"index":84,"_id":"58e0380ea94bf87a0920e614"},{"index":85,"_id":"58e0380ea94bf87a0920e615"},{"index":86,"_id":"58e0380ea94bf87a0920e616"},{"index":87,"_id":"58e0380ea94bf87a0920e617"},{"index":88,"_id":"58e0380ea94bf87a0920e618"},{"index":89,"_id":"58e0380ea94bf87a0920e619"},{"index":90,"_id":"58e0380ea94bf87a0920e61a"},{"index":91,"_id":"58e0380ea94bf87a0920e61b"},{"index":92,"_id":"58e0380ea94bf87a0920e61c"},{"index":93,"_id":"58e0380ea94bf87a0920e61d"},{"index":94,"_id":"58e0380ea94bf87a0920e61e"},{"index":95,"_id":"58e0380ea94bf87a0920e61f"},{"index":96,"_id":"58e0380ea94bf87a0920e620"},{"index":97,"_id":"58e0380ea94bf87a0920e621"},{"index":98,"_id":"58e0380ea94bf87a0920e622"},{"index":99,"_id":"58e0380ea94bf87a0920e623"}]}
{"ok":1,"writeErrors":[],"writeConcernErrors":[],"insertedIds":[],"nInserted":0,"nUpserted":100,"nMatched":0,"nModified":0,"nRemoved":0,"upserted":[{"index":0,"_id":"58e0384ba94bf87a0920e631"},{"index":1,"_id":"58e0384ba94bf87a0920e632"},{"index":2,"_id":"58e0384ba94bf87a0920e633"},{"index":3,"_id":"58e0384ba94bf87a0920e634"},{"index":4,"_id":"58e0384ba94bf87a0920e635"},{"index":5,"_id":"58e0384ba94bf87a0920e636"},{"index":6,"_id":"58e0384ba94bf87a0920e637"},{"index":7,"_id":"58e0384ba94bf87a0920e638"},{"index":8,"_id":"58e0384ba94bf87a0920e639"},{"index":9,"_id":"58e0384ba94bf87a0920e63a"},{"index":10,"_id":"58e0384ba94bf87a0920e63b"},{"index":11,"_id":"58e0384ba94bf87a0920e63c"},{"index":12,"_id":"58e0384ba94bf87a0920e63d"},{"index":13,"_id":"58e0384ba94bf87a0920e63e"},{"index":14,"_id":"58e0384ba94bf87a0920e63f"},{"index":15,"_id":"58e0384ba94bf87a0920e640"},{"index":16,"_id":"58e0384ba94bf87a0920e641"},{"index":17,"_id":"58e0384ba94bf87a0920e642"},{"index":18,"_id":"58e0384ba94bf87a0920e643"},{"index":19,"_id":"58e0384ba94bf87a0920e644"},{"index":20,"_id":"58e0384ba94bf87a0920e645"},{"index":21,"_id":"58e0384ba94bf87a0920e646"},{"index":22,"_id":"58e0384ba94bf87a0920e647"},{"index":23,"_id":"58e0384ba94bf87a0920e648"},{"index":24,"_id":"58e0384ba94bf87a0920e649"},{"index":25,"_id":"58e0384ba94bf87a0920e64a"},{"index":26,"_id":"58e0384ba94bf87a0920e64b"},{"index":27,"_id":"58e0384ba94bf87a0920e64c"},{"index":28,"_id":"58e0384ba94bf87a0920e64d"},{"index":29,"_id":"58e0384ba94bf87a0920e64e"},{"index":30,"_id":"58e0384ba94bf87a0920e64f"},{"index":31,"_id":"58e0384ba94bf87a0920e650"},{"index":32,"_id":"58e0384ba94bf87a0920e651"},{"index":33,"_id":"58e0384ba94bf87a0920e652"},{"index":34,"_id":"58e0384ba94bf87a0920e653"},{"index":35,"_id":"58e0384ba94bf87a0920e654"},{"index":36,"_id":"58e0384ba94bf87a0920e655"},{"index":37,"_id":"58e0384ba94bf87a0920e656"},{"index":38,"_id":"58e0384ba94bf87a0920e657"},{"index":39,"_id":"58e0384ba94bf87a0920e658"},{"index":40,"_id":"58e0384ba94bf87a0920e659"},{"index":41,"_id":"58e0384ba94bf87a0920e65a"},{"index":42,"_id":"58e0384ba94bf87a0920e65b"},{"index":43,"_id":"58e0384ba94bf87a0920e65c"},{"index":44,"_id":"58e0384ba94bf87a0920e65d"},{"index":45,"_id":"58e0384ba94bf87a0920e65e"},{"index":46,"_id":"58e0384ba94bf87a0920e65f"},{"index":47,"_id":"58e0384ba94bf87a0920e660"},{"index":48,"_id":"58e0384ba94bf87a0920e661"},{"index":49,"_id":"58e0384ba94bf87a0920e662"},{"index":50,"_id":"58e0384ba94bf87a0920e663"},{"index":51,"_id":"58e0384ba94bf87a0920e664"},{"index":52,"_id":"58e0384ba94bf87a0920e665"},{"index":53,"_id":"58e0384ba94bf87a0920e666"},{"index":54,"_id":"58e0384ba94bf87a0920e667"},{"index":55,"_id":"58e0384ba94bf87a0920e668"},{"index":56,"_id":"58e0384ba94bf87a0920e669"},{"index":57,"_id":"58e0384ba94bf87a0920e66a"},{"index":58,"_id":"58e0384ba94bf87a0920e66b"},{"index":59,"_id":"58e0384ba94bf87a0920e66c"},{"index":60,"_id":"58e0384ba94bf87a0920e66d"},{"index":61,"_id":"58e0384ba94bf87a0920e66e"},{"index":62,"_id":"58e0384ba94bf87a0920e66f"},{"index":63,"_id":"58e0384ba94bf87a0920e670"},{"index":64,"_id":"58e0384ba94bf87a0920e671"},{"index":65,"_id":"58e0384ba94bf87a0920e672"},{"index":66,"_id":"58e0384ba94bf87a0920e673"},{"index":67,"_id":"58e0384ba94bf87a0920e674"},{"index":68,"_id":"58e0384ba94bf87a0920e675"},{"index":69,"_id":"58e0384ba94bf87a0920e676"},{"index":70,"_id":"58e0384ba94bf87a0920e677"},{"index":71,"_id":"58e0384ba94bf87a0920e678"},{"index":72,"_id":"58e0384ba94bf87a0920e679"},{"index":73,"_id":"58e0384ba94bf87a0920e67a"},{"index":74,"_id":"58e0384ba94bf87a0920e67b"},{"index":75,"_id":"58e0384ba94bf87a0920e67c"},{"index":76,"_id":"58e0384ba94bf87a0920e67d"},{"index":77,"_id":"58e0384ba94bf87a0920e67e"},{"index":78,"_id":"58e0384ba94bf87a0920e67f"},{"index":79,"_id":"58e0384ba94bf87a0920e680"},{"index":80,"_id":"58e0384ba94bf87a0920e681"},{"index":81,"_id":"58e0384ba94bf87a0920e682"},{"index":82,"_id":"58e0384ba94bf87a0920e683"},{"index":83,"_id":"58e0384ba94bf87a0920e684"},{"index":84,"_id":"58e0384ba94bf87a0920e685"},{"index":85,"_id":"58e0384ba94bf87a0920e686"},{"index":86,"_id":"58e0384ba94bf87a0920e687"},{"index":87,"_id":"58e0384ba94bf87a0920e688"},{"index":88,"_id":"58e0384ba94bf87a0920e689"},{"index":89,"_id":"58e0384ba94bf87a0920e68a"},{"index":90,"_id":"58e0384ba94bf87a0920e68b"},{"index":91,"_id":"58e0384ba94bf87a0920e68c"},{"index":92,"_id":"58e0384ba94bf87a0920e68d"},{"index":93,"_id":"58e0384ba94bf87a0920e68e"},{"index":94,"_id":"58e0384ba94bf87a0920e68f"},{"index":95,"_id":"58e0384ba94bf87a0920e690"},{"index":96,"_id":"58e0384ba94bf87a0920e691"},{"index":97,"_id":"58e0384ba94bf87a0920e692"},{"index":98,"_id":"58e0384ba94bf87a0920e693"},{"index":99,"_id":"58e0384ba94bf87a0920e694"}]}
{"ok":1,"writeErrors":[],"writeConcernErrors":[],"insertedIds":[],"nInserted":0,"nUpserted":100,"nMatched":0,"nModified":0,"nRemoved":0,"upserted":[{"index":0,"_id":"58e03888a94bf87a0920e6a2"},{"index":1,"_id":"58e03888a94bf87a0920e6a3"},{"index":2,"_id":"58e03888a94bf87a0920e6a4"},{"index":3,"_id":"58e03888a94bf87a0920e6a5"},{"index":4,"_id":"58e03888a94bf87a0920e6a6"},{"index":5,"_id":"58e03888a94bf87a0920e6a7"},{"index":6,"_id":"58e03888a94bf87a0920e6a8"},{"index":7,"_id":"58e03888a94bf87a0920e6a9"},{"index":8,"_id":"58e03888a94bf87a0920e6aa"},{"index":9,"_id":"58e03888a94bf87a0920e6ab"},{"index":10,"_id":"58e03888a94bf87a0920e6ac"},{"index":11,"_id":"58e03888a94bf87a0920e6ad"},{"index":12,"_id":"58e03888a94bf87a0920e6ae"},{"index":13,"_id":"58e03888a94bf87a0920e6af"},{"index":14,"_id":"58e03888a94bf87a0920e6b0"},{"index":15,"_id":"58e03888a94bf87a0920e6b1"},{"index":16,"_id":"58e03888a94bf87a0920e6b2"},{"index":17,"_id":"58e03888a94bf87a0920e6b3"},{"index":18,"_id":"58e03888a94bf87a0920e6b4"},{"index":19,"_id":"58e03888a94bf87a0920e6b5"},{"index":20,"_id":"58e03888a94bf87a0920e6b6"},{"index":21,"_id":"58e03888a94bf87a0920e6b7"},{"index":22,"_id":"58e03888a94bf87a0920e6b8"},{"index":23,"_id":"58e03888a94bf87a0920e6b9"},{"index":24,"_id":"58e03888a94bf87a0920e6ba"},{"index":25,"_id":"58e03888a94bf87a0920e6bb"},{"index":26,"_id":"58e03888a94bf87a0920e6bc"},{"index":27,"_id":"58e03888a94bf87a0920e6bd"},{"index":28,"_id":"58e03888a94bf87a0920e6be"},{"index":29,"_id":"58e03888a94bf87a0920e6bf"},{"index":30,"_id":"58e03888a94bf87a0920e6c0"},{"index":31,"_id":"58e03888a94bf87a0920e6c1"},{"index":32,"_id":"58e03888a94bf87a0920e6c2"},{"index":33,"_id":"58e03888a94bf87a0920e6c3"},{"index":34,"_id":"58e03888a94bf87a0920e6c4"},{"index":35,"_id":"58e03888a94bf87a0920e6c5"},{"index":36,"_id":"58e03888a94bf87a0920e6c6"},{"index":37,"_id":"58e03888a94bf87a0920e6c7"},{"index":38,"_id":"58e03888a94bf87a0920e6c8"},{"index":39,"_id":"58e03888a94bf87a0920e6c9"},{"index":40,"_id":"58e03888a94bf87a0920e6ca"},{"index":41,"_id":"58e03888a94bf87a0920e6cb"},{"index":42,"_id":"58e03888a94bf87a0920e6cc"},{"index":43,"_id":"58e03888a94bf87a0920e6cd"},{"index":44,"_id":"58e03888a94bf87a0920e6ce"},{"index":45,"_id":"58e03888a94bf87a0920e6cf"},{"index":46,"_id":"58e03888a94bf87a0920e6d0"},{"index":47,"_id":"58e03888a94bf87a0920e6d1"},{"index":48,"_id":"58e03888a94bf87a0920e6d2"},{"index":49,"_id":"58e03888a94bf87a0920e6d3"},{"index":50,"_id":"58e03888a94bf87a0920e6d4"},{"index":51,"_id":"58e03888a94bf87a0920e6d5"},{"index":52,"_id":"58e03888a94bf87a0920e6d6"},{"index":53,"_id":"58e03888a94bf87a0920e6d7"},{"index":54,"_id":"58e03888a94bf87a0920e6d8"},{"index":55,"_id":"58e03888a94bf87a0920e6d9"},{"index":56,"_id":"58e03888a94bf87a0920e6da"},{"index":57,"_id":"58e03888a94bf87a0920e6db"},{"index":58,"_id":"58e03888a94bf87a0920e6dc"},{"index":59,"_id":"58e03888a94bf87a0920e6dd"},{"index":60,"_id":"58e03888a94bf87a0920e6de"},{"index":61,"_id":"58e03888a94bf87a0920e6df"},{"index":62,"_id":"58e03888a94bf87a0920e6e0"},{"index":63,"_id":"58e03888a94bf87a0920e6e1"},{"index":64,"_id":"58e03888a94bf87a0920e6e2"},{"index":65,"_id":"58e03888a94bf87a0920e6e3"},{"index":66,"_id":"58e03888a94bf87a0920e6e4"},{"index":67,"_id":"58e03888a94bf87a0920e6e5"},{"index":68,"_id":"58e03888a94bf87a0920e6e6"},{"index":69,"_id":"58e03888a94bf87a0920e6e7"},{"index":70,"_id":"58e03888a94bf87a0920e6e8"},{"index":71,"_id":"58e03888a94bf87a0920e6e9"},{"index":72,"_id":"58e03888a94bf87a0920e6ea"},{"index":73,"_id":"58e03888a94bf87a0920e6eb"},{"index":74,"_id":"58e03888a94bf87a0920e6ec"},{"index":75,"_id":"58e03888a94bf87a0920e6ed"},{"index":76,"_id":"58e03888a94bf87a0920e6ee"},{"index":77,"_id":"58e03888a94bf87a0920e6ef"},{"index":78,"_id":"58e03888a94bf87a0920e6f0"},{"index":79,"_id":"58e03888a94bf87a0920e6f1"},{"index":80,"_id":"58e03888a94bf87a0920e6f2"},{"index":81,"_id":"58e03888a94bf87a0920e6f3"},{"index":82,"_id":"58e03888a94bf87a0920e6f4"},{"index":83,"_id":"58e03888a94bf87a0920e6f5"},{"index":84,"_id":"58e03888a94bf87a0920e6f6"},{"index":85,"_id":"58e03888a94bf87a0920e6f7"},{"index":86,"_id":"58e03888a94bf87a0920e6f8"},{"index":87,"_id":"58e03888a94bf87a0920e6f9"},{"index":88,"_id":"58e03888a94bf87a0920e6fa"},{"index":89,"_id":"58e03888a94bf87a0920e6fb"},{"index":90,"_id":"58e03888a94bf87a0920e6fc"},{"index":91,"_id":"58e03888a94bf87a0920e6fd"},{"index":92,"_id":"58e03888a94bf87a0920e6fe"},{"index":93,"_id":"58e03888a94bf87a0920e6ff"},{"index":94,"_id":"58e03888a94bf87a0920e700"},{"index":95,"_id":"58e03888a94bf87a0920e701"},{"index":96,"_id":"58e03888a94bf87a0920e702"},{"index":97,"_id":"58e03888a94bf87a0920e703"},{"index":98,"_id":"58e03888a94bf87a0920e704"},{"index":99,"_id":"58e03888a94bf87a0920e705"}]}
{"ok":1,"writeErrors":[],"writeConcernErrors":[],"insertedIds":[],"nInserted":0,"nUpserted":100,"nMatched":0,"nModified":0,"nRemoved":0,"upserted":[{"index":0,"_id":"58e038c6a94bf87a0920e714"},{"index":1,"_id":"58e038c6a94bf87a0920e715"},{"index":2,"_id":"58e038c6a94bf87a0920e716"},{"index":3,"_id":"58e038c6a94bf87a0920e717"},{"index":4,"_id":"58e038c6a94bf87a0920e718"},{"index":5,"_id":"58e038c6a94bf87a0920e719"},{"index":6,"_id":"58e038c6a94bf87a0920e71a"},{"index":7,"_id":"58e038c6a94bf87a0920e71b"},{"index":8,"_id":"58e038c6a94bf87a0920e71c"},{"index":9,"_id":"58e038c6a94bf87a0920e71d"},{"index":10,"_id":"58e038c6a94bf87a0920e71e"},{"index":11,"_id":"58e038c6a94bf87a0920e71f"},{"index":12,"_id":"58e038c6a94bf87a0920e720"},{"index":13,"_id":"58e038c6a94bf87a0920e721"},{"index":14,"_id":"58e038c6a94bf87a0920e722"},{"index":15,"_id":"58e038c6a94bf87a0920e723"},{"index":16,"_id":"58e038c6a94bf87a0920e724"},{"index":17,"_id":"58e038c6a94bf87a0920e725"},{"index":18,"_id":"58e038c6a94bf87a0920e726"},{"index":19,"_id":"58e038c6a94bf87a0920e727"},{"index":20,"_id":"58e038c6a94bf87a0920e728"},{"index":21,"_id":"58e038c6a94bf87a0920e729"},{"index":22,"_id":"58e038c6a94bf87a0920e72a"},{"index":23,"_id":"58e038c6a94bf87a0920e72b"},{"index":24,"_id":"58e038c6a94bf87a0920e72c"},{"index":25,"_id":"58e038c6a94bf87a0920e72d"},{"index":26,"_id":"58e038c6a94bf87a0920e72e"},{"index":27,"_id":"58e038c6a94bf87a0920e72f"},{"index":28,"_id":"58e038c6a94bf87a0920e730"},{"index":29,"_id":"58e038c6a94bf87a0920e731"},{"index":30,"_id":"58e038c6a94bf87a0920e732"},{"index":31,"_id":"58e038c6a94bf87a0920e733"},{"index":32,"_id":"58e038c6a94bf87a0920e734"},{"index":33,"_id":"58e038c6a94bf87a0920e735"},{"index":34,"_id":"58e038c6a94bf87a0920e736"},{"index":35,"_id":"58e038c6a94bf87a0920e737"},{"index":36,"_id":"58e038c6a94bf87a0920e738"},{"index":37,"_id":"58e038c6a94bf87a0920e739"},{"index":38,"_id":"58e038c6a94bf87a0920e73a"},{"index":39,"_id":"58e038c6a94bf87a0920e73b"},{"index":40,"_id":"58e038c6a94bf87a0920e73c"},{"index":41,"_id":"58e038c6a94bf87a0920e73d"},{"index":42,"_id":"58e038c6a94bf87a0920e73e"},{"index":43,"_id":"58e038c6a94bf87a0920e73f"},{"index":44,"_id":"58e038c6a94bf87a0920e740"},{"index":45,"_id":"58e038c6a94bf87a0920e741"},{"index":46,"_id":"58e038c6a94bf87a0920e742"},{"index":47,"_id":"58e038c6a94bf87a0920e743"},{"index":48,"_id":"58e038c6a94bf87a0920e744"},{"index":49,"_id":"58e038c6a94bf87a0920e745"},{"index":50,"_id":"58e038c6a94bf87a0920e746"},{"index":51,"_id":"58e038c6a94bf87a0920e747"},{"index":52,"_id":"58e038c6a94bf87a0920e748"},{"index":53,"_id":"58e038c6a94bf87a0920e749"},{"index":54,"_id":"58e038c6a94bf87a0920e74a"},{"index":55,"_id":"58e038c6a94bf87a0920e74b"},{"index":56,"_id":"58e038c6a94bf87a0920e74c"},{"index":57,"_id":"58e038c6a94bf87a0920e74d"},{"index":58,"_id":"58e038c6a94bf87a0920e74e"},{"index":59,"_id":"58e038c6a94bf87a0920e74f"},{"index":60,"_id":"58e038c6a94bf87a0920e750"},{"index":61,"_id":"58e038c6a94bf87a0920e751"},{"index":62,"_id":"58e038c6a94bf87a0920e752"},{"index":63,"_id":"58e038c6a94bf87a0920e753"},{"index":64,"_id":"58e038c6a94bf87a0920e754"},{"index":65,"_id":"58e038c6a94bf87a0920e755"},{"index":66,"_id":"58e038c6a94bf87a0920e756"},{"index":67,"_id":"58e038c6a94bf87a0920e757"},{"index":68,"_id":"58e038c6a94bf87a0920e758"},{"index":69,"_id":"58e038c6a94bf87a0920e759"},{"index":70,"_id":"58e038c6a94bf87a0920e75a"},{"index":71,"_id":"58e038c6a94bf87a0920e75b"},{"index":72,"_id":"58e038c6a94bf87a0920e75c"},{"index":73,"_id":"58e038c6a94bf87a0920e75d"},{"index":74,"_id":"58e038c6a94bf87a0920e75e"},{"index":75,"_id":"58e038c6a94bf87a0920e75f"},{"index":76,"_id":"58e038c6a94bf87a0920e760"},{"index":77,"_id":"58e038c6a94bf87a0920e761"},{"index":78,"_id":"58e038c6a94bf87a0920e762"},{"index":79,"_id":"58e038c6a94bf87a0920e763"},{"index":80,"_id":"58e038c6a94bf87a0920e764"},{"index":81,"_id":"58e038c6a94bf87a0920e765"},{"index":82,"_id":"58e038c6a94bf87a0920e766"},{"index":83,"_id":"58e038c6a94bf87a0920e767"},{"index":84,"_id":"58e038c6a94bf87a0920e768"},{"index":85,"_id":"58e038c6a94bf87a0920e769"},{"index":86,"_id":"58e038c6a94bf87a0920e76a"},{"index":87,"_id":"58e038c6a94bf87a0920e76b"},{"index":88,"_id":"58e038c6a94bf87a0920e76c"},{"index":89,"_id":"58e038c6a94bf87a0920e76d"},{"index":90,"_id":"58e038c6a94bf87a0920e76e"},{"index":91,"_id":"58e038c6a94bf87a0920e76f"},{"index":92,"_id":"58e038c6a94bf87a0920e770"},{"index":93,"_id":"58e038c6a94bf87a0920e771"},{"index":94,"_id":"58e038c6a94bf87a0920e772"},{"index":95,"_id":"58e038c6a94bf87a0920e773"},{"index":96,"_id":"58e038c6a94bf87a0920e774"},{"index":97,"_id":"58e038c6a94bf87a0920e775"},{"index":98,"_id":"58e038c6a94bf87a0920e776"},{"index":99,"_id":"58e038c6a94bf87a0920e777"}]}
{"ok":1,"writeErrors":[],"writeConcernErrors":[],"insertedIds":[],"nInserted":0,"nUpserted":100,"nMatched":0,"nModified":0,"nRemoved":0,"upserted":[{"index":0,"_id":"58e03902a94bf87a0920e785"},{"index":1,"_id":"58e03902a94bf87a0920e786"},{"index":2,"_id":"58e03902a94bf87a0920e787"},{"index":3,"_id":"58e03902a94bf87a0920e788"},{"index":4,"_id":"58e03902a94bf87a0920e789"},{"index":5,"_id":"58e03902a94bf87a0920e78a"},{"index":6,"_id":"58e03902a94bf87a0920e78b"},{"index":7,"_id":"58e03902a94bf87a0920e78c"},{"index":8,"_id":"58e03902a94bf87a0920e78d"},{"index":9,"_id":"58e03902a94bf87a0920e78e"},{"index":10,"_id":"58e03902a94bf87a0920e78f"},{"index":11,"_id":"58e03902a94bf87a0920e790"},{"index":12,"_id":"58e03902a94bf87a0920e791"},{"index":13,"_id":"58e03902a94bf87a0920e792"},{"index":14,"_id":"58e03902a94bf87a0920e793"},{"index":15,"_id":"58e03902a94bf87a0920e794"},{"index":16,"_id":"58e03902a94bf87a0920e795"},{"index":17,"_id":"58e03902a94bf87a0920e796"},{"index":18,"_id":"58e03902a94bf87a0920e797"},{"index":19,"_id":"58e03902a94bf87a0920e798"},{"index":20,"_id":"58e03902a94bf87a0920e799"},{"index":21,"_id":"58e03902a94bf87a0920e79a"},{"index":22,"_id":"58e03902a94bf87a0920e79b"},{"index":23,"_id":"58e03902a94bf87a0920e79c"},{"index":24,"_id":"58e03902a94bf87a0920e79d"},{"index":25,"_id":"58e03902a94bf87a0920e79e"},{"index":26,"_id":"58e03902a94bf87a0920e79f"},{"index":27,"_id":"58e03902a94bf87a0920e7a0"},{"index":28,"_id":"58e03902a94bf87a0920e7a1"},{"index":29,"_id":"58e03902a94bf87a0920e7a2"},{"index":30,"_id":"58e03902a94bf87a0920e7a3"},{"index":31,"_id":"58e03902a94bf87a0920e7a4"},{"index":32,"_id":"58e03902a94bf87a0920e7a5"},{"index":33,"_id":"58e03902a94bf87a0920e7a6"},{"index":34,"_id":"58e03902a94bf87a0920e7a7"},{"index":35,"_id":"58e03902a94bf87a0920e7a8"},{"index":36,"_id":"58e03902a94bf87a0920e7a9"},{"index":37,"_id":"58e03902a94bf87a0920e7aa"},{"index":38,"_id":"58e03902a94bf87a0920e7ab"},{"index":39,"_id":"58e03902a94bf87a0920e7ac"},{"index":40,"_id":"58e03902a94bf87a0920e7ad"},{"index":41,"_id":"58e03902a94bf87a0920e7ae"},{"index":42,"_id":"58e03902a94bf87a0920e7af"},{"index":43,"_id":"58e03902a94bf87a0920e7b0"},{"index":44,"_id":"58e03902a94bf87a0920e7b1"},{"index":45,"_id":"58e03902a94bf87a0920e7b2"},{"index":46,"_id":"58e03902a94bf87a0920e7b3"},{"index":47,"_id":"58e03902a94bf87a0920e7b4"},{"index":48,"_id":"58e03902a94bf87a0920e7b5"},{"index":49,"_id":"58e03902a94bf87a0920e7b6"},{"index":50,"_id":"58e03902a94bf87a0920e7b7"},{"index":51,"_id":"58e03902a94bf87a0920e7b8"},{"index":52,"_id":"58e03902a94bf87a0920e7b9"},{"index":53,"_id":"58e03902a94bf87a0920e7ba"},{"index":54,"_id":"58e03902a94bf87a0920e7bb"},{"index":55,"_id":"58e03902a94bf87a0920e7bc"},{"index":56,"_id":"58e03902a94bf87a0920e7bd"},{"index":57,"_id":"58e03902a94bf87a0920e7be"},{"index":58,"_id":"58e03902a94bf87a0920e7bf"},{"index":59,"_id":"58e03902a94bf87a0920e7c0"},{"index":60,"_id":"58e03902a94bf87a0920e7c1"},{"index":61,"_id":"58e03902a94bf87a0920e7c2"},{"index":62,"_id":"58e03902a94bf87a0920e7c3"},{"index":63,"_id":"58e03902a94bf87a0920e7c4"},{"index":64,"_id":"58e03902a94bf87a0920e7c5"},{"index":65,"_id":"58e03902a94bf87a0920e7c6"},{"index":66,"_id":"58e03902a94bf87a0920e7c7"},{"index":67,"_id":"58e03902a94bf87a0920e7c8"},{"index":68,"_id":"58e03902a94bf87a0920e7c9"},{"index":69,"_id":"58e03902a94bf87a0920e7ca"},{"index":70,"_id":"58e03902a94bf87a0920e7cb"},{"index":71,"_id":"58e03902a94bf87a0920e7cc"},{"index":72,"_id":"58e03902a94bf87a0920e7cd"},{"index":73,"_id":"58e03902a94bf87a0920e7ce"},{"index":74,"_id":"58e03902a94bf87a0920e7cf"},{"index":75,"_id":"58e03902a94bf87a0920e7d0"},{"index":76,"_id":"58e03902a94bf87a0920e7d1"},{"index":77,"_id":"58e03902a94bf87a0920e7d2"},{"index":78,"_id":"58e03902a94bf87a0920e7d3"},{"index":79,"_id":"58e03902a94bf87a0920e7d4"},{"index":80,"_id":"58e03902a94bf87a0920e7d5"},{"index":81,"_id":"58e03902a94bf87a0920e7d6"},{"index":82,"_id":"58e03902a94bf87a0920e7d7"},{"index":83,"_id":"58e03902a94bf87a0920e7d8"},{"index":84,"_id":"58e03902a94bf87a0920e7d9"},{"index":85,"_id":"58e03902a94bf87a0920e7da"},{"index":86,"_id":"58e03902a94bf87a0920e7db"},{"index":87,"_id":"58e03902a94bf87a0920e7dc"},{"index":88,"_id":"58e03902a94bf87a0920e7dd"},{"index":89,"_id":"58e03902a94bf87a0920e7de"},{"index":90,"_id":"58e03902a94bf87a0920e7df"},{"index":91,"_id":"58e03902a94bf87a0920e7e0"},{"index":92,"_id":"58e03902a94bf87a0920e7e1"},{"index":93,"_id":"58e03902a94bf87a0920e7e2"},{"index":94,"_id":"58e03902a94bf87a0920e7e3"},{"index":95,"_id":"58e03902a94bf87a0920e7e4"},{"index":96,"_id":"58e03902a94bf87a0920e7e5"},{"index":97,"_id":"58e03902a94bf87a0920e7e6"},{"index":98,"_id":"58e03902a94bf87a0920e7e7"},{"index":99,"_id":"58e03902a94bf87a0920e7e8"}]}
{"ok":1,"writeErrors":[],"writeConcernErrors":[],"insertedIds":[],"nInserted":0,"nUpserted":100,"nMatched":0,"nModified":0,"nRemoved":0,"upserted":[{"index":0,"_id":"58e0393fa94bf87a0920e7f6"},{"index":1,"_id":"58e0393fa94bf87a0920e7f7"},{"index":2,"_id":"58e0393fa94bf87a0920e7f8"},{"index":3,"_id":"58e0393fa94bf87a0920e7f9"},{"index":4,"_id":"58e0393fa94bf87a0920e7fa"},{"index":5,"_id":"58e0393fa94bf87a0920e7fb"},{"index":6,"_id":"58e0393fa94bf87a0920e7fc"},{"index":7,"_id":"58e0393fa94bf87a0920e7fd"},{"index":8,"_id":"58e0393fa94bf87a0920e7fe"},{"index":9,"_id":"58e0393fa94bf87a0920e7ff"},{"index":10,"_id":"58e0393fa94bf87a0920e800"},{"index":11,"_id":"58e0393fa94bf87a0920e801"},{"index":12,"_id":"58e0393fa94bf87a0920e802"},{"index":13,"_id":"58e0393fa94bf87a0920e803"},{"index":14,"_id":"58e0393fa94bf87a0920e804"},{"index":15,"_id":"58e0393fa94bf87a0920e805"},{"index":16,"_id":"58e0393fa94bf87a0920e806"},{"index":17,"_id":"58e0393fa94bf87a0920e807"},{"index":18,"_id":"58e0393fa94bf87a0920e808"},{"index":19,"_id":"58e0393fa94bf87a0920e809"},{"index":20,"_id":"58e0393fa94bf87a0920e80a"},{"index":21,"_id":"58e0393fa94bf87a0920e80b"},{"index":22,"_id":"58e0393fa94bf87a0920e80c"},{"index":23,"_id":"58e0393fa94bf87a0920e80d"},{"index":24,"_id":"58e0393fa94bf87a0920e80e"},{"index":25,"_id":"58e0393fa94bf87a0920e80f"},{"index":26,"_id":"58e0393fa94bf87a0920e810"},{"index":27,"_id":"58e0393fa94bf87a0920e811"},{"index":28,"_id":"58e0393fa94bf87a0920e812"},{"index":29,"_id":"58e0393fa94bf87a0920e813"},{"index":30,"_id":"58e0393fa94bf87a0920e814"},{"index":31,"_id":"58e0393fa94bf87a0920e815"},{"index":32,"_id":"58e0393fa94bf87a0920e816"},{"index":33,"_id":"58e0393fa94bf87a0920e817"},{"index":34,"_id":"58e0393fa94bf87a0920e818"},{"index":35,"_id":"58e0393fa94bf87a0920e819"},{"index":36,"_id":"58e0393fa94bf87a0920e81a"},{"index":37,"_id":"58e0393fa94bf87a0920e81b"},{"index":38,"_id":"58e0393fa94bf87a0920e81c"},{"index":39,"_id":"58e0393fa94bf87a0920e81d"},{"index":40,"_id":"58e0393fa94bf87a0920e81e"},{"index":41,"_id":"58e0393fa94bf87a0920e81f"},{"index":42,"_id":"58e0393fa94bf87a0920e820"},{"index":43,"_id":"58e0393fa94bf87a0920e821"},{"index":44,"_id":"58e0393fa94bf87a0920e822"},{"index":45,"_id":"58e0393fa94bf87a0920e823"},{"index":46,"_id":"58e0393fa94bf87a0920e824"},{"index":47,"_id":"58e0393fa94bf87a0920e825"},{"index":48,"_id":"58e0393fa94bf87a0920e826"},{"index":49,"_id":"58e0393fa94bf87a0920e827"},{"index":50,"_id":"58e0393fa94bf87a0920e828"},{"index":51,"_id":"58e0393fa94bf87a0920e829"},{"index":52,"_id":"58e0393fa94bf87a0920e82a"},{"index":53,"_id":"58e0393fa94bf87a0920e82b"},{"index":54,"_id":"58e0393fa94bf87a0920e82c"},{"index":55,"_id":"58e0393fa94bf87a0920e82d"},{"index":56,"_id":"58e0393fa94bf87a0920e82e"},{"index":57,"_id":"58e0393fa94bf87a0920e82f"},{"index":58,"_id":"58e0393fa94bf87a0920e830"},{"index":59,"_id":"58e0393fa94bf87a0920e831"},{"index":60,"_id":"58e0393fa94bf87a0920e832"},{"index":61,"_id":"58e0393fa94bf87a0920e833"},{"index":62,"_id":"58e0393fa94bf87a0920e834"},{"index":63,"_id":"58e0393fa94bf87a0920e835"},{"index":64,"_id":"58e0393fa94bf87a0920e836"},{"index":65,"_id":"58e0393fa94bf87a0920e837"},{"index":66,"_id":"58e0393fa94bf87a0920e838"},{"index":67,"_id":"58e0393fa94bf87a0920e839"},{"index":68,"_id":"58e0393fa94bf87a0920e83a"},{"index":69,"_id":"58e0393fa94bf87a0920e83b"},{"index":70,"_id":"58e0393fa94bf87a0920e83c"},{"index":71,"_id":"58e0393fa94bf87a0920e83d"},{"index":72,"_id":"58e0393fa94bf87a0920e83e"},{"index":73,"_id":"58e0393fa94bf87a0920e83f"},{"index":74,"_id":"58e0393fa94bf87a0920e840"},{"index":75,"_id":"58e0393fa94bf87a0920e841"},{"index":76,"_id":"58e0393fa94bf87a0920e842"},{"index":77,"_id":"58e0393fa94bf87a0920e843"},{"index":78,"_id":"58e0393fa94bf87a0920e844"},{"index":79,"_id":"58e0393fa94bf87a0920e845"},{"index":80,"_id":"58e0393fa94bf87a0920e846"},{"index":81,"_id":"58e0393fa94bf87a0920e847"},{"index":82,"_id":"58e0393fa94bf87a0920e848"},{"index":83,"_id":"58e0393fa94bf87a0920e849"},{"index":84,"_id":"58e0393fa94bf87a0920e84a"},{"index":85,"_id":"58e0393fa94bf87a0920e84b"},{"index":86,"_id":"58e0393fa94bf87a0920e84c"},{"index":87,"_id":"58e0393fa94bf87a0920e84d"},{"index":88,"_id":"58e0393fa94bf87a0920e84e"},{"index":89,"_id":"58e0393fa94bf87a0920e84f"},{"index":90,"_id":"58e0393fa94bf87a0920e850"},{"index":91,"_id":"58e0393fa94bf87a0920e851"},{"index":92,"_id":"58e0393fa94bf87a0920e852"},{"index":93,"_id":"58e0393fa94bf87a0920e853"},{"index":94,"_id":"58e0393fa94bf87a0920e854"},{"index":95,"_id":"58e0393fa94bf87a0920e855"},{"index":96,"_id":"58e0393fa94bf87a0920e856"},{"index":97,"_id":"58e0393fa94bf87a0920e857"},{"index":98,"_id":"58e0393fa94bf87a0920e858"},{"index":99,"_id":"58e0393fa94bf87a0920e859"}]}
{"ok":1,"writeErrors":[],"writeConcernErrors":[],"insertedIds":[],"nInserted":0,"nUpserted":100,"nMatched":0,"nModified":0,"nRemoved":0,"upserted":[{"index":0,"_id":"58e0397ca94bf87a0920e867"},{"index":1,"_id":"58e0397ca94bf87a0920e868"},{"index":2,"_id":"58e0397ca94bf87a0920e869"},{"index":3,"_id":"58e0397ca94bf87a0920e86a"},{"index":4,"_id":"58e0397ca94bf87a0920e86b"},{"index":5,"_id":"58e0397ca94bf87a0920e86c"},{"index":6,"_id":"58e0397ca94bf87a0920e86d"},{"index":7,"_id":"58e0397ca94bf87a0920e86e"},{"index":8,"_id":"58e0397ca94bf87a0920e86f"},{"index":9,"_id":"58e0397ca94bf87a0920e870"},{"index":10,"_id":"58e0397ca94bf87a0920e871"},{"index":11,"_id":"58e0397ca94bf87a0920e872"},{"index":12,"_id":"58e0397ca94bf87a0920e873"},{"index":13,"_id":"58e0397ca94bf87a0920e874"},{"index":14,"_id":"58e0397ca94bf87a0920e875"},{"index":15,"_id":"58e0397ca94bf87a0920e876"},{"index":16,"_id":"58e0397ca94bf87a0920e877"},{"index":17,"_id":"58e0397ca94bf87a0920e878"},{"index":18,"_id":"58e0397ca94bf87a0920e879"},{"index":19,"_id":"58e0397ca94bf87a0920e87a"},{"index":20,"_id":"58e0397ca94bf87a0920e87b"},{"index":21,"_id":"58e0397ca94bf87a0920e87c"},{"index":22,"_id":"58e0397ca94bf87a0920e87d"},{"index":23,"_id":"58e0397ca94bf87a0920e87e"},{"index":24,"_id":"58e0397ca94bf87a0920e87f"},{"index":25,"_id":"58e0397ca94bf87a0920e880"},{"index":26,"_id":"58e0397ca94bf87a0920e881"},{"index":27,"_id":"58e0397ca94bf87a0920e882"},{"index":28,"_id":"58e0397ca94bf87a0920e883"},{"index":29,"_id":"58e0397ca94bf87a0920e884"},{"index":30,"_id":"58e0397ca94bf87a0920e885"},{"index":31,"_id":"58e0397ca94bf87a0920e886"},{"index":32,"_id":"58e0397ca94bf87a0920e887"},{"index":33,"_id":"58e0397ca94bf87a0920e888"},{"index":34,"_id":"58e0397ca94bf87a0920e889"},{"index":35,"_id":"58e0397ca94bf87a0920e88a"},{"index":36,"_id":"58e0397ca94bf87a0920e88b"},{"index":37,"_id":"58e0397ca94bf87a0920e88c"},{"index":38,"_id":"58e0397ca94bf87a0920e88d"},{"index":39,"_id":"58e0397ca94bf87a0920e88e"},{"index":40,"_id":"58e0397ca94bf87a0920e88f"},{"index":41,"_id":"58e0397ca94bf87a0920e890"},{"index":42,"_id":"58e0397ca94bf87a0920e891"},{"index":43,"_id":"58e0397ca94bf87a0920e892"},{"index":44,"_id":"58e0397ca94bf87a0920e893"},{"index":45,"_id":"58e0397ca94bf87a0920e894"},{"index":46,"_id":"58e0397ca94bf87a0920e895"},{"index":47,"_id":"58e0397ca94bf87a0920e896"},{"index":48,"_id":"58e0397ca94bf87a0920e897"},{"index":49,"_id":"58e0397ca94bf87a0920e898"},{"index":50,"_id":"58e0397ca94bf87a0920e899"},{"index":51,"_id":"58e0397ca94bf87a0920e89a"},{"index":52,"_id":"58e0397ca94bf87a0920e89b"},{"index":53,"_id":"58e0397ca94bf87a0920e89c"},{"index":54,"_id":"58e0397ca94bf87a0920e89d"},{"index":55,"_id":"58e0397ca94bf87a0920e89e"},{"index":56,"_id":"58e0397ca94bf87a0920e89f"},{"index":57,"_id":"58e0397ca94bf87a0920e8a0"},{"index":58,"_id":"58e0397ca94bf87a0920e8a1"},{"index":59,"_id":"58e0397ca94bf87a0920e8a2"},{"index":60,"_id":"58e0397ca94bf87a0920e8a3"},{"index":61,"_id":"58e0397ca94bf87a0920e8a4"},{"index":62,"_id":"58e0397ca94bf87a0920e8a5"},{"index":63,"_id":"58e0397ca94bf87a0920e8a6"},{"index":64,"_id":"58e0397ca94bf87a0920e8a7"},{"index":65,"_id":"58e0397ca94bf87a0920e8a8"},{"index":66,"_id":"58e0397ca94bf87a0920e8a9"},{"index":67,"_id":"58e0397ca94bf87a0920e8aa"},{"index":68,"_id":"58e0397ca94bf87a0920e8ab"},{"index":69,"_id":"58e0397ca94bf87a0920e8ac"},{"index":70,"_id":"58e0397ca94bf87a0920e8ad"},{"index":71,"_id":"58e0397ca94bf87a0920e8ae"},{"index":72,"_id":"58e0397ca94bf87a0920e8af"},{"index":73,"_id":"58e0397ca94bf87a0920e8b0"},{"index":74,"_id":"58e0397ca94bf87a0920e8b1"},{"index":75,"_id":"58e0397ca94bf87a0920e8b2"},{"index":76,"_id":"58e0397ca94bf87a0920e8b3"},{"index":77,"_id":"58e0397ca94bf87a0920e8b4"},{"index":78,"_id":"58e0397ca94bf87a0920e8b5"},{"index":79,"_id":"58e0397ca94bf87a0920e8b6"},{"index":80,"_id":"58e0397ca94bf87a0920e8b7"},{"index":81,"_id":"58e0397ca94bf87a0920e8b8"},{"index":82,"_id":"58e0397ca94bf87a0920e8b9"},{"index":83,"_id":"58e0397ca94bf87a0920e8ba"},{"index":84,"_id":"58e0397ca94bf87a0920e8bb"},{"index":85,"_id":"58e0397ca94bf87a0920e8bc"},{"index":86,"_id":"58e0397ca94bf87a0920e8bd"},{"index":87,"_id":"58e0397ca94bf87a0920e8be"},{"index":88,"_id":"58e0397ca94bf87a0920e8bf"},{"index":89,"_id":"58e0397ca94bf87a0920e8c0"},{"index":90,"_id":"58e0397ca94bf87a0920e8c1"},{"index":91,"_id":"58e0397ca94bf87a0920e8c2"},{"index":92,"_id":"58e0397ca94bf87a0920e8c3"},{"index":93,"_id":"58e0397ca94bf87a0920e8c4"},{"index":94,"_id":"58e0397ca94bf87a0920e8c5"},{"index":95,"_id":"58e0397ca94bf87a0920e8c6"},{"index":96,"_id":"58e0397ca94bf87a0920e8c7"},{"index":97,"_id":"58e0397ca94bf87a0920e8c8"},{"index":98,"_id":"58e0397ca94bf87a0920e8c9"},{"index":99,"_id":"58e0397ca94bf87a0920e8ca"}]}
{"ok":1,"writeErrors":[],"writeConcernErrors":[],"insertedIds":[],"nInserted":0,"nUpserted":100,"nMatched":0,"nModified":0,"nRemoved":0,"upserted":[{"index":0,"_id":"58e039b9a94bf87a0920e8d8"},{"index":1,"_id":"58e039b9a94bf87a0920e8d9"},{"index":2,"_id":"58e039b9a94bf87a0920e8da"},{"index":3,"_id":"58e039b9a94bf87a0920e8db"},{"index":4,"_id":"58e039b9a94bf87a0920e8dc"},{"index":5,"_id":"58e039b9a94bf87a0920e8dd"},{"index":6,"_id":"58e039b9a94bf87a0920e8de"},{"index":7,"_id":"58e039b9a94bf87a0920e8df"},{"index":8,"_id":"58e039b9a94bf87a0920e8e0"},{"index":9,"_id":"58e039b9a94bf87a0920e8e1"},{"index":10,"_id":"58e039b9a94bf87a0920e8e2"},{"index":11,"_id":"58e039b9a94bf87a0920e8e3"},{"index":12,"_id":"58e039b9a94bf87a0920e8e4"},{"index":13,"_id":"58e039b9a94bf87a0920e8e5"},{"index":14,"_id":"58e039b9a94bf87a0920e8e6"},{"index":15,"_id":"58e039b9a94bf87a0920e8e7"},{"index":16,"_id":"58e039b9a94bf87a0920e8e8"},{"index":17,"_id":"58e039b9a94bf87a0920e8e9"},{"index":18,"_id":"58e039b9a94bf87a0920e8ea"},{"index":19,"_id":"58e039b9a94bf87a0920e8eb"},{"index":20,"_id":"58e039b9a94bf87a0920e8ec"},{"index":21,"_id":"58e039b9a94bf87a0920e8ed"},{"index":22,"_id":"58e039b9a94bf87a0920e8ee"},{"index":23,"_id":"58e039b9a94bf87a0920e8ef"},{"index":24,"_id":"58e039b9a94bf87a0920e8f0"},{"index":25,"_id":"58e039b9a94bf87a0920e8f1"},{"index":26,"_id":"58e039b9a94bf87a0920e8f2"},{"index":27,"_id":"58e039b9a94bf87a0920e8f3"},{"index":28,"_id":"58e039b9a94bf87a0920e8f4"},{"index":29,"_id":"58e039b9a94bf87a0920e8f5"},{"index":30,"_id":"58e039b9a94bf87a0920e8f6"},{"index":31,"_id":"58e039b9a94bf87a0920e8f7"},{"index":32,"_id":"58e039b9a94bf87a0920e8f8"},{"index":33,"_id":"58e039b9a94bf87a0920e8f9"},{"index":34,"_id":"58e039b9a94bf87a0920e8fa"},{"index":35,"_id":"58e039b9a94bf87a0920e8fb"},{"index":36,"_id":"58e039b9a94bf87a0920e8fc"},{"index":37,"_id":"58e039b9a94bf87a0920e8fd"},{"index":38,"_id":"58e039b9a94bf87a0920e8fe"},{"index":39,"_id":"58e039b9a94bf87a0920e8ff"},{"index":40,"_id":"58e039b9a94bf87a0920e900"},{"index":41,"_id":"58e039b9a94bf87a0920e901"},{"index":42,"_id":"58e039b9a94bf87a0920e902"},{"index":43,"_id":"58e039b9a94bf87a0920e903"},{"index":44,"_id":"58e039b9a94bf87a0920e904"},{"index":45,"_id":"58e039b9a94bf87a0920e905"},{"index":46,"_id":"58e039b9a94bf87a0920e906"},{"index":47,"_id":"58e039b9a94bf87a0920e907"},{"index":48,"_id":"58e039b9a94bf87a0920e908"},{"index":49,"_id":"58e039b9a94bf87a0920e909"},{"index":50,"_id":"58e039b9a94bf87a0920e90a"},{"index":51,"_id":"58e039b9a94bf87a0920e90b"},{"index":52,"_id":"58e039b9a94bf87a0920e90c"},{"index":53,"_id":"58e039b9a94bf87a0920e90d"},{"index":54,"_id":"58e039b9a94bf87a0920e90e"},{"index":55,"_id":"58e039b9a94bf87a0920e90f"},{"index":56,"_id":"58e039b9a94bf87a0920e910"},{"index":57,"_id":"58e039b9a94bf87a0920e911"},{"index":58,"_id":"58e039b9a94bf87a0920e912"},{"index":59,"_id":"58e039b9a94bf87a0920e913"},{"index":60,"_id":"58e039b9a94bf87a0920e914"},{"index":61,"_id":"58e039b9a94bf87a0920e915"},{"index":62,"_id":"58e039b9a94bf87a0920e916"},{"index":63,"_id":"58e039b9a94bf87a0920e917"},{"index":64,"_id":"58e039b9a94bf87a0920e918"},{"index":65,"_id":"58e039b9a94bf87a0920e919"},{"index":66,"_id":"58e039b9a94bf87a0920e91a"},{"index":67,"_id":"58e039b9a94bf87a0920e91b"},{"index":68,"_id":"58e039b9a94bf87a0920e91c"},{"index":69,"_id":"58e039b9a94bf87a0920e91d"},{"index":70,"_id":"58e039b9a94bf87a0920e91e"},{"index":71,"_id":"58e039b9a94bf87a0920e91f"},{"index":72,"_id":"58e039b9a94bf87a0920e920"},{"index":73,"_id":"58e039b9a94bf87a0920e921"},{"index":74,"_id":"58e039b9a94bf87a0920e922"},{"index":75,"_id":"58e039b9a94bf87a0920e923"},{"index":76,"_id":"58e039b9a94bf87a0920e924"},{"index":77,"_id":"58e039b9a94bf87a0920e925"},{"index":78,"_id":"58e039b9a94bf87a0920e926"},{"index":79,"_id":"58e039b9a94bf87a0920e927"},{"index":80,"_id":"58e039b9a94bf87a0920e928"},{"index":81,"_id":"58e039b9a94bf87a0920e929"},{"index":82,"_id":"58e039b9a94bf87a0920e92a"},{"index":83,"_id":"58e039b9a94bf87a0920e92b"},{"index":84,"_id":"58e039b9a94bf87a0920e92c"},{"index":85,"_id":"58e039b9a94bf87a0920e92d"},{"index":86,"_id":"58e039b9a94bf87a0920e92e"},{"index":87,"_id":"58e039b9a94bf87a0920e92f"},{"index":88,"_id":"58e039b9a94bf87a0920e930"},{"index":89,"_id":"58e039b9a94bf87a0920e931"},{"index":90,"_id":"58e039b9a94bf87a0920e932"},{"index":91,"_id":"58e039b9a94bf87a0920e933"},{"index":92,"_id":"58e039b9a94bf87a0920e934"},{"index":93,"_id":"58e039b9a94bf87a0920e935"},{"index":94,"_id":"58e039b9a94bf87a0920e936"},{"index":95,"_id":"58e039b9a94bf87a0920e937"},{"index":96,"_id":"58e039b9a94bf87a0920e938"},{"index":97,"_id":"58e039b9a94bf87a0920e939"},{"index":98,"_id":"58e039b9a94bf87a0920e93a"},{"index":99,"_id":"58e039b9a94bf87a0920e93b"}]}
{"ok":1,"writeErrors":[],"writeConcernErrors":[],"insertedIds":[],"nInserted":0,"nUpserted":100,"nMatched":0,"nModified":0,"nRemoved":0,"upserted":[{"index":0,"_id":"58e039f6a94bf87a0920e94a"},{"index":1,"_id":"58e039f6a94bf87a0920e94b"},{"index":2,"_id":"58e039f6a94bf87a0920e94c"},{"index":3,"_id":"58e039f6a94bf87a0920e94d"},{"index":4,"_id":"58e039f6a94bf87a0920e94e"},{"index":5,"_id":"58e039f6a94bf87a0920e94f"},{"index":6,"_id":"58e039f6a94bf87a0920e950"},{"index":7,"_id":"58e039f6a94bf87a0920e951"},{"index":8,"_id":"58e039f6a94bf87a0920e952"},{"index":9,"_id":"58e039f6a94bf87a0920e953"},{"index":10,"_id":"58e039f6a94bf87a0920e954"},{"index":11,"_id":"58e039f6a94bf87a0920e955"},{"index":12,"_id":"58e039f6a94bf87a0920e956"},{"index":13,"_id":"58e039f6a94bf87a0920e957"},{"index":14,"_id":"58e039f6a94bf87a0920e958"},{"index":15,"_id":"58e039f6a94bf87a0920e959"},{"index":16,"_id":"58e039f6a94bf87a0920e95a"},{"index":17,"_id":"58e039f6a94bf87a0920e95b"},{"index":18,"_id":"58e039f6a94bf87a0920e95c"},{"index":19,"_id":"58e039f6a94bf87a0920e95d"},{"index":20,"_id":"58e039f6a94bf87a0920e95e"},{"index":21,"_id":"58e039f6a94bf87a0920e95f"},{"index":22,"_id":"58e039f6a94bf87a0920e960"},{"index":23,"_id":"58e039f6a94bf87a0920e961"},{"index":24,"_id":"58e039f6a94bf87a0920e962"},{"index":25,"_id":"58e039f6a94bf87a0920e963"},{"index":26,"_id":"58e039f6a94bf87a0920e964"},{"index":27,"_id":"58e039f6a94bf87a0920e965"},{"index":28,"_id":"58e039f6a94bf87a0920e966"},{"index":29,"_id":"58e039f6a94bf87a0920e967"},{"index":30,"_id":"58e039f6a94bf87a0920e968"},{"index":31,"_id":"58e039f6a94bf87a0920e969"},{"index":32,"_id":"58e039f6a94bf87a0920e96a"},{"index":33,"_id":"58e039f6a94bf87a0920e96b"},{"index":34,"_id":"58e039f6a94bf87a0920e96c"},{"index":35,"_id":"58e039f6a94bf87a0920e96d"},{"index":36,"_id":"58e039f6a94bf87a0920e96e"},{"index":37,"_id":"58e039f6a94bf87a0920e96f"},{"index":38,"_id":"58e039f6a94bf87a0920e970"},{"index":39,"_id":"58e039f6a94bf87a0920e971"},{"index":40,"_id":"58e039f6a94bf87a0920e972"},{"index":41,"_id":"58e039f6a94bf87a0920e973"},{"index":42,"_id":"58e039f6a94bf87a0920e974"},{"index":43,"_id":"58e039f6a94bf87a0920e975"},{"index":44,"_id":"58e039f6a94bf87a0920e976"},{"index":45,"_id":"58e039f6a94bf87a0920e977"},{"index":46,"_id":"58e039f6a94bf87a0920e978"},{"index":47,"_id":"58e039f6a94bf87a0920e979"},{"index":48,"_id":"58e039f6a94bf87a0920e97a"},{"index":49,"_id":"58e039f6a94bf87a0920e97b"},{"index":50,"_id":"58e039f6a94bf87a0920e97c"},{"index":51,"_id":"58e039f6a94bf87a0920e97d"},{"index":52,"_id":"58e039f6a94bf87a0920e97e"},{"index":53,"_id":"58e039f6a94bf87a0920e97f"},{"index":54,"_id":"58e039f6a94bf87a0920e980"},{"index":55,"_id":"58e039f6a94bf87a0920e981"},{"index":56,"_id":"58e039f6a94bf87a0920e982"},{"index":57,"_id":"58e039f6a94bf87a0920e983"},{"index":58,"_id":"58e039f6a94bf87a0920e984"},{"index":59,"_id":"58e039f6a94bf87a0920e985"},{"index":60,"_id":"58e039f6a94bf87a0920e986"},{"index":61,"_id":"58e039f6a94bf87a0920e987"},{"index":62,"_id":"58e039f6a94bf87a0920e988"},{"index":63,"_id":"58e039f6a94bf87a0920e989"},{"index":64,"_id":"58e039f6a94bf87a0920e98a"},{"index":65,"_id":"58e039f6a94bf87a0920e98b"},{"index":66,"_id":"58e039f6a94bf87a0920e98c"},{"index":67,"_id":"58e039f6a94bf87a0920e98d"},{"index":68,"_id":"58e039f6a94bf87a0920e98e"},{"index":69,"_id":"58e039f6a94bf87a0920e98f"},{"index":70,"_id":"58e039f6a94bf87a0920e990"},{"index":71,"_id":"58e039f6a94bf87a0920e991"},{"index":72,"_id":"58e039f6a94bf87a0920e992"},{"index":73,"_id":"58e039f6a94bf87a0920e993"},{"index":74,"_id":"58e039f6a94bf87a0920e994"},{"index":75,"_id":"58e039f6a94bf87a0920e995"},{"index":76,"_id":"58e039f6a94bf87a0920e996"},{"index":77,"_id":"58e039f6a94bf87a0920e997"},{"index":78,"_id":"58e039f6a94bf87a0920e998"},{"index":79,"_id":"58e039f6a94bf87a0920e999"},{"index":80,"_id":"58e039f6a94bf87a0920e99a"},{"index":81,"_id":"58e039f6a94bf87a0920e99b"},{"index":82,"_id":"58e039f6a94bf87a0920e99c"},{"index":83,"_id":"58e039f6a94bf87a0920e99d"},{"index":84,"_id":"58e039f6a94bf87a0920e99e"},{"index":85,"_id":"58e039f6a94bf87a0920e99f"},{"index":86,"_id":"58e039f6a94bf87a0920e9a0"},{"index":87,"_id":"58e039f6a94bf87a0920e9a1"},{"index":88,"_id":"58e039f6a94bf87a0920e9a2"},{"index":89,"_id":"58e039f6a94bf87a0920e9a3"},{"index":90,"_id":"58e039f6a94bf87a0920e9a4"},{"index":91,"_id":"58e039f6a94bf87a0920e9a5"},{"index":92,"_id":"58e039f6a94bf87a0920e9a6"},{"index":93,"_id":"58e039f6a94bf87a0920e9a7"},{"index":94,"_id":"58e039f6a94bf87a0920e9a8"},{"index":95,"_id":"58e039f6a94bf87a0920e9a9"},{"index":96,"_id":"58e039f6a94bf87a0920e9aa"},{"index":97,"_id":"58e039f6a94bf87a0920e9ab"},{"index":98,"_id":"58e039f6a94bf87a0920e9ac"},{"index":99,"_id":"58e039f6a94bf87a0920e9ad"}]}
{"ok":1,"writeErrors":[],"writeConcernErrors":[],"insertedIds":[],"nInserted":0,"nUpserted":100,"nMatched":0,"nModified":0,"nRemoved":0,"upserted":[{"index":0,"_id":"58e03a32a94bf87a0920e9bb"},{"index":1,"_id":"58e03a32a94bf87a0920e9bc"},{"index":2,"_id":"58e03a32a94bf87a0920e9bd"},{"index":3,"_id":"58e03a32a94bf87a0920e9be"},{"index":4,"_id":"58e03a32a94bf87a0920e9bf"},{"index":5,"_id":"58e03a32a94bf87a0920e9c0"},{"index":6,"_id":"58e03a32a94bf87a0920e9c1"},{"index":7,"_id":"58e03a32a94bf87a0920e9c2"},{"index":8,"_id":"58e03a32a94bf87a0920e9c3"},{"index":9,"_id":"58e03a32a94bf87a0920e9c4"},{"index":10,"_id":"58e03a32a94bf87a0920e9c5"},{"index":11,"_id":"58e03a32a94bf87a0920e9c6"},{"index":12,"_id":"58e03a32a94bf87a0920e9c7"},{"index":13,"_id":"58e03a32a94bf87a0920e9c8"},{"index":14,"_id":"58e03a32a94bf87a0920e9c9"},{"index":15,"_id":"58e03a32a94bf87a0920e9ca"},{"index":16,"_id":"58e03a32a94bf87a0920e9cb"},{"index":17,"_id":"58e03a32a94bf87a0920e9cc"},{"index":18,"_id":"58e03a32a94bf87a0920e9cd"},{"index":19,"_id":"58e03a32a94bf87a0920e9ce"},{"index":20,"_id":"58e03a32a94bf87a0920e9cf"},{"index":21,"_id":"58e03a32a94bf87a0920e9d0"},{"index":22,"_id":"58e03a32a94bf87a0920e9d1"},{"index":23,"_id":"58e03a32a94bf87a0920e9d2"},{"index":24,"_id":"58e03a32a94bf87a0920e9d3"},{"index":25,"_id":"58e03a32a94bf87a0920e9d4"},{"index":26,"_id":"58e03a32a94bf87a0920e9d5"},{"index":27,"_id":"58e03a32a94bf87a0920e9d6"},{"index":28,"_id":"58e03a32a94bf87a0920e9d7"},{"index":29,"_id":"58e03a32a94bf87a0920e9d8"},{"index":30,"_id":"58e03a32a94bf87a0920e9d9"},{"index":31,"_id":"58e03a32a94bf87a0920e9da"},{"index":32,"_id":"58e03a32a94bf87a0920e9db"},{"index":33,"_id":"58e03a32a94bf87a0920e9dc"},{"index":34,"_id":"58e03a32a94bf87a0920e9dd"},{"index":35,"_id":"58e03a32a94bf87a0920e9de"},{"index":36,"_id":"58e03a32a94bf87a0920e9df"},{"index":37,"_id":"58e03a32a94bf87a0920e9e0"},{"index":38,"_id":"58e03a32a94bf87a0920e9e1"},{"index":39,"_id":"58e03a32a94bf87a0920e9e2"},{"index":40,"_id":"58e03a32a94bf87a0920e9e3"},{"index":41,"_id":"58e03a32a94bf87a0920e9e4"},{"index":42,"_id":"58e03a32a94bf87a0920e9e5"},{"index":43,"_id":"58e03a32a94bf87a0920e9e6"},{"index":44,"_id":"58e03a32a94bf87a0920e9e7"},{"index":45,"_id":"58e03a32a94bf87a0920e9e8"},{"index":46,"_id":"58e03a32a94bf87a0920e9e9"},{"index":47,"_id":"58e03a32a94bf87a0920e9ea"},{"index":48,"_id":"58e03a32a94bf87a0920e9eb"},{"index":49,"_id":"58e03a32a94bf87a0920e9ec"},{"index":50,"_id":"58e03a32a94bf87a0920e9ed"},{"index":51,"_id":"58e03a32a94bf87a0920e9ee"},{"index":52,"_id":"58e03a32a94bf87a0920e9ef"},{"index":53,"_id":"58e03a32a94bf87a0920e9f0"},{"index":54,"_id":"58e03a32a94bf87a0920e9f1"},{"index":55,"_id":"58e03a32a94bf87a0920e9f2"},{"index":56,"_id":"58e03a32a94bf87a0920e9f3"},{"index":57,"_id":"58e03a32a94bf87a0920e9f4"},{"index":58,"_id":"58e03a32a94bf87a0920e9f5"},{"index":59,"_id":"58e03a32a94bf87a0920e9f6"},{"index":60,"_id":"58e03a32a94bf87a0920e9f7"},{"index":61,"_id":"58e03a32a94bf87a0920e9f8"},{"index":62,"_id":"58e03a32a94bf87a0920e9f9"},{"index":63,"_id":"58e03a32a94bf87a0920e9fa"},{"index":64,"_id":"58e03a32a94bf87a0920e9fb"},{"index":65,"_id":"58e03a32a94bf87a0920e9fc"},{"index":66,"_id":"58e03a32a94bf87a0920e9fd"},{"index":67,"_id":"58e03a32a94bf87a0920e9fe"},{"index":68,"_id":"58e03a32a94bf87a0920e9ff"},{"index":69,"_id":"58e03a32a94bf87a0920ea00"},{"index":70,"_id":"58e03a32a94bf87a0920ea01"},{"index":71,"_id":"58e03a32a94bf87a0920ea02"},{"index":72,"_id":"58e03a32a94bf87a0920ea03"},{"index":73,"_id":"58e03a32a94bf87a0920ea04"},{"index":74,"_id":"58e03a32a94bf87a0920ea05"},{"index":75,"_id":"58e03a32a94bf87a0920ea06"},{"index":76,"_id":"58e03a32a94bf87a0920ea07"},{"index":77,"_id":"58e03a32a94bf87a0920ea08"},{"index":78,"_id":"58e03a32a94bf87a0920ea09"},{"index":79,"_id":"58e03a32a94bf87a0920ea0a"},{"index":80,"_id":"58e03a32a94bf87a0920ea0b"},{"index":81,"_id":"58e03a32a94bf87a0920ea0c"},{"index":82,"_id":"58e03a32a94bf87a0920ea0d"},{"index":83,"_id":"58e03a32a94bf87a0920ea0e"},{"index":84,"_id":"58e03a32a94bf87a0920ea0f"},{"index":85,"_id":"58e03a32a94bf87a0920ea10"},{"index":86,"_id":"58e03a32a94bf87a0920ea11"},{"index":87,"_id":"58e03a32a94bf87a0920ea12"},{"index":88,"_id":"58e03a32a94bf87a0920ea13"},{"index":89,"_id":"58e03a32a94bf87a0920ea14"},{"index":90,"_id":"58e03a32a94bf87a0920ea15"},{"index":91,"_id":"58e03a32a94bf87a0920ea16"},{"index":92,"_id":"58e03a32a94bf87a0920ea17"},{"index":93,"_id":"58e03a32a94bf87a0920ea18"},{"index":94,"_id":"58e03a32a94bf87a0920ea19"},{"index":95,"_id":"58e03a32a94bf87a0920ea1a"},{"index":96,"_id":"58e03a32a94bf87a0920ea1b"},{"index":97,"_id":"58e03a32a94bf87a0920ea1c"},{"index":98,"_id":"58e03a32a94bf87a0920ea1d"},{"index":99,"_id":"58e03a32a94bf87a0920ea1e"}]}
{"ok":1,"writeErrors":[],"writeConcernErrors":[],"insertedIds":[],"nInserted":0,"nUpserted":100,"nMatched":0,"nModified":0,"nRemoved":0,"upserted":[{"index":0,"_id":"58e03a72a94bf87a0920ea2c"},{"index":1,"_id":"58e03a72a94bf87a0920ea2d"},{"index":2,"_id":"58e03a72a94bf87a0920ea2e"},{"index":3,"_id":"58e03a72a94bf87a0920ea2f"},{"index":4,"_id":"58e03a72a94bf87a0920ea30"},{"index":5,"_id":"58e03a72a94bf87a0920ea31"},{"index":6,"_id":"58e03a72a94bf87a0920ea32"},{"index":7,"_id":"58e03a72a94bf87a0920ea33"},{"index":8,"_id":"58e03a72a94bf87a0920ea34"},{"index":9,"_id":"58e03a72a94bf87a0920ea35"},{"index":10,"_id":"58e03a72a94bf87a0920ea36"},{"index":11,"_id":"58e03a72a94bf87a0920ea37"},{"index":12,"_id":"58e03a72a94bf87a0920ea38"},{"index":13,"_id":"58e03a72a94bf87a0920ea39"},{"index":14,"_id":"58e03a72a94bf87a0920ea3a"},{"index":15,"_id":"58e03a72a94bf87a0920ea3b"},{"index":16,"_id":"58e03a72a94bf87a0920ea3c"},{"index":17,"_id":"58e03a72a94bf87a0920ea3d"},{"index":18,"_id":"58e03a72a94bf87a0920ea3e"},{"index":19,"_id":"58e03a72a94bf87a0920ea3f"},{"index":20,"_id":"58e03a72a94bf87a0920ea40"},{"index":21,"_id":"58e03a72a94bf87a0920ea41"},{"index":22,"_id":"58e03a72a94bf87a0920ea42"},{"index":23,"_id":"58e03a72a94bf87a0920ea43"},{"index":24,"_id":"58e03a72a94bf87a0920ea44"},{"index":25,"_id":"58e03a72a94bf87a0920ea45"},{"index":26,"_id":"58e03a72a94bf87a0920ea46"},{"index":27,"_id":"58e03a72a94bf87a0920ea47"},{"index":28,"_id":"58e03a72a94bf87a0920ea48"},{"index":29,"_id":"58e03a72a94bf87a0920ea49"},{"index":30,"_id":"58e03a72a94bf87a0920ea4a"},{"index":31,"_id":"58e03a72a94bf87a0920ea4b"},{"index":32,"_id":"58e03a72a94bf87a0920ea4c"},{"index":33,"_id":"58e03a72a94bf87a0920ea4d"},{"index":34,"_id":"58e03a72a94bf87a0920ea4e"},{"index":35,"_id":"58e03a72a94bf87a0920ea4f"},{"index":36,"_id":"58e03a72a94bf87a0920ea50"},{"index":37,"_id":"58e03a72a94bf87a0920ea51"},{"index":38,"_id":"58e03a72a94bf87a0920ea52"},{"index":39,"_id":"58e03a72a94bf87a0920ea53"},{"index":40,"_id":"58e03a72a94bf87a0920ea54"},{"index":41,"_id":"58e03a72a94bf87a0920ea55"},{"index":42,"_id":"58e03a72a94bf87a0920ea56"},{"index":43,"_id":"58e03a72a94bf87a0920ea57"},{"index":44,"_id":"58e03a72a94bf87a0920ea58"},{"index":45,"_id":"58e03a72a94bf87a0920ea59"},{"index":46,"_id":"58e03a72a94bf87a0920ea5a"},{"index":47,"_id":"58e03a72a94bf87a0920ea5b"},{"index":48,"_id":"58e03a72a94bf87a0920ea5c"},{"index":49,"_id":"58e03a72a94bf87a0920ea5d"},{"index":50,"_id":"58e03a72a94bf87a0920ea5e"},{"index":51,"_id":"58e03a72a94bf87a0920ea5f"},{"index":52,"_id":"58e03a72a94bf87a0920ea60"},{"index":53,"_id":"58e03a72a94bf87a0920ea61"},{"index":54,"_id":"58e03a72a94bf87a0920ea62"},{"index":55,"_id":"58e03a72a94bf87a0920ea63"},{"index":56,"_id":"58e03a72a94bf87a0920ea64"},{"index":57,"_id":"58e03a72a94bf87a0920ea65"},{"index":58,"_id":"58e03a72a94bf87a0920ea66"},{"index":59,"_id":"58e03a72a94bf87a0920ea67"},{"index":60,"_id":"58e03a72a94bf87a0920ea68"},{"index":61,"_id":"58e03a72a94bf87a0920ea69"},{"index":62,"_id":"58e03a72a94bf87a0920ea6a"},{"index":63,"_id":"58e03a72a94bf87a0920ea6b"},{"index":64,"_id":"58e03a72a94bf87a0920ea6c"},{"index":65,"_id":"58e03a72a94bf87a0920ea6d"},{"index":66,"_id":"58e03a72a94bf87a0920ea6e"},{"index":67,"_id":"58e03a72a94bf87a0920ea6f"},{"index":68,"_id":"58e03a72a94bf87a0920ea70"},{"index":69,"_id":"58e03a72a94bf87a0920ea71"},{"index":70,"_id":"58e03a72a94bf87a0920ea72"},{"index":71,"_id":"58e03a72a94bf87a0920ea73"},{"index":72,"_id":"58e03a72a94bf87a0920ea74"},{"index":73,"_id":"58e03a72a94bf87a0920ea75"},{"index":74,"_id":"58e03a72a94bf87a0920ea76"},{"index":75,"_id":"58e03a72a94bf87a0920ea77"},{"index":76,"_id":"58e03a72a94bf87a0920ea78"},{"index":77,"_id":"58e03a72a94bf87a0920ea79"},{"index":78,"_id":"58e03a72a94bf87a0920ea7a"},{"index":79,"_id":"58e03a72a94bf87a0920ea7b"},{"index":80,"_id":"58e03a72a94bf87a0920ea7c"},{"index":81,"_id":"58e03a72a94bf87a0920ea7d"},{"index":82,"_id":"58e03a72a94bf87a0920ea7e"},{"index":83,"_id":"58e03a72a94bf87a0920ea7f"},{"index":84,"_id":"58e03a72a94bf87a0920ea80"},{"index":85,"_id":"58e03a72a94bf87a0920ea81"},{"index":86,"_id":"58e03a72a94bf87a0920ea82"},{"index":87,"_id":"58e03a72a94bf87a0920ea83"},{"index":88,"_id":"58e03a72a94bf87a0920ea84"},{"index":89,"_id":"58e03a72a94bf87a0920ea85"},{"index":90,"_id":"58e03a72a94bf87a0920ea86"},{"index":91,"_id":"58e03a72a94bf87a0920ea87"},{"index":92,"_id":"58e03a72a94bf87a0920ea88"},{"index":93,"_id":"58e03a72a94bf87a0920ea89"},{"index":94,"_id":"58e03a72a94bf87a0920ea8a"},{"index":95,"_id":"58e03a72a94bf87a0920ea8b"},{"index":96,"_id":"58e03a72a94bf87a0920ea8c"},{"index":97,"_id":"58e03a72a94bf87a0920ea8d"},{"index":98,"_id":"58e03a72a94bf87a0920ea8e"},{"index":99,"_id":"58e03a72a94bf87a0920ea8f"}]}
{"ok":1,"writeErrors":[],"writeConcernErrors":[],"insertedIds":[],"nInserted":0,"nUpserted":100,"nMatched":0,"nModified":0,"nRemoved":0,"upserted":[{"index":0,"_id":"58e03aaca94bf87a0920ea9d"},{"index":1,"_id":"58e03aaca94bf87a0920ea9e"},{"index":2,"_id":"58e03aaca94bf87a0920ea9f"},{"index":3,"_id":"58e03aaca94bf87a0920eaa0"},{"index":4,"_id":"58e03aaca94bf87a0920eaa1"},{"index":5,"_id":"58e03aaca94bf87a0920eaa2"},{"index":6,"_id":"58e03aaca94bf87a0920eaa3"},{"index":7,"_id":"58e03aaca94bf87a0920eaa4"},{"index":8,"_id":"58e03aaca94bf87a0920eaa5"},{"index":9,"_id":"58e03aaca94bf87a0920eaa6"},{"index":10,"_id":"58e03aaca94bf87a0920eaa7"},{"index":11,"_id":"58e03aaca94bf87a0920eaa8"},{"index":12,"_id":"58e03aaca94bf87a0920eaa9"},{"index":13,"_id":"58e03aaca94bf87a0920eaaa"},{"index":14,"_id":"58e03aaca94bf87a0920eaab"},{"index":15,"_id":"58e03aaca94bf87a0920eaac"},{"index":16,"_id":"58e03aaca94bf87a0920eaad"},{"index":17,"_id":"58e03aaca94bf87a0920eaae"},{"index":18,"_id":"58e03aaca94bf87a0920eaaf"},{"index":19,"_id":"58e03aaca94bf87a0920eab0"},{"index":20,"_id":"58e03aaca94bf87a0920eab1"},{"index":21,"_id":"58e03aaca94bf87a0920eab2"},{"index":22,"_id":"58e03aaca94bf87a0920eab3"},{"index":23,"_id":"58e03aaca94bf87a0920eab4"},{"index":24,"_id":"58e03aaca94bf87a0920eab5"},{"index":25,"_id":"58e03aaca94bf87a0920eab6"},{"index":26,"_id":"58e03aaca94bf87a0920eab7"},{"index":27,"_id":"58e03aaca94bf87a0920eab8"},{"index":28,"_id":"58e03aaca94bf87a0920eab9"},{"index":29,"_id":"58e03aaca94bf87a0920eaba"},{"index":30,"_id":"58e03aaca94bf87a0920eabb"},{"index":31,"_id":"58e03aaca94bf87a0920eabc"},{"index":32,"_id":"58e03aaca94bf87a0920eabd"},{"index":33,"_id":"58e03aaca94bf87a0920eabe"},{"index":34,"_id":"58e03aaca94bf87a0920eabf"},{"index":35,"_id":"58e03aaca94bf87a0920eac0"},{"index":36,"_id":"58e03aaca94bf87a0920eac1"},{"index":37,"_id":"58e03aaca94bf87a0920eac2"},{"index":38,"_id":"58e03aaca94bf87a0920eac3"},{"index":39,"_id":"58e03aaca94bf87a0920eac4"},{"index":40,"_id":"58e03aaca94bf87a0920eac5"},{"index":41,"_id":"58e03aaca94bf87a0920eac6"},{"index":42,"_id":"58e03aaca94bf87a0920eac7"},{"index":43,"_id":"58e03aaca94bf87a0920eac8"},{"index":44,"_id":"58e03aaca94bf87a0920eac9"},{"index":45,"_id":"58e03aaca94bf87a0920eaca"},{"index":46,"_id":"58e03aaca94bf87a0920eacb"},{"index":47,"_id":"58e03aaca94bf87a0920eacc"},{"index":48,"_id":"58e03aaca94bf87a0920eacd"},{"index":49,"_id":"58e03aaca94bf87a0920eace"},{"index":50,"_id":"58e03aaca94bf87a0920eacf"},{"index":51,"_id":"58e03aaca94bf87a0920ead0"},{"index":52,"_id":"58e03aaca94bf87a0920ead1"},{"index":53,"_id":"58e03aaca94bf87a0920ead2"},{"index":54,"_id":"58e03aaca94bf87a0920ead3"},{"index":55,"_id":"58e03aaca94bf87a0920ead4"},{"index":56,"_id":"58e03aaca94bf87a0920ead5"},{"index":57,"_id":"58e03aaca94bf87a0920ead6"},{"index":58,"_id":"58e03aaca94bf87a0920ead7"},{"index":59,"_id":"58e03aaca94bf87a0920ead8"},{"index":60,"_id":"58e03aaca94bf87a0920ead9"},{"index":61,"_id":"58e03aaca94bf87a0920eada"},{"index":62,"_id":"58e03aaca94bf87a0920eadb"},{"index":63,"_id":"58e03aaca94bf87a0920eadc"},{"index":64,"_id":"58e03aaca94bf87a0920eadd"},{"index":65,"_id":"58e03aaca94bf87a0920eade"},{"index":66,"_id":"58e03aaca94bf87a0920eadf"},{"index":67,"_id":"58e03aaca94bf87a0920eae0"},{"index":68,"_id":"58e03aaca94bf87a0920eae1"},{"index":69,"_id":"58e03aaca94bf87a0920eae2"},{"index":70,"_id":"58e03aaca94bf87a0920eae3"},{"index":71,"_id":"58e03aaca94bf87a0920eae4"},{"index":72,"_id":"58e03aaca94bf87a0920eae5"},{"index":73,"_id":"58e03aaca94bf87a0920eae6"},{"index":74,"_id":"58e03aaca94bf87a0920eae7"},{"index":75,"_id":"58e03aaca94bf87a0920eae8"},{"index":76,"_id":"58e03aaca94bf87a0920eae9"},{"index":77,"_id":"58e03aaca94bf87a0920eaea"},{"index":78,"_id":"58e03aaca94bf87a0920eaeb"},{"index":79,"_id":"58e03aaca94bf87a0920eaec"},{"index":80,"_id":"58e03aaca94bf87a0920eaed"},{"index":81,"_id":"58e03aaca94bf87a0920eaee"},{"index":82,"_id":"58e03aaca94bf87a0920eaef"},{"index":83,"_id":"58e03aaca94bf87a0920eaf0"},{"index":84,"_id":"58e03aaca94bf87a0920eaf1"},{"index":85,"_id":"58e03aaca94bf87a0920eaf2"},{"index":86,"_id":"58e03aaca94bf87a0920eaf3"},{"index":87,"_id":"58e03aaca94bf87a0920eaf4"},{"index":88,"_id":"58e03aaca94bf87a0920eaf5"},{"index":89,"_id":"58e03aaca94bf87a0920eaf6"},{"index":90,"_id":"58e03aaca94bf87a0920eaf7"},{"index":91,"_id":"58e03aaca94bf87a0920eaf8"},{"index":92,"_id":"58e03aaca94bf87a0920eaf9"},{"index":93,"_id":"58e03aaca94bf87a0920eafa"},{"index":94,"_id":"58e03aaca94bf87a0920eafb"},{"index":95,"_id":"58e03aaca94bf87a0920eafc"},{"index":96,"_id":"58e03aaca94bf87a0920eafd"},{"index":97,"_id":"58e03aaca94bf87a0920eafe"},{"index":98,"_id":"58e03aaca94bf87a0920eaff"},{"index":99,"_id":"58e03aaca94bf87a0920eb00"}]}
{"ok":1,"writeErrors":[],"writeConcernErrors":[],"insertedIds":[],"nInserted":0,"nUpserted":100,"nMatched":0,"nModified":0,"nRemoved":0,"upserted":[{"index":0,"_id":"58e03ae9a94bf87a0920eb0e"},{"index":1,"_id":"58e03ae9a94bf87a0920eb0f"},{"index":2,"_id":"58e03ae9a94bf87a0920eb10"},{"index":3,"_id":"58e03ae9a94bf87a0920eb11"},{"index":4,"_id":"58e03ae9a94bf87a0920eb12"},{"index":5,"_id":"58e03ae9a94bf87a0920eb13"},{"index":6,"_id":"58e03ae9a94bf87a0920eb14"},{"index":7,"_id":"58e03ae9a94bf87a0920eb15"},{"index":8,"_id":"58e03ae9a94bf87a0920eb16"},{"index":9,"_id":"58e03ae9a94bf87a0920eb17"},{"index":10,"_id":"58e03ae9a94bf87a0920eb18"},{"index":11,"_id":"58e03ae9a94bf87a0920eb19"},{"index":12,"_id":"58e03ae9a94bf87a0920eb1a"},{"index":13,"_id":"58e03ae9a94bf87a0920eb1b"},{"index":14,"_id":"58e03ae9a94bf87a0920eb1c"},{"index":15,"_id":"58e03ae9a94bf87a0920eb1d"},{"index":16,"_id":"58e03ae9a94bf87a0920eb1e"},{"index":17,"_id":"58e03ae9a94bf87a0920eb1f"},{"index":18,"_id":"58e03ae9a94bf87a0920eb20"},{"index":19,"_id":"58e03ae9a94bf87a0920eb21"},{"index":20,"_id":"58e03ae9a94bf87a0920eb22"},{"index":21,"_id":"58e03ae9a94bf87a0920eb23"},{"index":22,"_id":"58e03ae9a94bf87a0920eb24"},{"index":23,"_id":"58e03ae9a94bf87a0920eb25"},{"index":24,"_id":"58e03ae9a94bf87a0920eb26"},{"index":25,"_id":"58e03ae9a94bf87a0920eb27"},{"index":26,"_id":"58e03ae9a94bf87a0920eb28"},{"index":27,"_id":"58e03ae9a94bf87a0920eb29"},{"index":28,"_id":"58e03ae9a94bf87a0920eb2a"},{"index":29,"_id":"58e03ae9a94bf87a0920eb2b"},{"index":30,"_id":"58e03ae9a94bf87a0920eb2c"},{"index":31,"_id":"58e03ae9a94bf87a0920eb2d"},{"index":32,"_id":"58e03ae9a94bf87a0920eb2e"},{"index":33,"_id":"58e03ae9a94bf87a0920eb2f"},{"index":34,"_id":"58e03ae9a94bf87a0920eb30"},{"index":35,"_id":"58e03ae9a94bf87a0920eb31"},{"index":36,"_id":"58e03ae9a94bf87a0920eb32"},{"index":37,"_id":"58e03ae9a94bf87a0920eb33"},{"index":38,"_id":"58e03ae9a94bf87a0920eb34"},{"index":39,"_id":"58e03ae9a94bf87a0920eb35"},{"index":40,"_id":"58e03ae9a94bf87a0920eb36"},{"index":41,"_id":"58e03ae9a94bf87a0920eb37"},{"index":42,"_id":"58e03ae9a94bf87a0920eb38"},{"index":43,"_id":"58e03ae9a94bf87a0920eb39"},{"index":44,"_id":"58e03ae9a94bf87a0920eb3a"},{"index":45,"_id":"58e03ae9a94bf87a0920eb3b"},{"index":46,"_id":"58e03ae9a94bf87a0920eb3c"},{"index":47,"_id":"58e03ae9a94bf87a0920eb3d"},{"index":48,"_id":"58e03ae9a94bf87a0920eb3e"},{"index":49,"_id":"58e03ae9a94bf87a0920eb3f"},{"index":50,"_id":"58e03ae9a94bf87a0920eb40"},{"index":51,"_id":"58e03ae9a94bf87a0920eb41"},{"index":52,"_id":"58e03ae9a94bf87a0920eb42"},{"index":53,"_id":"58e03ae9a94bf87a0920eb43"},{"index":54,"_id":"58e03ae9a94bf87a0920eb44"},{"index":55,"_id":"58e03ae9a94bf87a0920eb45"},{"index":56,"_id":"58e03ae9a94bf87a0920eb46"},{"index":57,"_id":"58e03ae9a94bf87a0920eb47"},{"index":58,"_id":"58e03ae9a94bf87a0920eb48"},{"index":59,"_id":"58e03ae9a94bf87a0920eb49"},{"index":60,"_id":"58e03ae9a94bf87a0920eb4a"},{"index":61,"_id":"58e03ae9a94bf87a0920eb4b"},{"index":62,"_id":"58e03ae9a94bf87a0920eb4c"},{"index":63,"_id":"58e03ae9a94bf87a0920eb4d"},{"index":64,"_id":"58e03ae9a94bf87a0920eb4e"},{"index":65,"_id":"58e03ae9a94bf87a0920eb4f"},{"index":66,"_id":"58e03ae9a94bf87a0920eb50"},{"index":67,"_id":"58e03ae9a94bf87a0920eb51"},{"index":68,"_id":"58e03ae9a94bf87a0920eb52"},{"index":69,"_id":"58e03ae9a94bf87a0920eb53"},{"index":70,"_id":"58e03ae9a94bf87a0920eb54"},{"index":71,"_id":"58e03ae9a94bf87a0920eb55"},{"index":72,"_id":"58e03ae9a94bf87a0920eb56"},{"index":73,"_id":"58e03ae9a94bf87a0920eb57"},{"index":74,"_id":"58e03ae9a94bf87a0920eb58"},{"index":75,"_id":"58e03ae9a94bf87a0920eb59"},{"index":76,"_id":"58e03ae9a94bf87a0920eb5a"},{"index":77,"_id":"58e03ae9a94bf87a0920eb5b"},{"index":78,"_id":"58e03ae9a94bf87a0920eb5c"},{"index":79,"_id":"58e03ae9a94bf87a0920eb5d"},{"index":80,"_id":"58e03ae9a94bf87a0920eb5e"},{"index":81,"_id":"58e03ae9a94bf87a0920eb5f"},{"index":82,"_id":"58e03ae9a94bf87a0920eb60"},{"index":83,"_id":"58e03ae9a94bf87a0920eb61"},{"index":84,"_id":"58e03ae9a94bf87a0920eb62"},{"index":85,"_id":"58e03ae9a94bf87a0920eb63"},{"index":86,"_id":"58e03ae9a94bf87a0920eb64"},{"index":87,"_id":"58e03ae9a94bf87a0920eb65"},{"index":88,"_id":"58e03ae9a94bf87a0920eb66"},{"index":89,"_id":"58e03ae9a94bf87a0920eb67"},{"index":90,"_id":"58e03ae9a94bf87a0920eb68"},{"index":91,"_id":"58e03ae9a94bf87a0920eb69"},{"index":92,"_id":"58e03ae9a94bf87a0920eb6a"},{"index":93,"_id":"58e03ae9a94bf87a0920eb6b"},{"index":94,"_id":"58e03ae9a94bf87a0920eb6c"},{"index":95,"_id":"58e03ae9a94bf87a0920eb6d"},{"index":96,"_id":"58e03ae9a94bf87a0920eb6e"},{"index":97,"_id":"58e03ae9a94bf87a0920eb6f"},{"index":98,"_id":"58e03ae9a94bf87a0920eb70"},{"index":99,"_id":"58e03ae9a94bf87a0920eb71"}]}
{"ok":1,"writeErrors":[],"writeConcernErrors":[],"insertedIds":[],"nInserted":0,"nUpserted":100,"nMatched":0,"nModified":0,"nRemoved":0,"upserted":[{"index":0,"_id":"58e03b26a94bf87a0920eb7f"},{"index":1,"_id":"58e03b26a94bf87a0920eb80"},{"index":2,"_id":"58e03b26a94bf87a0920eb81"},{"index":3,"_id":"58e03b26a94bf87a0920eb82"},{"index":4,"_id":"58e03b26a94bf87a0920eb83"},{"index":5,"_id":"58e03b26a94bf87a0920eb84"},{"index":6,"_id":"58e03b26a94bf87a0920eb85"},{"index":7,"_id":"58e03b26a94bf87a0920eb86"},{"index":8,"_id":"58e03b26a94bf87a0920eb87"},{"index":9,"_id":"58e03b26a94bf87a0920eb88"},{"index":10,"_id":"58e03b26a94bf87a0920eb89"},{"index":11,"_id":"58e03b26a94bf87a0920eb8a"},{"index":12,"_id":"58e03b26a94bf87a0920eb8b"},{"index":13,"_id":"58e03b26a94bf87a0920eb8c"},{"index":14,"_id":"58e03b26a94bf87a0920eb8d"},{"index":15,"_id":"58e03b26a94bf87a0920eb8e"},{"index":16,"_id":"58e03b26a94bf87a0920eb8f"},{"index":17,"_id":"58e03b26a94bf87a0920eb90"},{"index":18,"_id":"58e03b26a94bf87a0920eb91"},{"index":19,"_id":"58e03b26a94bf87a0920eb92"},{"index":20,"_id":"58e03b26a94bf87a0920eb93"},{"index":21,"_id":"58e03b26a94bf87a0920eb94"},{"index":22,"_id":"58e03b26a94bf87a0920eb95"},{"index":23,"_id":"58e03b26a94bf87a0920eb96"},{"index":24,"_id":"58e03b26a94bf87a0920eb97"},{"index":25,"_id":"58e03b26a94bf87a0920eb98"},{"index":26,"_id":"58e03b26a94bf87a0920eb99"},{"index":27,"_id":"58e03b26a94bf87a0920eb9a"},{"index":28,"_id":"58e03b26a94bf87a0920eb9b"},{"index":29,"_id":"58e03b26a94bf87a0920eb9c"},{"index":30,"_id":"58e03b26a94bf87a0920eb9d"},{"index":31,"_id":"58e03b26a94bf87a0920eb9e"},{"index":32,"_id":"58e03b26a94bf87a0920eb9f"},{"index":33,"_id":"58e03b26a94bf87a0920eba0"},{"index":34,"_id":"58e03b26a94bf87a0920eba1"},{"index":35,"_id":"58e03b26a94bf87a0920eba2"},{"index":36,"_id":"58e03b26a94bf87a0920eba3"},{"index":37,"_id":"58e03b26a94bf87a0920eba4"},{"index":38,"_id":"58e03b26a94bf87a0920eba5"},{"index":39,"_id":"58e03b26a94bf87a0920eba6"},{"index":40,"_id":"58e03b26a94bf87a0920eba7"},{"index":41,"_id":"58e03b26a94bf87a0920eba8"},{"index":42,"_id":"58e03b26a94bf87a0920eba9"},{"index":43,"_id":"58e03b26a94bf87a0920ebaa"},{"index":44,"_id":"58e03b26a94bf87a0920ebab"},{"index":45,"_id":"58e03b26a94bf87a0920ebac"},{"index":46,"_id":"58e03b26a94bf87a0920ebad"},{"index":47,"_id":"58e03b26a94bf87a0920ebae"},{"index":48,"_id":"58e03b26a94bf87a0920ebaf"},{"index":49,"_id":"58e03b26a94bf87a0920ebb0"},{"index":50,"_id":"58e03b26a94bf87a0920ebb1"},{"index":51,"_id":"58e03b26a94bf87a0920ebb2"},{"index":52,"_id":"58e03b26a94bf87a0920ebb3"},{"index":53,"_id":"58e03b26a94bf87a0920ebb4"},{"index":54,"_id":"58e03b26a94bf87a0920ebb5"},{"index":55,"_id":"58e03b26a94bf87a0920ebb6"},{"index":56,"_id":"58e03b26a94bf87a0920ebb7"},{"index":57,"_id":"58e03b26a94bf87a0920ebb8"},{"index":58,"_id":"58e03b26a94bf87a0920ebb9"},{"index":59,"_id":"58e03b26a94bf87a0920ebba"},{"index":60,"_id":"58e03b26a94bf87a0920ebbb"},{"index":61,"_id":"58e03b26a94bf87a0920ebbc"},{"index":62,"_id":"58e03b26a94bf87a0920ebbd"},{"index":63,"_id":"58e03b26a94bf87a0920ebbe"},{"index":64,"_id":"58e03b26a94bf87a0920ebbf"},{"index":65,"_id":"58e03b26a94bf87a0920ebc0"},{"index":66,"_id":"58e03b26a94bf87a0920ebc1"},{"index":67,"_id":"58e03b26a94bf87a0920ebc2"},{"index":68,"_id":"58e03b26a94bf87a0920ebc3"},{"index":69,"_id":"58e03b26a94bf87a0920ebc4"},{"index":70,"_id":"58e03b26a94bf87a0920ebc5"},{"index":71,"_id":"58e03b26a94bf87a0920ebc6"},{"index":72,"_id":"58e03b26a94bf87a0920ebc7"},{"index":73,"_id":"58e03b26a94bf87a0920ebc8"},{"index":74,"_id":"58e03b26a94bf87a0920ebc9"},{"index":75,"_id":"58e03b26a94bf87a0920ebca"},{"index":76,"_id":"58e03b26a94bf87a0920ebcb"},{"index":77,"_id":"58e03b26a94bf87a0920ebcc"},{"index":78,"_id":"58e03b26a94bf87a0920ebcd"},{"index":79,"_id":"58e03b26a94bf87a0920ebce"},{"index":80,"_id":"58e03b26a94bf87a0920ebcf"},{"index":81,"_id":"58e03b26a94bf87a0920ebd0"},{"index":82,"_id":"58e03b26a94bf87a0920ebd1"},{"index":83,"_id":"58e03b26a94bf87a0920ebd2"},{"index":84,"_id":"58e03b26a94bf87a0920ebd3"},{"index":85,"_id":"58e03b26a94bf87a0920ebd4"},{"index":86,"_id":"58e03b26a94bf87a0920ebd5"},{"index":87,"_id":"58e03b26a94bf87a0920ebd6"},{"index":88,"_id":"58e03b26a94bf87a0920ebd7"},{"index":89,"_id":"58e03b26a94bf87a0920ebd8"},{"index":90,"_id":"58e03b26a94bf87a0920ebd9"},{"index":91,"_id":"58e03b26a94bf87a0920ebda"},{"index":92,"_id":"58e03b26a94bf87a0920ebdb"},{"index":93,"_id":"58e03b26a94bf87a0920ebdc"},{"index":94,"_id":"58e03b26a94bf87a0920ebdd"},{"index":95,"_id":"58e03b26a94bf87a0920ebde"},{"index":96,"_id":"58e03b26a94bf87a0920ebdf"},{"index":97,"_id":"58e03b26a94bf87a0920ebe0"},{"index":98,"_id":"58e03b26a94bf87a0920ebe1"},{"index":99,"_id":"58e03b26a94bf87a0920ebe2"}]}
{"ok":1,"writeErrors":[],"writeConcernErrors":[],"insertedIds":[],"nInserted":0,"nUpserted":100,"nMatched":0,"nModified":0,"nRemoved":0,"upserted":[{"index":0,"_id":"58e03b64a94bf87a0920ebf1"},{"index":1,"_id":"58e03b64a94bf87a0920ebf2"},{"index":2,"_id":"58e03b64a94bf87a0920ebf3"},{"index":3,"_id":"58e03b64a94bf87a0920ebf4"},{"index":4,"_id":"58e03b64a94bf87a0920ebf5"},{"index":5,"_id":"58e03b64a94bf87a0920ebf6"},{"index":6,"_id":"58e03b64a94bf87a0920ebf7"},{"index":7,"_id":"58e03b64a94bf87a0920ebf8"},{"index":8,"_id":"58e03b64a94bf87a0920ebf9"},{"index":9,"_id":"58e03b64a94bf87a0920ebfa"},{"index":10,"_id":"58e03b64a94bf87a0920ebfb"},{"index":11,"_id":"58e03b64a94bf87a0920ebfc"},{"index":12,"_id":"58e03b64a94bf87a0920ebfd"},{"index":13,"_id":"58e03b64a94bf87a0920ebfe"},{"index":14,"_id":"58e03b64a94bf87a0920ebff"},{"index":15,"_id":"58e03b64a94bf87a0920ec00"},{"index":16,"_id":"58e03b64a94bf87a0920ec01"},{"index":17,"_id":"58e03b64a94bf87a0920ec02"},{"index":18,"_id":"58e03b64a94bf87a0920ec03"},{"index":19,"_id":"58e03b64a94bf87a0920ec04"},{"index":20,"_id":"58e03b64a94bf87a0920ec05"},{"index":21,"_id":"58e03b64a94bf87a0920ec06"},{"index":22,"_id":"58e03b64a94bf87a0920ec07"},{"index":23,"_id":"58e03b64a94bf87a0920ec08"},{"index":24,"_id":"58e03b64a94bf87a0920ec09"},{"index":25,"_id":"58e03b64a94bf87a0920ec0a"},{"index":26,"_id":"58e03b64a94bf87a0920ec0b"},{"index":27,"_id":"58e03b64a94bf87a0920ec0c"},{"index":28,"_id":"58e03b64a94bf87a0920ec0d"},{"index":29,"_id":"58e03b64a94bf87a0920ec0e"},{"index":30,"_id":"58e03b64a94bf87a0920ec0f"},{"index":31,"_id":"58e03b64a94bf87a0920ec10"},{"index":32,"_id":"58e03b64a94bf87a0920ec11"},{"index":33,"_id":"58e03b64a94bf87a0920ec12"},{"index":34,"_id":"58e03b64a94bf87a0920ec13"},{"index":35,"_id":"58e03b64a94bf87a0920ec14"},{"index":36,"_id":"58e03b64a94bf87a0920ec15"},{"index":37,"_id":"58e03b64a94bf87a0920ec16"},{"index":38,"_id":"58e03b64a94bf87a0920ec17"},{"index":39,"_id":"58e03b64a94bf87a0920ec18"},{"index":40,"_id":"58e03b64a94bf87a0920ec19"},{"index":41,"_id":"58e03b64a94bf87a0920ec1a"},{"index":42,"_id":"58e03b64a94bf87a0920ec1b"},{"index":43,"_id":"58e03b64a94bf87a0920ec1c"},{"index":44,"_id":"58e03b64a94bf87a0920ec1d"},{"index":45,"_id":"58e03b64a94bf87a0920ec1e"},{"index":46,"_id":"58e03b64a94bf87a0920ec1f"},{"index":47,"_id":"58e03b64a94bf87a0920ec20"},{"index":48,"_id":"58e03b64a94bf87a0920ec21"},{"index":49,"_id":"58e03b64a94bf87a0920ec22"},{"index":50,"_id":"58e03b64a94bf87a0920ec23"},{"index":51,"_id":"58e03b64a94bf87a0920ec24"},{"index":52,"_id":"58e03b64a94bf87a0920ec25"},{"index":53,"_id":"58e03b64a94bf87a0920ec26"},{"index":54,"_id":"58e03b64a94bf87a0920ec27"},{"index":55,"_id":"58e03b64a94bf87a0920ec28"},{"index":56,"_id":"58e03b64a94bf87a0920ec29"},{"index":57,"_id":"58e03b64a94bf87a0920ec2a"},{"index":58,"_id":"58e03b64a94bf87a0920ec2b"},{"index":59,"_id":"58e03b64a94bf87a0920ec2c"},{"index":60,"_id":"58e03b64a94bf87a0920ec2d"},{"index":61,"_id":"58e03b64a94bf87a0920ec2e"},{"index":62,"_id":"58e03b64a94bf87a0920ec2f"},{"index":63,"_id":"58e03b64a94bf87a0920ec30"},{"index":64,"_id":"58e03b64a94bf87a0920ec31"},{"index":65,"_id":"58e03b64a94bf87a0920ec32"},{"index":66,"_id":"58e03b64a94bf87a0920ec33"},{"index":67,"_id":"58e03b64a94bf87a0920ec34"},{"index":68,"_id":"58e03b64a94bf87a0920ec35"},{"index":69,"_id":"58e03b64a94bf87a0920ec36"},{"index":70,"_id":"58e03b64a94bf87a0920ec37"},{"index":71,"_id":"58e03b64a94bf87a0920ec38"},{"index":72,"_id":"58e03b64a94bf87a0920ec39"},{"index":73,"_id":"58e03b64a94bf87a0920ec3a"},{"index":74,"_id":"58e03b64a94bf87a0920ec3b"},{"index":75,"_id":"58e03b64a94bf87a0920ec3c"},{"index":76,"_id":"58e03b64a94bf87a0920ec3d"},{"index":77,"_id":"58e03b64a94bf87a0920ec3e"},{"index":78,"_id":"58e03b64a94bf87a0920ec3f"},{"index":79,"_id":"58e03b64a94bf87a0920ec40"},{"index":80,"_id":"58e03b64a94bf87a0920ec41"},{"index":81,"_id":"58e03b64a94bf87a0920ec42"},{"index":82,"_id":"58e03b64a94bf87a0920ec43"},{"index":83,"_id":"58e03b64a94bf87a0920ec44"},{"index":84,"_id":"58e03b64a94bf87a0920ec45"},{"index":85,"_id":"58e03b64a94bf87a0920ec46"},{"index":86,"_id":"58e03b64a94bf87a0920ec47"},{"index":87,"_id":"58e03b64a94bf87a0920ec48"},{"index":88,"_id":"58e03b64a94bf87a0920ec49"},{"index":89,"_id":"58e03b64a94bf87a0920ec4a"},{"index":90,"_id":"58e03b64a94bf87a0920ec4b"},{"index":91,"_id":"58e03b64a94bf87a0920ec4c"},{"index":92,"_id":"58e03b64a94bf87a0920ec4d"},{"index":93,"_id":"58e03b64a94bf87a0920ec4e"},{"index":94,"_id":"58e03b64a94bf87a0920ec4f"},{"index":95,"_id":"58e03b64a94bf87a0920ec50"},{"index":96,"_id":"58e03b64a94bf87a0920ec51"},{"index":97,"_id":"58e03b64a94bf87a0920ec52"},{"index":98,"_id":"58e03b64a94bf87a0920ec53"},{"index":99,"_id":"58e03b64a94bf87a0920ec54"}]}
{"ok":1,"writeErrors":[],"writeConcernErrors":[],"insertedIds":[],"nInserted":0,"nUpserted":100,"nMatched":0,"nModified":0,"nRemoved":0,"upserted":[{"index":0,"_id":"58e03ba0a94bf87a0920ec62"},{"index":1,"_id":"58e03ba0a94bf87a0920ec63"},{"index":2,"_id":"58e03ba0a94bf87a0920ec64"},{"index":3,"_id":"58e03ba0a94bf87a0920ec65"},{"index":4,"_id":"58e03ba0a94bf87a0920ec66"},{"index":5,"_id":"58e03ba0a94bf87a0920ec67"},{"index":6,"_id":"58e03ba0a94bf87a0920ec68"},{"index":7,"_id":"58e03ba0a94bf87a0920ec69"},{"index":8,"_id":"58e03ba0a94bf87a0920ec6a"},{"index":9,"_id":"58e03ba0a94bf87a0920ec6b"},{"index":10,"_id":"58e03ba0a94bf87a0920ec6c"},{"index":11,"_id":"58e03ba0a94bf87a0920ec6d"},{"index":12,"_id":"58e03ba0a94bf87a0920ec6e"},{"index":13,"_id":"58e03ba0a94bf87a0920ec6f"},{"index":14,"_id":"58e03ba0a94bf87a0920ec70"},{"index":15,"_id":"58e03ba0a94bf87a0920ec71"},{"index":16,"_id":"58e03ba0a94bf87a0920ec72"},{"index":17,"_id":"58e03ba0a94bf87a0920ec73"},{"index":18,"_id":"58e03ba0a94bf87a0920ec74"},{"index":19,"_id":"58e03ba0a94bf87a0920ec75"},{"index":20,"_id":"58e03ba0a94bf87a0920ec76"},{"index":21,"_id":"58e03ba0a94bf87a0920ec77"},{"index":22,"_id":"58e03ba0a94bf87a0920ec78"},{"index":23,"_id":"58e03ba0a94bf87a0920ec79"},{"index":24,"_id":"58e03ba0a94bf87a0920ec7a"},{"index":25,"_id":"58e03ba0a94bf87a0920ec7b"},{"index":26,"_id":"58e03ba0a94bf87a0920ec7c"},{"index":27,"_id":"58e03ba0a94bf87a0920ec7d"},{"index":28,"_id":"58e03ba0a94bf87a0920ec7e"},{"index":29,"_id":"58e03ba0a94bf87a0920ec7f"},{"index":30,"_id":"58e03ba0a94bf87a0920ec80"},{"index":31,"_id":"58e03ba0a94bf87a0920ec81"},{"index":32,"_id":"58e03ba0a94bf87a0920ec82"},{"index":33,"_id":"58e03ba0a94bf87a0920ec83"},{"index":34,"_id":"58e03ba0a94bf87a0920ec84"},{"index":35,"_id":"58e03ba0a94bf87a0920ec85"},{"index":36,"_id":"58e03ba0a94bf87a0920ec86"},{"index":37,"_id":"58e03ba0a94bf87a0920ec87"},{"index":38,"_id":"58e03ba0a94bf87a0920ec88"},{"index":39,"_id":"58e03ba0a94bf87a0920ec89"},{"index":40,"_id":"58e03ba0a94bf87a0920ec8a"},{"index":41,"_id":"58e03ba0a94bf87a0920ec8b"},{"index":42,"_id":"58e03ba0a94bf87a0920ec8c"},{"index":43,"_id":"58e03ba0a94bf87a0920ec8d"},{"index":44,"_id":"58e03ba0a94bf87a0920ec8e"},{"index":45,"_id":"58e03ba0a94bf87a0920ec8f"},{"index":46,"_id":"58e03ba0a94bf87a0920ec90"},{"index":47,"_id":"58e03ba0a94bf87a0920ec91"},{"index":48,"_id":"58e03ba0a94bf87a0920ec92"},{"index":49,"_id":"58e03ba0a94bf87a0920ec93"},{"index":50,"_id":"58e03ba0a94bf87a0920ec94"},{"index":51,"_id":"58e03ba0a94bf87a0920ec95"},{"index":52,"_id":"58e03ba0a94bf87a0920ec96"},{"index":53,"_id":"58e03ba0a94bf87a0920ec97"},{"index":54,"_id":"58e03ba0a94bf87a0920ec98"},{"index":55,"_id":"58e03ba0a94bf87a0920ec99"},{"index":56,"_id":"58e03ba0a94bf87a0920ec9a"},{"index":57,"_id":"58e03ba0a94bf87a0920ec9b"},{"index":58,"_id":"58e03ba0a94bf87a0920ec9c"},{"index":59,"_id":"58e03ba0a94bf87a0920ec9d"},{"index":60,"_id":"58e03ba0a94bf87a0920ec9e"},{"index":61,"_id":"58e03ba0a94bf87a0920ec9f"},{"index":62,"_id":"58e03ba0a94bf87a0920eca0"},{"index":63,"_id":"58e03ba0a94bf87a0920eca1"},{"index":64,"_id":"58e03ba0a94bf87a0920eca2"},{"index":65,"_id":"58e03ba0a94bf87a0920eca3"},{"index":66,"_id":"58e03ba0a94bf87a0920eca4"},{"index":67,"_id":"58e03ba0a94bf87a0920eca5"},{"index":68,"_id":"58e03ba0a94bf87a0920eca6"},{"index":69,"_id":"58e03ba0a94bf87a0920eca7"},{"index":70,"_id":"58e03ba0a94bf87a0920eca8"},{"index":71,"_id":"58e03ba0a94bf87a0920eca9"},{"index":72,"_id":"58e03ba0a94bf87a0920ecaa"},{"index":73,"_id":"58e03ba0a94bf87a0920ecab"},{"index":74,"_id":"58e03ba0a94bf87a0920ecac"},{"index":75,"_id":"58e03ba0a94bf87a0920ecad"},{"index":76,"_id":"58e03ba0a94bf87a0920ecae"},{"index":77,"_id":"58e03ba0a94bf87a0920ecaf"},{"index":78,"_id":"58e03ba0a94bf87a0920ecb0"},{"index":79,"_id":"58e03ba0a94bf87a0920ecb1"},{"index":80,"_id":"58e03ba0a94bf87a0920ecb2"},{"index":81,"_id":"58e03ba0a94bf87a0920ecb3"},{"index":82,"_id":"58e03ba0a94bf87a0920ecb4"},{"index":83,"_id":"58e03ba0a94bf87a0920ecb5"},{"index":84,"_id":"58e03ba0a94bf87a0920ecb6"},{"index":85,"_id":"58e03ba0a94bf87a0920ecb7"},{"index":86,"_id":"58e03ba0a94bf87a0920ecb8"},{"index":87,"_id":"58e03ba0a94bf87a0920ecb9"},{"index":88,"_id":"58e03ba0a94bf87a0920ecba"},{"index":89,"_id":"58e03ba0a94bf87a0920ecbb"},{"index":90,"_id":"58e03ba0a94bf87a0920ecbc"},{"index":91,"_id":"58e03ba0a94bf87a0920ecbd"},{"index":92,"_id":"58e03ba0a94bf87a0920ecbe"},{"index":93,"_id":"58e03ba0a94bf87a0920ecbf"},{"index":94,"_id":"58e03ba0a94bf87a0920ecc0"},{"index":95,"_id":"58e03ba0a94bf87a0920ecc1"},{"index":96,"_id":"58e03ba0a94bf87a0920ecc2"},{"index":97,"_id":"58e03ba0a94bf87a0920ecc3"},{"index":98,"_id":"58e03ba0a94bf87a0920ecc4"},{"index":99,"_id":"58e03ba0a94bf87a0920ecc5"}]}
{"ok":1,"writeErrors":[],"writeConcernErrors":[],"insertedIds":[],"nInserted":0,"nUpserted":100,"nMatched":0,"nModified":0,"nRemoved":0,"upserted":[{"index":0,"_id":"58e03bdda94bf87a0920ecd3"},{"index":1,"_id":"58e03bdda94bf87a0920ecd4"},{"index":2,"_id":"58e03bdda94bf87a0920ecd5"},{"index":3,"_id":"58e03bdda94bf87a0920ecd6"},{"index":4,"_id":"58e03bdda94bf87a0920ecd7"},{"index":5,"_id":"58e03bdda94bf87a0920ecd8"},{"index":6,"_id":"58e03bdda94bf87a0920ecd9"},{"index":7,"_id":"58e03bdda94bf87a0920ecda"},{"index":8,"_id":"58e03bdda94bf87a0920ecdb"},{"index":9,"_id":"58e03bdda94bf87a0920ecdc"},{"index":10,"_id":"58e03bdda94bf87a0920ecdd"},{"index":11,"_id":"58e03bdda94bf87a0920ecde"},{"index":12,"_id":"58e03bdda94bf87a0920ecdf"},{"index":13,"_id":"58e03bdda94bf87a0920ece0"},{"index":14,"_id":"58e03bdda94bf87a0920ece1"},{"index":15,"_id":"58e03bdda94bf87a0920ece2"},{"index":16,"_id":"58e03bdda94bf87a0920ece3"},{"index":17,"_id":"58e03bdda94bf87a0920ece4"},{"index":18,"_id":"58e03bdda94bf87a0920ece5"},{"index":19,"_id":"58e03bdda94bf87a0920ece6"},{"index":20,"_id":"58e03bdda94bf87a0920ece7"},{"index":21,"_id":"58e03bdda94bf87a0920ece8"},{"index":22,"_id":"58e03bdda94bf87a0920ece9"},{"index":23,"_id":"58e03bdda94bf87a0920ecea"},{"index":24,"_id":"58e03bdda94bf87a0920eceb"},{"index":25,"_id":"58e03bdda94bf87a0920ecec"},{"index":26,"_id":"58e03bdda94bf87a0920eced"},{"index":27,"_id":"58e03bdda94bf87a0920ecee"},{"index":28,"_id":"58e03bdda94bf87a0920ecef"},{"index":29,"_id":"58e03bdda94bf87a0920ecf0"},{"index":30,"_id":"58e03bdda94bf87a0920ecf1"},{"index":31,"_id":"58e03bdda94bf87a0920ecf2"},{"index":32,"_id":"58e03bdda94bf87a0920ecf3"},{"index":33,"_id":"58e03bdda94bf87a0920ecf4"},{"index":34,"_id":"58e03bdda94bf87a0920ecf5"},{"index":35,"_id":"58e03bdda94bf87a0920ecf6"},{"index":36,"_id":"58e03bdda94bf87a0920ecf7"},{"index":37,"_id":"58e03bdda94bf87a0920ecf8"},{"index":38,"_id":"58e03bdda94bf87a0920ecf9"},{"index":39,"_id":"58e03bdda94bf87a0920ecfa"},{"index":40,"_id":"58e03bdda94bf87a0920ecfb"},{"index":41,"_id":"58e03bdda94bf87a0920ecfc"},{"index":42,"_id":"58e03bdda94bf87a0920ecfd"},{"index":43,"_id":"58e03bdda94bf87a0920ecfe"},{"index":44,"_id":"58e03bdda94bf87a0920ecff"},{"index":45,"_id":"58e03bdda94bf87a0920ed00"},{"index":46,"_id":"58e03bdda94bf87a0920ed01"},{"index":47,"_id":"58e03bdda94bf87a0920ed02"},{"index":48,"_id":"58e03bdda94bf87a0920ed03"},{"index":49,"_id":"58e03bdda94bf87a0920ed04"},{"index":50,"_id":"58e03bdda94bf87a0920ed05"},{"index":51,"_id":"58e03bdda94bf87a0920ed06"},{"index":52,"_id":"58e03bdda94bf87a0920ed07"},{"index":53,"_id":"58e03bdda94bf87a0920ed08"},{"index":54,"_id":"58e03bdda94bf87a0920ed09"},{"index":55,"_id":"58e03bdda94bf87a0920ed0a"},{"index":56,"_id":"58e03bdda94bf87a0920ed0b"},{"index":57,"_id":"58e03bdda94bf87a0920ed0c"},{"index":58,"_id":"58e03bdda94bf87a0920ed0d"},{"index":59,"_id":"58e03bdda94bf87a0920ed0e"},{"index":60,"_id":"58e03bdda94bf87a0920ed0f"},{"index":61,"_id":"58e03bdda94bf87a0920ed10"},{"index":62,"_id":"58e03bdda94bf87a0920ed11"},{"index":63,"_id":"58e03bdda94bf87a0920ed12"},{"index":64,"_id":"58e03bdda94bf87a0920ed13"},{"index":65,"_id":"58e03bdda94bf87a0920ed14"},{"index":66,"_id":"58e03bdda94bf87a0920ed15"},{"index":67,"_id":"58e03bdda94bf87a0920ed16"},{"index":68,"_id":"58e03bdda94bf87a0920ed17"},{"index":69,"_id":"58e03bdda94bf87a0920ed18"},{"index":70,"_id":"58e03bdda94bf87a0920ed19"},{"index":71,"_id":"58e03bdda94bf87a0920ed1a"},{"index":72,"_id":"58e03bdda94bf87a0920ed1b"},{"index":73,"_id":"58e03bdda94bf87a0920ed1c"},{"index":74,"_id":"58e03bdda94bf87a0920ed1d"},{"index":75,"_id":"58e03bdda94bf87a0920ed1e"},{"index":76,"_id":"58e03bdda94bf87a0920ed1f"},{"index":77,"_id":"58e03bdda94bf87a0920ed20"},{"index":78,"_id":"58e03bdda94bf87a0920ed21"},{"index":79,"_id":"58e03bdda94bf87a0920ed22"},{"index":80,"_id":"58e03bdda94bf87a0920ed23"},{"index":81,"_id":"58e03bdda94bf87a0920ed24"},{"index":82,"_id":"58e03bdda94bf87a0920ed25"},{"index":83,"_id":"58e03bdda94bf87a0920ed26"},{"index":84,"_id":"58e03bdda94bf87a0920ed27"},{"index":85,"_id":"58e03bdda94bf87a0920ed28"},{"index":86,"_id":"58e03bdda94bf87a0920ed29"},{"index":87,"_id":"58e03bdda94bf87a0920ed2a"},{"index":88,"_id":"58e03bdda94bf87a0920ed2b"},{"index":89,"_id":"58e03bdda94bf87a0920ed2c"},{"index":90,"_id":"58e03bdda94bf87a0920ed2d"},{"index":91,"_id":"58e03bdda94bf87a0920ed2e"},{"index":92,"_id":"58e03bdda94bf87a0920ed2f"},{"index":93,"_id":"58e03bdda94bf87a0920ed30"},{"index":94,"_id":"58e03bdda94bf87a0920ed31"},{"index":95,"_id":"58e03bdda94bf87a0920ed32"},{"index":96,"_id":"58e03bdda94bf87a0920ed33"},{"index":97,"_id":"58e03bdda94bf87a0920ed34"},{"index":98,"_id":"58e03bdda94bf87a0920ed35"},{"index":99,"_id":"58e03bdda94bf87a0920ed36"}]}
{"ok":1,"writeErrors":[],"writeConcernErrors":[],"insertedIds":[],"nInserted":0,"nUpserted":100,"nMatched":0,"nModified":0,"nRemoved":0,"upserted":[{"index":0,"_id":"58e03c1aa94bf87a0920ed44"},{"index":1,"_id":"58e03c1aa94bf87a0920ed45"},{"index":2,"_id":"58e03c1aa94bf87a0920ed46"},{"index":3,"_id":"58e03c1aa94bf87a0920ed47"},{"index":4,"_id":"58e03c1aa94bf87a0920ed48"},{"index":5,"_id":"58e03c1aa94bf87a0920ed49"},{"index":6,"_id":"58e03c1aa94bf87a0920ed4a"},{"index":7,"_id":"58e03c1aa94bf87a0920ed4b"},{"index":8,"_id":"58e03c1aa94bf87a0920ed4c"},{"index":9,"_id":"58e03c1aa94bf87a0920ed4d"},{"index":10,"_id":"58e03c1aa94bf87a0920ed4e"},{"index":11,"_id":"58e03c1aa94bf87a0920ed4f"},{"index":12,"_id":"58e03c1aa94bf87a0920ed50"},{"index":13,"_id":"58e03c1aa94bf87a0920ed51"},{"index":14,"_id":"58e03c1aa94bf87a0920ed52"},{"index":15,"_id":"58e03c1aa94bf87a0920ed53"},{"index":16,"_id":"58e03c1aa94bf87a0920ed54"},{"index":17,"_id":"58e03c1aa94bf87a0920ed55"},{"index":18,"_id":"58e03c1aa94bf87a0920ed56"},{"index":19,"_id":"58e03c1aa94bf87a0920ed57"},{"index":20,"_id":"58e03c1aa94bf87a0920ed58"},{"index":21,"_id":"58e03c1aa94bf87a0920ed59"},{"index":22,"_id":"58e03c1aa94bf87a0920ed5a"},{"index":23,"_id":"58e03c1aa94bf87a0920ed5b"},{"index":24,"_id":"58e03c1aa94bf87a0920ed5c"},{"index":25,"_id":"58e03c1aa94bf87a0920ed5d"},{"index":26,"_id":"58e03c1aa94bf87a0920ed5e"},{"index":27,"_id":"58e03c1aa94bf87a0920ed5f"},{"index":28,"_id":"58e03c1aa94bf87a0920ed60"},{"index":29,"_id":"58e03c1aa94bf87a0920ed61"},{"index":30,"_id":"58e03c1aa94bf87a0920ed62"},{"index":31,"_id":"58e03c1aa94bf87a0920ed63"},{"index":32,"_id":"58e03c1aa94bf87a0920ed64"},{"index":33,"_id":"58e03c1aa94bf87a0920ed65"},{"index":34,"_id":"58e03c1aa94bf87a0920ed66"},{"index":35,"_id":"58e03c1aa94bf87a0920ed67"},{"index":36,"_id":"58e03c1aa94bf87a0920ed68"},{"index":37,"_id":"58e03c1aa94bf87a0920ed69"},{"index":38,"_id":"58e03c1aa94bf87a0920ed6a"},{"index":39,"_id":"58e03c1aa94bf87a0920ed6b"},{"index":40,"_id":"58e03c1aa94bf87a0920ed6c"},{"index":41,"_id":"58e03c1aa94bf87a0920ed6d"},{"index":42,"_id":"58e03c1aa94bf87a0920ed6e"},{"index":43,"_id":"58e03c1aa94bf87a0920ed6f"},{"index":44,"_id":"58e03c1aa94bf87a0920ed70"},{"index":45,"_id":"58e03c1aa94bf87a0920ed71"},{"index":46,"_id":"58e03c1aa94bf87a0920ed72"},{"index":47,"_id":"58e03c1aa94bf87a0920ed73"},{"index":48,"_id":"58e03c1aa94bf87a0920ed74"},{"index":49,"_id":"58e03c1aa94bf87a0920ed75"},{"index":50,"_id":"58e03c1aa94bf87a0920ed76"},{"index":51,"_id":"58e03c1aa94bf87a0920ed77"},{"index":52,"_id":"58e03c1aa94bf87a0920ed78"},{"index":53,"_id":"58e03c1aa94bf87a0920ed79"},{"index":54,"_id":"58e03c1aa94bf87a0920ed7a"},{"index":55,"_id":"58e03c1aa94bf87a0920ed7b"},{"index":56,"_id":"58e03c1aa94bf87a0920ed7c"},{"index":57,"_id":"58e03c1aa94bf87a0920ed7d"},{"index":58,"_id":"58e03c1aa94bf87a0920ed7e"},{"index":59,"_id":"58e03c1aa94bf87a0920ed7f"},{"index":60,"_id":"58e03c1aa94bf87a0920ed80"},{"index":61,"_id":"58e03c1aa94bf87a0920ed81"},{"index":62,"_id":"58e03c1aa94bf87a0920ed82"},{"index":63,"_id":"58e03c1aa94bf87a0920ed83"},{"index":64,"_id":"58e03c1aa94bf87a0920ed84"},{"index":65,"_id":"58e03c1aa94bf87a0920ed85"},{"index":66,"_id":"58e03c1aa94bf87a0920ed86"},{"index":67,"_id":"58e03c1aa94bf87a0920ed87"},{"index":68,"_id":"58e03c1aa94bf87a0920ed88"},{"index":69,"_id":"58e03c1aa94bf87a0920ed89"},{"index":70,"_id":"58e03c1aa94bf87a0920ed8a"},{"index":71,"_id":"58e03c1aa94bf87a0920ed8b"},{"index":72,"_id":"58e03c1aa94bf87a0920ed8c"},{"index":73,"_id":"58e03c1aa94bf87a0920ed8d"},{"index":74,"_id":"58e03c1aa94bf87a0920ed8e"},{"index":75,"_id":"58e03c1aa94bf87a0920ed8f"},{"index":76,"_id":"58e03c1aa94bf87a0920ed90"},{"index":77,"_id":"58e03c1aa94bf87a0920ed91"},{"index":78,"_id":"58e03c1aa94bf87a0920ed92"},{"index":79,"_id":"58e03c1aa94bf87a0920ed93"},{"index":80,"_id":"58e03c1aa94bf87a0920ed94"},{"index":81,"_id":"58e03c1aa94bf87a0920ed95"},{"index":82,"_id":"58e03c1aa94bf87a0920ed96"},{"index":83,"_id":"58e03c1aa94bf87a0920ed97"},{"index":84,"_id":"58e03c1aa94bf87a0920ed98"},{"index":85,"_id":"58e03c1aa94bf87a0920ed99"},{"index":86,"_id":"58e03c1aa94bf87a0920ed9a"},{"index":87,"_id":"58e03c1aa94bf87a0920ed9b"},{"index":88,"_id":"58e03c1aa94bf87a0920ed9c"},{"index":89,"_id":"58e03c1aa94bf87a0920ed9d"},{"index":90,"_id":"58e03c1aa94bf87a0920ed9e"},{"index":91,"_id":"58e03c1aa94bf87a0920ed9f"},{"index":92,"_id":"58e03c1aa94bf87a0920eda0"},{"index":93,"_id":"58e03c1aa94bf87a0920eda1"},{"index":94,"_id":"58e03c1aa94bf87a0920eda2"},{"index":95,"_id":"58e03c1aa94bf87a0920eda3"},{"index":96,"_id":"58e03c1aa94bf87a0920eda4"},{"index":97,"_id":"58e03c1aa94bf87a0920eda5"},{"index":98,"_id":"58e03c1aa94bf87a0920eda6"},{"index":99,"_id":"58e03c1aa94bf87a0920eda7"}]}
{"ok":1,"writeErrors":[],"writeConcernErrors":[],"insertedIds":[],"nInserted":0,"nUpserted":100,"nMatched":0,"nModified":0,"nRemoved":0,"upserted":[{"index":0,"_id":"58e03c58a94bf87a0920edb6"},{"index":1,"_id":"58e03c58a94bf87a0920edb7"},{"index":2,"_id":"58e03c58a94bf87a0920edb8"},{"index":3,"_id":"58e03c58a94bf87a0920edb9"},{"index":4,"_id":"58e03c58a94bf87a0920edba"},{"index":5,"_id":"58e03c58a94bf87a0920edbb"},{"index":6,"_id":"58e03c58a94bf87a0920edbc"},{"index":7,"_id":"58e03c58a94bf87a0920edbd"},{"index":8,"_id":"58e03c58a94bf87a0920edbe"},{"index":9,"_id":"58e03c58a94bf87a0920edbf"},{"index":10,"_id":"58e03c58a94bf87a0920edc0"},{"index":11,"_id":"58e03c58a94bf87a0920edc1"},{"index":12,"_id":"58e03c58a94bf87a0920edc2"},{"index":13,"_id":"58e03c58a94bf87a0920edc3"},{"index":14,"_id":"58e03c58a94bf87a0920edc4"},{"index":15,"_id":"58e03c58a94bf87a0920edc5"},{"index":16,"_id":"58e03c58a94bf87a0920edc6"},{"index":17,"_id":"58e03c58a94bf87a0920edc7"},{"index":18,"_id":"58e03c58a94bf87a0920edc8"},{"index":19,"_id":"58e03c58a94bf87a0920edc9"},{"index":20,"_id":"58e03c58a94bf87a0920edca"},{"index":21,"_id":"58e03c58a94bf87a0920edcb"},{"index":22,"_id":"58e03c58a94bf87a0920edcc"},{"index":23,"_id":"58e03c58a94bf87a0920edcd"},{"index":24,"_id":"58e03c58a94bf87a0920edce"},{"index":25,"_id":"58e03c58a94bf87a0920edcf"},{"index":26,"_id":"58e03c58a94bf87a0920edd0"},{"index":27,"_id":"58e03c58a94bf87a0920edd1"},{"index":28,"_id":"58e03c58a94bf87a0920edd2"},{"index":29,"_id":"58e03c58a94bf87a0920edd3"},{"index":30,"_id":"58e03c58a94bf87a0920edd4"},{"index":31,"_id":"58e03c58a94bf87a0920edd5"},{"index":32,"_id":"58e03c58a94bf87a0920edd6"},{"index":33,"_id":"58e03c58a94bf87a0920edd7"},{"index":34,"_id":"58e03c58a94bf87a0920edd8"},{"index":35,"_id":"58e03c58a94bf87a0920edd9"},{"index":36,"_id":"58e03c58a94bf87a0920edda"},{"index":37,"_id":"58e03c58a94bf87a0920eddb"},{"index":38,"_id":"58e03c58a94bf87a0920eddc"},{"index":39,"_id":"58e03c58a94bf87a0920eddd"},{"index":40,"_id":"58e03c58a94bf87a0920edde"},{"index":41,"_id":"58e03c58a94bf87a0920eddf"},{"index":42,"_id":"58e03c58a94bf87a0920ede0"},{"index":43,"_id":"58e03c58a94bf87a0920ede1"},{"index":44,"_id":"58e03c58a94bf87a0920ede2"},{"index":45,"_id":"58e03c58a94bf87a0920ede3"},{"index":46,"_id":"58e03c58a94bf87a0920ede4"},{"index":47,"_id":"58e03c58a94bf87a0920ede5"},{"index":48,"_id":"58e03c58a94bf87a0920ede6"},{"index":49,"_id":"58e03c58a94bf87a0920ede7"},{"index":50,"_id":"58e03c58a94bf87a0920ede8"},{"index":51,"_id":"58e03c58a94bf87a0920ede9"},{"index":52,"_id":"58e03c58a94bf87a0920edea"},{"index":53,"_id":"58e03c58a94bf87a0920edeb"},{"index":54,"_id":"58e03c58a94bf87a0920edec"},{"index":55,"_id":"58e03c58a94bf87a0920eded"},{"index":56,"_id":"58e03c58a94bf87a0920edee"},{"index":57,"_id":"58e03c58a94bf87a0920edef"},{"index":58,"_id":"58e03c58a94bf87a0920edf0"},{"index":59,"_id":"58e03c58a94bf87a0920edf1"},{"index":60,"_id":"58e03c58a94bf87a0920edf2"},{"index":61,"_id":"58e03c58a94bf87a0920edf3"},{"index":62,"_id":"58e03c58a94bf87a0920edf4"},{"index":63,"_id":"58e03c58a94bf87a0920edf5"},{"index":64,"_id":"58e03c58a94bf87a0920edf6"},{"index":65,"_id":"58e03c58a94bf87a0920edf7"},{"index":66,"_id":"58e03c58a94bf87a0920edf8"},{"index":67,"_id":"58e03c58a94bf87a0920edf9"},{"index":68,"_id":"58e03c58a94bf87a0920edfa"},{"index":69,"_id":"58e03c58a94bf87a0920edfb"},{"index":70,"_id":"58e03c58a94bf87a0920edfc"},{"index":71,"_id":"58e03c58a94bf87a0920edfd"},{"index":72,"_id":"58e03c58a94bf87a0920edfe"},{"index":73,"_id":"58e03c58a94bf87a0920edff"},{"index":74,"_id":"58e03c58a94bf87a0920ee00"},{"index":75,"_id":"58e03c58a94bf87a0920ee01"},{"index":76,"_id":"58e03c58a94bf87a0920ee02"},{"index":77,"_id":"58e03c58a94bf87a0920ee03"},{"index":78,"_id":"58e03c58a94bf87a0920ee04"},{"index":79,"_id":"58e03c58a94bf87a0920ee05"},{"index":80,"_id":"58e03c58a94bf87a0920ee06"},{"index":81,"_id":"58e03c58a94bf87a0920ee07"},{"index":82,"_id":"58e03c58a94bf87a0920ee08"},{"index":83,"_id":"58e03c58a94bf87a0920ee09"},{"index":84,"_id":"58e03c58a94bf87a0920ee0a"},{"index":85,"_id":"58e03c58a94bf87a0920ee0b"},{"index":86,"_id":"58e03c58a94bf87a0920ee0c"},{"index":87,"_id":"58e03c58a94bf87a0920ee0d"},{"index":88,"_id":"58e03c58a94bf87a0920ee0e"},{"index":89,"_id":"58e03c58a94bf87a0920ee0f"},{"index":90,"_id":"58e03c58a94bf87a0920ee10"},{"index":91,"_id":"58e03c58a94bf87a0920ee11"},{"index":92,"_id":"58e03c58a94bf87a0920ee12"},{"index":93,"_id":"58e03c58a94bf87a0920ee13"},{"index":94,"_id":"58e03c58a94bf87a0920ee14"},{"index":95,"_id":"58e03c58a94bf87a0920ee15"},{"index":96,"_id":"58e03c58a94bf87a0920ee16"},{"index":97,"_id":"58e03c58a94bf87a0920ee17"},{"index":98,"_id":"58e03c58a94bf87a0920ee18"},{"index":99,"_id":"58e03c58a94bf87a0920ee19"}]}
{"ok":1,"writeErrors":[],"writeConcernErrors":[],"insertedIds":[],"nInserted":0,"nUpserted":100,"nMatched":0,"nModified":0,"nRemoved":0,"upserted":[{"index":0,"_id":"58e03c93a94bf87a0920ee26"},{"index":1,"_id":"58e03c93a94bf87a0920ee27"},{"index":2,"_id":"58e03c93a94bf87a0920ee28"},{"index":3,"_id":"58e03c93a94bf87a0920ee29"},{"index":4,"_id":"58e03c93a94bf87a0920ee2a"},{"index":5,"_id":"58e03c93a94bf87a0920ee2b"},{"index":6,"_id":"58e03c93a94bf87a0920ee2c"},{"index":7,"_id":"58e03c93a94bf87a0920ee2d"},{"index":8,"_id":"58e03c93a94bf87a0920ee2e"},{"index":9,"_id":"58e03c93a94bf87a0920ee2f"},{"index":10,"_id":"58e03c93a94bf87a0920ee30"},{"index":11,"_id":"58e03c93a94bf87a0920ee31"},{"index":12,"_id":"58e03c93a94bf87a0920ee32"},{"index":13,"_id":"58e03c93a94bf87a0920ee33"},{"index":14,"_id":"58e03c93a94bf87a0920ee34"},{"index":15,"_id":"58e03c93a94bf87a0920ee35"},{"index":16,"_id":"58e03c93a94bf87a0920ee36"},{"index":17,"_id":"58e03c93a94bf87a0920ee37"},{"index":18,"_id":"58e03c93a94bf87a0920ee38"},{"index":19,"_id":"58e03c93a94bf87a0920ee39"},{"index":20,"_id":"58e03c93a94bf87a0920ee3a"},{"index":21,"_id":"58e03c93a94bf87a0920ee3b"},{"index":22,"_id":"58e03c93a94bf87a0920ee3c"},{"index":23,"_id":"58e03c93a94bf87a0920ee3d"},{"index":24,"_id":"58e03c93a94bf87a0920ee3e"},{"index":25,"_id":"58e03c93a94bf87a0920ee3f"},{"index":26,"_id":"58e03c93a94bf87a0920ee40"},{"index":27,"_id":"58e03c93a94bf87a0920ee41"},{"index":28,"_id":"58e03c93a94bf87a0920ee42"},{"index":29,"_id":"58e03c93a94bf87a0920ee43"},{"index":30,"_id":"58e03c93a94bf87a0920ee44"},{"index":31,"_id":"58e03c93a94bf87a0920ee45"},{"index":32,"_id":"58e03c93a94bf87a0920ee46"},{"index":33,"_id":"58e03c93a94bf87a0920ee47"},{"index":34,"_id":"58e03c93a94bf87a0920ee48"},{"index":35,"_id":"58e03c93a94bf87a0920ee49"},{"index":36,"_id":"58e03c93a94bf87a0920ee4a"},{"index":37,"_id":"58e03c93a94bf87a0920ee4b"},{"index":38,"_id":"58e03c93a94bf87a0920ee4c"},{"index":39,"_id":"58e03c93a94bf87a0920ee4d"},{"index":40,"_id":"58e03c93a94bf87a0920ee4e"},{"index":41,"_id":"58e03c93a94bf87a0920ee4f"},{"index":42,"_id":"58e03c93a94bf87a0920ee50"},{"index":43,"_id":"58e03c93a94bf87a0920ee51"},{"index":44,"_id":"58e03c93a94bf87a0920ee52"},{"index":45,"_id":"58e03c93a94bf87a0920ee53"},{"index":46,"_id":"58e03c93a94bf87a0920ee54"},{"index":47,"_id":"58e03c93a94bf87a0920ee55"},{"index":48,"_id":"58e03c93a94bf87a0920ee56"},{"index":49,"_id":"58e03c93a94bf87a0920ee57"},{"index":50,"_id":"58e03c93a94bf87a0920ee58"},{"index":51,"_id":"58e03c93a94bf87a0920ee59"},{"index":52,"_id":"58e03c93a94bf87a0920ee5a"},{"index":53,"_id":"58e03c93a94bf87a0920ee5b"},{"index":54,"_id":"58e03c93a94bf87a0920ee5c"},{"index":55,"_id":"58e03c93a94bf87a0920ee5d"},{"index":56,"_id":"58e03c93a94bf87a0920ee5e"},{"index":57,"_id":"58e03c93a94bf87a0920ee5f"},{"index":58,"_id":"58e03c93a94bf87a0920ee60"},{"index":59,"_id":"58e03c93a94bf87a0920ee61"},{"index":60,"_id":"58e03c93a94bf87a0920ee62"},{"index":61,"_id":"58e03c93a94bf87a0920ee63"},{"index":62,"_id":"58e03c93a94bf87a0920ee64"},{"index":63,"_id":"58e03c93a94bf87a0920ee65"},{"index":64,"_id":"58e03c93a94bf87a0920ee66"},{"index":65,"_id":"58e03c93a94bf87a0920ee67"},{"index":66,"_id":"58e03c93a94bf87a0920ee68"},{"index":67,"_id":"58e03c93a94bf87a0920ee69"},{"index":68,"_id":"58e03c93a94bf87a0920ee6a"},{"index":69,"_id":"58e03c93a94bf87a0920ee6b"},{"index":70,"_id":"58e03c93a94bf87a0920ee6c"},{"index":71,"_id":"58e03c93a94bf87a0920ee6d"},{"index":72,"_id":"58e03c93a94bf87a0920ee6e"},{"index":73,"_id":"58e03c93a94bf87a0920ee6f"},{"index":74,"_id":"58e03c93a94bf87a0920ee70"},{"index":75,"_id":"58e03c93a94bf87a0920ee71"},{"index":76,"_id":"58e03c93a94bf87a0920ee72"},{"index":77,"_id":"58e03c93a94bf87a0920ee73"},{"index":78,"_id":"58e03c93a94bf87a0920ee74"},{"index":79,"_id":"58e03c93a94bf87a0920ee75"},{"index":80,"_id":"58e03c93a94bf87a0920ee76"},{"index":81,"_id":"58e03c93a94bf87a0920ee77"},{"index":82,"_id":"58e03c93a94bf87a0920ee78"},{"index":83,"_id":"58e03c93a94bf87a0920ee79"},{"index":84,"_id":"58e03c93a94bf87a0920ee7a"},{"index":85,"_id":"58e03c93a94bf87a0920ee7b"},{"index":86,"_id":"58e03c93a94bf87a0920ee7c"},{"index":87,"_id":"58e03c93a94bf87a0920ee7d"},{"index":88,"_id":"58e03c93a94bf87a0920ee7e"},{"index":89,"_id":"58e03c93a94bf87a0920ee7f"},{"index":90,"_id":"58e03c93a94bf87a0920ee80"},{"index":91,"_id":"58e03c93a94bf87a0920ee81"},{"index":92,"_id":"58e03c93a94bf87a0920ee82"},{"index":93,"_id":"58e03c93a94bf87a0920ee83"},{"index":94,"_id":"58e03c93a94bf87a0920ee84"},{"index":95,"_id":"58e03c93a94bf87a0920ee85"},{"index":96,"_id":"58e03c93a94bf87a0920ee86"},{"index":97,"_id":"58e03c93a94bf87a0920ee87"},{"index":98,"_id":"58e03c93a94bf87a0920ee88"},{"index":99,"_id":"58e03c93a94bf87a0920ee89"}]}
{"ok":1,"writeErrors":[],"writeConcernErrors":[],"insertedIds":[],"nInserted":0,"nUpserted":100,"nMatched":0,"nModified":0,"nRemoved":0,"upserted":[{"index":0,"_id":"58e03cd1a94bf87a0920ee98"},{"index":1,"_id":"58e03cd1a94bf87a0920ee99"},{"index":2,"_id":"58e03cd1a94bf87a0920ee9a"},{"index":3,"_id":"58e03cd1a94bf87a0920ee9b"},{"index":4,"_id":"58e03cd1a94bf87a0920ee9c"},{"index":5,"_id":"58e03cd1a94bf87a0920ee9d"},{"index":6,"_id":"58e03cd1a94bf87a0920ee9e"},{"index":7,"_id":"58e03cd1a94bf87a0920ee9f"},{"index":8,"_id":"58e03cd1a94bf87a0920eea0"},{"index":9,"_id":"58e03cd1a94bf87a0920eea1"},{"index":10,"_id":"58e03cd1a94bf87a0920eea2"},{"index":11,"_id":"58e03cd1a94bf87a0920eea3"},{"index":12,"_id":"58e03cd1a94bf87a0920eea4"},{"index":13,"_id":"58e03cd1a94bf87a0920eea5"},{"index":14,"_id":"58e03cd1a94bf87a0920eea6"},{"index":15,"_id":"58e03cd1a94bf87a0920eea7"},{"index":16,"_id":"58e03cd1a94bf87a0920eea8"},{"index":17,"_id":"58e03cd1a94bf87a0920eea9"},{"index":18,"_id":"58e03cd1a94bf87a0920eeaa"},{"index":19,"_id":"58e03cd1a94bf87a0920eeab"},{"index":20,"_id":"58e03cd1a94bf87a0920eeac"},{"index":21,"_id":"58e03cd1a94bf87a0920eead"},{"index":22,"_id":"58e03cd1a94bf87a0920eeae"},{"index":23,"_id":"58e03cd1a94bf87a0920eeaf"},{"index":24,"_id":"58e03cd1a94bf87a0920eeb0"},{"index":25,"_id":"58e03cd1a94bf87a0920eeb1"},{"index":26,"_id":"58e03cd1a94bf87a0920eeb2"},{"index":27,"_id":"58e03cd1a94bf87a0920eeb3"},{"index":28,"_id":"58e03cd1a94bf87a0920eeb4"},{"index":29,"_id":"58e03cd1a94bf87a0920eeb5"},{"index":30,"_id":"58e03cd1a94bf87a0920eeb6"},{"index":31,"_id":"58e03cd1a94bf87a0920eeb7"},{"index":32,"_id":"58e03cd1a94bf87a0920eeb8"},{"index":33,"_id":"58e03cd1a94bf87a0920eeb9"},{"index":34,"_id":"58e03cd1a94bf87a0920eeba"},{"index":35,"_id":"58e03cd1a94bf87a0920eebb"},{"index":36,"_id":"58e03cd1a94bf87a0920eebc"},{"index":37,"_id":"58e03cd1a94bf87a0920eebd"},{"index":38,"_id":"58e03cd1a94bf87a0920eebe"},{"index":39,"_id":"58e03cd1a94bf87a0920eebf"},{"index":40,"_id":"58e03cd1a94bf87a0920eec0"},{"index":41,"_id":"58e03cd1a94bf87a0920eec1"},{"index":42,"_id":"58e03cd1a94bf87a0920eec2"},{"index":43,"_id":"58e03cd1a94bf87a0920eec3"},{"index":44,"_id":"58e03cd1a94bf87a0920eec4"},{"index":45,"_id":"58e03cd1a94bf87a0920eec5"},{"index":46,"_id":"58e03cd1a94bf87a0920eec6"},{"index":47,"_id":"58e03cd1a94bf87a0920eec7"},{"index":48,"_id":"58e03cd1a94bf87a0920eec8"},{"index":49,"_id":"58e03cd1a94bf87a0920eec9"},{"index":50,"_id":"58e03cd1a94bf87a0920eeca"},{"index":51,"_id":"58e03cd1a94bf87a0920eecb"},{"index":52,"_id":"58e03cd1a94bf87a0920eecc"},{"index":53,"_id":"58e03cd1a94bf87a0920eecd"},{"index":54,"_id":"58e03cd1a94bf87a0920eece"},{"index":55,"_id":"58e03cd1a94bf87a0920eecf"},{"index":56,"_id":"58e03cd1a94bf87a0920eed0"},{"index":57,"_id":"58e03cd1a94bf87a0920eed1"},{"index":58,"_id":"58e03cd1a94bf87a0920eed2"},{"index":59,"_id":"58e03cd1a94bf87a0920eed3"},{"index":60,"_id":"58e03cd1a94bf87a0920eed4"},{"index":61,"_id":"58e03cd1a94bf87a0920eed5"},{"index":62,"_id":"58e03cd1a94bf87a0920eed6"},{"index":63,"_id":"58e03cd1a94bf87a0920eed7"},{"index":64,"_id":"58e03cd1a94bf87a0920eed8"},{"index":65,"_id":"58e03cd1a94bf87a0920eed9"},{"index":66,"_id":"58e03cd1a94bf87a0920eeda"},{"index":67,"_id":"58e03cd1a94bf87a0920eedb"},{"index":68,"_id":"58e03cd1a94bf87a0920eedc"},{"index":69,"_id":"58e03cd1a94bf87a0920eedd"},{"index":70,"_id":"58e03cd1a94bf87a0920eede"},{"index":71,"_id":"58e03cd1a94bf87a0920eedf"},{"index":72,"_id":"58e03cd1a94bf87a0920eee0"},{"index":73,"_id":"58e03cd1a94bf87a0920eee1"},{"index":74,"_id":"58e03cd1a94bf87a0920eee2"},{"index":75,"_id":"58e03cd1a94bf87a0920eee3"},{"index":76,"_id":"58e03cd1a94bf87a0920eee4"},{"index":77,"_id":"58e03cd1a94bf87a0920eee5"},{"index":78,"_id":"58e03cd1a94bf87a0920eee6"},{"index":79,"_id":"58e03cd1a94bf87a0920eee7"},{"index":80,"_id":"58e03cd1a94bf87a0920eee8"},{"index":81,"_id":"58e03cd1a94bf87a0920eee9"},{"index":82,"_id":"58e03cd1a94bf87a0920eeea"},{"index":83,"_id":"58e03cd1a94bf87a0920eeeb"},{"index":84,"_id":"58e03cd1a94bf87a0920eeec"},{"index":85,"_id":"58e03cd1a94bf87a0920eeed"},{"index":86,"_id":"58e03cd1a94bf87a0920eeee"},{"index":87,"_id":"58e03cd1a94bf87a0920eeef"},{"index":88,"_id":"58e03cd1a94bf87a0920eef0"},{"index":89,"_id":"58e03cd1a94bf87a0920eef1"},{"index":90,"_id":"58e03cd1a94bf87a0920eef2"},{"index":91,"_id":"58e03cd1a94bf87a0920eef3"},{"index":92,"_id":"58e03cd1a94bf87a0920eef4"},{"index":93,"_id":"58e03cd1a94bf87a0920eef5"},{"index":94,"_id":"58e03cd1a94bf87a0920eef6"},{"index":95,"_id":"58e03cd1a94bf87a0920eef7"},{"index":96,"_id":"58e03cd1a94bf87a0920eef8"},{"index":97,"_id":"58e03cd1a94bf87a0920eef9"},{"index":98,"_id":"58e03cd1a94bf87a0920eefa"},{"index":99,"_id":"58e03cd1a94bf87a0920eefb"}]}
{"ok":1,"writeErrors":[],"writeConcernErrors":[],"insertedIds":[],"nInserted":0,"nUpserted":100,"nMatched":0,"nModified":0,"nRemoved":0,"upserted":[{"index":0,"_id":"58e03d0da94bf87a0920ef09"},{"index":1,"_id":"58e03d0da94bf87a0920ef0a"},{"index":2,"_id":"58e03d0da94bf87a0920ef0b"},{"index":3,"_id":"58e03d0da94bf87a0920ef0c"},{"index":4,"_id":"58e03d0da94bf87a0920ef0d"},{"index":5,"_id":"58e03d0da94bf87a0920ef0e"},{"index":6,"_id":"58e03d0da94bf87a0920ef0f"},{"index":7,"_id":"58e03d0da94bf87a0920ef10"},{"index":8,"_id":"58e03d0da94bf87a0920ef11"},{"index":9,"_id":"58e03d0da94bf87a0920ef12"},{"index":10,"_id":"58e03d0da94bf87a0920ef13"},{"index":11,"_id":"58e03d0da94bf87a0920ef14"},{"index":12,"_id":"58e03d0da94bf87a0920ef15"},{"index":13,"_id":"58e03d0da94bf87a0920ef16"},{"index":14,"_id":"58e03d0da94bf87a0920ef17"},{"index":15,"_id":"58e03d0da94bf87a0920ef18"},{"index":16,"_id":"58e03d0da94bf87a0920ef19"},{"index":17,"_id":"58e03d0da94bf87a0920ef1a"},{"index":18,"_id":"58e03d0da94bf87a0920ef1b"},{"index":19,"_id":"58e03d0da94bf87a0920ef1c"},{"index":20,"_id":"58e03d0da94bf87a0920ef1d"},{"index":21,"_id":"58e03d0da94bf87a0920ef1e"},{"index":22,"_id":"58e03d0da94bf87a0920ef1f"},{"index":23,"_id":"58e03d0da94bf87a0920ef20"},{"index":24,"_id":"58e03d0da94bf87a0920ef21"},{"index":25,"_id":"58e03d0da94bf87a0920ef22"},{"index":26,"_id":"58e03d0da94bf87a0920ef23"},{"index":27,"_id":"58e03d0da94bf87a0920ef24"},{"index":28,"_id":"58e03d0da94bf87a0920ef25"},{"index":29,"_id":"58e03d0da94bf87a0920ef26"},{"index":30,"_id":"58e03d0da94bf87a0920ef27"},{"index":31,"_id":"58e03d0da94bf87a0920ef28"},{"index":32,"_id":"58e03d0da94bf87a0920ef29"},{"index":33,"_id":"58e03d0da94bf87a0920ef2a"},{"index":34,"_id":"58e03d0da94bf87a0920ef2b"},{"index":35,"_id":"58e03d0da94bf87a0920ef2c"},{"index":36,"_id":"58e03d0da94bf87a0920ef2d"},{"index":37,"_id":"58e03d0da94bf87a0920ef2e"},{"index":38,"_id":"58e03d0da94bf87a0920ef2f"},{"index":39,"_id":"58e03d0da94bf87a0920ef30"},{"index":40,"_id":"58e03d0da94bf87a0920ef31"},{"index":41,"_id":"58e03d0da94bf87a0920ef32"},{"index":42,"_id":"58e03d0da94bf87a0920ef33"},{"index":43,"_id":"58e03d0da94bf87a0920ef34"},{"index":44,"_id":"58e03d0da94bf87a0920ef35"},{"index":45,"_id":"58e03d0da94bf87a0920ef36"},{"index":46,"_id":"58e03d0da94bf87a0920ef37"},{"index":47,"_id":"58e03d0da94bf87a0920ef38"},{"index":48,"_id":"58e03d0da94bf87a0920ef39"},{"index":49,"_id":"58e03d0da94bf87a0920ef3a"},{"index":50,"_id":"58e03d0da94bf87a0920ef3b"},{"index":51,"_id":"58e03d0da94bf87a0920ef3c"},{"index":52,"_id":"58e03d0da94bf87a0920ef3d"},{"index":53,"_id":"58e03d0da94bf87a0920ef3e"},{"index":54,"_id":"58e03d0da94bf87a0920ef3f"},{"index":55,"_id":"58e03d0da94bf87a0920ef40"},{"index":56,"_id":"58e03d0da94bf87a0920ef41"},{"index":57,"_id":"58e03d0da94bf87a0920ef42"},{"index":58,"_id":"58e03d0da94bf87a0920ef43"},{"index":59,"_id":"58e03d0da94bf87a0920ef44"},{"index":60,"_id":"58e03d0da94bf87a0920ef45"},{"index":61,"_id":"58e03d0da94bf87a0920ef46"},{"index":62,"_id":"58e03d0da94bf87a0920ef47"},{"index":63,"_id":"58e03d0da94bf87a0920ef48"},{"index":64,"_id":"58e03d0da94bf87a0920ef49"},{"index":65,"_id":"58e03d0da94bf87a0920ef4a"},{"index":66,"_id":"58e03d0da94bf87a0920ef4b"},{"index":67,"_id":"58e03d0da94bf87a0920ef4c"},{"index":68,"_id":"58e03d0da94bf87a0920ef4d"},{"index":69,"_id":"58e03d0da94bf87a0920ef4e"},{"index":70,"_id":"58e03d0da94bf87a0920ef4f"},{"index":71,"_id":"58e03d0da94bf87a0920ef50"},{"index":72,"_id":"58e03d0da94bf87a0920ef51"},{"index":73,"_id":"58e03d0da94bf87a0920ef52"},{"index":74,"_id":"58e03d0da94bf87a0920ef53"},{"index":75,"_id":"58e03d0da94bf87a0920ef54"},{"index":76,"_id":"58e03d0da94bf87a0920ef55"},{"index":77,"_id":"58e03d0da94bf87a0920ef56"},{"index":78,"_id":"58e03d0da94bf87a0920ef57"},{"index":79,"_id":"58e03d0da94bf87a0920ef58"},{"index":80,"_id":"58e03d0da94bf87a0920ef59"},{"index":81,"_id":"58e03d0da94bf87a0920ef5a"},{"index":82,"_id":"58e03d0da94bf87a0920ef5b"},{"index":83,"_id":"58e03d0da94bf87a0920ef5c"},{"index":84,"_id":"58e03d0da94bf87a0920ef5d"},{"index":85,"_id":"58e03d0da94bf87a0920ef5e"},{"index":86,"_id":"58e03d0da94bf87a0920ef5f"},{"index":87,"_id":"58e03d0da94bf87a0920ef60"},{"index":88,"_id":"58e03d0da94bf87a0920ef61"},{"index":89,"_id":"58e03d0da94bf87a0920ef62"},{"index":90,"_id":"58e03d0da94bf87a0920ef63"},{"index":91,"_id":"58e03d0da94bf87a0920ef64"},{"index":92,"_id":"58e03d0da94bf87a0920ef65"},{"index":93,"_id":"58e03d0da94bf87a0920ef66"},{"index":94,"_id":"58e03d0da94bf87a0920ef67"},{"index":95,"_id":"58e03d0da94bf87a0920ef68"},{"index":96,"_id":"58e03d0da94bf87a0920ef69"},{"index":97,"_id":"58e03d0da94bf87a0920ef6a"},{"index":98,"_id":"58e03d0da94bf87a0920ef6b"},{"index":99,"_id":"58e03d0da94bf87a0920ef6c"}]}
{"ok":1,"writeErrors":[],"writeConcernErrors":[],"insertedIds":[],"nInserted":0,"nUpserted":100,"nMatched":0,"nModified":0,"nRemoved":0,"upserted":[{"index":0,"_id":"58e03d4aa94bf87a0920ef7a"},{"index":1,"_id":"58e03d4aa94bf87a0920ef7b"},{"index":2,"_id":"58e03d4aa94bf87a0920ef7c"},{"index":3,"_id":"58e03d4aa94bf87a0920ef7d"},{"index":4,"_id":"58e03d4aa94bf87a0920ef7e"},{"index":5,"_id":"58e03d4aa94bf87a0920ef7f"},{"index":6,"_id":"58e03d4aa94bf87a0920ef80"},{"index":7,"_id":"58e03d4aa94bf87a0920ef81"},{"index":8,"_id":"58e03d4aa94bf87a0920ef82"},{"index":9,"_id":"58e03d4aa94bf87a0920ef83"},{"index":10,"_id":"58e03d4aa94bf87a0920ef84"},{"index":11,"_id":"58e03d4aa94bf87a0920ef85"},{"index":12,"_id":"58e03d4aa94bf87a0920ef86"},{"index":13,"_id":"58e03d4aa94bf87a0920ef87"},{"index":14,"_id":"58e03d4aa94bf87a0920ef88"},{"index":15,"_id":"58e03d4aa94bf87a0920ef89"},{"index":16,"_id":"58e03d4aa94bf87a0920ef8a"},{"index":17,"_id":"58e03d4aa94bf87a0920ef8b"},{"index":18,"_id":"58e03d4aa94bf87a0920ef8c"},{"index":19,"_id":"58e03d4aa94bf87a0920ef8d"},{"index":20,"_id":"58e03d4aa94bf87a0920ef8e"},{"index":21,"_id":"58e03d4aa94bf87a0920ef8f"},{"index":22,"_id":"58e03d4aa94bf87a0920ef90"},{"index":23,"_id":"58e03d4aa94bf87a0920ef91"},{"index":24,"_id":"58e03d4aa94bf87a0920ef92"},{"index":25,"_id":"58e03d4aa94bf87a0920ef93"},{"index":26,"_id":"58e03d4aa94bf87a0920ef94"},{"index":27,"_id":"58e03d4aa94bf87a0920ef95"},{"index":28,"_id":"58e03d4aa94bf87a0920ef96"},{"index":29,"_id":"58e03d4aa94bf87a0920ef97"},{"index":30,"_id":"58e03d4aa94bf87a0920ef98"},{"index":31,"_id":"58e03d4aa94bf87a0920ef99"},{"index":32,"_id":"58e03d4aa94bf87a0920ef9a"},{"index":33,"_id":"58e03d4aa94bf87a0920ef9b"},{"index":34,"_id":"58e03d4aa94bf87a0920ef9c"},{"index":35,"_id":"58e03d4aa94bf87a0920ef9d"},{"index":36,"_id":"58e03d4aa94bf87a0920ef9e"},{"index":37,"_id":"58e03d4aa94bf87a0920ef9f"},{"index":38,"_id":"58e03d4aa94bf87a0920efa0"},{"index":39,"_id":"58e03d4aa94bf87a0920efa1"},{"index":40,"_id":"58e03d4aa94bf87a0920efa2"},{"index":41,"_id":"58e03d4aa94bf87a0920efa3"},{"index":42,"_id":"58e03d4aa94bf87a0920efa4"},{"index":43,"_id":"58e03d4aa94bf87a0920efa5"},{"index":44,"_id":"58e03d4aa94bf87a0920efa6"},{"index":45,"_id":"58e03d4aa94bf87a0920efa7"},{"index":46,"_id":"58e03d4aa94bf87a0920efa8"},{"index":47,"_id":"58e03d4aa94bf87a0920efa9"},{"index":48,"_id":"58e03d4aa94bf87a0920efaa"},{"index":49,"_id":"58e03d4aa94bf87a0920efab"},{"index":50,"_id":"58e03d4aa94bf87a0920efac"},{"index":51,"_id":"58e03d4aa94bf87a0920efad"},{"index":52,"_id":"58e03d4aa94bf87a0920efae"},{"index":53,"_id":"58e03d4aa94bf87a0920efaf"},{"index":54,"_id":"58e03d4aa94bf87a0920efb0"},{"index":55,"_id":"58e03d4aa94bf87a0920efb1"},{"index":56,"_id":"58e03d4aa94bf87a0920efb2"},{"index":57,"_id":"58e03d4aa94bf87a0920efb3"},{"index":58,"_id":"58e03d4aa94bf87a0920efb4"},{"index":59,"_id":"58e03d4aa94bf87a0920efb5"},{"index":60,"_id":"58e03d4aa94bf87a0920efb6"},{"index":61,"_id":"58e03d4aa94bf87a0920efb7"},{"index":62,"_id":"58e03d4aa94bf87a0920efb8"},{"index":63,"_id":"58e03d4aa94bf87a0920efb9"},{"index":64,"_id":"58e03d4aa94bf87a0920efba"},{"index":65,"_id":"58e03d4aa94bf87a0920efbb"},{"index":66,"_id":"58e03d4aa94bf87a0920efbc"},{"index":67,"_id":"58e03d4aa94bf87a0920efbd"},{"index":68,"_id":"58e03d4aa94bf87a0920efbe"},{"index":69,"_id":"58e03d4aa94bf87a0920efbf"},{"index":70,"_id":"58e03d4aa94bf87a0920efc0"},{"index":71,"_id":"58e03d4aa94bf87a0920efc1"},{"index":72,"_id":"58e03d4aa94bf87a0920efc2"},{"index":73,"_id":"58e03d4aa94bf87a0920efc3"},{"index":74,"_id":"58e03d4aa94bf87a0920efc4"},{"index":75,"_id":"58e03d4aa94bf87a0920efc5"},{"index":76,"_id":"58e03d4aa94bf87a0920efc6"},{"index":77,"_id":"58e03d4aa94bf87a0920efc7"},{"index":78,"_id":"58e03d4aa94bf87a0920efc8"},{"index":79,"_id":"58e03d4aa94bf87a0920efc9"},{"index":80,"_id":"58e03d4aa94bf87a0920efca"},{"index":81,"_id":"58e03d4aa94bf87a0920efcb"},{"index":82,"_id":"58e03d4aa94bf87a0920efcc"},{"index":83,"_id":"58e03d4aa94bf87a0920efcd"},{"index":84,"_id":"58e03d4aa94bf87a0920efce"},{"index":85,"_id":"58e03d4aa94bf87a0920efcf"},{"index":86,"_id":"58e03d4aa94bf87a0920efd0"},{"index":87,"_id":"58e03d4aa94bf87a0920efd1"},{"index":88,"_id":"58e03d4aa94bf87a0920efd2"},{"index":89,"_id":"58e03d4aa94bf87a0920efd3"},{"index":90,"_id":"58e03d4aa94bf87a0920efd4"},{"index":91,"_id":"58e03d4aa94bf87a0920efd5"},{"index":92,"_id":"58e03d4aa94bf87a0920efd6"},{"index":93,"_id":"58e03d4aa94bf87a0920efd7"},{"index":94,"_id":"58e03d4aa94bf87a0920efd8"},{"index":95,"_id":"58e03d4aa94bf87a0920efd9"},{"index":96,"_id":"58e03d4aa94bf87a0920efda"},{"index":97,"_id":"58e03d4aa94bf87a0920efdb"},{"index":98,"_id":"58e03d4aa94bf87a0920efdc"},{"index":99,"_id":"58e03d4aa94bf87a0920efdd"}]}
{"ok":1,"writeErrors":[],"writeConcernErrors":[],"insertedIds":[],"nInserted":0,"nUpserted":100,"nMatched":0,"nModified":0,"nRemoved":0,"upserted":[{"index":0,"_id":"58e03d87a94bf87a0920efeb"},{"index":1,"_id":"58e03d87a94bf87a0920efec"},{"index":2,"_id":"58e03d87a94bf87a0920efed"},{"index":3,"_id":"58e03d87a94bf87a0920efee"},{"index":4,"_id":"58e03d87a94bf87a0920efef"},{"index":5,"_id":"58e03d87a94bf87a0920eff0"},{"index":6,"_id":"58e03d87a94bf87a0920eff1"},{"index":7,"_id":"58e03d87a94bf87a0920eff2"},{"index":8,"_id":"58e03d87a94bf87a0920eff3"},{"index":9,"_id":"58e03d87a94bf87a0920eff4"},{"index":10,"_id":"58e03d87a94bf87a0920eff5"},{"index":11,"_id":"58e03d87a94bf87a0920eff6"},{"index":12,"_id":"58e03d87a94bf87a0920eff7"},{"index":13,"_id":"58e03d87a94bf87a0920eff8"},{"index":14,"_id":"58e03d87a94bf87a0920eff9"},{"index":15,"_id":"58e03d87a94bf87a0920effa"},{"index":16,"_id":"58e03d87a94bf87a0920effb"},{"index":17,"_id":"58e03d87a94bf87a0920effc"},{"index":18,"_id":"58e03d87a94bf87a0920effd"},{"index":19,"_id":"58e03d87a94bf87a0920effe"},{"index":20,"_id":"58e03d87a94bf87a0920efff"},{"index":21,"_id":"58e03d87a94bf87a0920f000"},{"index":22,"_id":"58e03d87a94bf87a0920f001"},{"index":23,"_id":"58e03d87a94bf87a0920f002"},{"index":24,"_id":"58e03d87a94bf87a0920f003"},{"index":25,"_id":"58e03d87a94bf87a0920f004"},{"index":26,"_id":"58e03d87a94bf87a0920f005"},{"index":27,"_id":"58e03d87a94bf87a0920f006"},{"index":28,"_id":"58e03d87a94bf87a0920f007"},{"index":29,"_id":"58e03d87a94bf87a0920f008"},{"index":30,"_id":"58e03d87a94bf87a0920f009"},{"index":31,"_id":"58e03d87a94bf87a0920f00a"},{"index":32,"_id":"58e03d87a94bf87a0920f00b"},{"index":33,"_id":"58e03d87a94bf87a0920f00c"},{"index":34,"_id":"58e03d87a94bf87a0920f00d"},{"index":35,"_id":"58e03d87a94bf87a0920f00e"},{"index":36,"_id":"58e03d87a94bf87a0920f00f"},{"index":37,"_id":"58e03d87a94bf87a0920f010"},{"index":38,"_id":"58e03d87a94bf87a0920f011"},{"index":39,"_id":"58e03d87a94bf87a0920f012"},{"index":40,"_id":"58e03d87a94bf87a0920f013"},{"index":41,"_id":"58e03d87a94bf87a0920f014"},{"index":42,"_id":"58e03d87a94bf87a0920f015"},{"index":43,"_id":"58e03d87a94bf87a0920f016"},{"index":44,"_id":"58e03d87a94bf87a0920f017"},{"index":45,"_id":"58e03d87a94bf87a0920f018"},{"index":46,"_id":"58e03d87a94bf87a0920f019"},{"index":47,"_id":"58e03d87a94bf87a0920f01a"},{"index":48,"_id":"58e03d87a94bf87a0920f01b"},{"index":49,"_id":"58e03d87a94bf87a0920f01c"},{"index":50,"_id":"58e03d87a94bf87a0920f01d"},{"index":51,"_id":"58e03d87a94bf87a0920f01e"},{"index":52,"_id":"58e03d87a94bf87a0920f01f"},{"index":53,"_id":"58e03d87a94bf87a0920f020"},{"index":54,"_id":"58e03d87a94bf87a0920f021"},{"index":55,"_id":"58e03d87a94bf87a0920f022"},{"index":56,"_id":"58e03d87a94bf87a0920f023"},{"index":57,"_id":"58e03d87a94bf87a0920f024"},{"index":58,"_id":"58e03d87a94bf87a0920f025"},{"index":59,"_id":"58e03d87a94bf87a0920f026"},{"index":60,"_id":"58e03d87a94bf87a0920f027"},{"index":61,"_id":"58e03d87a94bf87a0920f028"},{"index":62,"_id":"58e03d87a94bf87a0920f029"},{"index":63,"_id":"58e03d87a94bf87a0920f02a"},{"index":64,"_id":"58e03d87a94bf87a0920f02b"},{"index":65,"_id":"58e03d87a94bf87a0920f02c"},{"index":66,"_id":"58e03d87a94bf87a0920f02d"},{"index":67,"_id":"58e03d87a94bf87a0920f02e"},{"index":68,"_id":"58e03d87a94bf87a0920f02f"},{"index":69,"_id":"58e03d87a94bf87a0920f030"},{"index":70,"_id":"58e03d87a94bf87a0920f031"},{"index":71,"_id":"58e03d87a94bf87a0920f032"},{"index":72,"_id":"58e03d87a94bf87a0920f033"},{"index":73,"_id":"58e03d87a94bf87a0920f034"},{"index":74,"_id":"58e03d87a94bf87a0920f035"},{"index":75,"_id":"58e03d87a94bf87a0920f036"},{"index":76,"_id":"58e03d87a94bf87a0920f037"},{"index":77,"_id":"58e03d87a94bf87a0920f038"},{"index":78,"_id":"58e03d87a94bf87a0920f039"},{"index":79,"_id":"58e03d87a94bf87a0920f03a"},{"index":80,"_id":"58e03d87a94bf87a0920f03b"},{"index":81,"_id":"58e03d87a94bf87a0920f03c"},{"index":82,"_id":"58e03d87a94bf87a0920f03d"},{"index":83,"_id":"58e03d87a94bf87a0920f03e"},{"index":84,"_id":"58e03d87a94bf87a0920f03f"},{"index":85,"_id":"58e03d87a94bf87a0920f040"},{"index":86,"_id":"58e03d87a94bf87a0920f041"},{"index":87,"_id":"58e03d87a94bf87a0920f042"},{"index":88,"_id":"58e03d87a94bf87a0920f043"},{"index":89,"_id":"58e03d87a94bf87a0920f044"},{"index":90,"_id":"58e03d87a94bf87a0920f045"},{"index":91,"_id":"58e03d87a94bf87a0920f046"},{"index":92,"_id":"58e03d87a94bf87a0920f047"},{"index":93,"_id":"58e03d87a94bf87a0920f048"},{"index":94,"_id":"58e03d87a94bf87a0920f049"},{"index":95,"_id":"58e03d87a94bf87a0920f04a"},{"index":96,"_id":"58e03d87a94bf87a0920f04b"},{"index":97,"_id":"58e03d87a94bf87a0920f04c"},{"index":98,"_id":"58e03d87a94bf87a0920f04d"},{"index":99,"_id":"58e03d87a94bf87a0920f04e"}]}
{"ok":1,"writeErrors":[],"writeConcernErrors":[],"insertedIds":[],"nInserted":0,"nUpserted":100,"nMatched":0,"nModified":0,"nRemoved":0,"upserted":[{"index":0,"_id":"58e03dc4a94bf87a0920f05c"},{"index":1,"_id":"58e03dc4a94bf87a0920f05d"},{"index":2,"_id":"58e03dc4a94bf87a0920f05e"},{"index":3,"_id":"58e03dc4a94bf87a0920f05f"},{"index":4,"_id":"58e03dc4a94bf87a0920f060"},{"index":5,"_id":"58e03dc4a94bf87a0920f061"},{"index":6,"_id":"58e03dc4a94bf87a0920f062"},{"index":7,"_id":"58e03dc4a94bf87a0920f063"},{"index":8,"_id":"58e03dc4a94bf87a0920f064"},{"index":9,"_id":"58e03dc4a94bf87a0920f065"},{"index":10,"_id":"58e03dc4a94bf87a0920f066"},{"index":11,"_id":"58e03dc4a94bf87a0920f067"},{"index":12,"_id":"58e03dc4a94bf87a0920f068"},{"index":13,"_id":"58e03dc4a94bf87a0920f069"},{"index":14,"_id":"58e03dc4a94bf87a0920f06a"},{"index":15,"_id":"58e03dc4a94bf87a0920f06b"},{"index":16,"_id":"58e03dc4a94bf87a0920f06c"},{"index":17,"_id":"58e03dc4a94bf87a0920f06d"},{"index":18,"_id":"58e03dc4a94bf87a0920f06e"},{"index":19,"_id":"58e03dc4a94bf87a0920f06f"},{"index":20,"_id":"58e03dc4a94bf87a0920f070"},{"index":21,"_id":"58e03dc4a94bf87a0920f071"},{"index":22,"_id":"58e03dc4a94bf87a0920f072"},{"index":23,"_id":"58e03dc4a94bf87a0920f073"},{"index":24,"_id":"58e03dc4a94bf87a0920f074"},{"index":25,"_id":"58e03dc4a94bf87a0920f075"},{"index":26,"_id":"58e03dc4a94bf87a0920f076"},{"index":27,"_id":"58e03dc4a94bf87a0920f077"},{"index":28,"_id":"58e03dc4a94bf87a0920f078"},{"index":29,"_id":"58e03dc4a94bf87a0920f079"},{"index":30,"_id":"58e03dc4a94bf87a0920f07a"},{"index":31,"_id":"58e03dc4a94bf87a0920f07b"},{"index":32,"_id":"58e03dc4a94bf87a0920f07c"},{"index":33,"_id":"58e03dc4a94bf87a0920f07d"},{"index":34,"_id":"58e03dc4a94bf87a0920f07e"},{"index":35,"_id":"58e03dc4a94bf87a0920f07f"},{"index":36,"_id":"58e03dc4a94bf87a0920f080"},{"index":37,"_id":"58e03dc4a94bf87a0920f081"},{"index":38,"_id":"58e03dc4a94bf87a0920f082"},{"index":39,"_id":"58e03dc4a94bf87a0920f083"},{"index":40,"_id":"58e03dc4a94bf87a0920f084"},{"index":41,"_id":"58e03dc4a94bf87a0920f085"},{"index":42,"_id":"58e03dc4a94bf87a0920f086"},{"index":43,"_id":"58e03dc4a94bf87a0920f087"},{"index":44,"_id":"58e03dc4a94bf87a0920f088"},{"index":45,"_id":"58e03dc4a94bf87a0920f089"},{"index":46,"_id":"58e03dc4a94bf87a0920f08a"},{"index":47,"_id":"58e03dc4a94bf87a0920f08b"},{"index":48,"_id":"58e03dc4a94bf87a0920f08c"},{"index":49,"_id":"58e03dc4a94bf87a0920f08d"},{"index":50,"_id":"58e03dc4a94bf87a0920f08e"},{"index":51,"_id":"58e03dc4a94bf87a0920f08f"},{"index":52,"_id":"58e03dc4a94bf87a0920f090"},{"index":53,"_id":"58e03dc4a94bf87a0920f091"},{"index":54,"_id":"58e03dc4a94bf87a0920f092"},{"index":55,"_id":"58e03dc4a94bf87a0920f093"},{"index":56,"_id":"58e03dc4a94bf87a0920f094"},{"index":57,"_id":"58e03dc4a94bf87a0920f095"},{"index":58,"_id":"58e03dc4a94bf87a0920f096"},{"index":59,"_id":"58e03dc4a94bf87a0920f097"},{"index":60,"_id":"58e03dc4a94bf87a0920f098"},{"index":61,"_id":"58e03dc4a94bf87a0920f099"},{"index":62,"_id":"58e03dc4a94bf87a0920f09a"},{"index":63,"_id":"58e03dc4a94bf87a0920f09b"},{"index":64,"_id":"58e03dc4a94bf87a0920f09c"},{"index":65,"_id":"58e03dc4a94bf87a0920f09d"},{"index":66,"_id":"58e03dc4a94bf87a0920f09e"},{"index":67,"_id":"58e03dc4a94bf87a0920f09f"},{"index":68,"_id":"58e03dc4a94bf87a0920f0a0"},{"index":69,"_id":"58e03dc4a94bf87a0920f0a1"},{"index":70,"_id":"58e03dc4a94bf87a0920f0a2"},{"index":71,"_id":"58e03dc4a94bf87a0920f0a3"},{"index":72,"_id":"58e03dc4a94bf87a0920f0a4"},{"index":73,"_id":"58e03dc4a94bf87a0920f0a5"},{"index":74,"_id":"58e03dc4a94bf87a0920f0a6"},{"index":75,"_id":"58e03dc4a94bf87a0920f0a7"},{"index":76,"_id":"58e03dc4a94bf87a0920f0a8"},{"index":77,"_id":"58e03dc4a94bf87a0920f0a9"},{"index":78,"_id":"58e03dc4a94bf87a0920f0aa"},{"index":79,"_id":"58e03dc4a94bf87a0920f0ab"},{"index":80,"_id":"58e03dc4a94bf87a0920f0ac"},{"index":81,"_id":"58e03dc4a94bf87a0920f0ad"},{"index":82,"_id":"58e03dc4a94bf87a0920f0ae"},{"index":83,"_id":"58e03dc4a94bf87a0920f0af"},{"index":84,"_id":"58e03dc4a94bf87a0920f0b0"},{"index":85,"_id":"58e03dc4a94bf87a0920f0b1"},{"index":86,"_id":"58e03dc4a94bf87a0920f0b2"},{"index":87,"_id":"58e03dc4a94bf87a0920f0b3"},{"index":88,"_id":"58e03dc4a94bf87a0920f0b4"},{"index":89,"_id":"58e03dc4a94bf87a0920f0b5"},{"index":90,"_id":"58e03dc4a94bf87a0920f0b6"},{"index":91,"_id":"58e03dc4a94bf87a0920f0b7"},{"index":92,"_id":"58e03dc4a94bf87a0920f0b8"},{"index":93,"_id":"58e03dc4a94bf87a0920f0b9"},{"index":94,"_id":"58e03dc4a94bf87a0920f0ba"},{"index":95,"_id":"58e03dc4a94bf87a0920f0bb"},{"index":96,"_id":"58e03dc4a94bf87a0920f0bc"},{"index":97,"_id":"58e03dc4a94bf87a0920f0bd"},{"index":98,"_id":"58e03dc4a94bf87a0920f0be"},{"index":99,"_id":"58e03dc4a94bf87a0920f0bf"}]}
{"ok":1,"writeErrors":[],"writeConcernErrors":[],"insertedIds":[],"nInserted":0,"nUpserted":100,"nMatched":0,"nModified":0,"nRemoved":0,"upserted":[{"index":0,"_id":"58e03e01a94bf87a0920f0da"},{"index":1,"_id":"58e03e01a94bf87a0920f0db"},{"index":2,"_id":"58e03e01a94bf87a0920f0dc"},{"index":3,"_id":"58e03e01a94bf87a0920f0dd"},{"index":4,"_id":"58e03e01a94bf87a0920f0de"},{"index":5,"_id":"58e03e01a94bf87a0920f0df"},{"index":6,"_id":"58e03e01a94bf87a0920f0e0"},{"index":7,"_id":"58e03e01a94bf87a0920f0e1"},{"index":8,"_id":"58e03e01a94bf87a0920f0e2"},{"index":9,"_id":"58e03e01a94bf87a0920f0e3"},{"index":10,"_id":"58e03e01a94bf87a0920f0e4"},{"index":11,"_id":"58e03e01a94bf87a0920f0e5"},{"index":12,"_id":"58e03e01a94bf87a0920f0e6"},{"index":13,"_id":"58e03e01a94bf87a0920f0e7"},{"index":14,"_id":"58e03e01a94bf87a0920f0e8"},{"index":15,"_id":"58e03e01a94bf87a0920f0e9"},{"index":16,"_id":"58e03e01a94bf87a0920f0ea"},{"index":17,"_id":"58e03e01a94bf87a0920f0eb"},{"index":18,"_id":"58e03e01a94bf87a0920f0ec"},{"index":19,"_id":"58e03e01a94bf87a0920f0ed"},{"index":20,"_id":"58e03e01a94bf87a0920f0ee"},{"index":21,"_id":"58e03e01a94bf87a0920f0ef"},{"index":22,"_id":"58e03e01a94bf87a0920f0f0"},{"index":23,"_id":"58e03e01a94bf87a0920f0f1"},{"index":24,"_id":"58e03e01a94bf87a0920f0f2"},{"index":25,"_id":"58e03e01a94bf87a0920f0f3"},{"index":26,"_id":"58e03e01a94bf87a0920f0f4"},{"index":27,"_id":"58e03e01a94bf87a0920f0f5"},{"index":28,"_id":"58e03e01a94bf87a0920f0f6"},{"index":29,"_id":"58e03e01a94bf87a0920f0f7"},{"index":30,"_id":"58e03e02a94bf87a0920f0f9"},{"index":31,"_id":"58e03e02a94bf87a0920f0fa"},{"index":32,"_id":"58e03e02a94bf87a0920f0fb"},{"index":33,"_id":"58e03e02a94bf87a0920f0fc"},{"index":34,"_id":"58e03e02a94bf87a0920f0fd"},{"index":35,"_id":"58e03e02a94bf87a0920f0fe"},{"index":36,"_id":"58e03e02a94bf87a0920f0ff"},{"index":37,"_id":"58e03e02a94bf87a0920f100"},{"index":38,"_id":"58e03e02a94bf87a0920f101"},{"index":39,"_id":"58e03e02a94bf87a0920f102"},{"index":40,"_id":"58e03e02a94bf87a0920f103"},{"index":41,"_id":"58e03e02a94bf87a0920f104"},{"index":42,"_id":"58e03e02a94bf87a0920f105"},{"index":43,"_id":"58e03e02a94bf87a0920f106"},{"index":44,"_id":"58e03e02a94bf87a0920f107"},{"index":45,"_id":"58e03e02a94bf87a0920f108"},{"index":46,"_id":"58e03e02a94bf87a0920f109"},{"index":47,"_id":"58e03e02a94bf87a0920f10a"},{"index":48,"_id":"58e03e02a94bf87a0920f10b"},{"index":49,"_id":"58e03e02a94bf87a0920f10c"},{"index":50,"_id":"58e03e02a94bf87a0920f10d"},{"index":51,"_id":"58e03e02a94bf87a0920f10e"},{"index":52,"_id":"58e03e02a94bf87a0920f10f"},{"index":53,"_id":"58e03e02a94bf87a0920f110"},{"index":54,"_id":"58e03e02a94bf87a0920f111"},{"index":55,"_id":"58e03e02a94bf87a0920f112"},{"index":56,"_id":"58e03e02a94bf87a0920f113"},{"index":57,"_id":"58e03e02a94bf87a0920f114"},{"index":58,"_id":"58e03e02a94bf87a0920f115"},{"index":59,"_id":"58e03e02a94bf87a0920f116"},{"index":60,"_id":"58e03e02a94bf87a0920f117"},{"index":61,"_id":"58e03e02a94bf87a0920f118"},{"index":62,"_id":"58e03e02a94bf87a0920f119"},{"index":63,"_id":"58e03e02a94bf87a0920f11a"},{"index":64,"_id":"58e03e02a94bf87a0920f11b"},{"index":65,"_id":"58e03e02a94bf87a0920f11c"},{"index":66,"_id":"58e03e02a94bf87a0920f11d"},{"index":67,"_id":"58e03e02a94bf87a0920f11e"},{"index":68,"_id":"58e03e02a94bf87a0920f11f"},{"index":69,"_id":"58e03e02a94bf87a0920f120"},{"index":70,"_id":"58e03e02a94bf87a0920f121"},{"index":71,"_id":"58e03e02a94bf87a0920f122"},{"index":72,"_id":"58e03e02a94bf87a0920f123"},{"index":73,"_id":"58e03e02a94bf87a0920f124"},{"index":74,"_id":"58e03e02a94bf87a0920f125"},{"index":75,"_id":"58e03e02a94bf87a0920f126"},{"index":76,"_id":"58e03e02a94bf87a0920f127"},{"index":77,"_id":"58e03e02a94bf87a0920f128"},{"index":78,"_id":"58e03e02a94bf87a0920f129"},{"index":79,"_id":"58e03e02a94bf87a0920f12a"},{"index":80,"_id":"58e03e02a94bf87a0920f12b"},{"index":81,"_id":"58e03e02a94bf87a0920f12c"},{"index":82,"_id":"58e03e02a94bf87a0920f12d"},{"index":83,"_id":"58e03e02a94bf87a0920f12e"},{"index":84,"_id":"58e03e02a94bf87a0920f12f"},{"index":85,"_id":"58e03e02a94bf87a0920f130"},{"index":86,"_id":"58e03e02a94bf87a0920f131"},{"index":87,"_id":"58e03e02a94bf87a0920f132"},{"index":88,"_id":"58e03e02a94bf87a0920f133"},{"index":89,"_id":"58e03e02a94bf87a0920f134"},{"index":90,"_id":"58e03e02a94bf87a0920f135"},{"index":91,"_id":"58e03e02a94bf87a0920f136"},{"index":92,"_id":"58e03e02a94bf87a0920f137"},{"index":93,"_id":"58e03e02a94bf87a0920f138"},{"index":94,"_id":"58e03e02a94bf87a0920f139"},{"index":95,"_id":"58e03e02a94bf87a0920f13a"},{"index":96,"_id":"58e03e02a94bf87a0920f13b"},{"index":97,"_id":"58e03e02a94bf87a0920f13c"},{"index":98,"_id":"58e03e02a94bf87a0920f13d"},{"index":99,"_id":"58e03e02a94bf87a0920f13e"}]}
{"ok":1,"writeErrors":[],"writeConcernErrors":[],"insertedIds":[],"nInserted":0,"nUpserted":100,"nMatched":0,"nModified":0,"nRemoved":0,"upserted":[{"index":0,"_id":"58e03e17a94bf87a0920f148"},{"index":1,"_id":"58e03e17a94bf87a0920f149"},{"index":2,"_id":"58e03e17a94bf87a0920f14a"},{"index":3,"_id":"58e03e17a94bf87a0920f14b"},{"index":4,"_id":"58e03e17a94bf87a0920f14c"},{"index":5,"_id":"58e03e17a94bf87a0920f14d"},{"index":6,"_id":"58e03e17a94bf87a0920f14e"},{"index":7,"_id":"58e03e17a94bf87a0920f14f"},{"index":8,"_id":"58e03e17a94bf87a0920f150"},{"index":9,"_id":"58e03e17a94bf87a0920f151"},{"index":10,"_id":"58e03e17a94bf87a0920f152"},{"index":11,"_id":"58e03e17a94bf87a0920f153"},{"index":12,"_id":"58e03e17a94bf87a0920f154"},{"index":13,"_id":"58e03e17a94bf87a0920f155"},{"index":14,"_id":"58e03e17a94bf87a0920f156"},{"index":15,"_id":"58e03e17a94bf87a0920f157"},{"index":16,"_id":"58e03e17a94bf87a0920f158"},{"index":17,"_id":"58e03e17a94bf87a0920f159"},{"index":18,"_id":"58e03e17a94bf87a0920f15a"},{"index":19,"_id":"58e03e17a94bf87a0920f15b"},{"index":20,"_id":"58e03e17a94bf87a0920f15c"},{"index":21,"_id":"58e03e17a94bf87a0920f15d"},{"index":22,"_id":"58e03e17a94bf87a0920f15e"},{"index":23,"_id":"58e03e17a94bf87a0920f15f"},{"index":24,"_id":"58e03e17a94bf87a0920f160"},{"index":25,"_id":"58e03e17a94bf87a0920f161"},{"index":26,"_id":"58e03e17a94bf87a0920f162"},{"index":27,"_id":"58e03e17a94bf87a0920f163"},{"index":28,"_id":"58e03e17a94bf87a0920f164"},{"index":29,"_id":"58e03e17a94bf87a0920f165"},{"index":30,"_id":"58e03e17a94bf87a0920f166"},{"index":31,"_id":"58e03e17a94bf87a0920f167"},{"index":32,"_id":"58e03e17a94bf87a0920f168"},{"index":33,"_id":"58e03e17a94bf87a0920f169"},{"index":34,"_id":"58e03e17a94bf87a0920f16a"},{"index":35,"_id":"58e03e17a94bf87a0920f16b"},{"index":36,"_id":"58e03e17a94bf87a0920f16c"},{"index":37,"_id":"58e03e17a94bf87a0920f16d"},{"index":38,"_id":"58e03e17a94bf87a0920f16e"},{"index":39,"_id":"58e03e17a94bf87a0920f16f"},{"index":40,"_id":"58e03e17a94bf87a0920f170"},{"index":41,"_id":"58e03e17a94bf87a0920f171"},{"index":42,"_id":"58e03e17a94bf87a0920f172"},{"index":43,"_id":"58e03e17a94bf87a0920f173"},{"index":44,"_id":"58e03e17a94bf87a0920f174"},{"index":45,"_id":"58e03e17a94bf87a0920f175"},{"index":46,"_id":"58e03e17a94bf87a0920f176"},{"index":47,"_id":"58e03e17a94bf87a0920f177"},{"index":48,"_id":"58e03e17a94bf87a0920f178"},{"index":49,"_id":"58e03e17a94bf87a0920f179"},{"index":50,"_id":"58e03e17a94bf87a0920f17a"},{"index":51,"_id":"58e03e17a94bf87a0920f17b"},{"index":52,"_id":"58e03e17a94bf87a0920f17c"},{"index":53,"_id":"58e03e17a94bf87a0920f17d"},{"index":54,"_id":"58e03e17a94bf87a0920f17e"},{"index":55,"_id":"58e03e17a94bf87a0920f17f"},{"index":56,"_id":"58e03e17a94bf87a0920f180"},{"index":57,"_id":"58e03e17a94bf87a0920f181"},{"index":58,"_id":"58e03e17a94bf87a0920f182"},{"index":59,"_id":"58e03e17a94bf87a0920f183"},{"index":60,"_id":"58e03e17a94bf87a0920f184"},{"index":61,"_id":"58e03e17a94bf87a0920f185"},{"index":62,"_id":"58e03e17a94bf87a0920f186"},{"index":63,"_id":"58e03e17a94bf87a0920f187"},{"index":64,"_id":"58e03e17a94bf87a0920f188"},{"index":65,"_id":"58e03e17a94bf87a0920f189"},{"index":66,"_id":"58e03e17a94bf87a0920f18a"},{"index":67,"_id":"58e03e17a94bf87a0920f18b"},{"index":68,"_id":"58e03e17a94bf87a0920f18c"},{"index":69,"_id":"58e03e17a94bf87a0920f18d"},{"index":70,"_id":"58e03e17a94bf87a0920f18e"},{"index":71,"_id":"58e03e17a94bf87a0920f18f"},{"index":72,"_id":"58e03e17a94bf87a0920f190"},{"index":73,"_id":"58e03e17a94bf87a0920f191"},{"index":74,"_id":"58e03e17a94bf87a0920f192"},{"index":75,"_id":"58e03e17a94bf87a0920f193"},{"index":76,"_id":"58e03e17a94bf87a0920f194"},{"index":77,"_id":"58e03e17a94bf87a0920f195"},{"index":78,"_id":"58e03e17a94bf87a0920f196"},{"index":79,"_id":"58e03e17a94bf87a0920f197"},{"index":80,"_id":"58e03e17a94bf87a0920f198"},{"index":81,"_id":"58e03e17a94bf87a0920f199"},{"index":82,"_id":"58e03e17a94bf87a0920f19a"},{"index":83,"_id":"58e03e17a94bf87a0920f19b"},{"index":84,"_id":"58e03e17a94bf87a0920f19c"},{"index":85,"_id":"58e03e17a94bf87a0920f19d"},{"index":86,"_id":"58e03e17a94bf87a0920f19e"},{"index":87,"_id":"58e03e17a94bf87a0920f19f"},{"index":88,"_id":"58e03e17a94bf87a0920f1a0"},{"index":89,"_id":"58e03e17a94bf87a0920f1a1"},{"index":90,"_id":"58e03e17a94bf87a0920f1a2"},{"index":91,"_id":"58e03e17a94bf87a0920f1a3"},{"index":92,"_id":"58e03e17a94bf87a0920f1a4"},{"index":93,"_id":"58e03e17a94bf87a0920f1a5"},{"index":94,"_id":"58e03e17a94bf87a0920f1a6"},{"index":95,"_id":"58e03e17a94bf87a0920f1a7"},{"index":96,"_id":"58e03e17a94bf87a0920f1a8"},{"index":97,"_id":"58e03e17a94bf87a0920f1a9"},{"index":98,"_id":"58e03e17a94bf87a0920f1aa"},{"index":99,"_id":"58e03e17a94bf87a0920f1ab"}]}
